2026-05-23 16:00:59,214 - main - INFO - === Logging system initialized ===
2026-05-23 16:00:59,215 - main - INFO - Log file: logs/app_20260523_160059.log
2026-05-23 16:00:59,215 - main - INFO - Log level: INFO
2026-05-23 16:00:59,215 - main - INFO - Timestamp: 20260523_160059
2026-05-23 16:01:00,234 - main - INFO - Included router: routers.aihub.router
2026-05-23 16:01:00,260 - main - INFO - Included router: routers.auth.router
2026-05-23 16:01:00,262 - main - INFO - Included router: routers.health.router
2026-05-23 16:01:00,312 - main - INFO - Included router: routers.printer_settings.router
2026-05-23 16:01:00,373 - main - INFO - Included router: routers.reservations.router
2026-05-23 16:01:00,416 - main - INFO - Included router: routers.salons.router
2026-05-23 16:01:00,434 - main - INFO - Included router: routers.settings.router
2026-05-23 16:01:00,467 - main - INFO - Included router: routers.storage.router
2026-05-23 16:01:00,475 - main - INFO - Included router: routers.user.router
2026-05-23 16:01:00,476 - main - INFO - === Application startup initiated ===
2026-05-23 16:01:00,476 - services.database - INFO - Ignore creating tables
2026-05-23 16:01:00,476 - services.mock_data - INFO - Ignore initialize data
2026-05-23 16:01:00,476 - services.auth - INFO - Ignore initialize admin
2026-05-23 16:01:00,476 - main - INFO - === Application startup completed successfully ===
2026-05-23 16:01:03,589 - core.config - DEBUG - Read dynamic attribute jwt_secret_key from environment variable JWT_SECRET_KEY
2026-05-23 16:01:03,589 - core.config - DEBUG - Read dynamic attribute jwt_algorithm from environment variable JWT_ALGORITHM
2026-05-23 16:01:03,608 - core.auth - DEBUG - Authentication token validated for user hash: 3d1d0765
2026-05-23 16:01:03,870 - core.database - DEBUG - [DB_OP] Starting get_db session creation
2026-05-23 16:01:03,871 - core.database - WARNING - Database session maker not available, attempting lazy initialization...
2026-05-23 16:01:03,871 - core.database - WARNING - Database not initialized, attempting lazy initialization...
2026-05-23 16:01:03,871 - core.database - INFO - Starting database initialization...
2026-05-23 16:01:03,871 - core.config - DEBUG - Read dynamic attribute database_url from environment variable DATABASE_URL
2026-05-23 16:01:03,871 - core.database - INFO - Normalizing database URL for async compatibility...
2026-05-23 16:01:03,873 - core.database - INFO - Creating async database engine...
2026-05-23 16:01:03,873 - core.database - INFO - Using QueuePool with connection pooling for non-Lambda environment
2026-05-23 16:01:03,961 - core.database - INFO - Database engine created successfully
2026-05-23 16:01:03,962 - core.database - INFO - Creating async session maker...
2026-05-23 16:01:03,962 - core.database - INFO - Async session maker created successfully
2026-05-23 16:01:03,962 - core.database - INFO - Database connection initialized successfully
2026-05-23 16:01:03,962 - core.database - DEBUG - [DB_OP] Starting create_tables
2026-05-23 16:01:03,962 - core.database - INFO - 🔧 Starting table creation...
2026-05-23 16:01:03,971 - core.auth - DEBUG - Authentication token validated for user hash: 3d1d0765
2026-05-23 16:01:03,971 - core.database - DEBUG - [DB_OP] Starting get_db session creation
2026-05-23 16:01:03,971 - core.database - DEBUG - [DB_OP] Database session created successfully in 0.0005s
2026-05-23 16:01:03,972 - routers.printer_settings - DEBUG - Querying printer_settingss: query=None, sort=None, skip=0, limit=20, fields=None
2026-05-23 16:01:05,336 - routers.printer_settings - DEBUG - Found 1 printer_settingss
2026-05-23 16:01:05,338 - core.database - DEBUG - [DB_OP] Database session cleanup after 1.3673s
2026-05-23 16:01:05,455 - core.database - INFO - Tables initialized successfully
2026-05-23 16:01:05,455 - core.database - DEBUG - [DB_OP] Create tables completed in 1.4934s
2026-05-23 16:01:05,518 - core.database - INFO - Lazy database initialization completed successfully
2026-05-23 16:01:05,519 - core.database - DEBUG - [DB_OP] Database session created successfully in 1.6489s
2026-05-23 16:01:05,520 - routers.reservations - DEBUG - Querying reservationss: query={"reservation_date__gte":"2026-05-01","reservation_date__lte":"2026-05-31"}, sort=reservation_date, skip=0, limit=200, fields=None
2026-05-23 16:01:06,097 - routers.reservations - DEBUG - Found 2 reservationss
2026-05-23 16:01:06,099 - core.database - DEBUG - [DB_OP] Database session cleanup after 2.2285s
2026-05-23 16:01:34,440 - core.database - DEBUG - [DB_OP] Starting get_db session creation
2026-05-23 16:01:34,441 - core.database - DEBUG - [DB_OP] Database session created successfully in 0.0005s
2026-05-23 16:01:34,441 - routers.reservations - DEBUG - Querying reservationss: query={"reservation_date__gte":"2026-05-01","reservation_date__lte":"2026-05-31"}, sort=reservation_date, skip=0, limit=200, fields=None
2026-05-23 16:01:35,007 - routers.reservations - DEBUG - Found 2 reservationss
2026-05-23 16:01:35,008 - core.database - DEBUG - [DB_OP] Database session cleanup after 0.5673s
2026-05-23 16:02:04,198 - core.database - DEBUG - [DB_OP] Starting get_db session creation
2026-05-23 16:02:04,198 - core.database - DEBUG - [DB_OP] Database session created successfully in 0.0004s
2026-05-23 16:02:04,200 - routers.reservations - DEBUG - Querying reservationss: query={"reservation_date__gte":"2026-05-01","reservation_date__lte":"2026-05-31"}, sort=reservation_date, skip=0, limit=200, fields=None
2026-05-23 16:02:04,582 - routers.reservations - DEBUG - Found 2 reservationss
2026-05-23 16:02:04,582 - core.database - DEBUG - [DB_OP] Database session cleanup after 0.3848s
2026-05-23 16:02:34,342 - core.database - DEBUG - [DB_OP] Starting get_db session creation
2026-05-23 16:02:34,343 - core.database - DEBUG - [DB_OP] Database session created successfully in 0.0005s
2026-05-23 16:02:34,343 - routers.reservations - DEBUG - Querying reservationss: query={"reservation_date__gte":"2026-05-01","reservation_date__lte":"2026-05-31"}, sort=reservation_date, skip=0, limit=200, fields=None
2026-05-23 16:02:34,722 - routers.reservations - DEBUG - Found 2 reservationss
2026-05-23 16:02:34,724 - core.database - DEBUG - [DB_OP] Database session cleanup after 0.3814s
2026-05-23 16:02:57,856 - dependencies.auth - DEBUG - Authentication required for request GET /api/v1/auth/me
2026-05-23 16:02:59,335 - core.auth - DEBUG - Authentication token validated for user hash: 3d1d0765
2026-05-23 16:02:59,574 - core.database - DEBUG - [DB_OP] Starting get_db session creation
2026-05-23 16:02:59,574 - core.database - DEBUG - [DB_OP] Database session created successfully in 0.0005s
2026-05-23 16:02:59,574 - routers.reservations - DEBUG - Querying reservationss: query={"reservation_date__gte":"2026-05-01","reservation_date__lte":"2026-05-31"}, sort=reservation_date, skip=0, limit=200, fields=None
2026-05-23 16:02:59,576 - core.auth - DEBUG - Authentication token validated for user hash: 3d1d0765
2026-05-23 16:02:59,576 - core.database - DEBUG - [DB_OP] Starting get_db session creation
2026-05-23 16:02:59,576 - core.database - DEBUG - [DB_OP] Database session created successfully in 0.0001s
2026-05-23 16:02:59,577 - routers.printer_settings - DEBUG - Querying printer_settingss: query=None, sort=None, skip=0, limit=20, fields=None
2026-05-23 16:02:59,956 - routers.reservations - DEBUG - Found 2 reservationss
2026-05-23 16:02:59,956 - core.database - DEBUG - [DB_OP] Database session cleanup after 0.3829s
2026-05-23 16:03:00,091 - routers.printer_settings - DEBUG - Found 1 printer_settingss
2026-05-23 16:03:00,091 - core.database - DEBUG - [DB_OP] Database session cleanup after 0.5151s
2026-05-23 16:03:30,188 - core.database - DEBUG - [DB_OP] Starting get_db session creation
2026-05-23 16:03:30,188 - core.database - DEBUG - [DB_OP] Database session created successfully in 0.0005s
2026-05-23 16:03:30,189 - routers.reservations - DEBUG - Querying reservationss: query={"reservation_date__gte":"2026-05-01","reservation_date__lte":"2026-05-31"}, sort=reservation_date, skip=0, limit=200, fields=None
2026-05-23 16:03:30,569 - routers.reservations - DEBUG - Found 2 reservationss
2026-05-23 16:03:30,569 - core.database - DEBUG - [DB_OP] Database session cleanup after 0.3814s
2026-05-23 16:03:59,582 - core.database - DEBUG - [DB_OP] Starting get_db session creation
2026-05-23 16:03:59,583 - core.database - DEBUG - [DB_OP] Database session created successfully in 0.0007s
2026-05-23 16:03:59,583 - routers.reservations - DEBUG - Querying reservationss: query={"reservation_date__gte":"2026-05-01","reservation_date__lte":"2026-05-31"}, sort=reservation_date, skip=0, limit=200, fields=None
2026-05-23 16:03:59,960 - routers.reservations - DEBUG - Found 2 reservationss
2026-05-23 16:03:59,961 - core.database - DEBUG - [DB_OP] Database session cleanup after 0.3793s
2026-05-23 16:04:31,591 - core.database - DEBUG - [DB_OP] Starting get_db session creation
2026-05-23 16:04:31,591 - core.database - DEBUG - [DB_OP] Database session created successfully in 0.0005s
2026-05-23 16:04:31,592 - routers.reservations - DEBUG - Querying reservationss: query={"reservation_date__gte":"2026-05-01","reservation_date__lte":"2026-05-31"}, sort=reservation_date, skip=0, limit=200, fields=None
2026-05-23 16:04:31,971 - routers.reservations - DEBUG - Found 2 reservationss
2026-05-23 16:04:31,972 - core.database - DEBUG - [DB_OP] Database session cleanup after 0.3815s
2026-05-23 16:04:56,929 - services.database - DEBUG - [DB_OP] Starting database close
2026-05-23 16:04:57,061 - core.database - INFO - Database connection closed and engine disposed
2026-05-23 16:04:57,062 - services.database - INFO - Database connections closed
2026-05-23 16:04:57,062 - services.database - DEBUG - [DB_OP] Database close completed in 0.1331s
