2026-05-24 20:00:17,782 - main - INFO - === Logging system initialized ===
2026-05-24 20:00:17,782 - main - INFO - Log file: logs/app_20260524_200017.log
2026-05-24 20:00:17,783 - main - INFO - Log level: INFO
2026-05-24 20:00:17,783 - main - INFO - Timestamp: 20260524_200017
2026-05-24 20:00:18,975 - main - INFO - Included router: routers.aihub.router
2026-05-24 20:00:19,003 - main - INFO - Included router: routers.auth.router
2026-05-24 20:00:19,081 - main - INFO - Included router: routers.clients.router
2026-05-24 20:00:19,082 - main - INFO - Included router: routers.health.router
2026-05-24 20:00:19,128 - main - INFO - Included router: routers.printer_settings.router
2026-05-24 20:00:19,183 - main - INFO - Included router: routers.reservations.router
2026-05-24 20:00:19,224 - main - INFO - Included router: routers.salons.router
2026-05-24 20:00:19,247 - main - INFO - Included router: routers.settings.router
2026-05-24 20:00:19,294 - main - INFO - Included router: routers.storage.router
2026-05-24 20:00:19,302 - main - INFO - Included router: routers.user.router
2026-05-24 20:00:19,304 - main - INFO - === Application startup initiated ===
2026-05-24 20:00:19,304 - services.database - INFO - Ignore creating tables
2026-05-24 20:00:19,305 - services.mock_data - INFO - Ignore initialize data
2026-05-24 20:00:19,305 - services.auth - INFO - Ignore initialize admin
2026-05-24 20:00:19,305 - main - INFO - === Application startup completed successfully ===
2026-05-24 20:09:56,291 - services.database - DEBUG - [DB_OP] Starting database close
2026-05-24 20:09:56,291 - services.database - INFO - Database connections closed
2026-05-24 20:09:56,292 - services.database - DEBUG - [DB_OP] Database close completed in 0.0006s
