2026-05-26 12:03:58,337 - main - INFO - === Logging system initialized ===
2026-05-26 12:03:58,337 - main - INFO - Log file: logs/app_20260526_120358.log
2026-05-26 12:03:58,337 - main - INFO - Log level: INFO
2026-05-26 12:03:58,337 - main - INFO - Timestamp: 20260526_120358
2026-05-26 12:03:59,230 - main - INFO - Included router: routers.aihub.router
2026-05-26 12:03:59,251 - main - INFO - Included router: routers.auth.router
2026-05-26 12:03:59,294 - main - INFO - Included router: routers.clients.router
2026-05-26 12:03:59,297 - main - INFO - Included router: routers.health.router
2026-05-26 12:03:59,347 - main - INFO - Included router: routers.printer_settings.router
2026-05-26 12:03:59,410 - main - INFO - Included router: routers.reservations.router
2026-05-26 12:03:59,459 - main - INFO - Included router: routers.salons.router
2026-05-26 12:03:59,483 - main - INFO - Included router: routers.settings.router
2026-05-26 12:03:59,525 - main - INFO - Included router: routers.storage.router
2026-05-26 12:03:59,539 - main - INFO - Included router: routers.user.router
2026-05-26 12:03:59,542 - main - INFO - === Application startup initiated ===
2026-05-26 12:03:59,543 - services.database - INFO - Ignore creating tables
2026-05-26 12:03:59,543 - services.mock_data - INFO - Ignore initialize data
2026-05-26 12:03:59,543 - services.auth - INFO - Ignore initialize admin
2026-05-26 12:03:59,543 - main - INFO - === Application startup completed successfully ===
2026-05-26 12:04:03,317 - core.config - DEBUG - Read dynamic attribute jwt_secret_key from environment variable JWT_SECRET_KEY
2026-05-26 12:04:03,318 - core.config - DEBUG - Read dynamic attribute jwt_algorithm from environment variable JWT_ALGORITHM
2026-05-26 12:04:03,327 - core.auth - DEBUG - Authentication token validated for user hash: 3d1d0765
2026-05-26 12:04:03,612 - core.database - DEBUG - [DB_OP] Starting get_db session creation
2026-05-26 12:04:03,612 - core.database - WARNING - Database session maker not available, attempting lazy initialization...
2026-05-26 12:04:03,612 - core.database - WARNING - Database not initialized, attempting lazy initialization...
2026-05-26 12:04:03,612 - core.database - INFO - Starting database initialization...
2026-05-26 12:04:03,612 - core.config - DEBUG - Read dynamic attribute database_url from environment variable DATABASE_URL
2026-05-26 12:04:03,613 - core.database - INFO - Normalizing database URL for async compatibility...
2026-05-26 12:04:03,614 - core.database - INFO - Creating async database engine...
2026-05-26 12:04:03,614 - core.database - INFO - Using QueuePool with connection pooling for non-Lambda environment
2026-05-26 12:04:03,768 - core.database - INFO - Database engine created successfully
2026-05-26 12:04:03,768 - core.database - INFO - Creating async session maker...
2026-05-26 12:04:03,768 - core.database - INFO - Async session maker created successfully
2026-05-26 12:04:03,769 - core.database - INFO - Database connection initialized successfully
2026-05-26 12:04:03,769 - core.database - DEBUG - [DB_OP] Starting create_tables
2026-05-26 12:04:03,770 - core.database - INFO - 🔧 Starting table creation...
2026-05-26 12:04:03,779 - core.auth - DEBUG - Authentication token validated for user hash: 3d1d0765
2026-05-26 12:04:03,780 - core.database - DEBUG - [DB_OP] Starting get_db session creation
2026-05-26 12:04:03,781 - core.database - DEBUG - [DB_OP] Database session created successfully in 0.0008s
2026-05-26 12:04:03,781 - routers.printer_settings - DEBUG - Querying printer_settingss: query=None, sort=None, skip=0, limit=20, fields=None
2026-05-26 12:04:05,193 - routers.printer_settings - DEBUG - Found 1 printer_settingss
2026-05-26 12:04:05,194 - core.database - DEBUG - [DB_OP] Database session cleanup after 1.4142s
2026-05-26 12:04:05,375 - core.database - INFO - Tables initialized successfully
2026-05-26 12:04:05,375 - core.database - DEBUG - [DB_OP] Create tables completed in 1.6055s
2026-05-26 12:04:05,439 - core.database - INFO - Lazy database initialization completed successfully
2026-05-26 12:04:05,439 - core.database - DEBUG - [DB_OP] Database session created successfully in 1.8278s
2026-05-26 12:04:05,440 - routers.reservations - DEBUG - Querying reservationss: query={"reservation_date__gte":"2026-05-01","reservation_date__lte":"2026-05-31"}, sort=reservation_date, skip=0, limit=200, fields=None
2026-05-26 12:04:06,027 - routers.reservations - DEBUG - Found 2 reservationss
2026-05-26 12:04:06,028 - core.database - DEBUG - [DB_OP] Database session cleanup after 2.4163s
2026-05-26 12:04:33,652 - core.database - DEBUG - [DB_OP] Starting get_db session creation
2026-05-26 12:04:33,653 - core.database - DEBUG - [DB_OP] Database session created successfully in 0.0006s
2026-05-26 12:04:33,653 - routers.reservations - DEBUG - Querying reservationss: query={"reservation_date__gte":"2026-05-01","reservation_date__lte":"2026-05-31"}, sort=reservation_date, skip=0, limit=200, fields=None
2026-05-26 12:04:34,233 - routers.reservations - DEBUG - Found 2 reservationss
2026-05-26 12:04:34,235 - core.database - DEBUG - [DB_OP] Database session cleanup after 0.5827s
2026-05-26 12:05:03,962 - core.database - DEBUG - [DB_OP] Starting get_db session creation
2026-05-26 12:05:03,963 - core.database - DEBUG - [DB_OP] Database session created successfully in 0.0005s
2026-05-26 12:05:03,963 - routers.reservations - DEBUG - Querying reservationss: query={"reservation_date__gte":"2026-05-01","reservation_date__lte":"2026-05-31"}, sort=reservation_date, skip=0, limit=200, fields=None
2026-05-26 12:05:04,354 - routers.reservations - DEBUG - Found 2 reservationss
2026-05-26 12:05:04,354 - core.database - DEBUG - [DB_OP] Database session cleanup after 0.3925s
2026-05-26 12:05:33,637 - core.database - DEBUG - [DB_OP] Starting get_db session creation
2026-05-26 12:05:33,637 - core.database - DEBUG - [DB_OP] Database session created successfully in 0.0005s
2026-05-26 12:05:33,638 - routers.reservations - DEBUG - Querying reservationss: query={"reservation_date__gte":"2026-05-01","reservation_date__lte":"2026-05-31"}, sort=reservation_date, skip=0, limit=200, fields=None
2026-05-26 12:05:34,025 - routers.reservations - DEBUG - Found 2 reservationss
2026-05-26 12:05:34,026 - core.database - DEBUG - [DB_OP] Database session cleanup after 0.3890s
2026-05-26 12:06:03,638 - core.database - DEBUG - [DB_OP] Starting get_db session creation
2026-05-26 12:06:03,639 - core.database - DEBUG - [DB_OP] Database session created successfully in 0.0006s
2026-05-26 12:06:03,639 - routers.reservations - DEBUG - Querying reservationss: query={"reservation_date__gte":"2026-05-01","reservation_date__lte":"2026-05-31"}, sort=reservation_date, skip=0, limit=200, fields=None
2026-05-26 12:06:04,034 - routers.reservations - DEBUG - Found 2 reservationss
2026-05-26 12:06:04,035 - core.database - DEBUG - [DB_OP] Database session cleanup after 0.3971s
2026-05-26 12:06:33,643 - core.database - DEBUG - [DB_OP] Starting get_db session creation
2026-05-26 12:06:33,643 - core.database - DEBUG - [DB_OP] Database session created successfully in 0.0005s
2026-05-26 12:06:33,643 - routers.reservations - DEBUG - Querying reservationss: query={"reservation_date__gte":"2026-05-01","reservation_date__lte":"2026-05-31"}, sort=reservation_date, skip=0, limit=200, fields=None
2026-05-26 12:06:34,031 - routers.reservations - DEBUG - Found 2 reservationss
2026-05-26 12:06:34,032 - core.database - DEBUG - [DB_OP] Database session cleanup after 0.3891s
2026-05-26 12:07:03,637 - core.database - DEBUG - [DB_OP] Starting get_db session creation
2026-05-26 12:07:03,638 - core.database - DEBUG - [DB_OP] Database session created successfully in 0.0006s
2026-05-26 12:07:03,638 - routers.reservations - DEBUG - Querying reservationss: query={"reservation_date__gte":"2026-05-01","reservation_date__lte":"2026-05-31"}, sort=reservation_date, skip=0, limit=200, fields=None
2026-05-26 12:07:04,028 - routers.reservations - DEBUG - Found 2 reservationss
2026-05-26 12:07:04,029 - core.database - DEBUG - [DB_OP] Database session cleanup after 0.3915s
2026-05-26 12:08:31,813 - core.database - DEBUG - [DB_OP] Starting get_db session creation
2026-05-26 12:08:31,814 - core.database - DEBUG - [DB_OP] Database session created successfully in 0.0005s
2026-05-26 12:08:31,814 - routers.reservations - DEBUG - Querying reservationss: query={"reservation_date__gte":"2026-05-01","reservation_date__lte":"2026-05-31"}, sort=reservation_date, skip=0, limit=200, fields=None
2026-05-26 12:08:32,200 - routers.reservations - DEBUG - Found 2 reservationss
2026-05-26 12:08:32,201 - core.database - DEBUG - [DB_OP] Database session cleanup after 0.3882s
2026-05-26 12:09:31,626 - core.database - DEBUG - [DB_OP] Starting get_db session creation
2026-05-26 12:09:31,626 - core.database - DEBUG - [DB_OP] Database session created successfully in 0.0006s
2026-05-26 12:09:31,627 - routers.reservations - DEBUG - Querying reservationss: query={"reservation_date__gte":"2026-05-01","reservation_date__lte":"2026-05-31"}, sort=reservation_date, skip=0, limit=200, fields=None
2026-05-26 12:09:32,143 - routers.reservations - DEBUG - Found 2 reservationss
2026-05-26 12:09:32,144 - core.database - DEBUG - [DB_OP] Database session cleanup after 0.5185s
2026-05-26 12:10:31,618 - core.database - DEBUG - [DB_OP] Starting get_db session creation
2026-05-26 12:10:31,619 - core.database - DEBUG - [DB_OP] Database session created successfully in 0.0006s
2026-05-26 12:10:31,619 - routers.reservations - DEBUG - Querying reservationss: query={"reservation_date__gte":"2026-05-01","reservation_date__lte":"2026-05-31"}, sort=reservation_date, skip=0, limit=200, fields=None
2026-05-26 12:10:32,135 - routers.reservations - DEBUG - Found 2 reservationss
2026-05-26 12:10:32,136 - core.database - DEBUG - [DB_OP] Database session cleanup after 0.5180s
2026-05-26 12:19:02,482 - services.database - DEBUG - [DB_OP] Starting database close
2026-05-26 12:19:02,483 - core.database - INFO - Database connection closed and engine disposed
2026-05-26 12:19:02,483 - services.database - INFO - Database connections closed
2026-05-26 12:19:02,483 - services.database - DEBUG - [DB_OP] Database close completed in 0.0016s
