2026-05-23 16:25:14,808 - main - INFO - === Logging system initialized ===
2026-05-23 16:25:14,808 - main - INFO - Log file: logs/app_20260523_162514.log
2026-05-23 16:25:14,808 - main - INFO - Log level: INFO
2026-05-23 16:25:14,808 - main - INFO - Timestamp: 20260523_162514
2026-05-23 16:25:16,165 - main - INFO - Included router: routers.aihub.router
2026-05-23 16:25:16,187 - main - INFO - Included router: routers.auth.router
2026-05-23 16:25:16,189 - main - INFO - Included router: routers.health.router
2026-05-23 16:25:16,249 - main - INFO - Included router: routers.printer_settings.router
2026-05-23 16:25:16,318 - main - INFO - Included router: routers.reservations.router
2026-05-23 16:25:16,362 - main - INFO - Included router: routers.salons.router
2026-05-23 16:25:16,384 - main - INFO - Included router: routers.settings.router
2026-05-23 16:25:16,429 - main - INFO - Included router: routers.storage.router
2026-05-23 16:25:16,439 - main - INFO - Included router: routers.user.router
2026-05-23 16:25:18,059 - watchfiles.main - DEBUG - 1 change detected: {(<Change.added: 1>, '/workspace/app/backend/logs/app_20260523_162517.log')}
2026-05-23 16:25:18,410 - watchfiles.main - DEBUG - 1 change detected: {(<Change.modified: 2>, '/workspace/app/backend/logs/app_20260523_162514.log')}
2026-05-23 16:25:18,761 - watchfiles.main - DEBUG - 1 change detected: {(<Change.modified: 2>, '/workspace/app/backend/logs/app_20260523_162514.log')}
2026-05-23 16:25:19,112 - watchfiles.main - DEBUG - 2 changes detected: {(<Change.modified: 2>, '/workspace/app/backend/logs/app_20260523_162517.log'), (<Change.modified: 2>, '/workspace/app/backend/logs/app_20260523_162514.log')}
2026-05-23 16:25:19,464 - watchfiles.main - DEBUG - 2 changes detected: {(<Change.modified: 2>, '/workspace/app/backend/logs/app_20260523_162517.log'), (<Change.modified: 2>, '/workspace/app/backend/logs/app_20260523_162514.log')}
2026-05-23 16:25:19,815 - watchfiles.main - DEBUG - 1 change detected: {(<Change.modified: 2>, '/workspace/app/backend/logs/app_20260523_162514.log')}
2026-05-23 16:25:20,167 - watchfiles.main - DEBUG - 1 change detected: {(<Change.modified: 2>, '/workspace/app/backend/logs/app_20260523_162514.log')}
2026-05-23 16:25:20,520 - watchfiles.main - DEBUG - 1 change detected: {(<Change.modified: 2>, '/workspace/app/backend/logs/app_20260523_162514.log')}
2026-05-23 16:25:20,871 - watchfiles.main - DEBUG - 1 change detected: {(<Change.modified: 2>, '/workspace/app/backend/logs/app_20260523_162514.log')}
2026-05-23 16:25:21,222 - watchfiles.main - DEBUG - 1 change detected: {(<Change.modified: 2>, '/workspace/app/backend/logs/app_20260523_162514.log')}
2026-05-23 16:25:21,573 - watchfiles.main - DEBUG - 1 change detected: {(<Change.modified: 2>, '/workspace/app/backend/logs/app_20260523_162514.log')}
2026-05-23 16:25:21,925 - watchfiles.main - DEBUG - 1 change detected: {(<Change.modified: 2>, '/workspace/app/backend/logs/app_20260523_162514.log')}
2026-05-23 16:25:22,276 - watchfiles.main - DEBUG - 1 change detected: {(<Change.modified: 2>, '/workspace/app/backend/logs/app_20260523_162514.log')}
2026-05-23 16:25:22,627 - watchfiles.main - DEBUG - 1 change detected: {(<Change.modified: 2>, '/workspace/app/backend/logs/app_20260523_162514.log')}
2026-05-23 16:25:22,978 - watchfiles.main - DEBUG - 1 change detected: {(<Change.modified: 2>, '/workspace/app/backend/logs/app_20260523_162514.log')}
2026-05-23 16:25:23,329 - watchfiles.main - DEBUG - 1 change detected: {(<Change.modified: 2>, '/workspace/app/backend/logs/app_20260523_162514.log')}
2026-05-23 16:25:23,680 - watchfiles.main - DEBUG - 1 change detected: {(<Change.modified: 2>, '/workspace/app/backend/logs/app_20260523_162514.log')}
2026-05-23 16:25:24,031 - watchfiles.main - DEBUG - 1 change detected: {(<Change.modified: 2>, '/workspace/app/backend/logs/app_20260523_162514.log')}
2026-05-23 16:25:24,382 - watchfiles.main - DEBUG - 1 change detected: {(<Change.modified: 2>, '/workspace/app/backend/logs/app_20260523_162514.log')}
2026-05-23 16:25:24,733 - watchfiles.main - DEBUG - 1 change detected: {(<Change.modified: 2>, '/workspace/app/backend/logs/app_20260523_162514.log')}
2026-05-23 16:25:25,086 - watchfiles.main - DEBUG - 1 change detected: {(<Change.modified: 2>, '/workspace/app/backend/logs/app_20260523_162514.log')}
2026-05-23 16:25:25,487 - watchfiles.main - DEBUG - 2 changes detected: {(<Change.modified: 2>, '/workspace/app/backend/logs/app_20260523_162517.log'), (<Change.modified: 2>, '/workspace/app/backend/logs/app_20260523_162514.log')}
2026-05-23 16:25:25,907 - watchfiles.main - DEBUG - 2 changes detected: {(<Change.modified: 2>, '/workspace/app/backend/logs/app_20260523_162517.log'), (<Change.modified: 2>, '/workspace/app/backend/logs/app_20260523_162514.log')}
2026-05-23 16:25:26,258 - watchfiles.main - DEBUG - 2 changes detected: {(<Change.modified: 2>, '/workspace/app/backend/logs/app_20260523_162517.log'), (<Change.modified: 2>, '/workspace/app/backend/logs/app_20260523_162514.log')}
2026-05-23 16:25:26,609 - watchfiles.main - DEBUG - 1 change detected: {(<Change.modified: 2>, '/workspace/app/backend/logs/app_20260523_162514.log')}
2026-05-23 16:25:26,960 - watchfiles.main - DEBUG - 1 change detected: {(<Change.modified: 2>, '/workspace/app/backend/logs/app_20260523_162514.log')}
2026-05-23 16:25:27,360 - watchfiles.main - DEBUG - 2 changes detected: {(<Change.modified: 2>, '/workspace/app/backend/logs/app_20260523_162517.log'), (<Change.modified: 2>, '/workspace/app/backend/logs/app_20260523_162514.log')}
2026-05-23 16:25:27,711 - watchfiles.main - DEBUG - 2 changes detected: {(<Change.modified: 2>, '/workspace/app/backend/logs/app_20260523_162517.log'), (<Change.modified: 2>, '/workspace/app/backend/logs/app_20260523_162514.log')}
2026-05-23 16:25:28,063 - watchfiles.main - DEBUG - 1 change detected: {(<Change.modified: 2>, '/workspace/app/backend/logs/app_20260523_162514.log')}
2026-05-23 16:25:28,414 - watchfiles.main - DEBUG - 2 changes detected: {(<Change.modified: 2>, '/workspace/app/backend/logs/app_20260523_162517.log'), (<Change.modified: 2>, '/workspace/app/backend/logs/app_20260523_162514.log')}
2026-05-23 16:25:28,765 - watchfiles.main - DEBUG - 1 change detected: {(<Change.modified: 2>, '/workspace/app/backend/logs/app_20260523_162514.log')}
2026-05-23 16:25:29,117 - watchfiles.main - DEBUG - 1 change detected: {(<Change.modified: 2>, '/workspace/app/backend/logs/app_20260523_162514.log')}
2026-05-23 16:25:29,468 - watchfiles.main - DEBUG - 1 change detected: {(<Change.modified: 2>, '/workspace/app/backend/logs/app_20260523_162514.log')}
2026-05-23 16:25:29,819 - watchfiles.main - DEBUG - 1 change detected: {(<Change.modified: 2>, '/workspace/app/backend/logs/app_20260523_162514.log')}
2026-05-23 16:25:30,170 - watchfiles.main - DEBUG - 1 change detected: {(<Change.modified: 2>, '/workspace/app/backend/logs/app_20260523_162514.log')}
2026-05-23 16:25:30,522 - watchfiles.main - DEBUG - 1 change detected: {(<Change.modified: 2>, '/workspace/app/backend/logs/app_20260523_162514.log')}
2026-05-23 16:25:30,873 - watchfiles.main - DEBUG - 1 change detected: {(<Change.modified: 2>, '/workspace/app/backend/logs/app_20260523_162514.log')}
2026-05-23 16:25:31,224 - watchfiles.main - DEBUG - 1 change detected: {(<Change.modified: 2>, '/workspace/app/backend/logs/app_20260523_162514.log')}
2026-05-23 16:25:31,575 - watchfiles.main - DEBUG - 1 change detected: {(<Change.modified: 2>, '/workspace/app/backend/logs/app_20260523_162514.log')}
2026-05-23 16:25:31,926 - watchfiles.main - DEBUG - 1 change detected: {(<Change.modified: 2>, '/workspace/app/backend/logs/app_20260523_162514.log')}
2026-05-23 16:25:32,276 - watchfiles.main - DEBUG - 1 change detected: {(<Change.modified: 2>, '/workspace/app/backend/logs/app_20260523_162514.log')}
2026-05-23 16:25:32,627 - watchfiles.main - DEBUG - 1 change detected: {(<Change.modified: 2>, '/workspace/app/backend/logs/app_20260523_162514.log')}
2026-05-23 16:25:32,978 - watchfiles.main - DEBUG - 1 change detected: {(<Change.modified: 2>, '/workspace/app/backend/logs/app_20260523_162514.log')}
2026-05-23 16:25:33,329 - watchfiles.main - DEBUG - 1 change detected: {(<Change.modified: 2>, '/workspace/app/backend/logs/app_20260523_162514.log')}
2026-05-23 16:25:33,680 - watchfiles.main - DEBUG - 1 change detected: {(<Change.modified: 2>, '/workspace/app/backend/logs/app_20260523_162514.log')}
2026-05-23 16:25:34,030 - watchfiles.main - DEBUG - 1 change detected: {(<Change.modified: 2>, '/workspace/app/backend/logs/app_20260523_162514.log')}
2026-05-23 16:25:34,381 - watchfiles.main - DEBUG - 1 change detected: {(<Change.modified: 2>, '/workspace/app/backend/logs/app_20260523_162514.log')}
2026-05-23 16:25:34,732 - watchfiles.main - DEBUG - 1 change detected: {(<Change.modified: 2>, '/workspace/app/backend/logs/app_20260523_162514.log')}
2026-05-23 16:25:35,083 - watchfiles.main - DEBUG - 1 change detected: {(<Change.modified: 2>, '/workspace/app/backend/logs/app_20260523_162514.log')}
2026-05-23 16:25:35,434 - watchfiles.main - DEBUG - 1 change detected: {(<Change.modified: 2>, '/workspace/app/backend/logs/app_20260523_162514.log')}
2026-05-23 16:25:35,785 - watchfiles.main - DEBUG - 1 change detected: {(<Change.modified: 2>, '/workspace/app/backend/logs/app_20260523_162514.log')}
2026-05-23 16:25:36,136 - watchfiles.main - DEBUG - 1 change detected: {(<Change.modified: 2>, '/workspace/app/backend/logs/app_20260523_162514.log')}
2026-05-23 16:25:36,487 - watchfiles.main - DEBUG - 1 change detected: {(<Change.modified: 2>, '/workspace/app/backend/logs/app_20260523_162514.log')}
2026-05-23 16:25:36,838 - watchfiles.main - DEBUG - 1 change detected: {(<Change.modified: 2>, '/workspace/app/backend/logs/app_20260523_162514.log')}
2026-05-23 16:25:37,189 - watchfiles.main - DEBUG - 1 change detected: {(<Change.modified: 2>, '/workspace/app/backend/logs/app_20260523_162514.log')}
2026-05-23 16:25:37,540 - watchfiles.main - DEBUG - 1 change detected: {(<Change.modified: 2>, '/workspace/app/backend/logs/app_20260523_162514.log')}
2026-05-23 16:25:37,891 - watchfiles.main - DEBUG - 1 change detected: {(<Change.modified: 2>, '/workspace/app/backend/logs/app_20260523_162514.log')}
2026-05-23 16:25:38,242 - watchfiles.main - DEBUG - 1 change detected: {(<Change.modified: 2>, '/workspace/app/backend/logs/app_20260523_162514.log')}
2026-05-23 16:25:38,593 - watchfiles.main - DEBUG - 1 change detected: {(<Change.modified: 2>, '/workspace/app/backend/logs/app_20260523_162514.log')}
2026-05-23 16:25:38,945 - watchfiles.main - DEBUG - 1 change detected: {(<Change.modified: 2>, '/workspace/app/backend/logs/app_20260523_162514.log')}
2026-05-23 16:25:39,295 - watchfiles.main - DEBUG - 1 change detected: {(<Change.modified: 2>, '/workspace/app/backend/logs/app_20260523_162514.log')}
2026-05-23 16:25:39,646 - watchfiles.main - DEBUG - 1 change detected: {(<Change.modified: 2>, '/workspace/app/backend/logs/app_20260523_162514.log')}
2026-05-23 16:25:39,997 - watchfiles.main - DEBUG - 1 change detected: {(<Change.modified: 2>, '/workspace/app/backend/logs/app_20260523_162514.log')}
2026-05-23 16:25:40,348 - watchfiles.main - DEBUG - 1 change detected: {(<Change.modified: 2>, '/workspace/app/backend/logs/app_20260523_162514.log')}
2026-05-23 16:25:40,699 - watchfiles.main - DEBUG - 1 change detected: {(<Change.modified: 2>, '/workspace/app/backend/logs/app_20260523_162514.log')}
2026-05-23 16:25:41,050 - watchfiles.main - DEBUG - 1 change detected: {(<Change.modified: 2>, '/workspace/app/backend/logs/app_20260523_162514.log')}
2026-05-23 16:25:41,401 - watchfiles.main - DEBUG - 1 change detected: {(<Change.modified: 2>, '/workspace/app/backend/logs/app_20260523_162514.log')}
2026-05-23 16:25:41,752 - watchfiles.main - DEBUG - 1 change detected: {(<Change.modified: 2>, '/workspace/app/backend/logs/app_20260523_162514.log')}
2026-05-23 16:25:42,103 - watchfiles.main - DEBUG - 1 change detected: {(<Change.modified: 2>, '/workspace/app/backend/logs/app_20260523_162514.log')}
2026-05-23 16:25:42,453 - watchfiles.main - DEBUG - 1 change detected: {(<Change.modified: 2>, '/workspace/app/backend/logs/app_20260523_162514.log')}
2026-05-23 16:25:42,804 - watchfiles.main - DEBUG - 2 changes detected: {(<Change.modified: 2>, '/workspace/app/backend/logs/app_20260523_162517.log'), (<Change.modified: 2>, '/workspace/app/backend/logs/app_20260523_162514.log')}
2026-05-23 16:25:43,156 - watchfiles.main - DEBUG - 1 change detected: {(<Change.modified: 2>, '/workspace/app/backend/logs/app_20260523_162514.log')}
2026-05-23 16:25:43,507 - watchfiles.main - DEBUG - 1 change detected: {(<Change.modified: 2>, '/workspace/app/backend/logs/app_20260523_162514.log')}
2026-05-23 16:25:43,858 - watchfiles.main - DEBUG - 1 change detected: {(<Change.modified: 2>, '/workspace/app/backend/logs/app_20260523_162514.log')}
2026-05-23 16:25:44,209 - watchfiles.main - DEBUG - 1 change detected: {(<Change.modified: 2>, '/workspace/app/backend/logs/app_20260523_162514.log')}
2026-05-23 16:25:44,560 - watchfiles.main - DEBUG - 1 change detected: {(<Change.modified: 2>, '/workspace/app/backend/logs/app_20260523_162514.log')}
2026-05-23 16:25:44,911 - watchfiles.main - DEBUG - 2 changes detected: {(<Change.modified: 2>, '/workspace/app/backend/logs/app_20260523_162517.log'), (<Change.modified: 2>, '/workspace/app/backend/logs/app_20260523_162514.log')}
2026-05-23 16:25:45,262 - watchfiles.main - DEBUG - 2 changes detected: {(<Change.modified: 2>, '/workspace/app/backend/logs/app_20260523_162517.log'), (<Change.modified: 2>, '/workspace/app/backend/logs/app_20260523_162514.log')}
2026-05-23 16:25:45,613 - watchfiles.main - DEBUG - 2 changes detected: {(<Change.modified: 2>, '/workspace/app/backend/logs/app_20260523_162517.log'), (<Change.modified: 2>, '/workspace/app/backend/logs/app_20260523_162514.log')}
2026-05-23 16:25:45,963 - watchfiles.main - DEBUG - 1 change detected: {(<Change.modified: 2>, '/workspace/app/backend/logs/app_20260523_162514.log')}
2026-05-23 16:25:46,314 - watchfiles.main - DEBUG - 1 change detected: {(<Change.modified: 2>, '/workspace/app/backend/logs/app_20260523_162514.log')}
2026-05-23 16:25:46,665 - watchfiles.main - DEBUG - 1 change detected: {(<Change.modified: 2>, '/workspace/app/backend/logs/app_20260523_162514.log')}
2026-05-23 16:25:47,016 - watchfiles.main - DEBUG - 1 change detected: {(<Change.modified: 2>, '/workspace/app/backend/logs/app_20260523_162514.log')}
2026-05-23 16:25:47,367 - watchfiles.main - DEBUG - 1 change detected: {(<Change.modified: 2>, '/workspace/app/backend/logs/app_20260523_162514.log')}
2026-05-23 16:25:47,718 - watchfiles.main - DEBUG - 1 change detected: {(<Change.modified: 2>, '/workspace/app/backend/logs/app_20260523_162514.log')}
2026-05-23 16:25:48,069 - watchfiles.main - DEBUG - 1 change detected: {(<Change.modified: 2>, '/workspace/app/backend/logs/app_20260523_162514.log')}
2026-05-23 16:25:48,420 - watchfiles.main - DEBUG - 1 change detected: {(<Change.modified: 2>, '/workspace/app/backend/logs/app_20260523_162514.log')}
2026-05-23 16:25:48,771 - watchfiles.main - DEBUG - 1 change detected: {(<Change.modified: 2>, '/workspace/app/backend/logs/app_20260523_162514.log')}
2026-05-23 16:25:49,122 - watchfiles.main - DEBUG - 1 change detected: {(<Change.modified: 2>, '/workspace/app/backend/logs/app_20260523_162514.log')}
2026-05-23 16:25:49,473 - watchfiles.main - DEBUG - 1 change detected: {(<Change.modified: 2>, '/workspace/app/backend/logs/app_20260523_162514.log')}
2026-05-23 16:25:49,825 - watchfiles.main - DEBUG - 1 change detected: {(<Change.modified: 2>, '/workspace/app/backend/logs/app_20260523_162514.log')}
2026-05-23 16:25:50,176 - watchfiles.main - DEBUG - 1 change detected: {(<Change.modified: 2>, '/workspace/app/backend/logs/app_20260523_162514.log')}
2026-05-23 16:25:50,527 - watchfiles.main - DEBUG - 1 change detected: {(<Change.modified: 2>, '/workspace/app/backend/logs/app_20260523_162514.log')}
2026-05-23 16:25:50,878 - watchfiles.main - DEBUG - 1 change detected: {(<Change.modified: 2>, '/workspace/app/backend/logs/app_20260523_162514.log')}
2026-05-23 16:25:51,230 - watchfiles.main - DEBUG - 1 change detected: {(<Change.modified: 2>, '/workspace/app/backend/logs/app_20260523_162514.log')}
2026-05-23 16:25:51,581 - watchfiles.main - DEBUG - 1 change detected: {(<Change.modified: 2>, '/workspace/app/backend/logs/app_20260523_162514.log')}
2026-05-23 16:25:51,932 - watchfiles.main - DEBUG - 1 change detected: {(<Change.modified: 2>, '/workspace/app/backend/logs/app_20260523_162514.log')}
2026-05-23 16:25:52,283 - watchfiles.main - DEBUG - 1 change detected: {(<Change.modified: 2>, '/workspace/app/backend/logs/app_20260523_162514.log')}
2026-05-23 16:25:52,634 - watchfiles.main - DEBUG - 1 change detected: {(<Change.modified: 2>, '/workspace/app/backend/logs/app_20260523_162514.log')}
2026-05-23 16:25:52,985 - watchfiles.main - DEBUG - 1 change detected: {(<Change.modified: 2>, '/workspace/app/backend/logs/app_20260523_162514.log')}
2026-05-23 16:25:53,336 - watchfiles.main - DEBUG - 1 change detected: {(<Change.modified: 2>, '/workspace/app/backend/logs/app_20260523_162514.log')}
2026-05-23 16:25:53,687 - watchfiles.main - DEBUG - 1 change detected: {(<Change.modified: 2>, '/workspace/app/backend/logs/app_20260523_162514.log')}
2026-05-23 16:25:54,038 - watchfiles.main - DEBUG - 1 change detected: {(<Change.modified: 2>, '/workspace/app/backend/logs/app_20260523_162514.log')}
2026-05-23 16:25:54,389 - watchfiles.main - DEBUG - 1 change detected: {(<Change.modified: 2>, '/workspace/app/backend/logs/app_20260523_162514.log')}
2026-05-23 16:25:54,740 - watchfiles.main - DEBUG - 1 change detected: {(<Change.modified: 2>, '/workspace/app/backend/logs/app_20260523_162514.log')}
2026-05-23 16:25:55,091 - watchfiles.main - DEBUG - 1 change detected: {(<Change.modified: 2>, '/workspace/app/backend/logs/app_20260523_162514.log')}
2026-05-23 16:25:55,442 - watchfiles.main - DEBUG - 1 change detected: {(<Change.modified: 2>, '/workspace/app/backend/logs/app_20260523_162514.log')}
2026-05-23 16:25:55,793 - watchfiles.main - DEBUG - 1 change detected: {(<Change.modified: 2>, '/workspace/app/backend/logs/app_20260523_162514.log')}
2026-05-23 16:25:56,144 - watchfiles.main - DEBUG - 1 change detected: {(<Change.modified: 2>, '/workspace/app/backend/logs/app_20260523_162514.log')}
2026-05-23 16:25:56,495 - watchfiles.main - DEBUG - 1 change detected: {(<Change.modified: 2>, '/workspace/app/backend/logs/app_20260523_162514.log')}
2026-05-23 16:25:56,846 - watchfiles.main - DEBUG - 1 change detected: {(<Change.modified: 2>, '/workspace/app/backend/logs/app_20260523_162514.log')}
2026-05-23 16:25:57,197 - watchfiles.main - DEBUG - 1 change detected: {(<Change.modified: 2>, '/workspace/app/backend/logs/app_20260523_162514.log')}
2026-05-23 16:25:57,548 - watchfiles.main - DEBUG - 1 change detected: {(<Change.modified: 2>, '/workspace/app/backend/logs/app_20260523_162514.log')}
2026-05-23 16:25:57,899 - watchfiles.main - DEBUG - 1 change detected: {(<Change.modified: 2>, '/workspace/app/backend/logs/app_20260523_162514.log')}
2026-05-23 16:25:58,250 - watchfiles.main - DEBUG - 1 change detected: {(<Change.modified: 2>, '/workspace/app/backend/logs/app_20260523_162514.log')}
2026-05-23 16:25:58,601 - watchfiles.main - DEBUG - 1 change detected: {(<Change.modified: 2>, '/workspace/app/backend/logs/app_20260523_162514.log')}
2026-05-23 16:25:58,952 - watchfiles.main - DEBUG - 1 change detected: {(<Change.modified: 2>, '/workspace/app/backend/logs/app_20260523_162514.log')}
2026-05-23 16:25:59,303 - watchfiles.main - DEBUG - 1 change detected: {(<Change.modified: 2>, '/workspace/app/backend/logs/app_20260523_162514.log')}
2026-05-23 16:25:59,654 - watchfiles.main - DEBUG - 1 change detected: {(<Change.modified: 2>, '/workspace/app/backend/logs/app_20260523_162514.log')}
2026-05-23 16:26:00,005 - watchfiles.main - DEBUG - 1 change detected: {(<Change.modified: 2>, '/workspace/app/backend/logs/app_20260523_162514.log')}
2026-05-23 16:26:00,356 - watchfiles.main - DEBUG - 1 change detected: {(<Change.modified: 2>, '/workspace/app/backend/logs/app_20260523_162514.log')}
2026-05-23 16:26:00,707 - watchfiles.main - DEBUG - 1 change detected: {(<Change.modified: 2>, '/workspace/app/backend/logs/app_20260523_162514.log')}
2026-05-23 16:26:01,058 - watchfiles.main - DEBUG - 1 change detected: {(<Change.modified: 2>, '/workspace/app/backend/logs/app_20260523_162514.log')}
2026-05-23 16:26:01,409 - watchfiles.main - DEBUG - 1 change detected: {(<Change.modified: 2>, '/workspace/app/backend/logs/app_20260523_162514.log')}
2026-05-23 16:26:01,760 - watchfiles.main - DEBUG - 1 change detected: {(<Change.modified: 2>, '/workspace/app/backend/logs/app_20260523_162514.log')}
2026-05-23 16:26:02,111 - watchfiles.main - DEBUG - 1 change detected: {(<Change.modified: 2>, '/workspace/app/backend/logs/app_20260523_162514.log')}
2026-05-23 16:26:02,462 - watchfiles.main - DEBUG - 1 change detected: {(<Change.modified: 2>, '/workspace/app/backend/logs/app_20260523_162514.log')}
2026-05-23 16:26:02,813 - watchfiles.main - DEBUG - 1 change detected: {(<Change.modified: 2>, '/workspace/app/backend/logs/app_20260523_162514.log')}
2026-05-23 16:26:03,166 - watchfiles.main - DEBUG - 1 change detected: {(<Change.modified: 2>, '/workspace/app/backend/logs/app_20260523_162514.log')}
2026-05-23 16:26:03,518 - watchfiles.main - DEBUG - 1 change detected: {(<Change.modified: 2>, '/workspace/app/backend/logs/app_20260523_162514.log')}
2026-05-23 16:26:03,869 - watchfiles.main - DEBUG - 1 change detected: {(<Change.modified: 2>, '/workspace/app/backend/logs/app_20260523_162514.log')}
2026-05-23 16:26:04,220 - watchfiles.main - DEBUG - 1 change detected: {(<Change.modified: 2>, '/workspace/app/backend/logs/app_20260523_162514.log')}
2026-05-23 16:26:04,570 - watchfiles.main - DEBUG - 1 change detected: {(<Change.modified: 2>, '/workspace/app/backend/logs/app_20260523_162514.log')}
2026-05-23 16:26:04,921 - watchfiles.main - DEBUG - 1 change detected: {(<Change.modified: 2>, '/workspace/app/backend/logs/app_20260523_162514.log')}
2026-05-23 16:26:05,272 - watchfiles.main - DEBUG - 1 change detected: {(<Change.modified: 2>, '/workspace/app/backend/logs/app_20260523_162514.log')}
2026-05-23 16:26:05,623 - watchfiles.main - DEBUG - 1 change detected: {(<Change.modified: 2>, '/workspace/app/backend/logs/app_20260523_162514.log')}
2026-05-23 16:26:05,974 - watchfiles.main - DEBUG - 1 change detected: {(<Change.modified: 2>, '/workspace/app/backend/logs/app_20260523_162514.log')}
2026-05-23 16:26:06,325 - watchfiles.main - DEBUG - 1 change detected: {(<Change.modified: 2>, '/workspace/app/backend/logs/app_20260523_162514.log')}
2026-05-23 16:26:06,676 - watchfiles.main - DEBUG - 1 change detected: {(<Change.modified: 2>, '/workspace/app/backend/logs/app_20260523_162514.log')}
2026-05-23 16:26:07,027 - watchfiles.main - DEBUG - 1 change detected: {(<Change.modified: 2>, '/workspace/app/backend/logs/app_20260523_162514.log')}
2026-05-23 16:26:07,378 - watchfiles.main - DEBUG - 1 change detected: {(<Change.modified: 2>, '/workspace/app/backend/logs/app_20260523_162514.log')}
2026-05-23 16:26:07,729 - watchfiles.main - DEBUG - 1 change detected: {(<Change.modified: 2>, '/workspace/app/backend/logs/app_20260523_162514.log')}
2026-05-23 16:26:08,080 - watchfiles.main - DEBUG - 1 change detected: {(<Change.modified: 2>, '/workspace/app/backend/logs/app_20260523_162514.log')}
2026-05-23 16:26:08,431 - watchfiles.main - DEBUG - 1 change detected: {(<Change.modified: 2>, '/workspace/app/backend/logs/app_20260523_162514.log')}
2026-05-23 16:26:08,782 - watchfiles.main - DEBUG - 1 change detected: {(<Change.modified: 2>, '/workspace/app/backend/logs/app_20260523_162514.log')}
2026-05-23 16:26:09,133 - watchfiles.main - DEBUG - 1 change detected: {(<Change.modified: 2>, '/workspace/app/backend/logs/app_20260523_162514.log')}
2026-05-23 16:26:09,484 - watchfiles.main - DEBUG - 1 change detected: {(<Change.modified: 2>, '/workspace/app/backend/logs/app_20260523_162514.log')}
2026-05-23 16:26:09,835 - watchfiles.main - DEBUG - 1 change detected: {(<Change.modified: 2>, '/workspace/app/backend/logs/app_20260523_162514.log')}
2026-05-23 16:26:10,186 - watchfiles.main - DEBUG - 1 change detected: {(<Change.modified: 2>, '/workspace/app/backend/logs/app_20260523_162514.log')}
2026-05-23 16:26:10,537 - watchfiles.main - DEBUG - 1 change detected: {(<Change.modified: 2>, '/workspace/app/backend/logs/app_20260523_162514.log')}
2026-05-23 16:26:10,888 - watchfiles.main - DEBUG - 1 change detected: {(<Change.modified: 2>, '/workspace/app/backend/logs/app_20260523_162514.log')}
2026-05-23 16:26:11,239 - watchfiles.main - DEBUG - 1 change detected: {(<Change.modified: 2>, '/workspace/app/backend/logs/app_20260523_162514.log')}
2026-05-23 16:26:11,590 - watchfiles.main - DEBUG - 1 change detected: {(<Change.modified: 2>, '/workspace/app/backend/logs/app_20260523_162514.log')}
2026-05-23 16:26:11,940 - watchfiles.main - DEBUG - 1 change detected: {(<Change.modified: 2>, '/workspace/app/backend/logs/app_20260523_162514.log')}
2026-05-23 16:26:12,292 - watchfiles.main - DEBUG - 1 change detected: {(<Change.modified: 2>, '/workspace/app/backend/logs/app_20260523_162514.log')}
2026-05-23 16:26:12,643 - watchfiles.main - DEBUG - 1 change detected: {(<Change.modified: 2>, '/workspace/app/backend/logs/app_20260523_162514.log')}
2026-05-23 16:26:12,994 - watchfiles.main - DEBUG - 1 change detected: {(<Change.modified: 2>, '/workspace/app/backend/logs/app_20260523_162514.log')}
2026-05-23 16:26:13,345 - watchfiles.main - DEBUG - 1 change detected: {(<Change.modified: 2>, '/workspace/app/backend/logs/app_20260523_162514.log')}
2026-05-23 16:26:13,696 - watchfiles.main - DEBUG - 1 change detected: {(<Change.modified: 2>, '/workspace/app/backend/logs/app_20260523_162514.log')}
2026-05-23 16:26:14,047 - watchfiles.main - DEBUG - 1 change detected: {(<Change.modified: 2>, '/workspace/app/backend/logs/app_20260523_162514.log')}
2026-05-23 16:26:14,398 - watchfiles.main - DEBUG - 1 change detected: {(<Change.modified: 2>, '/workspace/app/backend/logs/app_20260523_162514.log')}
2026-05-23 16:26:14,749 - watchfiles.main - DEBUG - 1 change detected: {(<Change.modified: 2>, '/workspace/app/backend/logs/app_20260523_162514.log')}
2026-05-23 16:26:15,101 - watchfiles.main - DEBUG - 2 changes detected: {(<Change.modified: 2>, '/workspace/app/backend/logs/app_20260523_162517.log'), (<Change.modified: 2>, '/workspace/app/backend/logs/app_20260523_162514.log')}
2026-05-23 16:26:15,502 - watchfiles.main - DEBUG - 2 changes detected: {(<Change.modified: 2>, '/workspace/app/backend/logs/app_20260523_162517.log'), (<Change.modified: 2>, '/workspace/app/backend/logs/app_20260523_162514.log')}
2026-05-23 16:26:15,853 - watchfiles.main - DEBUG - 1 change detected: {(<Change.modified: 2>, '/workspace/app/backend/logs/app_20260523_162514.log')}
2026-05-23 16:26:16,204 - watchfiles.main - DEBUG - 1 change detected: {(<Change.modified: 2>, '/workspace/app/backend/logs/app_20260523_162514.log')}
2026-05-23 16:26:16,555 - watchfiles.main - DEBUG - 1 change detected: {(<Change.modified: 2>, '/workspace/app/backend/logs/app_20260523_162514.log')}
2026-05-23 16:26:16,906 - watchfiles.main - DEBUG - 1 change detected: {(<Change.modified: 2>, '/workspace/app/backend/logs/app_20260523_162514.log')}
2026-05-23 16:26:17,257 - watchfiles.main - DEBUG - 1 change detected: {(<Change.modified: 2>, '/workspace/app/backend/logs/app_20260523_162514.log')}
2026-05-23 16:26:17,608 - watchfiles.main - DEBUG - 1 change detected: {(<Change.modified: 2>, '/workspace/app/backend/logs/app_20260523_162514.log')}
2026-05-23 16:26:17,959 - watchfiles.main - DEBUG - 1 change detected: {(<Change.modified: 2>, '/workspace/app/backend/logs/app_20260523_162514.log')}
2026-05-23 16:26:18,310 - watchfiles.main - DEBUG - 1 change detected: {(<Change.modified: 2>, '/workspace/app/backend/logs/app_20260523_162514.log')}
2026-05-23 16:26:18,661 - watchfiles.main - DEBUG - 1 change detected: {(<Change.modified: 2>, '/workspace/app/backend/logs/app_20260523_162514.log')}
2026-05-23 16:26:19,012 - watchfiles.main - DEBUG - 1 change detected: {(<Change.modified: 2>, '/workspace/app/backend/logs/app_20260523_162514.log')}
2026-05-23 16:26:19,363 - watchfiles.main - DEBUG - 1 change detected: {(<Change.modified: 2>, '/workspace/app/backend/logs/app_20260523_162514.log')}
2026-05-23 16:26:19,716 - watchfiles.main - DEBUG - 1 change detected: {(<Change.modified: 2>, '/workspace/app/backend/logs/app_20260523_162514.log')}
2026-05-23 16:26:20,067 - watchfiles.main - DEBUG - 1 change detected: {(<Change.modified: 2>, '/workspace/app/backend/logs/app_20260523_162514.log')}
2026-05-23 16:26:20,418 - watchfiles.main - DEBUG - 1 change detected: {(<Change.modified: 2>, '/workspace/app/backend/logs/app_20260523_162514.log')}
2026-05-23 16:26:20,769 - watchfiles.main - DEBUG - 1 change detected: {(<Change.modified: 2>, '/workspace/app/backend/logs/app_20260523_162514.log')}
2026-05-23 16:26:21,120 - watchfiles.main - DEBUG - 1 change detected: {(<Change.modified: 2>, '/workspace/app/backend/logs/app_20260523_162514.log')}
2026-05-23 16:26:21,471 - watchfiles.main - DEBUG - 1 change detected: {(<Change.modified: 2>, '/workspace/app/backend/logs/app_20260523_162514.log')}
2026-05-23 16:26:21,822 - watchfiles.main - DEBUG - 1 change detected: {(<Change.modified: 2>, '/workspace/app/backend/logs/app_20260523_162514.log')}
2026-05-23 16:26:22,173 - watchfiles.main - DEBUG - 1 change detected: {(<Change.modified: 2>, '/workspace/app/backend/logs/app_20260523_162514.log')}
2026-05-23 16:26:22,524 - watchfiles.main - DEBUG - 1 change detected: {(<Change.modified: 2>, '/workspace/app/backend/logs/app_20260523_162514.log')}
2026-05-23 16:26:22,875 - watchfiles.main - DEBUG - 1 change detected: {(<Change.modified: 2>, '/workspace/app/backend/logs/app_20260523_162514.log')}
2026-05-23 16:26:23,226 - watchfiles.main - DEBUG - 1 change detected: {(<Change.modified: 2>, '/workspace/app/backend/logs/app_20260523_162514.log')}
2026-05-23 16:26:23,577 - watchfiles.main - DEBUG - 1 change detected: {(<Change.modified: 2>, '/workspace/app/backend/logs/app_20260523_162514.log')}
2026-05-23 16:26:23,928 - watchfiles.main - DEBUG - 1 change detected: {(<Change.modified: 2>, '/workspace/app/backend/logs/app_20260523_162514.log')}
2026-05-23 16:26:24,279 - watchfiles.main - DEBUG - 1 change detected: {(<Change.modified: 2>, '/workspace/app/backend/logs/app_20260523_162514.log')}
2026-05-23 16:26:24,630 - watchfiles.main - DEBUG - 1 change detected: {(<Change.modified: 2>, '/workspace/app/backend/logs/app_20260523_162514.log')}
2026-05-23 16:26:24,981 - watchfiles.main - DEBUG - 1 change detected: {(<Change.modified: 2>, '/workspace/app/backend/logs/app_20260523_162514.log')}
2026-05-23 16:26:25,332 - watchfiles.main - DEBUG - 1 change detected: {(<Change.modified: 2>, '/workspace/app/backend/logs/app_20260523_162514.log')}
2026-05-23 16:26:25,683 - watchfiles.main - DEBUG - 1 change detected: {(<Change.modified: 2>, '/workspace/app/backend/logs/app_20260523_162514.log')}
2026-05-23 16:26:26,034 - watchfiles.main - DEBUG - 1 change detected: {(<Change.modified: 2>, '/workspace/app/backend/logs/app_20260523_162514.log')}
2026-05-23 16:26:26,385 - watchfiles.main - DEBUG - 1 change detected: {(<Change.modified: 2>, '/workspace/app/backend/logs/app_20260523_162514.log')}
2026-05-23 16:26:26,736 - watchfiles.main - DEBUG - 1 change detected: {(<Change.modified: 2>, '/workspace/app/backend/logs/app_20260523_162514.log')}
2026-05-23 16:26:27,087 - watchfiles.main - DEBUG - 1 change detected: {(<Change.modified: 2>, '/workspace/app/backend/logs/app_20260523_162514.log')}
2026-05-23 16:26:27,437 - watchfiles.main - DEBUG - 1 change detected: {(<Change.modified: 2>, '/workspace/app/backend/logs/app_20260523_162514.log')}
2026-05-23 16:26:27,789 - watchfiles.main - DEBUG - 1 change detected: {(<Change.modified: 2>, '/workspace/app/backend/logs/app_20260523_162514.log')}
2026-05-23 16:26:28,140 - watchfiles.main - DEBUG - 1 change detected: {(<Change.modified: 2>, '/workspace/app/backend/logs/app_20260523_162514.log')}
2026-05-23 16:26:28,491 - watchfiles.main - DEBUG - 1 change detected: {(<Change.modified: 2>, '/workspace/app/backend/logs/app_20260523_162514.log')}
2026-05-23 16:26:28,841 - watchfiles.main - DEBUG - 1 change detected: {(<Change.modified: 2>, '/workspace/app/backend/logs/app_20260523_162514.log')}
2026-05-23 16:26:29,192 - watchfiles.main - DEBUG - 1 change detected: {(<Change.modified: 2>, '/workspace/app/backend/logs/app_20260523_162514.log')}
2026-05-23 16:26:29,545 - watchfiles.main - DEBUG - 1 change detected: {(<Change.modified: 2>, '/workspace/app/backend/logs/app_20260523_162514.log')}
2026-05-23 16:26:29,897 - watchfiles.main - DEBUG - 1 change detected: {(<Change.modified: 2>, '/workspace/app/backend/logs/app_20260523_162514.log')}
2026-05-23 16:26:30,248 - watchfiles.main - DEBUG - 1 change detected: {(<Change.modified: 2>, '/workspace/app/backend/logs/app_20260523_162514.log')}
2026-05-23 16:26:30,599 - watchfiles.main - DEBUG - 1 change detected: {(<Change.modified: 2>, '/workspace/app/backend/logs/app_20260523_162514.log')}
2026-05-23 16:26:30,950 - watchfiles.main - DEBUG - 1 change detected: {(<Change.modified: 2>, '/workspace/app/backend/logs/app_20260523_162514.log')}
2026-05-23 16:26:31,301 - watchfiles.main - DEBUG - 1 change detected: {(<Change.modified: 2>, '/workspace/app/backend/logs/app_20260523_162514.log')}
2026-05-23 16:26:31,652 - watchfiles.main - DEBUG - 1 change detected: {(<Change.modified: 2>, '/workspace/app/backend/logs/app_20260523_162514.log')}
2026-05-23 16:26:32,003 - watchfiles.main - DEBUG - 1 change detected: {(<Change.modified: 2>, '/workspace/app/backend/logs/app_20260523_162514.log')}
2026-05-23 16:26:32,354 - watchfiles.main - DEBUG - 1 change detected: {(<Change.modified: 2>, '/workspace/app/backend/logs/app_20260523_162514.log')}
2026-05-23 16:26:32,705 - watchfiles.main - DEBUG - 1 change detected: {(<Change.modified: 2>, '/workspace/app/backend/logs/app_20260523_162514.log')}
2026-05-23 16:26:33,056 - watchfiles.main - DEBUG - 1 change detected: {(<Change.modified: 2>, '/workspace/app/backend/logs/app_20260523_162514.log')}
2026-05-23 16:26:33,407 - watchfiles.main - DEBUG - 1 change detected: {(<Change.modified: 2>, '/workspace/app/backend/logs/app_20260523_162514.log')}
2026-05-23 16:26:33,758 - watchfiles.main - DEBUG - 1 change detected: {(<Change.modified: 2>, '/workspace/app/backend/logs/app_20260523_162514.log')}
2026-05-23 16:26:34,109 - watchfiles.main - DEBUG - 1 change detected: {(<Change.modified: 2>, '/workspace/app/backend/logs/app_20260523_162514.log')}
2026-05-23 16:26:34,460 - watchfiles.main - DEBUG - 1 change detected: {(<Change.modified: 2>, '/workspace/app/backend/logs/app_20260523_162514.log')}
2026-05-23 16:26:34,812 - watchfiles.main - DEBUG - 1 change detected: {(<Change.modified: 2>, '/workspace/app/backend/logs/app_20260523_162514.log')}
2026-05-23 16:26:35,163 - watchfiles.main - DEBUG - 1 change detected: {(<Change.modified: 2>, '/workspace/app/backend/logs/app_20260523_162514.log')}
2026-05-23 16:26:35,515 - watchfiles.main - DEBUG - 1 change detected: {(<Change.modified: 2>, '/workspace/app/backend/logs/app_20260523_162514.log')}
2026-05-23 16:26:35,868 - watchfiles.main - DEBUG - 1 change detected: {(<Change.modified: 2>, '/workspace/app/backend/logs/app_20260523_162514.log')}
2026-05-23 16:26:36,219 - watchfiles.main - DEBUG - 1 change detected: {(<Change.modified: 2>, '/workspace/app/backend/logs/app_20260523_162514.log')}
2026-05-23 16:26:36,570 - watchfiles.main - DEBUG - 1 change detected: {(<Change.modified: 2>, '/workspace/app/backend/logs/app_20260523_162514.log')}
2026-05-23 16:26:36,921 - watchfiles.main - DEBUG - 1 change detected: {(<Change.modified: 2>, '/workspace/app/backend/logs/app_20260523_162514.log')}
2026-05-23 16:26:37,272 - watchfiles.main - DEBUG - 1 change detected: {(<Change.modified: 2>, '/workspace/app/backend/logs/app_20260523_162514.log')}
2026-05-23 16:26:37,623 - watchfiles.main - DEBUG - 1 change detected: {(<Change.modified: 2>, '/workspace/app/backend/logs/app_20260523_162514.log')}
2026-05-23 16:26:37,974 - watchfiles.main - DEBUG - 1 change detected: {(<Change.modified: 2>, '/workspace/app/backend/logs/app_20260523_162514.log')}
2026-05-23 16:26:38,325 - watchfiles.main - DEBUG - 1 change detected: {(<Change.modified: 2>, '/workspace/app/backend/logs/app_20260523_162514.log')}
2026-05-23 16:26:38,677 - watchfiles.main - DEBUG - 1 change detected: {(<Change.modified: 2>, '/workspace/app/backend/logs/app_20260523_162514.log')}
2026-05-23 16:26:39,028 - watchfiles.main - DEBUG - 1 change detected: {(<Change.modified: 2>, '/workspace/app/backend/logs/app_20260523_162514.log')}
2026-05-23 16:26:39,379 - watchfiles.main - DEBUG - 1 change detected: {(<Change.modified: 2>, '/workspace/app/backend/logs/app_20260523_162514.log')}
2026-05-23 16:26:39,730 - watchfiles.main - DEBUG - 1 change detected: {(<Change.modified: 2>, '/workspace/app/backend/logs/app_20260523_162514.log')}
2026-05-23 16:26:40,081 - watchfiles.main - DEBUG - 1 change detected: {(<Change.modified: 2>, '/workspace/app/backend/logs/app_20260523_162514.log')}
2026-05-23 16:26:40,431 - watchfiles.main - DEBUG - 1 change detected: {(<Change.modified: 2>, '/workspace/app/backend/logs/app_20260523_162514.log')}
2026-05-23 16:26:40,782 - watchfiles.main - DEBUG - 1 change detected: {(<Change.modified: 2>, '/workspace/app/backend/logs/app_20260523_162514.log')}
2026-05-23 16:26:41,134 - watchfiles.main - DEBUG - 1 change detected: {(<Change.modified: 2>, '/workspace/app/backend/logs/app_20260523_162514.log')}
2026-05-23 16:26:41,485 - watchfiles.main - DEBUG - 1 change detected: {(<Change.modified: 2>, '/workspace/app/backend/logs/app_20260523_162514.log')}
2026-05-23 16:26:41,836 - watchfiles.main - DEBUG - 1 change detected: {(<Change.modified: 2>, '/workspace/app/backend/logs/app_20260523_162514.log')}
2026-05-23 16:26:42,187 - watchfiles.main - DEBUG - 1 change detected: {(<Change.modified: 2>, '/workspace/app/backend/logs/app_20260523_162514.log')}
2026-05-23 16:26:42,538 - watchfiles.main - DEBUG - 1 change detected: {(<Change.modified: 2>, '/workspace/app/backend/logs/app_20260523_162514.log')}
2026-05-23 16:26:42,889 - watchfiles.main - DEBUG - 1 change detected: {(<Change.modified: 2>, '/workspace/app/backend/logs/app_20260523_162514.log')}
2026-05-23 16:26:43,240 - watchfiles.main - DEBUG - 1 change detected: {(<Change.modified: 2>, '/workspace/app/backend/logs/app_20260523_162514.log')}
2026-05-23 16:26:43,591 - watchfiles.main - DEBUG - 1 change detected: {(<Change.modified: 2>, '/workspace/app/backend/logs/app_20260523_162514.log')}
2026-05-23 16:26:43,942 - watchfiles.main - DEBUG - 1 change detected: {(<Change.modified: 2>, '/workspace/app/backend/logs/app_20260523_162514.log')}
2026-05-23 16:26:44,293 - watchfiles.main - DEBUG - 1 change detected: {(<Change.modified: 2>, '/workspace/app/backend/logs/app_20260523_162514.log')}
2026-05-23 16:26:44,644 - watchfiles.main - DEBUG - 1 change detected: {(<Change.modified: 2>, '/workspace/app/backend/logs/app_20260523_162514.log')}
2026-05-23 16:26:44,995 - watchfiles.main - DEBUG - 1 change detected: {(<Change.modified: 2>, '/workspace/app/backend/logs/app_20260523_162514.log')}
2026-05-23 16:26:45,346 - watchfiles.main - DEBUG - 2 changes detected: {(<Change.modified: 2>, '/workspace/app/backend/logs/app_20260523_162517.log'), (<Change.modified: 2>, '/workspace/app/backend/logs/app_20260523_162514.log')}
2026-05-23 16:26:45,697 - watchfiles.main - DEBUG - 2 changes detected: {(<Change.modified: 2>, '/workspace/app/backend/logs/app_20260523_162517.log'), (<Change.modified: 2>, '/workspace/app/backend/logs/app_20260523_162514.log')}
2026-05-23 16:26:46,048 - watchfiles.main - DEBUG - 1 change detected: {(<Change.modified: 2>, '/workspace/app/backend/logs/app_20260523_162514.log')}
2026-05-23 16:26:46,399 - watchfiles.main - DEBUG - 1 change detected: {(<Change.modified: 2>, '/workspace/app/backend/logs/app_20260523_162514.log')}
2026-05-23 16:26:46,750 - watchfiles.main - DEBUG - 1 change detected: {(<Change.modified: 2>, '/workspace/app/backend/logs/app_20260523_162514.log')}
2026-05-23 16:26:47,101 - watchfiles.main - DEBUG - 1 change detected: {(<Change.modified: 2>, '/workspace/app/backend/logs/app_20260523_162514.log')}
2026-05-23 16:26:47,452 - watchfiles.main - DEBUG - 1 change detected: {(<Change.modified: 2>, '/workspace/app/backend/logs/app_20260523_162514.log')}
2026-05-23 16:26:47,803 - watchfiles.main - DEBUG - 1 change detected: {(<Change.modified: 2>, '/workspace/app/backend/logs/app_20260523_162514.log')}
2026-05-23 16:26:48,154 - watchfiles.main - DEBUG - 1 change detected: {(<Change.modified: 2>, '/workspace/app/backend/logs/app_20260523_162514.log')}
2026-05-23 16:26:48,505 - watchfiles.main - DEBUG - 1 change detected: {(<Change.modified: 2>, '/workspace/app/backend/logs/app_20260523_162514.log')}
2026-05-23 16:26:48,856 - watchfiles.main - DEBUG - 1 change detected: {(<Change.modified: 2>, '/workspace/app/backend/logs/app_20260523_162514.log')}
2026-05-23 16:26:49,208 - watchfiles.main - DEBUG - 1 change detected: {(<Change.modified: 2>, '/workspace/app/backend/logs/app_20260523_162514.log')}
2026-05-23 16:26:49,559 - watchfiles.main - DEBUG - 1 change detected: {(<Change.modified: 2>, '/workspace/app/backend/logs/app_20260523_162514.log')}
2026-05-23 16:26:49,911 - watchfiles.main - DEBUG - 1 change detected: {(<Change.modified: 2>, '/workspace/app/backend/logs/app_20260523_162514.log')}
2026-05-23 16:26:50,263 - watchfiles.main - DEBUG - 1 change detected: {(<Change.modified: 2>, '/workspace/app/backend/logs/app_20260523_162514.log')}
2026-05-23 16:26:50,615 - watchfiles.main - DEBUG - 1 change detected: {(<Change.modified: 2>, '/workspace/app/backend/logs/app_20260523_162514.log')}
2026-05-23 16:26:50,966 - watchfiles.main - DEBUG - 1 change detected: {(<Change.modified: 2>, '/workspace/app/backend/logs/app_20260523_162514.log')}
2026-05-23 16:26:51,317 - watchfiles.main - DEBUG - 1 change detected: {(<Change.modified: 2>, '/workspace/app/backend/logs/app_20260523_162514.log')}
2026-05-23 16:26:51,668 - watchfiles.main - DEBUG - 1 change detected: {(<Change.modified: 2>, '/workspace/app/backend/logs/app_20260523_162514.log')}
2026-05-23 16:26:52,019 - watchfiles.main - DEBUG - 1 change detected: {(<Change.modified: 2>, '/workspace/app/backend/logs/app_20260523_162514.log')}
2026-05-23 16:26:52,370 - watchfiles.main - DEBUG - 1 change detected: {(<Change.modified: 2>, '/workspace/app/backend/logs/app_20260523_162514.log')}
2026-05-23 16:26:52,721 - watchfiles.main - DEBUG - 1 change detected: {(<Change.modified: 2>, '/workspace/app/backend/logs/app_20260523_162514.log')}
2026-05-23 16:26:53,072 - watchfiles.main - DEBUG - 1 change detected: {(<Change.modified: 2>, '/workspace/app/backend/logs/app_20260523_162514.log')}
2026-05-23 16:26:53,424 - watchfiles.main - DEBUG - 1 change detected: {(<Change.modified: 2>, '/workspace/app/backend/logs/app_20260523_162514.log')}
2026-05-23 16:26:53,775 - watchfiles.main - DEBUG - 1 change detected: {(<Change.modified: 2>, '/workspace/app/backend/logs/app_20260523_162514.log')}
2026-05-23 16:26:54,126 - watchfiles.main - DEBUG - 1 change detected: {(<Change.modified: 2>, '/workspace/app/backend/logs/app_20260523_162514.log')}
2026-05-23 16:26:54,476 - watchfiles.main - DEBUG - 1 change detected: {(<Change.modified: 2>, '/workspace/app/backend/logs/app_20260523_162514.log')}
2026-05-23 16:26:54,828 - watchfiles.main - DEBUG - 1 change detected: {(<Change.modified: 2>, '/workspace/app/backend/logs/app_20260523_162514.log')}
2026-05-23 16:26:55,179 - watchfiles.main - DEBUG - 1 change detected: {(<Change.modified: 2>, '/workspace/app/backend/logs/app_20260523_162514.log')}
2026-05-23 16:26:55,530 - watchfiles.main - DEBUG - 1 change detected: {(<Change.modified: 2>, '/workspace/app/backend/logs/app_20260523_162514.log')}
2026-05-23 16:26:55,881 - watchfiles.main - DEBUG - 1 change detected: {(<Change.modified: 2>, '/workspace/app/backend/logs/app_20260523_162514.log')}
2026-05-23 16:26:56,232 - watchfiles.main - DEBUG - 1 change detected: {(<Change.modified: 2>, '/workspace/app/backend/logs/app_20260523_162514.log')}
2026-05-23 16:26:56,583 - watchfiles.main - DEBUG - 1 change detected: {(<Change.modified: 2>, '/workspace/app/backend/logs/app_20260523_162514.log')}
2026-05-23 16:26:56,934 - watchfiles.main - DEBUG - 1 change detected: {(<Change.modified: 2>, '/workspace/app/backend/logs/app_20260523_162514.log')}
2026-05-23 16:26:57,285 - watchfiles.main - DEBUG - 1 change detected: {(<Change.modified: 2>, '/workspace/app/backend/logs/app_20260523_162514.log')}
2026-05-23 16:26:57,636 - watchfiles.main - DEBUG - 1 change detected: {(<Change.modified: 2>, '/workspace/app/backend/logs/app_20260523_162514.log')}
2026-05-23 16:26:57,987 - watchfiles.main - DEBUG - 1 change detected: {(<Change.modified: 2>, '/workspace/app/backend/logs/app_20260523_162514.log')}
2026-05-23 16:26:58,338 - watchfiles.main - DEBUG - 1 change detected: {(<Change.modified: 2>, '/workspace/app/backend/logs/app_20260523_162514.log')}
2026-05-23 16:26:58,689 - watchfiles.main - DEBUG - 1 change detected: {(<Change.modified: 2>, '/workspace/app/backend/logs/app_20260523_162514.log')}
2026-05-23 16:26:59,040 - watchfiles.main - DEBUG - 1 change detected: {(<Change.modified: 2>, '/workspace/app/backend/logs/app_20260523_162514.log')}
2026-05-23 16:26:59,391 - watchfiles.main - DEBUG - 1 change detected: {(<Change.modified: 2>, '/workspace/app/backend/logs/app_20260523_162514.log')}
2026-05-23 16:26:59,741 - watchfiles.main - DEBUG - 1 change detected: {(<Change.modified: 2>, '/workspace/app/backend/logs/app_20260523_162514.log')}
2026-05-23 16:27:00,092 - watchfiles.main - DEBUG - 1 change detected: {(<Change.modified: 2>, '/workspace/app/backend/logs/app_20260523_162514.log')}
2026-05-23 16:27:00,443 - watchfiles.main - DEBUG - 1 change detected: {(<Change.modified: 2>, '/workspace/app/backend/logs/app_20260523_162514.log')}
2026-05-23 16:27:00,794 - watchfiles.main - DEBUG - 1 change detected: {(<Change.modified: 2>, '/workspace/app/backend/logs/app_20260523_162514.log')}
2026-05-23 16:27:01,145 - watchfiles.main - DEBUG - 1 change detected: {(<Change.modified: 2>, '/workspace/app/backend/logs/app_20260523_162514.log')}
2026-05-23 16:27:01,496 - watchfiles.main - DEBUG - 1 change detected: {(<Change.modified: 2>, '/workspace/app/backend/logs/app_20260523_162514.log')}
2026-05-23 16:27:01,847 - watchfiles.main - DEBUG - 1 change detected: {(<Change.modified: 2>, '/workspace/app/backend/logs/app_20260523_162514.log')}
2026-05-23 16:27:02,198 - watchfiles.main - DEBUG - 1 change detected: {(<Change.modified: 2>, '/workspace/app/backend/logs/app_20260523_162514.log')}
2026-05-23 16:27:02,549 - watchfiles.main - DEBUG - 1 change detected: {(<Change.modified: 2>, '/workspace/app/backend/logs/app_20260523_162514.log')}
2026-05-23 16:27:02,900 - watchfiles.main - DEBUG - 1 change detected: {(<Change.modified: 2>, '/workspace/app/backend/logs/app_20260523_162514.log')}
2026-05-23 16:27:03,251 - watchfiles.main - DEBUG - 1 change detected: {(<Change.modified: 2>, '/workspace/app/backend/logs/app_20260523_162514.log')}
2026-05-23 16:27:03,603 - watchfiles.main - DEBUG - 1 change detected: {(<Change.modified: 2>, '/workspace/app/backend/logs/app_20260523_162514.log')}
2026-05-23 16:27:03,954 - watchfiles.main - DEBUG - 1 change detected: {(<Change.modified: 2>, '/workspace/app/backend/logs/app_20260523_162514.log')}
2026-05-23 16:27:04,306 - watchfiles.main - DEBUG - 1 change detected: {(<Change.modified: 2>, '/workspace/app/backend/logs/app_20260523_162514.log')}
2026-05-23 16:27:04,657 - watchfiles.main - DEBUG - 1 change detected: {(<Change.modified: 2>, '/workspace/app/backend/logs/app_20260523_162514.log')}
2026-05-23 16:27:05,008 - watchfiles.main - DEBUG - 1 change detected: {(<Change.modified: 2>, '/workspace/app/backend/logs/app_20260523_162514.log')}
2026-05-23 16:27:05,360 - watchfiles.main - DEBUG - 1 change detected: {(<Change.modified: 2>, '/workspace/app/backend/logs/app_20260523_162514.log')}
2026-05-23 16:27:05,711 - watchfiles.main - DEBUG - 1 change detected: {(<Change.modified: 2>, '/workspace/app/backend/logs/app_20260523_162514.log')}
2026-05-23 16:27:06,062 - watchfiles.main - DEBUG - 1 change detected: {(<Change.modified: 2>, '/workspace/app/backend/logs/app_20260523_162514.log')}
2026-05-23 16:27:06,413 - watchfiles.main - DEBUG - 1 change detected: {(<Change.modified: 2>, '/workspace/app/backend/logs/app_20260523_162514.log')}
2026-05-23 16:27:06,764 - watchfiles.main - DEBUG - 1 change detected: {(<Change.modified: 2>, '/workspace/app/backend/logs/app_20260523_162514.log')}
2026-05-23 16:27:07,115 - watchfiles.main - DEBUG - 1 change detected: {(<Change.modified: 2>, '/workspace/app/backend/logs/app_20260523_162514.log')}
2026-05-23 16:27:07,466 - watchfiles.main - DEBUG - 1 change detected: {(<Change.modified: 2>, '/workspace/app/backend/logs/app_20260523_162514.log')}
2026-05-23 16:27:07,817 - watchfiles.main - DEBUG - 1 change detected: {(<Change.modified: 2>, '/workspace/app/backend/logs/app_20260523_162514.log')}
2026-05-23 16:27:08,168 - watchfiles.main - DEBUG - 1 change detected: {(<Change.modified: 2>, '/workspace/app/backend/logs/app_20260523_162514.log')}
2026-05-23 16:27:08,519 - watchfiles.main - DEBUG - 1 change detected: {(<Change.modified: 2>, '/workspace/app/backend/logs/app_20260523_162514.log')}
2026-05-23 16:27:08,870 - watchfiles.main - DEBUG - 1 change detected: {(<Change.modified: 2>, '/workspace/app/backend/logs/app_20260523_162514.log')}
2026-05-23 16:27:09,221 - watchfiles.main - DEBUG - 1 change detected: {(<Change.modified: 2>, '/workspace/app/backend/logs/app_20260523_162514.log')}
2026-05-23 16:27:09,572 - watchfiles.main - DEBUG - 1 change detected: {(<Change.modified: 2>, '/workspace/app/backend/logs/app_20260523_162514.log')}
2026-05-23 16:27:09,924 - watchfiles.main - DEBUG - 1 change detected: {(<Change.modified: 2>, '/workspace/app/backend/logs/app_20260523_162514.log')}
2026-05-23 16:27:10,275 - watchfiles.main - DEBUG - 1 change detected: {(<Change.modified: 2>, '/workspace/app/backend/logs/app_20260523_162514.log')}
2026-05-23 16:27:10,626 - watchfiles.main - DEBUG - 1 change detected: {(<Change.modified: 2>, '/workspace/app/backend/logs/app_20260523_162514.log')}
2026-05-23 16:27:10,983 - watchfiles.main - DEBUG - 1 change detected: {(<Change.modified: 2>, '/workspace/app/backend/logs/app_20260523_162514.log')}
2026-05-23 16:27:11,334 - watchfiles.main - DEBUG - 1 change detected: {(<Change.modified: 2>, '/workspace/app/backend/logs/app_20260523_162514.log')}
2026-05-23 16:27:11,685 - watchfiles.main - DEBUG - 1 change detected: {(<Change.modified: 2>, '/workspace/app/backend/logs/app_20260523_162514.log')}
2026-05-23 16:27:12,036 - watchfiles.main - DEBUG - 1 change detected: {(<Change.modified: 2>, '/workspace/app/backend/logs/app_20260523_162514.log')}
2026-05-23 16:27:12,387 - watchfiles.main - DEBUG - 1 change detected: {(<Change.modified: 2>, '/workspace/app/backend/logs/app_20260523_162514.log')}
2026-05-23 16:27:12,738 - watchfiles.main - DEBUG - 1 change detected: {(<Change.modified: 2>, '/workspace/app/backend/logs/app_20260523_162514.log')}
2026-05-23 16:27:13,089 - watchfiles.main - DEBUG - 1 change detected: {(<Change.modified: 2>, '/workspace/app/backend/logs/app_20260523_162514.log')}
2026-05-23 16:27:13,440 - watchfiles.main - DEBUG - 1 change detected: {(<Change.modified: 2>, '/workspace/app/backend/logs/app_20260523_162514.log')}
2026-05-23 16:27:13,791 - watchfiles.main - DEBUG - 1 change detected: {(<Change.modified: 2>, '/workspace/app/backend/logs/app_20260523_162514.log')}
2026-05-23 16:27:14,142 - watchfiles.main - DEBUG - 1 change detected: {(<Change.modified: 2>, '/workspace/app/backend/logs/app_20260523_162514.log')}
2026-05-23 16:27:14,493 - watchfiles.main - DEBUG - 1 change detected: {(<Change.modified: 2>, '/workspace/app/backend/logs/app_20260523_162514.log')}
