2026-05-19 08:52:20,278 - main - INFO - === Logging system initialized ===
2026-05-19 08:52:20,278 - main - INFO - Log file: logs/app_20260519_085220.log
2026-05-19 08:52:20,278 - main - INFO - Log level: INFO
2026-05-19 08:52:20,279 - main - INFO - Timestamp: 20260519_085220
2026-05-19 08:52:21,182 - main - INFO - Included router: routers.aihub.router
2026-05-19 08:52:21,204 - main - INFO - Included router: routers.auth.router
2026-05-19 08:52:21,208 - main - INFO - Included router: routers.health.router
2026-05-19 08:52:21,259 - main - INFO - Included router: routers.reservations.router
2026-05-19 08:52:21,315 - main - INFO - Included router: routers.salons.router
2026-05-19 08:52:21,339 - main - INFO - Included router: routers.settings.router
2026-05-19 08:52:21,387 - main - INFO - Included router: routers.storage.router
2026-05-19 08:52:21,398 - main - INFO - Included router: routers.user.router
2026-05-19 08:52:21,400 - main - INFO - === Application startup initiated ===
2026-05-19 08:52:21,400 - services.database - INFO - Ignore creating tables
2026-05-19 08:52:21,401 - services.mock_data - INFO - Ignore initialize data
2026-05-19 08:52:21,401 - services.auth - INFO - Ignore initialize admin
2026-05-19 08:52:21,401 - main - INFO - === Application startup completed successfully ===
2026-05-19 08:52:25,416 - core.config - DEBUG - Read dynamic attribute jwt_secret_key from environment variable JWT_SECRET_KEY
2026-05-19 08:52:25,416 - core.config - DEBUG - Read dynamic attribute jwt_algorithm from environment variable JWT_ALGORITHM
2026-05-19 08:52:25,429 - core.auth - DEBUG - Authentication token validated for user hash: 3d1d0765
2026-05-19 08:52:25,795 - core.database - DEBUG - [DB_OP] Starting get_db session creation
2026-05-19 08:52:25,795 - core.database - WARNING - Database session maker not available, attempting lazy initialization...
2026-05-19 08:52:25,795 - core.database - WARNING - Database not initialized, attempting lazy initialization...
2026-05-19 08:52:25,795 - core.database - INFO - Starting database initialization...
2026-05-19 08:52:25,795 - core.config - DEBUG - Read dynamic attribute database_url from environment variable DATABASE_URL
2026-05-19 08:52:25,795 - core.database - INFO - Normalizing database URL for async compatibility...
2026-05-19 08:52:25,796 - core.database - INFO - Creating async database engine...
2026-05-19 08:52:25,797 - core.database - INFO - Using QueuePool with connection pooling for non-Lambda environment
2026-05-19 08:52:25,842 - core.database - INFO - Database engine created successfully
2026-05-19 08:52:25,842 - core.database - INFO - Creating async session maker...
2026-05-19 08:52:25,843 - core.database - INFO - Async session maker created successfully
2026-05-19 08:52:25,843 - core.database - INFO - Database connection initialized successfully
2026-05-19 08:52:25,843 - core.database - DEBUG - [DB_OP] Starting create_tables
2026-05-19 08:52:25,843 - core.database - INFO - 🔧 Starting table creation...
2026-05-19 08:52:27,285 - core.database - INFO - Tables initialized successfully
2026-05-19 08:52:27,285 - core.database - DEBUG - [DB_OP] Create tables completed in 1.4425s
2026-05-19 08:52:27,349 - core.database - INFO - Lazy database initialization completed successfully
2026-05-19 08:52:27,349 - core.database - DEBUG - [DB_OP] Database session created successfully in 1.5546s
2026-05-19 08:52:27,350 - routers.reservations - DEBUG - Querying reservationss: query={"reservation_date__gte":"2026-05-01","reservation_date__lte":"2026-05-31"}, sort=reservation_date, skip=0, limit=200, fields=None
2026-05-19 08:52:27,932 - routers.reservations - DEBUG - Found 1 reservationss
2026-05-19 08:52:27,933 - core.database - DEBUG - [DB_OP] Database session cleanup after 2.1389s
2026-05-19 08:53:46,257 - core.auth - DEBUG - Authentication token validated for user hash: 3d1d0765
2026-05-19 08:53:46,517 - core.database - DEBUG - [DB_OP] Starting get_db session creation
2026-05-19 08:53:46,518 - core.database - DEBUG - [DB_OP] Database session created successfully in 0.0004s
2026-05-19 08:53:46,518 - routers.reservations - DEBUG - Querying reservationss: query={"reservation_date__gte":"2026-05-01","reservation_date__lte":"2026-05-31"}, sort=reservation_date, skip=0, limit=200, fields=None
2026-05-19 08:53:46,901 - routers.reservations - DEBUG - Found 1 reservationss
2026-05-19 08:53:46,901 - core.database - DEBUG - [DB_OP] Database session cleanup after 0.3841s
2026-05-19 08:55:58,442 - dependencies.auth - DEBUG - Authentication required for request GET /api/v1/auth/me
2026-05-19 08:56:13,152 - services.database - DEBUG - [DB_OP] Starting database close
2026-05-19 08:56:13,220 - core.database - INFO - Database connection closed and engine disposed
2026-05-19 08:56:13,220 - services.database - INFO - Database connections closed
2026-05-19 08:56:13,220 - services.database - DEBUG - [DB_OP] Database close completed in 0.0681s
