2026-05-26 14:46:05,041 - main - INFO - === Logging system initialized ===
2026-05-26 14:46:05,041 - main - INFO - Log file: logs/app_20260526_144605.log
2026-05-26 14:46:05,041 - main - INFO - Log level: INFO
2026-05-26 14:46:05,041 - main - INFO - Timestamp: 20260526_144605
2026-05-26 14:46:05,784 - main - INFO - Included router: routers.aihub.router
2026-05-26 14:46:05,806 - main - INFO - Included router: routers.auth.router
2026-05-26 14:46:05,847 - main - INFO - Included router: routers.clients.router
2026-05-26 14:46:05,849 - main - INFO - Included router: routers.health.router
2026-05-26 14:46:05,897 - main - INFO - Included router: routers.printer_settings.router
2026-05-26 14:46:05,951 - main - INFO - Included router: routers.reservations.router
2026-05-26 14:46:05,996 - main - INFO - Included router: routers.salons.router
2026-05-26 14:46:06,018 - main - INFO - Included router: routers.settings.router
2026-05-26 14:46:06,068 - main - INFO - Included router: routers.storage.router
2026-05-26 14:46:06,076 - main - INFO - Included router: routers.user.router
2026-05-26 14:46:06,077 - main - INFO - === Application startup initiated ===
2026-05-26 14:46:06,078 - services.database - INFO - Ignore creating tables
2026-05-26 14:46:06,078 - services.mock_data - INFO - Ignore initialize data
2026-05-26 14:46:06,078 - services.auth - INFO - Ignore initialize admin
2026-05-26 14:46:06,078 - main - INFO - === Application startup completed successfully ===
2026-05-26 14:55:50,425 - services.database - DEBUG - [DB_OP] Starting database close
2026-05-26 14:55:50,425 - services.database - INFO - Database connections closed
2026-05-26 14:55:50,425 - services.database - DEBUG - [DB_OP] Database close completed in 0.0003s
