2026-05-19 10:22:10,708 - main - INFO - === Logging system initialized ===
2026-05-19 10:22:10,708 - main - INFO - Log file: logs/app_20260519_102210.log
2026-05-19 10:22:10,709 - main - INFO - Log level: INFO
2026-05-19 10:22:10,709 - main - INFO - Timestamp: 20260519_102210
2026-05-19 10:22:11,660 - main - INFO - Included router: routers.aihub.router
2026-05-19 10:22:11,683 - main - INFO - Included router: routers.auth.router
2026-05-19 10:22:11,685 - main - INFO - Included router: routers.health.router
2026-05-19 10:22:11,749 - main - INFO - Included router: routers.printer_settings.router
2026-05-19 10:22:11,828 - main - INFO - Included router: routers.reservations.router
2026-05-19 10:22:11,883 - main - INFO - Included router: routers.salons.router
2026-05-19 10:22:11,907 - main - INFO - Included router: routers.settings.router
2026-05-19 10:22:11,961 - main - INFO - Included router: routers.storage.router
2026-05-19 10:22:11,974 - main - INFO - Included router: routers.user.router
2026-05-19 10:22:11,976 - main - INFO - === Application startup initiated ===
2026-05-19 10:22:11,976 - services.database - INFO - Ignore creating tables
2026-05-19 10:22:11,977 - services.mock_data - INFO - Ignore initialize data
2026-05-19 10:22:11,977 - services.auth - INFO - Ignore initialize admin
2026-05-19 10:22:11,978 - main - INFO - === Application startup completed successfully ===
2026-05-19 10:22:20,608 - core.config - DEBUG - Read dynamic attribute jwt_secret_key from environment variable JWT_SECRET_KEY
2026-05-19 10:22:20,608 - core.config - DEBUG - Read dynamic attribute jwt_algorithm from environment variable JWT_ALGORITHM
2026-05-19 10:22:20,626 - core.auth - DEBUG - Authentication token validated for user hash: 3d1d0765
2026-05-19 10:22:20,940 - core.database - DEBUG - [DB_OP] Starting get_db session creation
2026-05-19 10:22:20,942 - core.database - WARNING - Database session maker not available, attempting lazy initialization...
2026-05-19 10:22:20,942 - core.database - WARNING - Database not initialized, attempting lazy initialization...
2026-05-19 10:22:20,942 - core.database - INFO - Starting database initialization...
2026-05-19 10:22:20,942 - core.config - DEBUG - Read dynamic attribute database_url from environment variable DATABASE_URL
2026-05-19 10:22:20,942 - core.database - INFO - Normalizing database URL for async compatibility...
2026-05-19 10:22:20,943 - core.database - INFO - Creating async database engine...
2026-05-19 10:22:20,943 - core.database - INFO - Using QueuePool with connection pooling for non-Lambda environment
2026-05-19 10:22:21,042 - core.database - INFO - Database engine created successfully
2026-05-19 10:22:21,042 - core.database - INFO - Creating async session maker...
2026-05-19 10:22:21,042 - core.database - INFO - Async session maker created successfully
2026-05-19 10:22:21,042 - core.database - INFO - Database connection initialized successfully
2026-05-19 10:22:21,042 - core.database - DEBUG - [DB_OP] Starting create_tables
2026-05-19 10:22:21,042 - core.database - INFO - 🔧 Starting table creation...
2026-05-19 10:22:22,560 - core.database - INFO - Tables initialized successfully
2026-05-19 10:22:22,560 - core.database - DEBUG - [DB_OP] Create tables completed in 1.5183s
2026-05-19 10:22:22,624 - core.database - INFO - Lazy database initialization completed successfully
2026-05-19 10:22:22,625 - core.database - DEBUG - [DB_OP] Database session created successfully in 1.6846s
2026-05-19 10:22:22,625 - routers.reservations - DEBUG - Querying reservationss: query={"reservation_date__gte":"2026-05-01","reservation_date__lte":"2026-05-31"}, sort=reservation_date, skip=0, limit=200, fields=None
2026-05-19 10:22:23,203 - routers.reservations - DEBUG - Found 1 reservationss
2026-05-19 10:22:23,205 - core.database - DEBUG - [DB_OP] Database session cleanup after 2.2646s
2026-05-19 10:22:26,240 - core.auth - DEBUG - Authentication token validated for user hash: 3d1d0765
2026-05-19 10:22:26,241 - core.database - DEBUG - [DB_OP] Starting get_db session creation
2026-05-19 10:22:26,241 - core.database - DEBUG - [DB_OP] Database session created successfully in 0.0002s
2026-05-19 10:22:26,241 - routers.printer_settings - DEBUG - Querying printer_settingss: query=None, sort=None, skip=0, limit=20, fields=None
2026-05-19 10:22:26,751 - routers.printer_settings - DEBUG - Found 0 printer_settingss
2026-05-19 10:22:26,751 - core.database - DEBUG - [DB_OP] Database session cleanup after 0.5107s
2026-05-19 10:22:43,841 - services.database - DEBUG - [DB_OP] Starting database close
2026-05-19 10:22:43,907 - core.database - INFO - Database connection closed and engine disposed
2026-05-19 10:22:43,907 - services.database - INFO - Database connections closed
2026-05-19 10:22:43,907 - services.database - DEBUG - [DB_OP] Database close completed in 0.0668s
