2026-05-19 06:40:45,843 - main - INFO - === Logging system initialized ===
2026-05-19 06:40:45,843 - main - INFO - Log file: logs/app_20260519_064045.log
2026-05-19 06:40:45,844 - main - INFO - Log level: INFO
2026-05-19 06:40:45,844 - main - INFO - Timestamp: 20260519_064045
2026-05-19 06:40:46,829 - main - INFO - Included router: routers.aihub.router
2026-05-19 06:40:46,851 - main - INFO - Included router: routers.auth.router
2026-05-19 06:40:46,855 - main - INFO - Included router: routers.health.router
2026-05-19 06:40:46,909 - main - INFO - Included router: routers.reservations.router
2026-05-19 06:40:46,979 - main - INFO - Included router: routers.salons.router
2026-05-19 06:40:47,005 - main - INFO - Included router: routers.settings.router
2026-05-19 06:40:47,081 - main - INFO - Included router: routers.storage.router
2026-05-19 06:40:47,091 - main - INFO - Included router: routers.user.router
2026-05-19 06:40:47,093 - main - INFO - === Application startup initiated ===
2026-05-19 06:40:47,093 - services.database - INFO - Ignore creating tables
2026-05-19 06:40:47,093 - services.mock_data - INFO - Ignore initialize data
2026-05-19 06:40:47,094 - services.auth - INFO - Ignore initialize admin
2026-05-19 06:40:47,094 - main - INFO - === Application startup completed successfully ===
2026-05-19 06:40:47,196 - services.database - DEBUG - [DB_OP] Starting database close
2026-05-19 06:40:47,196 - services.database - INFO - Database connections closed
2026-05-19 06:40:47,197 - services.database - DEBUG - [DB_OP] Database close completed in 0.0010s
