2026-05-24 19:48:52,059 - main - INFO - === Logging system initialized ===
2026-05-24 19:48:52,060 - main - INFO - Log file: logs/app_20260524_194852.log
2026-05-24 19:48:52,060 - main - INFO - Log level: INFO
2026-05-24 19:48:52,060 - main - INFO - Timestamp: 20260524_194852
2026-05-24 19:48:52,927 - main - INFO - Included router: routers.aihub.router
2026-05-24 19:48:52,948 - main - INFO - Included router: routers.auth.router
2026-05-24 19:48:52,992 - main - INFO - Included router: routers.clients.router
2026-05-24 19:48:52,993 - main - INFO - Included router: routers.health.router
2026-05-24 19:48:53,043 - main - INFO - Included router: routers.printer_settings.router
2026-05-24 19:48:53,102 - main - INFO - Included router: routers.reservations.router
2026-05-24 19:48:53,146 - main - INFO - Included router: routers.salons.router
2026-05-24 19:48:53,165 - main - INFO - Included router: routers.settings.router
2026-05-24 19:48:53,203 - main - INFO - Included router: routers.storage.router
2026-05-24 19:48:53,215 - main - INFO - Included router: routers.user.router
2026-05-24 19:48:53,216 - main - INFO - === Application startup initiated ===
2026-05-24 19:48:53,216 - services.database - INFO - Ignore creating tables
2026-05-24 19:48:53,216 - services.mock_data - INFO - Ignore initialize data
2026-05-24 19:48:53,216 - services.auth - INFO - Ignore initialize admin
2026-05-24 19:48:53,216 - main - INFO - === Application startup completed successfully ===
2026-05-24 19:58:52,744 - services.database - DEBUG - [DB_OP] Starting database close
2026-05-24 19:58:52,744 - services.database - INFO - Database connections closed
2026-05-24 19:58:52,744 - services.database - DEBUG - [DB_OP] Database close completed in 0.0004s
