2026-05-25 09:36:43,870 - main - INFO - === Logging system initialized ===
2026-05-25 09:36:43,871 - main - INFO - Log file: logs/app_20260525_093643.log
2026-05-25 09:36:43,871 - main - INFO - Log level: INFO
2026-05-25 09:36:43,872 - main - INFO - Timestamp: 20260525_093643
2026-05-25 09:36:45,250 - main - INFO - Included router: routers.aihub.router
2026-05-25 09:36:45,280 - main - INFO - Included router: routers.auth.router
2026-05-25 09:36:45,333 - main - INFO - Included router: routers.clients.router
2026-05-25 09:36:45,337 - main - INFO - Included router: routers.health.router
2026-05-25 09:36:45,391 - main - INFO - Included router: routers.printer_settings.router
2026-05-25 09:36:45,462 - main - INFO - Included router: routers.reservations.router
2026-05-25 09:36:45,530 - main - INFO - Included router: routers.salons.router
2026-05-25 09:36:45,559 - main - INFO - Included router: routers.settings.router
2026-05-25 09:36:45,610 - main - INFO - Included router: routers.storage.router
2026-05-25 09:36:45,622 - main - INFO - Included router: routers.user.router
2026-05-25 09:36:45,624 - main - INFO - === Application startup initiated ===
2026-05-25 09:36:45,624 - services.database - INFO - Ignore creating tables
2026-05-25 09:36:45,624 - services.mock_data - INFO - Ignore initialize data
2026-05-25 09:36:45,624 - services.auth - INFO - Ignore initialize admin
2026-05-25 09:36:45,624 - main - INFO - === Application startup completed successfully ===
2026-05-25 09:36:53,808 - core.config - DEBUG - Read dynamic attribute jwt_secret_key from environment variable JWT_SECRET_KEY
2026-05-25 09:36:53,809 - core.config - DEBUG - Read dynamic attribute jwt_algorithm from environment variable JWT_ALGORITHM
2026-05-25 09:36:54,023 - core.auth - DEBUG - Authentication token validated for user hash: 3d1d0765
2026-05-25 09:36:54,313 - core.auth - DEBUG - Authentication token validated for user hash: 3d1d0765
2026-05-25 09:36:54,313 - core.database - DEBUG - [DB_OP] Starting get_db session creation
2026-05-25 09:36:54,313 - core.database - WARNING - Database session maker not available, attempting lazy initialization...
2026-05-25 09:36:54,313 - core.database - WARNING - Database not initialized, attempting lazy initialization...
2026-05-25 09:36:54,314 - core.database - INFO - Starting database initialization...
2026-05-25 09:36:54,314 - core.config - DEBUG - Read dynamic attribute database_url from environment variable DATABASE_URL
2026-05-25 09:36:54,314 - core.database - INFO - Normalizing database URL for async compatibility...
2026-05-25 09:36:54,315 - core.database - INFO - Creating async database engine...
2026-05-25 09:36:54,315 - core.database - INFO - Using QueuePool with connection pooling for non-Lambda environment
2026-05-25 09:36:54,370 - core.database - INFO - Database engine created successfully
2026-05-25 09:36:54,370 - core.database - INFO - Creating async session maker...
2026-05-25 09:36:54,370 - core.database - INFO - Async session maker created successfully
2026-05-25 09:36:54,370 - core.database - INFO - Database connection initialized successfully
2026-05-25 09:36:54,370 - core.database - DEBUG - [DB_OP] Starting create_tables
2026-05-25 09:36:54,370 - core.database - INFO - 🔧 Starting table creation...
2026-05-25 09:36:54,403 - core.database - DEBUG - [DB_OP] Starting get_db session creation
2026-05-25 09:36:54,404 - core.database - DEBUG - [DB_OP] Database session created successfully in 0.0006s
2026-05-25 09:36:54,407 - routers.reservations - DEBUG - Querying reservationss: query={"reservation_date__gte":"2026-05-01","reservation_date__lte":"2026-05-31"}, sort=reservation_date, skip=0, limit=200, fields=None
2026-05-25 09:36:55,930 - routers.reservations - DEBUG - Found 2 reservationss
2026-05-25 09:36:55,932 - core.database - DEBUG - [DB_OP] Database session cleanup after 1.5288s
2026-05-25 09:36:56,126 - core.database - INFO - Tables initialized successfully
2026-05-25 09:36:56,126 - core.database - DEBUG - [DB_OP] Create tables completed in 1.7557s
2026-05-25 09:36:56,190 - core.database - INFO - Lazy database initialization completed successfully
2026-05-25 09:36:56,191 - core.database - DEBUG - [DB_OP] Database session created successfully in 1.8780s
2026-05-25 09:36:56,192 - routers.printer_settings - DEBUG - Querying printer_settingss: query=None, sort=None, skip=0, limit=20, fields=None
2026-05-25 09:36:56,770 - routers.printer_settings - DEBUG - Found 1 printer_settingss
2026-05-25 09:36:56,771 - core.database - DEBUG - [DB_OP] Database session cleanup after 2.4581s
2026-05-25 09:37:25,230 - core.database - DEBUG - [DB_OP] Starting get_db session creation
2026-05-25 09:37:25,231 - core.database - DEBUG - [DB_OP] Database session created successfully in 0.0005s
2026-05-25 09:37:25,231 - routers.reservations - DEBUG - Querying reservationss: query={"reservation_date__gte":"2026-05-01","reservation_date__lte":"2026-05-31"}, sort=reservation_date, skip=0, limit=200, fields=None
2026-05-25 09:37:25,813 - routers.reservations - DEBUG - Found 2 reservationss
2026-05-25 09:37:25,814 - core.database - DEBUG - [DB_OP] Database session cleanup after 0.5838s
2026-05-25 09:37:55,242 - core.database - DEBUG - [DB_OP] Starting get_db session creation
2026-05-25 09:37:55,242 - core.database - DEBUG - [DB_OP] Database session created successfully in 0.0004s
2026-05-25 09:37:55,243 - routers.reservations - DEBUG - Querying reservationss: query={"reservation_date__gte":"2026-05-01","reservation_date__lte":"2026-05-31"}, sort=reservation_date, skip=0, limit=200, fields=None
2026-05-25 09:37:55,627 - routers.reservations - DEBUG - Found 2 reservationss
2026-05-25 09:37:55,628 - core.database - DEBUG - [DB_OP] Database session cleanup after 0.3855s
2026-05-25 09:38:25,237 - core.database - DEBUG - [DB_OP] Starting get_db session creation
2026-05-25 09:38:25,237 - core.database - DEBUG - [DB_OP] Database session created successfully in 0.0005s
2026-05-25 09:38:25,238 - routers.reservations - DEBUG - Querying reservationss: query={"reservation_date__gte":"2026-05-01","reservation_date__lte":"2026-05-31"}, sort=reservation_date, skip=0, limit=200, fields=None
2026-05-25 09:38:25,623 - routers.reservations - DEBUG - Found 2 reservationss
2026-05-25 09:38:25,624 - core.database - DEBUG - [DB_OP] Database session cleanup after 0.3872s
2026-05-25 09:38:55,232 - core.database - DEBUG - [DB_OP] Starting get_db session creation
2026-05-25 09:38:55,232 - core.database - DEBUG - [DB_OP] Database session created successfully in 0.0004s
2026-05-25 09:38:55,233 - routers.reservations - DEBUG - Querying reservationss: query={"reservation_date__gte":"2026-05-01","reservation_date__lte":"2026-05-31"}, sort=reservation_date, skip=0, limit=200, fields=None
2026-05-25 09:38:55,618 - routers.reservations - DEBUG - Found 2 reservationss
2026-05-25 09:38:55,619 - core.database - DEBUG - [DB_OP] Database session cleanup after 0.3870s
2026-05-25 09:39:25,225 - core.database - DEBUG - [DB_OP] Starting get_db session creation
2026-05-25 09:39:25,226 - core.database - DEBUG - [DB_OP] Database session created successfully in 0.0004s
2026-05-25 09:39:25,226 - routers.reservations - DEBUG - Querying reservationss: query={"reservation_date__gte":"2026-05-01","reservation_date__lte":"2026-05-31"}, sort=reservation_date, skip=0, limit=200, fields=None
2026-05-25 09:39:25,611 - routers.reservations - DEBUG - Found 2 reservationss
2026-05-25 09:39:25,612 - core.database - DEBUG - [DB_OP] Database session cleanup after 0.3868s
2026-05-25 09:39:55,215 - core.database - DEBUG - [DB_OP] Starting get_db session creation
2026-05-25 09:39:55,215 - core.database - DEBUG - [DB_OP] Database session created successfully in 0.0005s
2026-05-25 09:39:55,215 - routers.reservations - DEBUG - Querying reservationss: query={"reservation_date__gte":"2026-05-01","reservation_date__lte":"2026-05-31"}, sort=reservation_date, skip=0, limit=200, fields=None
2026-05-25 09:39:55,599 - routers.reservations - DEBUG - Found 2 reservationss
2026-05-25 09:39:55,599 - core.database - DEBUG - [DB_OP] Database session cleanup after 0.3848s
2026-05-25 09:40:25,228 - core.database - DEBUG - [DB_OP] Starting get_db session creation
2026-05-25 09:40:25,229 - core.database - DEBUG - [DB_OP] Database session created successfully in 0.0008s
2026-05-25 09:40:25,229 - routers.reservations - DEBUG - Querying reservationss: query={"reservation_date__gte":"2026-05-01","reservation_date__lte":"2026-05-31"}, sort=reservation_date, skip=0, limit=200, fields=None
2026-05-25 09:40:25,614 - routers.reservations - DEBUG - Found 2 reservationss
2026-05-25 09:40:25,614 - core.database - DEBUG - [DB_OP] Database session cleanup after 0.3865s
2026-05-25 09:40:54,278 - core.database - DEBUG - [DB_OP] Starting get_db session creation
2026-05-25 09:40:54,279 - core.database - DEBUG - [DB_OP] Database session created successfully in 0.0005s
2026-05-25 09:40:54,279 - routers.reservations - DEBUG - Querying reservationss: query={"reservation_date__gte":"2026-05-01","reservation_date__lte":"2026-05-31"}, sort=reservation_date, skip=0, limit=200, fields=None
2026-05-25 09:40:54,662 - routers.reservations - DEBUG - Found 2 reservationss
2026-05-25 09:40:54,663 - core.database - DEBUG - [DB_OP] Database session cleanup after 0.3850s
2026-05-25 09:41:24,279 - core.database - DEBUG - [DB_OP] Starting get_db session creation
2026-05-25 09:41:24,279 - core.database - DEBUG - [DB_OP] Database session created successfully in 0.0006s
2026-05-25 09:41:24,280 - routers.reservations - DEBUG - Querying reservationss: query={"reservation_date__gte":"2026-05-01","reservation_date__lte":"2026-05-31"}, sort=reservation_date, skip=0, limit=200, fields=None
2026-05-25 09:41:24,665 - routers.reservations - DEBUG - Found 2 reservationss
2026-05-25 09:41:24,666 - core.database - DEBUG - [DB_OP] Database session cleanup after 0.3868s
2026-05-25 09:41:55,215 - core.database - DEBUG - [DB_OP] Starting get_db session creation
2026-05-25 09:41:55,216 - core.database - DEBUG - [DB_OP] Database session created successfully in 0.0013s
2026-05-25 09:41:55,217 - routers.reservations - DEBUG - Querying reservationss: query={"reservation_date__gte":"2026-05-01","reservation_date__lte":"2026-05-31"}, sort=reservation_date, skip=0, limit=200, fields=None
2026-05-25 09:41:55,601 - routers.reservations - DEBUG - Found 2 reservationss
2026-05-25 09:41:55,602 - core.database - DEBUG - [DB_OP] Database session cleanup after 0.3875s
2026-05-25 09:42:25,206 - core.database - DEBUG - [DB_OP] Starting get_db session creation
2026-05-25 09:42:25,207 - core.database - DEBUG - [DB_OP] Database session created successfully in 0.0007s
2026-05-25 09:42:25,207 - routers.reservations - DEBUG - Querying reservationss: query={"reservation_date__gte":"2026-05-01","reservation_date__lte":"2026-05-31"}, sort=reservation_date, skip=0, limit=200, fields=None
2026-05-25 09:42:25,594 - routers.reservations - DEBUG - Found 2 reservationss
2026-05-25 09:42:25,596 - core.database - DEBUG - [DB_OP] Database session cleanup after 0.3902s
2026-05-25 09:42:55,203 - core.database - DEBUG - [DB_OP] Starting get_db session creation
2026-05-25 09:42:55,204 - core.database - DEBUG - [DB_OP] Database session created successfully in 0.0006s
2026-05-25 09:42:55,204 - routers.reservations - DEBUG - Querying reservationss: query={"reservation_date__gte":"2026-05-01","reservation_date__lte":"2026-05-31"}, sort=reservation_date, skip=0, limit=200, fields=None
2026-05-25 09:42:55,722 - routers.reservations - DEBUG - Found 2 reservationss
2026-05-25 09:42:55,722 - core.database - DEBUG - [DB_OP] Database session cleanup after 0.5190s
2026-05-25 09:43:25,204 - core.database - DEBUG - [DB_OP] Starting get_db session creation
2026-05-25 09:43:25,204 - core.database - DEBUG - [DB_OP] Database session created successfully in 0.0005s
2026-05-25 09:43:25,205 - routers.reservations - DEBUG - Querying reservationss: query={"reservation_date__gte":"2026-05-01","reservation_date__lte":"2026-05-31"}, sort=reservation_date, skip=0, limit=200, fields=None
2026-05-25 09:43:25,715 - routers.reservations - DEBUG - Found 2 reservationss
2026-05-25 09:43:25,716 - core.database - DEBUG - [DB_OP] Database session cleanup after 0.5123s
2026-05-25 09:44:38,917 - core.database - DEBUG - [DB_OP] Starting get_db session creation
2026-05-25 09:44:38,918 - core.database - DEBUG - [DB_OP] Database session created successfully in 0.0010s
2026-05-25 09:44:38,918 - routers.reservations - DEBUG - Querying reservationss: query={"reservation_date__gte":"2026-05-01","reservation_date__lte":"2026-05-31"}, sort=reservation_date, skip=0, limit=200, fields=None
2026-05-25 09:44:39,304 - routers.reservations - DEBUG - Found 2 reservationss
2026-05-25 09:44:39,305 - core.database - DEBUG - [DB_OP] Database session cleanup after 0.3883s
2026-05-25 09:44:55,204 - core.database - DEBUG - [DB_OP] Starting get_db session creation
2026-05-25 09:44:55,205 - core.database - DEBUG - [DB_OP] Database session created successfully in 0.0006s
2026-05-25 09:44:55,205 - routers.reservations - DEBUG - Querying reservationss: query={"reservation_date__gte":"2026-05-01","reservation_date__lte":"2026-05-31"}, sort=reservation_date, skip=0, limit=200, fields=None
2026-05-25 09:44:55,596 - routers.reservations - DEBUG - Found 2 reservationss
2026-05-25 09:44:55,597 - core.database - DEBUG - [DB_OP] Database session cleanup after 0.3924s
2026-05-25 09:45:25,201 - core.database - DEBUG - [DB_OP] Starting get_db session creation
2026-05-25 09:45:25,201 - core.database - DEBUG - [DB_OP] Database session created successfully in 0.0006s
2026-05-25 09:45:25,201 - routers.reservations - DEBUG - Querying reservationss: query={"reservation_date__gte":"2026-05-01","reservation_date__lte":"2026-05-31"}, sort=reservation_date, skip=0, limit=200, fields=None
2026-05-25 09:45:25,585 - routers.reservations - DEBUG - Found 2 reservationss
2026-05-25 09:45:25,586 - core.database - DEBUG - [DB_OP] Database session cleanup after 0.3851s
2026-05-25 09:46:39,333 - core.database - DEBUG - [DB_OP] Starting get_db session creation
2026-05-25 09:46:39,334 - core.database - DEBUG - [DB_OP] Database session created successfully in 0.0010s
2026-05-25 09:46:39,334 - routers.reservations - DEBUG - Querying reservationss: query={"reservation_date__gte":"2026-05-01","reservation_date__lte":"2026-05-31"}, sort=reservation_date, skip=0, limit=200, fields=None
2026-05-25 09:46:39,721 - routers.reservations - DEBUG - Found 2 reservationss
2026-05-25 09:46:39,722 - core.database - DEBUG - [DB_OP] Database session cleanup after 0.3888s
2026-05-25 09:56:02,838 - core.database - DEBUG - [DB_OP] Starting get_db session creation
2026-05-25 09:56:02,838 - core.database - DEBUG - [DB_OP] Database session created successfully in 0.0006s
2026-05-25 09:56:02,839 - routers.reservations - DEBUG - Querying reservationss: query={"reservation_date__gte":"2026-05-01","reservation_date__lte":"2026-05-31"}, sort=reservation_date, skip=0, limit=200, fields=None
2026-05-25 09:56:04,176 - routers.reservations - DEBUG - Found 2 reservationss
2026-05-25 09:56:04,177 - core.database - DEBUG - [DB_OP] Database session cleanup after 1.3398s
2026-05-25 09:56:25,152 - core.database - DEBUG - [DB_OP] Starting get_db session creation
2026-05-25 09:56:25,152 - core.database - DEBUG - [DB_OP] Database session created successfully in 0.0005s
2026-05-25 09:56:25,152 - routers.reservations - DEBUG - Querying reservationss: query={"reservation_date__gte":"2026-05-01","reservation_date__lte":"2026-05-31"}, sort=reservation_date, skip=0, limit=200, fields=None
2026-05-25 09:56:25,919 - routers.reservations - DEBUG - Found 2 reservationss
2026-05-25 09:56:25,919 - core.database - DEBUG - [DB_OP] Database session cleanup after 0.7679s
2026-05-25 09:56:39,913 - services.database - DEBUG - [DB_OP] Starting database close
2026-05-25 09:56:40,048 - core.database - INFO - Database connection closed and engine disposed
2026-05-25 09:56:40,048 - services.database - INFO - Database connections closed
2026-05-25 09:56:40,048 - services.database - DEBUG - [DB_OP] Database close completed in 0.1352s
