2026-05-23 16:05:09,372 - main - INFO - === Logging system initialized ===
2026-05-23 16:05:09,372 - main - INFO - Log file: logs/app_20260523_160509.log
2026-05-23 16:05:09,373 - main - INFO - Log level: INFO
2026-05-23 16:05:09,373 - main - INFO - Timestamp: 20260523_160509
2026-05-23 16:05:10,337 - main - INFO - Included router: routers.aihub.router
2026-05-23 16:05:10,359 - main - INFO - Included router: routers.auth.router
2026-05-23 16:05:10,362 - main - INFO - Included router: routers.health.router
2026-05-23 16:05:10,412 - main - INFO - Included router: routers.printer_settings.router
2026-05-23 16:05:10,470 - main - INFO - Included router: routers.reservations.router
2026-05-23 16:05:10,513 - main - INFO - Included router: routers.salons.router
2026-05-23 16:05:10,534 - main - INFO - Included router: routers.settings.router
2026-05-23 16:05:10,578 - main - INFO - Included router: routers.storage.router
2026-05-23 16:05:10,587 - main - INFO - Included router: routers.user.router
2026-05-23 16:05:10,589 - main - INFO - === Application startup initiated ===
2026-05-23 16:05:10,590 - services.database - INFO - Ignore creating tables
2026-05-23 16:05:10,590 - services.mock_data - INFO - Ignore initialize data
2026-05-23 16:05:10,590 - services.auth - INFO - Ignore initialize admin
2026-05-23 16:05:10,590 - main - INFO - === Application startup completed successfully ===
2026-05-23 16:07:55,848 - core.config - DEBUG - Read dynamic attribute jwt_secret_key from environment variable JWT_SECRET_KEY
2026-05-23 16:07:55,848 - core.config - DEBUG - Read dynamic attribute jwt_algorithm from environment variable JWT_ALGORITHM
2026-05-23 16:07:55,863 - core.auth - DEBUG - Authentication token validated for user hash: 3d1d0765
2026-05-23 16:07:56,102 - core.database - DEBUG - [DB_OP] Starting get_db session creation
2026-05-23 16:07:56,102 - core.database - WARNING - Database session maker not available, attempting lazy initialization...
2026-05-23 16:07:56,102 - core.database - WARNING - Database not initialized, attempting lazy initialization...
2026-05-23 16:07:56,103 - core.database - INFO - Starting database initialization...
2026-05-23 16:07:56,103 - core.config - DEBUG - Read dynamic attribute database_url from environment variable DATABASE_URL
2026-05-23 16:07:56,103 - core.database - INFO - Normalizing database URL for async compatibility...
2026-05-23 16:07:56,104 - core.database - INFO - Creating async database engine...
2026-05-23 16:07:56,104 - core.database - INFO - Using QueuePool with connection pooling for non-Lambda environment
2026-05-23 16:07:56,165 - core.database - INFO - Database engine created successfully
2026-05-23 16:07:56,166 - core.database - INFO - Creating async session maker...
2026-05-23 16:07:56,166 - core.database - INFO - Async session maker created successfully
2026-05-23 16:07:56,166 - core.database - INFO - Database connection initialized successfully
2026-05-23 16:07:56,166 - core.database - DEBUG - [DB_OP] Starting create_tables
2026-05-23 16:07:56,166 - core.database - INFO - 🔧 Starting table creation...
2026-05-23 16:07:56,173 - core.auth - DEBUG - Authentication token validated for user hash: 3d1d0765
2026-05-23 16:07:56,173 - core.database - DEBUG - [DB_OP] Starting get_db session creation
2026-05-23 16:07:56,174 - core.database - DEBUG - [DB_OP] Database session created successfully in 0.0003s
2026-05-23 16:07:56,175 - routers.printer_settings - DEBUG - Querying printer_settingss: query=None, sort=None, skip=0, limit=20, fields=None
2026-05-23 16:07:57,584 - routers.printer_settings - DEBUG - Found 1 printer_settingss
2026-05-23 16:07:57,585 - core.database - DEBUG - [DB_OP] Database session cleanup after 1.4120s
2026-05-23 16:07:57,699 - core.database - INFO - Tables initialized successfully
2026-05-23 16:07:57,699 - core.database - DEBUG - [DB_OP] Create tables completed in 1.5330s
2026-05-23 16:07:57,762 - core.database - INFO - Lazy database initialization completed successfully
2026-05-23 16:07:57,762 - core.database - DEBUG - [DB_OP] Database session created successfully in 1.6604s
2026-05-23 16:07:57,763 - routers.reservations - DEBUG - Querying reservationss: query={"reservation_date__gte":"2026-05-01","reservation_date__lte":"2026-05-31"}, sort=reservation_date, skip=0, limit=200, fields=None
2026-05-23 16:07:58,334 - routers.reservations - DEBUG - Found 2 reservationss
2026-05-23 16:07:58,335 - core.database - DEBUG - [DB_OP] Database session cleanup after 2.2329s
2026-05-23 16:08:23,882 - services.database - DEBUG - [DB_OP] Starting database close
2026-05-23 16:08:24,015 - core.database - INFO - Database connection closed and engine disposed
2026-05-23 16:08:24,015 - services.database - INFO - Database connections closed
2026-05-23 16:08:24,015 - services.database - DEBUG - [DB_OP] Database close completed in 0.1327s
