2026-05-27 08:53:43,507 - main - INFO - === Logging system initialized ===
2026-05-27 08:53:43,507 - main - INFO - Log file: logs/app_20260527_085343.log
2026-05-27 08:53:43,507 - main - INFO - Log level: INFO
2026-05-27 08:53:43,508 - main - INFO - Timestamp: 20260527_085343
2026-05-27 08:53:44,358 - main - INFO - Included router: routers.aihub.router
2026-05-27 08:53:44,378 - main - INFO - Included router: routers.auth.router
2026-05-27 08:53:44,525 - main - INFO - Included router: routers.clients.router
2026-05-27 08:53:44,541 - main - INFO - Included router: routers.google_calendar.router
2026-05-27 08:53:44,544 - main - INFO - Included router: routers.health.router
2026-05-27 08:53:44,611 - main - INFO - Included router: routers.printer_settings.router
2026-05-27 08:53:44,767 - main - INFO - Included router: routers.reservations.router
2026-05-27 08:53:44,816 - main - INFO - Included router: routers.salons.router
2026-05-27 08:53:44,840 - main - INFO - Included router: routers.settings.router
2026-05-27 08:53:44,885 - main - INFO - Included router: routers.storage.router
2026-05-27 08:53:44,894 - main - INFO - Included router: routers.user.router
2026-05-27 08:53:44,896 - main - INFO - === Application startup initiated ===
2026-05-27 08:53:44,896 - services.database - INFO - Ignore creating tables
2026-05-27 08:53:44,896 - services.mock_data - INFO - Ignore initialize data
2026-05-27 08:53:44,896 - services.auth - INFO - Ignore initialize admin
2026-05-27 08:53:44,896 - main - INFO - === Application startup completed successfully ===
2026-05-27 08:53:49,610 - services.database - DEBUG - [DB_OP] Starting database close
2026-05-27 08:53:49,611 - services.database - INFO - Database connections closed
2026-05-27 08:53:49,611 - services.database - DEBUG - [DB_OP] Database close completed in 0.0006s
