2026-05-19 06:40:08,313 - main - INFO - === Logging system initialized ===
2026-05-19 06:40:08,313 - main - INFO - Log file: logs/app_20260519_064008.log
2026-05-19 06:40:08,313 - main - INFO - Log level: INFO
2026-05-19 06:40:08,313 - main - INFO - Timestamp: 20260519_064008
2026-05-19 06:40:09,162 - main - INFO - Included router: routers.aihub.router
2026-05-19 06:40:09,179 - main - INFO - Included router: routers.auth.router
2026-05-19 06:40:09,181 - main - INFO - Included router: routers.health.router
2026-05-19 06:40:09,230 - main - INFO - Included router: routers.reservations.router
2026-05-19 06:40:09,269 - main - INFO - Included router: routers.salons.router
2026-05-19 06:40:09,289 - main - INFO - Included router: routers.settings.router
2026-05-19 06:40:09,328 - main - INFO - Included router: routers.storage.router
2026-05-19 06:40:09,336 - main - INFO - Included router: routers.user.router
2026-05-19 06:40:10,598 - watchfiles.main - DEBUG - 1 change detected: {(<Change.added: 1>, '/workspace/app/backend/logs/app_20260519_064010.log')}
2026-05-19 06:40:10,949 - watchfiles.main - DEBUG - 1 change detected: {(<Change.modified: 2>, '/workspace/app/backend/logs/app_20260519_064008.log')}
2026-05-19 06:40:11,300 - watchfiles.main - DEBUG - 1 change detected: {(<Change.modified: 2>, '/workspace/app/backend/logs/app_20260519_064008.log')}
2026-05-19 06:40:11,651 - watchfiles.main - DEBUG - 2 changes detected: {(<Change.modified: 2>, '/workspace/app/backend/logs/app_20260519_064010.log'), (<Change.modified: 2>, '/workspace/app/backend/logs/app_20260519_064008.log')}
2026-05-19 06:40:12,001 - watchfiles.main - DEBUG - 1 change detected: {(<Change.modified: 2>, '/workspace/app/backend/logs/app_20260519_064008.log')}
2026-05-19 06:40:12,352 - watchfiles.main - DEBUG - 1 change detected: {(<Change.modified: 2>, '/workspace/app/backend/logs/app_20260519_064008.log')}
2026-05-19 06:40:12,703 - watchfiles.main - DEBUG - 1 change detected: {(<Change.modified: 2>, '/workspace/app/backend/logs/app_20260519_064008.log')}
2026-05-19 06:40:13,054 - watchfiles.main - DEBUG - 1 change detected: {(<Change.modified: 2>, '/workspace/app/backend/logs/app_20260519_064008.log')}
2026-05-19 06:40:13,405 - watchfiles.main - DEBUG - 1 change detected: {(<Change.modified: 2>, '/workspace/app/backend/logs/app_20260519_064008.log')}
2026-05-19 06:40:13,756 - watchfiles.main - DEBUG - 1 change detected: {(<Change.modified: 2>, '/workspace/app/backend/logs/app_20260519_064008.log')}
2026-05-19 06:40:14,107 - watchfiles.main - DEBUG - 1 change detected: {(<Change.modified: 2>, '/workspace/app/backend/logs/app_20260519_064008.log')}
2026-05-19 06:40:14,459 - watchfiles.main - DEBUG - 1 change detected: {(<Change.modified: 2>, '/workspace/app/backend/logs/app_20260519_064008.log')}
2026-05-19 06:40:14,811 - watchfiles.main - DEBUG - 1 change detected: {(<Change.modified: 2>, '/workspace/app/backend/logs/app_20260519_064008.log')}
2026-05-19 06:40:15,162 - watchfiles.main - DEBUG - 1 change detected: {(<Change.modified: 2>, '/workspace/app/backend/logs/app_20260519_064008.log')}
2026-05-19 06:40:15,513 - watchfiles.main - DEBUG - 1 change detected: {(<Change.modified: 2>, '/workspace/app/backend/logs/app_20260519_064008.log')}
2026-05-19 06:40:15,864 - watchfiles.main - DEBUG - 1 change detected: {(<Change.modified: 2>, '/workspace/app/backend/logs/app_20260519_064008.log')}
2026-05-19 06:40:16,215 - watchfiles.main - DEBUG - 1 change detected: {(<Change.modified: 2>, '/workspace/app/backend/logs/app_20260519_064008.log')}
2026-05-19 06:40:16,566 - watchfiles.main - DEBUG - 1 change detected: {(<Change.modified: 2>, '/workspace/app/backend/logs/app_20260519_064008.log')}
2026-05-19 06:40:16,917 - watchfiles.main - DEBUG - 1 change detected: {(<Change.modified: 2>, '/workspace/app/backend/logs/app_20260519_064008.log')}
2026-05-19 06:40:17,268 - watchfiles.main - DEBUG - 1 change detected: {(<Change.modified: 2>, '/workspace/app/backend/logs/app_20260519_064008.log')}
2026-05-19 06:40:17,619 - watchfiles.main - DEBUG - 1 change detected: {(<Change.modified: 2>, '/workspace/app/backend/logs/app_20260519_064008.log')}
2026-05-19 06:40:17,970 - watchfiles.main - DEBUG - 1 change detected: {(<Change.modified: 2>, '/workspace/app/backend/logs/app_20260519_064008.log')}
2026-05-19 06:40:18,321 - watchfiles.main - DEBUG - 1 change detected: {(<Change.modified: 2>, '/workspace/app/backend/logs/app_20260519_064008.log')}
2026-05-19 06:40:18,672 - watchfiles.main - DEBUG - 1 change detected: {(<Change.modified: 2>, '/workspace/app/backend/logs/app_20260519_064008.log')}
2026-05-19 06:40:19,023 - watchfiles.main - DEBUG - 1 change detected: {(<Change.modified: 2>, '/workspace/app/backend/logs/app_20260519_064008.log')}
2026-05-19 06:40:19,374 - watchfiles.main - DEBUG - 1 change detected: {(<Change.modified: 2>, '/workspace/app/backend/logs/app_20260519_064008.log')}
2026-05-19 06:40:19,725 - watchfiles.main - DEBUG - 1 change detected: {(<Change.modified: 2>, '/workspace/app/backend/logs/app_20260519_064008.log')}
2026-05-19 06:40:20,076 - watchfiles.main - DEBUG - 1 change detected: {(<Change.modified: 2>, '/workspace/app/backend/logs/app_20260519_064008.log')}
2026-05-19 06:40:20,427 - watchfiles.main - DEBUG - 1 change detected: {(<Change.modified: 2>, '/workspace/app/backend/logs/app_20260519_064008.log')}
2026-05-19 06:40:20,778 - watchfiles.main - DEBUG - 1 change detected: {(<Change.modified: 2>, '/workspace/app/backend/logs/app_20260519_064008.log')}
2026-05-19 06:40:21,129 - watchfiles.main - DEBUG - 1 change detected: {(<Change.modified: 2>, '/workspace/app/backend/logs/app_20260519_064008.log')}
2026-05-19 06:40:21,480 - watchfiles.main - DEBUG - 1 change detected: {(<Change.modified: 2>, '/workspace/app/backend/logs/app_20260519_064008.log')}
2026-05-19 06:40:21,831 - watchfiles.main - DEBUG - 1 change detected: {(<Change.modified: 2>, '/workspace/app/backend/logs/app_20260519_064008.log')}
2026-05-19 06:40:22,182 - watchfiles.main - DEBUG - 1 change detected: {(<Change.modified: 2>, '/workspace/app/backend/logs/app_20260519_064008.log')}
2026-05-19 06:40:22,533 - watchfiles.main - DEBUG - 1 change detected: {(<Change.modified: 2>, '/workspace/app/backend/logs/app_20260519_064008.log')}
2026-05-19 06:40:22,884 - watchfiles.main - DEBUG - 1 change detected: {(<Change.modified: 2>, '/workspace/app/backend/logs/app_20260519_064008.log')}
2026-05-19 06:40:23,235 - watchfiles.main - DEBUG - 2 changes detected: {(<Change.modified: 2>, '/workspace/app/backend/logs/app_20260519_064010.log'), (<Change.modified: 2>, '/workspace/app/backend/logs/app_20260519_064008.log')}
2026-05-19 06:40:23,586 - watchfiles.main - DEBUG - 2 changes detected: {(<Change.modified: 2>, '/workspace/app/backend/logs/app_20260519_064010.log'), (<Change.modified: 2>, '/workspace/app/backend/logs/app_20260519_064008.log')}
2026-05-19 06:40:23,937 - watchfiles.main - DEBUG - 1 change detected: {(<Change.modified: 2>, '/workspace/app/backend/logs/app_20260519_064008.log')}
2026-05-19 06:40:24,287 - watchfiles.main - DEBUG - 1 change detected: {(<Change.modified: 2>, '/workspace/app/backend/logs/app_20260519_064008.log')}
2026-05-19 06:40:24,638 - watchfiles.main - DEBUG - 1 change detected: {(<Change.modified: 2>, '/workspace/app/backend/logs/app_20260519_064008.log')}
2026-05-19 06:40:24,989 - watchfiles.main - DEBUG - 1 change detected: {(<Change.modified: 2>, '/workspace/app/backend/logs/app_20260519_064008.log')}
2026-05-19 06:40:25,340 - watchfiles.main - DEBUG - 2 changes detected: {(<Change.modified: 2>, '/workspace/app/backend/logs/app_20260519_064010.log'), (<Change.modified: 2>, '/workspace/app/backend/logs/app_20260519_064008.log')}
2026-05-19 06:40:25,691 - watchfiles.main - DEBUG - 1 change detected: {(<Change.modified: 2>, '/workspace/app/backend/logs/app_20260519_064008.log')}
2026-05-19 06:40:26,042 - watchfiles.main - DEBUG - 2 changes detected: {(<Change.modified: 2>, '/workspace/app/backend/logs/app_20260519_064010.log'), (<Change.modified: 2>, '/workspace/app/backend/logs/app_20260519_064008.log')}
2026-05-19 06:40:26,393 - watchfiles.main - DEBUG - 1 change detected: {(<Change.modified: 2>, '/workspace/app/backend/logs/app_20260519_064008.log')}
2026-05-19 06:40:26,744 - watchfiles.main - DEBUG - 1 change detected: {(<Change.modified: 2>, '/workspace/app/backend/logs/app_20260519_064008.log')}
2026-05-19 06:40:27,095 - watchfiles.main - DEBUG - 1 change detected: {(<Change.modified: 2>, '/workspace/app/backend/logs/app_20260519_064008.log')}
2026-05-19 06:40:27,446 - watchfiles.main - DEBUG - 1 change detected: {(<Change.modified: 2>, '/workspace/app/backend/logs/app_20260519_064008.log')}
2026-05-19 06:40:27,797 - watchfiles.main - DEBUG - 1 change detected: {(<Change.modified: 2>, '/workspace/app/backend/logs/app_20260519_064008.log')}
2026-05-19 06:40:28,148 - watchfiles.main - DEBUG - 1 change detected: {(<Change.modified: 2>, '/workspace/app/backend/logs/app_20260519_064008.log')}
2026-05-19 06:40:28,499 - watchfiles.main - DEBUG - 1 change detected: {(<Change.modified: 2>, '/workspace/app/backend/logs/app_20260519_064008.log')}
2026-05-19 06:40:28,850 - watchfiles.main - DEBUG - 1 change detected: {(<Change.modified: 2>, '/workspace/app/backend/logs/app_20260519_064008.log')}
2026-05-19 06:40:29,202 - watchfiles.main - DEBUG - 1 change detected: {(<Change.modified: 2>, '/workspace/app/backend/logs/app_20260519_064008.log')}
2026-05-19 06:40:29,552 - watchfiles.main - DEBUG - 1 change detected: {(<Change.modified: 2>, '/workspace/app/backend/logs/app_20260519_064008.log')}
2026-05-19 06:40:29,904 - watchfiles.main - DEBUG - 1 change detected: {(<Change.modified: 2>, '/workspace/app/backend/logs/app_20260519_064008.log')}
2026-05-19 06:40:30,255 - watchfiles.main - DEBUG - 1 change detected: {(<Change.modified: 2>, '/workspace/app/backend/logs/app_20260519_064008.log')}
2026-05-19 06:40:30,606 - watchfiles.main - DEBUG - 1 change detected: {(<Change.modified: 2>, '/workspace/app/backend/logs/app_20260519_064008.log')}
2026-05-19 06:40:30,957 - watchfiles.main - DEBUG - 1 change detected: {(<Change.modified: 2>, '/workspace/app/backend/logs/app_20260519_064008.log')}
2026-05-19 06:40:31,308 - watchfiles.main - DEBUG - 1 change detected: {(<Change.modified: 2>, '/workspace/app/backend/logs/app_20260519_064008.log')}
2026-05-19 06:40:31,659 - watchfiles.main - DEBUG - 1 change detected: {(<Change.modified: 2>, '/workspace/app/backend/logs/app_20260519_064008.log')}
2026-05-19 06:40:32,010 - watchfiles.main - DEBUG - 1 change detected: {(<Change.modified: 2>, '/workspace/app/backend/logs/app_20260519_064008.log')}
2026-05-19 06:40:32,361 - watchfiles.main - DEBUG - 1 change detected: {(<Change.modified: 2>, '/workspace/app/backend/logs/app_20260519_064008.log')}
2026-05-19 06:40:32,712 - watchfiles.main - DEBUG - 1 change detected: {(<Change.modified: 2>, '/workspace/app/backend/logs/app_20260519_064008.log')}
2026-05-19 06:40:33,063 - watchfiles.main - DEBUG - 1 change detected: {(<Change.modified: 2>, '/workspace/app/backend/logs/app_20260519_064008.log')}
2026-05-19 06:40:33,414 - watchfiles.main - DEBUG - 1 change detected: {(<Change.modified: 2>, '/workspace/app/backend/logs/app_20260519_064008.log')}
2026-05-19 06:40:33,765 - watchfiles.main - DEBUG - 1 change detected: {(<Change.modified: 2>, '/workspace/app/backend/logs/app_20260519_064008.log')}
2026-05-19 06:40:34,116 - watchfiles.main - DEBUG - 1 change detected: {(<Change.modified: 2>, '/workspace/app/backend/logs/app_20260519_064008.log')}
2026-05-19 06:40:34,466 - watchfiles.main - DEBUG - 1 change detected: {(<Change.modified: 2>, '/workspace/app/backend/logs/app_20260519_064008.log')}
2026-05-19 06:40:34,818 - watchfiles.main - DEBUG - 1 change detected: {(<Change.modified: 2>, '/workspace/app/backend/logs/app_20260519_064008.log')}
2026-05-19 06:40:35,169 - watchfiles.main - DEBUG - 1 change detected: {(<Change.modified: 2>, '/workspace/app/backend/logs/app_20260519_064008.log')}
2026-05-19 06:40:35,520 - watchfiles.main - DEBUG - 1 change detected: {(<Change.modified: 2>, '/workspace/app/backend/logs/app_20260519_064008.log')}
2026-05-19 06:40:35,871 - watchfiles.main - DEBUG - 1 change detected: {(<Change.modified: 2>, '/workspace/app/backend/logs/app_20260519_064008.log')}
2026-05-19 06:40:36,222 - watchfiles.main - DEBUG - 1 change detected: {(<Change.modified: 2>, '/workspace/app/backend/logs/app_20260519_064008.log')}
2026-05-19 06:40:36,573 - watchfiles.main - DEBUG - 1 change detected: {(<Change.modified: 2>, '/workspace/app/backend/logs/app_20260519_064008.log')}
2026-05-19 06:40:36,924 - watchfiles.main - DEBUG - 1 change detected: {(<Change.modified: 2>, '/workspace/app/backend/logs/app_20260519_064008.log')}
2026-05-19 06:40:37,275 - watchfiles.main - DEBUG - 1 change detected: {(<Change.modified: 2>, '/workspace/app/backend/logs/app_20260519_064008.log')}
2026-05-19 06:40:37,626 - watchfiles.main - DEBUG - 1 change detected: {(<Change.modified: 2>, '/workspace/app/backend/logs/app_20260519_064008.log')}
2026-05-19 06:40:37,977 - watchfiles.main - DEBUG - 1 change detected: {(<Change.modified: 2>, '/workspace/app/backend/logs/app_20260519_064008.log')}
2026-05-19 06:40:38,328 - watchfiles.main - DEBUG - 1 change detected: {(<Change.modified: 2>, '/workspace/app/backend/logs/app_20260519_064008.log')}
2026-05-19 06:40:38,679 - watchfiles.main - DEBUG - 1 change detected: {(<Change.modified: 2>, '/workspace/app/backend/logs/app_20260519_064008.log')}
2026-05-19 06:40:39,030 - watchfiles.main - DEBUG - 1 change detected: {(<Change.modified: 2>, '/workspace/app/backend/logs/app_20260519_064008.log')}
2026-05-19 06:40:39,381 - watchfiles.main - DEBUG - 1 change detected: {(<Change.modified: 2>, '/workspace/app/backend/logs/app_20260519_064008.log')}
2026-05-19 06:40:39,732 - watchfiles.main - DEBUG - 1 change detected: {(<Change.modified: 2>, '/workspace/app/backend/logs/app_20260519_064008.log')}
2026-05-19 06:40:40,083 - watchfiles.main - DEBUG - 1 change detected: {(<Change.modified: 2>, '/workspace/app/backend/logs/app_20260519_064008.log')}
2026-05-19 06:40:40,434 - watchfiles.main - DEBUG - 1 change detected: {(<Change.modified: 2>, '/workspace/app/backend/logs/app_20260519_064008.log')}
2026-05-19 06:40:40,785 - watchfiles.main - DEBUG - 1 change detected: {(<Change.modified: 2>, '/workspace/app/backend/logs/app_20260519_064008.log')}
2026-05-19 06:40:41,136 - watchfiles.main - DEBUG - 2 changes detected: {(<Change.modified: 2>, '/workspace/app/backend/routers/salons.py'), (<Change.modified: 2>, '/workspace/app/backend/logs/app_20260519_064008.log')}
2026-05-19 06:40:41,683 - watchfiles.main - DEBUG - 2 changes detected: {(<Change.modified: 2>, '/workspace/app/backend/logs/app_20260519_064010.log'), (<Change.modified: 2>, '/workspace/app/backend/logs/app_20260519_064008.log')}
2026-05-19 06:40:42,034 - watchfiles.main - DEBUG - 1 change detected: {(<Change.modified: 2>, '/workspace/app/backend/logs/app_20260519_064008.log')}
2026-05-19 06:40:42,385 - watchfiles.main - DEBUG - 1 change detected: {(<Change.modified: 2>, '/workspace/app/backend/logs/app_20260519_064008.log')}
2026-05-19 06:40:42,736 - watchfiles.main - DEBUG - 2 changes detected: {(<Change.modified: 2>, '/workspace/app/backend/logs/app_20260519_064008.log'), (<Change.added: 1>, '/workspace/app/backend/logs/app_20260519_064042.log')}
2026-05-19 06:40:43,087 - watchfiles.main - DEBUG - 2 changes detected: {(<Change.modified: 2>, '/workspace/app/backend/routers/salons.py'), (<Change.modified: 2>, '/workspace/app/backend/logs/app_20260519_064008.log')}
2026-05-19 06:40:44,396 - watchfiles.main - DEBUG - 5 changes detected: {(<Change.modified: 2>, '/workspace/app/backend/logs/app_20260519_064042.log'), (<Change.deleted: 3>, '/workspace/app/backend/routers/__pycache__/salons.cpython-310.pyc.140025288448560'), (<Change.added: 1>, '/workspace/app/backend/routers/__pycache__/salons.cpython-310.pyc'), (<Change.added: 1>, '/workspace/app/backend/routers/__pycache__/salons.cpython-310.pyc.140025288448560'), (<Change.modified: 2>, '/workspace/app/backend/logs/app_20260519_064008.log')}
2026-05-19 06:40:44,748 - watchfiles.main - DEBUG - 1 change detected: {(<Change.modified: 2>, '/workspace/app/backend/logs/app_20260519_064008.log')}
2026-05-19 06:40:45,099 - watchfiles.main - DEBUG - 2 changes detected: {(<Change.modified: 2>, '/workspace/app/backend/routers/salons.py'), (<Change.modified: 2>, '/workspace/app/backend/logs/app_20260519_064008.log')}
2026-05-19 06:40:47,558 - watchfiles.main - DEBUG - 5 changes detected: {(<Change.added: 1>, '/workspace/app/backend/routers/__pycache__/salons.cpython-310.pyc.140134688348720'), (<Change.added: 1>, '/workspace/app/backend/routers/__pycache__/salons.cpython-310.pyc'), (<Change.added: 1>, '/workspace/app/backend/logs/app_20260519_064045.log'), (<Change.modified: 2>, '/workspace/app/backend/logs/app_20260519_064008.log'), (<Change.deleted: 3>, '/workspace/app/backend/routers/__pycache__/salons.cpython-310.pyc.140134688348720')}
2026-05-19 06:40:47,909 - watchfiles.main - DEBUG - 1 change detected: {(<Change.modified: 2>, '/workspace/app/backend/logs/app_20260519_064008.log')}
2026-05-19 06:40:48,260 - watchfiles.main - DEBUG - 1 change detected: {(<Change.modified: 2>, '/workspace/app/backend/logs/app_20260519_064008.log')}
2026-05-19 06:40:48,661 - watchfiles.main - DEBUG - 2 changes detected: {(<Change.modified: 2>, '/workspace/app/backend/logs/app_20260519_064008.log'), (<Change.added: 1>, '/workspace/app/backend/logs/app_20260519_064048.log')}
2026-05-19 06:40:49,013 - watchfiles.main - DEBUG - 1 change detected: {(<Change.modified: 2>, '/workspace/app/backend/logs/app_20260519_064008.log')}
2026-05-19 06:40:49,364 - watchfiles.main - DEBUG - 2 changes detected: {(<Change.modified: 2>, '/workspace/app/backend/routers/salons.py'), (<Change.modified: 2>, '/workspace/app/backend/logs/app_20260519_064008.log')}
2026-05-19 06:40:50,099 - watchfiles.main - DEBUG - 5 changes detected: {(<Change.deleted: 3>, '/workspace/app/backend/routers/__pycache__/salons.cpython-310.pyc.140499850975792'), (<Change.added: 1>, '/workspace/app/backend/routers/__pycache__/salons.cpython-310.pyc'), (<Change.added: 1>, '/workspace/app/backend/routers/__pycache__/salons.cpython-310.pyc.140499850975792'), (<Change.modified: 2>, '/workspace/app/backend/logs/app_20260519_064008.log'), (<Change.modified: 2>, '/workspace/app/backend/logs/app_20260519_064048.log')}
2026-05-19 06:40:50,450 - watchfiles.main - DEBUG - 1 change detected: {(<Change.modified: 2>, '/workspace/app/backend/logs/app_20260519_064008.log')}
2026-05-19 06:40:50,801 - watchfiles.main - DEBUG - 1 change detected: {(<Change.modified: 2>, '/workspace/app/backend/logs/app_20260519_064008.log')}
2026-05-19 06:40:51,201 - watchfiles.main - DEBUG - 2 changes detected: {(<Change.added: 1>, '/workspace/app/backend/logs/app_20260519_064051.log'), (<Change.modified: 2>, '/workspace/app/backend/logs/app_20260519_064008.log')}
2026-05-19 06:40:51,552 - watchfiles.main - DEBUG - 1 change detected: {(<Change.modified: 2>, '/workspace/app/backend/logs/app_20260519_064008.log')}
2026-05-19 06:40:51,903 - watchfiles.main - DEBUG - 1 change detected: {(<Change.modified: 2>, '/workspace/app/backend/logs/app_20260519_064008.log')}
2026-05-19 06:40:52,304 - watchfiles.main - DEBUG - 6 changes detected: {(<Change.modified: 2>, '/workspace/app/backend/services/salons.py'), (<Change.modified: 2>, '/workspace/app/backend/logs/app_20260519_064051.log'), (<Change.deleted: 3>, '/workspace/app/backend/services/__pycache__/salons.cpython-310.pyc.140125801175600'), (<Change.added: 1>, '/workspace/app/backend/services/__pycache__/salons.cpython-310.pyc.140125801175600'), (<Change.added: 1>, '/workspace/app/backend/services/__pycache__/salons.cpython-310.pyc'), (<Change.modified: 2>, '/workspace/app/backend/logs/app_20260519_064008.log')}
2026-05-19 06:40:52,816 - watchfiles.main - DEBUG - 2 changes detected: {(<Change.modified: 2>, '/workspace/app/backend/logs/app_20260519_064008.log'), (<Change.modified: 2>, '/workspace/app/backend/logs/app_20260519_064051.log')}
2026-05-19 06:40:53,217 - watchfiles.main - DEBUG - 7 changes detected: {(<Change.deleted: 3>, '/workspace/app/backend/routers/__pycache__/salons.cpython-310.pyc.139749855573552'), (<Change.deleted: 3>, '/workspace/app/backend/services/__pycache__/salons.cpython-310.pyc.140545035744816'), (<Change.added: 1>, '/workspace/app/backend/services/__pycache__/salons.cpython-310.pyc'), (<Change.added: 1>, '/workspace/app/backend/routers/__pycache__/salons.cpython-310.pyc'), (<Change.added: 1>, '/workspace/app/backend/routers/__pycache__/salons.cpython-310.pyc.139749855573552'), (<Change.modified: 2>, '/workspace/app/backend/logs/app_20260519_064008.log'), (<Change.added: 1>, '/workspace/app/backend/services/__pycache__/salons.cpython-310.pyc.140545035744816')}
2026-05-19 06:40:53,568 - watchfiles.main - DEBUG - 1 change detected: {(<Change.modified: 2>, '/workspace/app/backend/logs/app_20260519_064008.log')}
2026-05-19 06:40:53,919 - watchfiles.main - DEBUG - 2 changes detected: {(<Change.modified: 2>, '/workspace/app/backend/logs/app_20260519_064008.log'), (<Change.added: 1>, '/workspace/app/backend/logs/app_20260519_064053.log')}
2026-05-19 06:40:54,270 - watchfiles.main - DEBUG - 1 change detected: {(<Change.modified: 2>, '/workspace/app/backend/logs/app_20260519_064008.log')}
2026-05-19 06:40:54,621 - watchfiles.main - DEBUG - 1 change detected: {(<Change.modified: 2>, '/workspace/app/backend/logs/app_20260519_064008.log')}
2026-05-19 06:40:54,972 - watchfiles.main - DEBUG - 2 changes detected: {(<Change.modified: 2>, '/workspace/app/backend/logs/app_20260519_064053.log'), (<Change.modified: 2>, '/workspace/app/backend/logs/app_20260519_064008.log')}
2026-05-19 06:40:55,323 - watchfiles.main - DEBUG - 1 change detected: {(<Change.modified: 2>, '/workspace/app/backend/logs/app_20260519_064008.log')}
2026-05-19 06:40:55,674 - watchfiles.main - DEBUG - 1 change detected: {(<Change.modified: 2>, '/workspace/app/backend/logs/app_20260519_064008.log')}
2026-05-19 06:40:56,025 - watchfiles.main - DEBUG - 1 change detected: {(<Change.modified: 2>, '/workspace/app/backend/logs/app_20260519_064008.log')}
2026-05-19 06:40:56,376 - watchfiles.main - DEBUG - 1 change detected: {(<Change.modified: 2>, '/workspace/app/backend/logs/app_20260519_064008.log')}
2026-05-19 06:40:56,727 - watchfiles.main - DEBUG - 1 change detected: {(<Change.modified: 2>, '/workspace/app/backend/logs/app_20260519_064008.log')}
2026-05-19 06:40:57,078 - watchfiles.main - DEBUG - 1 change detected: {(<Change.modified: 2>, '/workspace/app/backend/logs/app_20260519_064008.log')}
2026-05-19 06:40:57,429 - watchfiles.main - DEBUG - 1 change detected: {(<Change.modified: 2>, '/workspace/app/backend/logs/app_20260519_064008.log')}
2026-05-19 06:40:57,780 - watchfiles.main - DEBUG - 1 change detected: {(<Change.modified: 2>, '/workspace/app/backend/logs/app_20260519_064008.log')}
2026-05-19 06:40:58,131 - watchfiles.main - DEBUG - 1 change detected: {(<Change.modified: 2>, '/workspace/app/backend/logs/app_20260519_064008.log')}
2026-05-19 06:40:58,482 - watchfiles.main - DEBUG - 1 change detected: {(<Change.modified: 2>, '/workspace/app/backend/logs/app_20260519_064008.log')}
2026-05-19 06:40:58,833 - watchfiles.main - DEBUG - 1 change detected: {(<Change.modified: 2>, '/workspace/app/backend/logs/app_20260519_064008.log')}
2026-05-19 06:40:59,184 - watchfiles.main - DEBUG - 1 change detected: {(<Change.modified: 2>, '/workspace/app/backend/logs/app_20260519_064008.log')}
2026-05-19 06:40:59,535 - watchfiles.main - DEBUG - 1 change detected: {(<Change.modified: 2>, '/workspace/app/backend/logs/app_20260519_064008.log')}
2026-05-19 06:40:59,886 - watchfiles.main - DEBUG - 1 change detected: {(<Change.modified: 2>, '/workspace/app/backend/logs/app_20260519_064008.log')}
2026-05-19 06:41:00,237 - watchfiles.main - DEBUG - 1 change detected: {(<Change.modified: 2>, '/workspace/app/backend/logs/app_20260519_064008.log')}
2026-05-19 06:41:00,588 - watchfiles.main - DEBUG - 1 change detected: {(<Change.modified: 2>, '/workspace/app/backend/logs/app_20260519_064008.log')}
2026-05-19 06:41:00,939 - watchfiles.main - DEBUG - 1 change detected: {(<Change.modified: 2>, '/workspace/app/backend/logs/app_20260519_064008.log')}
2026-05-19 06:41:01,290 - watchfiles.main - DEBUG - 1 change detected: {(<Change.modified: 2>, '/workspace/app/backend/logs/app_20260519_064008.log')}
2026-05-19 06:41:01,641 - watchfiles.main - DEBUG - 1 change detected: {(<Change.modified: 2>, '/workspace/app/backend/logs/app_20260519_064008.log')}
2026-05-19 06:41:01,992 - watchfiles.main - DEBUG - 1 change detected: {(<Change.modified: 2>, '/workspace/app/backend/logs/app_20260519_064008.log')}
2026-05-19 06:41:02,343 - watchfiles.main - DEBUG - 1 change detected: {(<Change.modified: 2>, '/workspace/app/backend/logs/app_20260519_064008.log')}
2026-05-19 06:41:02,694 - watchfiles.main - DEBUG - 1 change detected: {(<Change.modified: 2>, '/workspace/app/backend/logs/app_20260519_064008.log')}
2026-05-19 06:41:03,045 - watchfiles.main - DEBUG - 1 change detected: {(<Change.modified: 2>, '/workspace/app/backend/logs/app_20260519_064008.log')}
2026-05-19 06:41:03,398 - watchfiles.main - DEBUG - 1 change detected: {(<Change.modified: 2>, '/workspace/app/backend/logs/app_20260519_064008.log')}
2026-05-19 06:41:03,750 - watchfiles.main - DEBUG - 1 change detected: {(<Change.modified: 2>, '/workspace/app/backend/logs/app_20260519_064008.log')}
2026-05-19 06:41:04,101 - watchfiles.main - DEBUG - 1 change detected: {(<Change.modified: 2>, '/workspace/app/backend/logs/app_20260519_064008.log')}
2026-05-19 06:41:04,451 - watchfiles.main - DEBUG - 1 change detected: {(<Change.modified: 2>, '/workspace/app/backend/logs/app_20260519_064008.log')}
2026-05-19 06:41:04,802 - watchfiles.main - DEBUG - 1 change detected: {(<Change.modified: 2>, '/workspace/app/backend/logs/app_20260519_064008.log')}
2026-05-19 06:41:05,153 - watchfiles.main - DEBUG - 1 change detected: {(<Change.modified: 2>, '/workspace/app/backend/logs/app_20260519_064008.log')}
2026-05-19 06:41:05,504 - watchfiles.main - DEBUG - 1 change detected: {(<Change.modified: 2>, '/workspace/app/backend/logs/app_20260519_064008.log')}
2026-05-19 06:41:05,855 - watchfiles.main - DEBUG - 1 change detected: {(<Change.modified: 2>, '/workspace/app/backend/logs/app_20260519_064008.log')}
2026-05-19 06:41:06,206 - watchfiles.main - DEBUG - 1 change detected: {(<Change.modified: 2>, '/workspace/app/backend/logs/app_20260519_064008.log')}
2026-05-19 06:41:06,558 - watchfiles.main - DEBUG - 1 change detected: {(<Change.modified: 2>, '/workspace/app/backend/logs/app_20260519_064008.log')}
2026-05-19 06:41:06,910 - watchfiles.main - DEBUG - 1 change detected: {(<Change.modified: 2>, '/workspace/app/backend/logs/app_20260519_064008.log')}
2026-05-19 06:41:07,262 - watchfiles.main - DEBUG - 1 change detected: {(<Change.modified: 2>, '/workspace/app/backend/logs/app_20260519_064008.log')}
2026-05-19 06:41:07,613 - watchfiles.main - DEBUG - 1 change detected: {(<Change.modified: 2>, '/workspace/app/backend/logs/app_20260519_064008.log')}
2026-05-19 06:41:07,964 - watchfiles.main - DEBUG - 1 change detected: {(<Change.modified: 2>, '/workspace/app/backend/logs/app_20260519_064008.log')}
2026-05-19 06:41:08,315 - watchfiles.main - DEBUG - 1 change detected: {(<Change.modified: 2>, '/workspace/app/backend/logs/app_20260519_064008.log')}
2026-05-19 06:41:08,665 - watchfiles.main - DEBUG - 1 change detected: {(<Change.modified: 2>, '/workspace/app/backend/logs/app_20260519_064008.log')}
2026-05-19 06:41:09,017 - watchfiles.main - DEBUG - 1 change detected: {(<Change.modified: 2>, '/workspace/app/backend/logs/app_20260519_064008.log')}
2026-05-19 06:41:09,368 - watchfiles.main - DEBUG - 1 change detected: {(<Change.modified: 2>, '/workspace/app/backend/logs/app_20260519_064008.log')}
2026-05-19 06:41:09,719 - watchfiles.main - DEBUG - 1 change detected: {(<Change.modified: 2>, '/workspace/app/backend/logs/app_20260519_064008.log')}
2026-05-19 06:41:10,070 - watchfiles.main - DEBUG - 1 change detected: {(<Change.modified: 2>, '/workspace/app/backend/logs/app_20260519_064008.log')}
2026-05-19 06:41:10,421 - watchfiles.main - DEBUG - 1 change detected: {(<Change.modified: 2>, '/workspace/app/backend/logs/app_20260519_064008.log')}
2026-05-19 06:41:10,772 - watchfiles.main - DEBUG - 1 change detected: {(<Change.modified: 2>, '/workspace/app/backend/logs/app_20260519_064008.log')}
2026-05-19 06:41:11,123 - watchfiles.main - DEBUG - 1 change detected: {(<Change.modified: 2>, '/workspace/app/backend/logs/app_20260519_064008.log')}
2026-05-19 06:41:11,474 - watchfiles.main - DEBUG - 1 change detected: {(<Change.modified: 2>, '/workspace/app/backend/logs/app_20260519_064008.log')}
2026-05-19 06:41:11,825 - watchfiles.main - DEBUG - 1 change detected: {(<Change.modified: 2>, '/workspace/app/backend/logs/app_20260519_064008.log')}
2026-05-19 06:41:12,176 - watchfiles.main - DEBUG - 1 change detected: {(<Change.modified: 2>, '/workspace/app/backend/logs/app_20260519_064008.log')}
2026-05-19 06:41:12,527 - watchfiles.main - DEBUG - 1 change detected: {(<Change.modified: 2>, '/workspace/app/backend/logs/app_20260519_064008.log')}
2026-05-19 06:41:12,878 - watchfiles.main - DEBUG - 1 change detected: {(<Change.modified: 2>, '/workspace/app/backend/logs/app_20260519_064008.log')}
2026-05-19 06:41:13,229 - watchfiles.main - DEBUG - 1 change detected: {(<Change.modified: 2>, '/workspace/app/backend/logs/app_20260519_064008.log')}
2026-05-19 06:41:13,580 - watchfiles.main - DEBUG - 1 change detected: {(<Change.modified: 2>, '/workspace/app/backend/logs/app_20260519_064008.log')}
2026-05-19 06:41:13,930 - watchfiles.main - DEBUG - 1 change detected: {(<Change.modified: 2>, '/workspace/app/backend/logs/app_20260519_064008.log')}
2026-05-19 06:41:14,282 - watchfiles.main - DEBUG - 1 change detected: {(<Change.modified: 2>, '/workspace/app/backend/logs/app_20260519_064008.log')}
2026-05-19 06:41:14,633 - watchfiles.main - DEBUG - 1 change detected: {(<Change.modified: 2>, '/workspace/app/backend/logs/app_20260519_064008.log')}
2026-05-19 06:41:14,983 - watchfiles.main - DEBUG - 1 change detected: {(<Change.modified: 2>, '/workspace/app/backend/logs/app_20260519_064008.log')}
2026-05-19 06:41:15,334 - watchfiles.main - DEBUG - 1 change detected: {(<Change.modified: 2>, '/workspace/app/backend/logs/app_20260519_064008.log')}
2026-05-19 06:41:15,685 - watchfiles.main - DEBUG - 1 change detected: {(<Change.modified: 2>, '/workspace/app/backend/logs/app_20260519_064008.log')}
2026-05-19 06:41:16,036 - watchfiles.main - DEBUG - 1 change detected: {(<Change.modified: 2>, '/workspace/app/backend/logs/app_20260519_064008.log')}
2026-05-19 06:41:16,387 - watchfiles.main - DEBUG - 1 change detected: {(<Change.modified: 2>, '/workspace/app/backend/logs/app_20260519_064008.log')}
2026-05-19 06:41:16,738 - watchfiles.main - DEBUG - 1 change detected: {(<Change.modified: 2>, '/workspace/app/backend/logs/app_20260519_064008.log')}
2026-05-19 06:41:17,089 - watchfiles.main - DEBUG - 1 change detected: {(<Change.modified: 2>, '/workspace/app/backend/logs/app_20260519_064008.log')}
2026-05-19 06:41:17,440 - watchfiles.main - DEBUG - 1 change detected: {(<Change.modified: 2>, '/workspace/app/backend/logs/app_20260519_064008.log')}
2026-05-19 06:41:17,791 - watchfiles.main - DEBUG - 1 change detected: {(<Change.modified: 2>, '/workspace/app/backend/logs/app_20260519_064008.log')}
2026-05-19 06:41:18,142 - watchfiles.main - DEBUG - 1 change detected: {(<Change.modified: 2>, '/workspace/app/backend/logs/app_20260519_064008.log')}
2026-05-19 06:41:18,493 - watchfiles.main - DEBUG - 1 change detected: {(<Change.modified: 2>, '/workspace/app/backend/logs/app_20260519_064008.log')}
2026-05-19 06:41:18,844 - watchfiles.main - DEBUG - 1 change detected: {(<Change.modified: 2>, '/workspace/app/backend/logs/app_20260519_064008.log')}
2026-05-19 06:41:19,195 - watchfiles.main - DEBUG - 1 change detected: {(<Change.modified: 2>, '/workspace/app/backend/logs/app_20260519_064008.log')}
2026-05-19 06:41:19,546 - watchfiles.main - DEBUG - 1 change detected: {(<Change.modified: 2>, '/workspace/app/backend/logs/app_20260519_064008.log')}
2026-05-19 06:41:19,897 - watchfiles.main - DEBUG - 1 change detected: {(<Change.modified: 2>, '/workspace/app/backend/logs/app_20260519_064008.log')}
2026-05-19 06:41:20,248 - watchfiles.main - DEBUG - 1 change detected: {(<Change.modified: 2>, '/workspace/app/backend/logs/app_20260519_064008.log')}
2026-05-19 06:41:20,600 - watchfiles.main - DEBUG - 1 change detected: {(<Change.modified: 2>, '/workspace/app/backend/logs/app_20260519_064008.log')}
2026-05-19 06:41:20,951 - watchfiles.main - DEBUG - 1 change detected: {(<Change.modified: 2>, '/workspace/app/backend/logs/app_20260519_064008.log')}
2026-05-19 06:41:21,302 - watchfiles.main - DEBUG - 1 change detected: {(<Change.modified: 2>, '/workspace/app/backend/logs/app_20260519_064008.log')}
2026-05-19 06:41:21,653 - watchfiles.main - DEBUG - 1 change detected: {(<Change.modified: 2>, '/workspace/app/backend/logs/app_20260519_064008.log')}
2026-05-19 06:41:22,004 - watchfiles.main - DEBUG - 1 change detected: {(<Change.modified: 2>, '/workspace/app/backend/logs/app_20260519_064008.log')}
2026-05-19 06:41:22,355 - watchfiles.main - DEBUG - 1 change detected: {(<Change.modified: 2>, '/workspace/app/backend/logs/app_20260519_064008.log')}
2026-05-19 06:41:22,706 - watchfiles.main - DEBUG - 1 change detected: {(<Change.modified: 2>, '/workspace/app/backend/logs/app_20260519_064008.log')}
2026-05-19 06:41:23,057 - watchfiles.main - DEBUG - 1 change detected: {(<Change.modified: 2>, '/workspace/app/backend/logs/app_20260519_064008.log')}
2026-05-19 06:41:23,408 - watchfiles.main - DEBUG - 1 change detected: {(<Change.modified: 2>, '/workspace/app/backend/logs/app_20260519_064008.log')}
2026-05-19 06:41:23,759 - watchfiles.main - DEBUG - 1 change detected: {(<Change.modified: 2>, '/workspace/app/backend/logs/app_20260519_064008.log')}
2026-05-19 06:41:24,110 - watchfiles.main - DEBUG - 1 change detected: {(<Change.modified: 2>, '/workspace/app/backend/logs/app_20260519_064008.log')}
2026-05-19 06:41:24,461 - watchfiles.main - DEBUG - 1 change detected: {(<Change.modified: 2>, '/workspace/app/backend/logs/app_20260519_064008.log')}
2026-05-19 06:41:24,812 - watchfiles.main - DEBUG - 1 change detected: {(<Change.modified: 2>, '/workspace/app/backend/logs/app_20260519_064008.log')}
2026-05-19 06:41:25,163 - watchfiles.main - DEBUG - 1 change detected: {(<Change.modified: 2>, '/workspace/app/backend/logs/app_20260519_064008.log')}
2026-05-19 06:41:25,514 - watchfiles.main - DEBUG - 1 change detected: {(<Change.modified: 2>, '/workspace/app/backend/logs/app_20260519_064008.log')}
2026-05-19 06:41:25,865 - watchfiles.main - DEBUG - 1 change detected: {(<Change.modified: 2>, '/workspace/app/backend/logs/app_20260519_064008.log')}
2026-05-19 06:41:26,216 - watchfiles.main - DEBUG - 1 change detected: {(<Change.modified: 2>, '/workspace/app/backend/logs/app_20260519_064008.log')}
2026-05-19 06:41:26,567 - watchfiles.main - DEBUG - 1 change detected: {(<Change.modified: 2>, '/workspace/app/backend/logs/app_20260519_064008.log')}
2026-05-19 06:41:26,918 - watchfiles.main - DEBUG - 1 change detected: {(<Change.modified: 2>, '/workspace/app/backend/logs/app_20260519_064008.log')}
2026-05-19 06:41:27,269 - watchfiles.main - DEBUG - 1 change detected: {(<Change.modified: 2>, '/workspace/app/backend/logs/app_20260519_064008.log')}
2026-05-19 06:41:27,620 - watchfiles.main - DEBUG - 1 change detected: {(<Change.modified: 2>, '/workspace/app/backend/logs/app_20260519_064008.log')}
2026-05-19 06:41:27,971 - watchfiles.main - DEBUG - 1 change detected: {(<Change.modified: 2>, '/workspace/app/backend/logs/app_20260519_064008.log')}
2026-05-19 06:41:28,322 - watchfiles.main - DEBUG - 1 change detected: {(<Change.modified: 2>, '/workspace/app/backend/logs/app_20260519_064008.log')}
2026-05-19 06:41:28,673 - watchfiles.main - DEBUG - 1 change detected: {(<Change.modified: 2>, '/workspace/app/backend/logs/app_20260519_064008.log')}
2026-05-19 06:41:29,025 - watchfiles.main - DEBUG - 1 change detected: {(<Change.modified: 2>, '/workspace/app/backend/logs/app_20260519_064008.log')}
2026-05-19 06:41:29,376 - watchfiles.main - DEBUG - 1 change detected: {(<Change.modified: 2>, '/workspace/app/backend/logs/app_20260519_064008.log')}
2026-05-19 06:41:29,727 - watchfiles.main - DEBUG - 1 change detected: {(<Change.modified: 2>, '/workspace/app/backend/logs/app_20260519_064008.log')}
2026-05-19 06:41:30,078 - watchfiles.main - DEBUG - 1 change detected: {(<Change.modified: 2>, '/workspace/app/backend/logs/app_20260519_064008.log')}
2026-05-19 06:41:30,429 - watchfiles.main - DEBUG - 1 change detected: {(<Change.modified: 2>, '/workspace/app/backend/logs/app_20260519_064008.log')}
2026-05-19 06:41:30,780 - watchfiles.main - DEBUG - 1 change detected: {(<Change.modified: 2>, '/workspace/app/backend/logs/app_20260519_064008.log')}
2026-05-19 06:41:31,131 - watchfiles.main - DEBUG - 1 change detected: {(<Change.modified: 2>, '/workspace/app/backend/logs/app_20260519_064008.log')}
2026-05-19 06:41:31,482 - watchfiles.main - DEBUG - 1 change detected: {(<Change.modified: 2>, '/workspace/app/backend/logs/app_20260519_064008.log')}
2026-05-19 06:41:31,833 - watchfiles.main - DEBUG - 1 change detected: {(<Change.modified: 2>, '/workspace/app/backend/logs/app_20260519_064008.log')}
2026-05-19 06:41:32,184 - watchfiles.main - DEBUG - 1 change detected: {(<Change.modified: 2>, '/workspace/app/backend/logs/app_20260519_064008.log')}
2026-05-19 06:41:32,535 - watchfiles.main - DEBUG - 1 change detected: {(<Change.modified: 2>, '/workspace/app/backend/logs/app_20260519_064008.log')}
2026-05-19 06:41:32,886 - watchfiles.main - DEBUG - 1 change detected: {(<Change.modified: 2>, '/workspace/app/backend/logs/app_20260519_064008.log')}
2026-05-19 06:41:33,237 - watchfiles.main - DEBUG - 1 change detected: {(<Change.modified: 2>, '/workspace/app/backend/logs/app_20260519_064008.log')}
2026-05-19 06:41:33,588 - watchfiles.main - DEBUG - 1 change detected: {(<Change.modified: 2>, '/workspace/app/backend/logs/app_20260519_064008.log')}
2026-05-19 06:41:33,940 - watchfiles.main - DEBUG - 1 change detected: {(<Change.modified: 2>, '/workspace/app/backend/logs/app_20260519_064008.log')}
2026-05-19 06:41:34,291 - watchfiles.main - DEBUG - 1 change detected: {(<Change.modified: 2>, '/workspace/app/backend/logs/app_20260519_064008.log')}
2026-05-19 06:41:34,642 - watchfiles.main - DEBUG - 1 change detected: {(<Change.modified: 2>, '/workspace/app/backend/logs/app_20260519_064008.log')}
2026-05-19 06:41:34,993 - watchfiles.main - DEBUG - 1 change detected: {(<Change.modified: 2>, '/workspace/app/backend/logs/app_20260519_064008.log')}
2026-05-19 06:41:35,345 - watchfiles.main - DEBUG - 1 change detected: {(<Change.modified: 2>, '/workspace/app/backend/logs/app_20260519_064008.log')}
2026-05-19 06:41:35,696 - watchfiles.main - DEBUG - 1 change detected: {(<Change.modified: 2>, '/workspace/app/backend/logs/app_20260519_064008.log')}
2026-05-19 06:41:36,047 - watchfiles.main - DEBUG - 1 change detected: {(<Change.modified: 2>, '/workspace/app/backend/logs/app_20260519_064008.log')}
2026-05-19 06:41:36,398 - watchfiles.main - DEBUG - 1 change detected: {(<Change.modified: 2>, '/workspace/app/backend/logs/app_20260519_064008.log')}
2026-05-19 06:41:36,749 - watchfiles.main - DEBUG - 1 change detected: {(<Change.modified: 2>, '/workspace/app/backend/logs/app_20260519_064008.log')}
2026-05-19 06:41:37,100 - watchfiles.main - DEBUG - 1 change detected: {(<Change.modified: 2>, '/workspace/app/backend/logs/app_20260519_064008.log')}
2026-05-19 06:41:37,451 - watchfiles.main - DEBUG - 1 change detected: {(<Change.modified: 2>, '/workspace/app/backend/logs/app_20260519_064008.log')}
2026-05-19 06:41:37,802 - watchfiles.main - DEBUG - 1 change detected: {(<Change.modified: 2>, '/workspace/app/backend/logs/app_20260519_064008.log')}
2026-05-19 06:41:38,153 - watchfiles.main - DEBUG - 1 change detected: {(<Change.modified: 2>, '/workspace/app/backend/logs/app_20260519_064008.log')}
2026-05-19 06:41:38,504 - watchfiles.main - DEBUG - 1 change detected: {(<Change.modified: 2>, '/workspace/app/backend/logs/app_20260519_064008.log')}
2026-05-19 06:41:38,855 - watchfiles.main - DEBUG - 1 change detected: {(<Change.modified: 2>, '/workspace/app/backend/logs/app_20260519_064008.log')}
2026-05-19 06:41:39,206 - watchfiles.main - DEBUG - 1 change detected: {(<Change.modified: 2>, '/workspace/app/backend/logs/app_20260519_064008.log')}
2026-05-19 06:41:39,557 - watchfiles.main - DEBUG - 1 change detected: {(<Change.modified: 2>, '/workspace/app/backend/logs/app_20260519_064008.log')}
2026-05-19 06:41:39,908 - watchfiles.main - DEBUG - 1 change detected: {(<Change.modified: 2>, '/workspace/app/backend/logs/app_20260519_064008.log')}
2026-05-19 06:41:40,259 - watchfiles.main - DEBUG - 1 change detected: {(<Change.modified: 2>, '/workspace/app/backend/logs/app_20260519_064008.log')}
2026-05-19 06:41:40,610 - watchfiles.main - DEBUG - 1 change detected: {(<Change.modified: 2>, '/workspace/app/backend/logs/app_20260519_064008.log')}
2026-05-19 06:41:40,961 - watchfiles.main - DEBUG - 1 change detected: {(<Change.modified: 2>, '/workspace/app/backend/logs/app_20260519_064008.log')}
2026-05-19 06:41:41,312 - watchfiles.main - DEBUG - 1 change detected: {(<Change.modified: 2>, '/workspace/app/backend/logs/app_20260519_064008.log')}
2026-05-19 06:41:41,663 - watchfiles.main - DEBUG - 1 change detected: {(<Change.modified: 2>, '/workspace/app/backend/logs/app_20260519_064008.log')}
2026-05-19 06:41:42,014 - watchfiles.main - DEBUG - 1 change detected: {(<Change.modified: 2>, '/workspace/app/backend/logs/app_20260519_064008.log')}
2026-05-19 06:41:42,365 - watchfiles.main - DEBUG - 1 change detected: {(<Change.modified: 2>, '/workspace/app/backend/logs/app_20260519_064008.log')}
2026-05-19 06:41:42,716 - watchfiles.main - DEBUG - 1 change detected: {(<Change.modified: 2>, '/workspace/app/backend/logs/app_20260519_064008.log')}
2026-05-19 06:41:43,067 - watchfiles.main - DEBUG - 2 changes detected: {(<Change.modified: 2>, '/workspace/app/backend/logs/app_20260519_064053.log'), (<Change.modified: 2>, '/workspace/app/backend/logs/app_20260519_064008.log')}
2026-05-19 06:41:43,418 - watchfiles.main - DEBUG - 1 change detected: {(<Change.modified: 2>, '/workspace/app/backend/logs/app_20260519_064008.log')}
2026-05-19 06:41:43,770 - watchfiles.main - DEBUG - 1 change detected: {(<Change.modified: 2>, '/workspace/app/backend/logs/app_20260519_064008.log')}
2026-05-19 06:41:44,121 - watchfiles.main - DEBUG - 1 change detected: {(<Change.modified: 2>, '/workspace/app/backend/logs/app_20260519_064008.log')}
2026-05-19 06:41:44,473 - watchfiles.main - DEBUG - 1 change detected: {(<Change.modified: 2>, '/workspace/app/backend/logs/app_20260519_064008.log')}
2026-05-19 06:41:44,824 - watchfiles.main - DEBUG - 1 change detected: {(<Change.modified: 2>, '/workspace/app/backend/logs/app_20260519_064008.log')}
2026-05-19 06:41:45,175 - watchfiles.main - DEBUG - 1 change detected: {(<Change.modified: 2>, '/workspace/app/backend/logs/app_20260519_064008.log')}
2026-05-19 06:41:45,526 - watchfiles.main - DEBUG - 1 change detected: {(<Change.modified: 2>, '/workspace/app/backend/logs/app_20260519_064008.log')}
2026-05-19 06:41:45,877 - watchfiles.main - DEBUG - 1 change detected: {(<Change.modified: 2>, '/workspace/app/backend/logs/app_20260519_064008.log')}
2026-05-19 06:41:46,228 - watchfiles.main - DEBUG - 1 change detected: {(<Change.modified: 2>, '/workspace/app/backend/logs/app_20260519_064008.log')}
2026-05-19 06:41:46,579 - watchfiles.main - DEBUG - 1 change detected: {(<Change.modified: 2>, '/workspace/app/backend/logs/app_20260519_064008.log')}
2026-05-19 06:41:46,930 - watchfiles.main - DEBUG - 1 change detected: {(<Change.modified: 2>, '/workspace/app/backend/logs/app_20260519_064008.log')}
2026-05-19 06:41:47,281 - watchfiles.main - DEBUG - 1 change detected: {(<Change.modified: 2>, '/workspace/app/backend/logs/app_20260519_064008.log')}
2026-05-19 06:41:47,632 - watchfiles.main - DEBUG - 1 change detected: {(<Change.modified: 2>, '/workspace/app/backend/logs/app_20260519_064008.log')}
2026-05-19 06:41:47,983 - watchfiles.main - DEBUG - 1 change detected: {(<Change.modified: 2>, '/workspace/app/backend/logs/app_20260519_064008.log')}
2026-05-19 06:41:48,334 - watchfiles.main - DEBUG - 1 change detected: {(<Change.modified: 2>, '/workspace/app/backend/logs/app_20260519_064008.log')}
2026-05-19 06:41:48,685 - watchfiles.main - DEBUG - 1 change detected: {(<Change.modified: 2>, '/workspace/app/backend/logs/app_20260519_064008.log')}
2026-05-19 06:41:49,036 - watchfiles.main - DEBUG - 1 change detected: {(<Change.modified: 2>, '/workspace/app/backend/logs/app_20260519_064008.log')}
2026-05-19 06:41:49,387 - watchfiles.main - DEBUG - 1 change detected: {(<Change.modified: 2>, '/workspace/app/backend/logs/app_20260519_064008.log')}
2026-05-19 06:41:49,738 - watchfiles.main - DEBUG - 1 change detected: {(<Change.modified: 2>, '/workspace/app/backend/logs/app_20260519_064008.log')}
2026-05-19 06:41:50,089 - watchfiles.main - DEBUG - 2 changes detected: {(<Change.modified: 2>, '/workspace/app/backend/logs/app_20260519_064053.log'), (<Change.modified: 2>, '/workspace/app/backend/logs/app_20260519_064008.log')}
2026-05-19 06:41:50,440 - watchfiles.main - DEBUG - 2 changes detected: {(<Change.modified: 2>, '/workspace/app/backend/logs/app_20260519_064053.log'), (<Change.modified: 2>, '/workspace/app/backend/logs/app_20260519_064008.log')}
2026-05-19 06:41:50,791 - watchfiles.main - DEBUG - 1 change detected: {(<Change.modified: 2>, '/workspace/app/backend/logs/app_20260519_064008.log')}
2026-05-19 06:41:51,142 - watchfiles.main - DEBUG - 1 change detected: {(<Change.modified: 2>, '/workspace/app/backend/logs/app_20260519_064008.log')}
2026-05-19 06:41:51,493 - watchfiles.main - DEBUG - 1 change detected: {(<Change.modified: 2>, '/workspace/app/backend/logs/app_20260519_064008.log')}
2026-05-19 06:41:51,844 - watchfiles.main - DEBUG - 1 change detected: {(<Change.modified: 2>, '/workspace/app/backend/logs/app_20260519_064008.log')}
2026-05-19 06:41:52,195 - watchfiles.main - DEBUG - 2 changes detected: {(<Change.modified: 2>, '/workspace/app/backend/logs/app_20260519_064053.log'), (<Change.modified: 2>, '/workspace/app/backend/logs/app_20260519_064008.log')}
2026-05-19 06:41:52,546 - watchfiles.main - DEBUG - 1 change detected: {(<Change.modified: 2>, '/workspace/app/backend/logs/app_20260519_064008.log')}
2026-05-19 06:41:52,897 - watchfiles.main - DEBUG - 2 changes detected: {(<Change.modified: 2>, '/workspace/app/backend/logs/app_20260519_064053.log'), (<Change.modified: 2>, '/workspace/app/backend/logs/app_20260519_064008.log')}
2026-05-19 06:41:53,249 - watchfiles.main - DEBUG - 1 change detected: {(<Change.modified: 2>, '/workspace/app/backend/logs/app_20260519_064008.log')}
2026-05-19 06:41:53,600 - watchfiles.main - DEBUG - 1 change detected: {(<Change.modified: 2>, '/workspace/app/backend/logs/app_20260519_064008.log')}
2026-05-19 06:41:53,951 - watchfiles.main - DEBUG - 1 change detected: {(<Change.modified: 2>, '/workspace/app/backend/logs/app_20260519_064008.log')}
2026-05-19 06:41:54,302 - watchfiles.main - DEBUG - 1 change detected: {(<Change.modified: 2>, '/workspace/app/backend/logs/app_20260519_064008.log')}
2026-05-19 06:41:54,653 - watchfiles.main - DEBUG - 1 change detected: {(<Change.modified: 2>, '/workspace/app/backend/logs/app_20260519_064008.log')}
2026-05-19 06:41:55,004 - watchfiles.main - DEBUG - 1 change detected: {(<Change.modified: 2>, '/workspace/app/backend/logs/app_20260519_064008.log')}
2026-05-19 06:41:55,355 - watchfiles.main - DEBUG - 1 change detected: {(<Change.modified: 2>, '/workspace/app/backend/logs/app_20260519_064008.log')}
2026-05-19 06:41:55,706 - watchfiles.main - DEBUG - 1 change detected: {(<Change.modified: 2>, '/workspace/app/backend/logs/app_20260519_064008.log')}
2026-05-19 06:41:56,056 - watchfiles.main - DEBUG - 1 change detected: {(<Change.modified: 2>, '/workspace/app/backend/logs/app_20260519_064008.log')}
2026-05-19 06:41:56,407 - watchfiles.main - DEBUG - 1 change detected: {(<Change.modified: 2>, '/workspace/app/backend/logs/app_20260519_064008.log')}
2026-05-19 06:41:56,759 - watchfiles.main - DEBUG - 1 change detected: {(<Change.modified: 2>, '/workspace/app/backend/logs/app_20260519_064008.log')}
2026-05-19 06:41:57,110 - watchfiles.main - DEBUG - 1 change detected: {(<Change.modified: 2>, '/workspace/app/backend/logs/app_20260519_064008.log')}
2026-05-19 06:41:57,461 - watchfiles.main - DEBUG - 1 change detected: {(<Change.modified: 2>, '/workspace/app/backend/logs/app_20260519_064008.log')}
2026-05-19 06:41:57,811 - watchfiles.main - DEBUG - 1 change detected: {(<Change.modified: 2>, '/workspace/app/backend/logs/app_20260519_064008.log')}
2026-05-19 06:41:58,163 - watchfiles.main - DEBUG - 1 change detected: {(<Change.modified: 2>, '/workspace/app/backend/logs/app_20260519_064008.log')}
2026-05-19 06:41:58,514 - watchfiles.main - DEBUG - 1 change detected: {(<Change.modified: 2>, '/workspace/app/backend/logs/app_20260519_064008.log')}
2026-05-19 06:41:58,865 - watchfiles.main - DEBUG - 1 change detected: {(<Change.modified: 2>, '/workspace/app/backend/logs/app_20260519_064008.log')}
2026-05-19 06:41:59,216 - watchfiles.main - DEBUG - 1 change detected: {(<Change.modified: 2>, '/workspace/app/backend/logs/app_20260519_064008.log')}
2026-05-19 06:41:59,567 - watchfiles.main - DEBUG - 1 change detected: {(<Change.modified: 2>, '/workspace/app/backend/logs/app_20260519_064008.log')}
2026-05-19 06:41:59,918 - watchfiles.main - DEBUG - 1 change detected: {(<Change.modified: 2>, '/workspace/app/backend/logs/app_20260519_064008.log')}
2026-05-19 06:42:00,269 - watchfiles.main - DEBUG - 1 change detected: {(<Change.modified: 2>, '/workspace/app/backend/logs/app_20260519_064008.log')}
2026-05-19 06:42:00,620 - watchfiles.main - DEBUG - 1 change detected: {(<Change.modified: 2>, '/workspace/app/backend/logs/app_20260519_064008.log')}
2026-05-19 06:42:00,971 - watchfiles.main - DEBUG - 1 change detected: {(<Change.modified: 2>, '/workspace/app/backend/logs/app_20260519_064008.log')}
2026-05-19 06:42:01,322 - watchfiles.main - DEBUG - 1 change detected: {(<Change.modified: 2>, '/workspace/app/backend/logs/app_20260519_064008.log')}
2026-05-19 06:42:01,673 - watchfiles.main - DEBUG - 1 change detected: {(<Change.modified: 2>, '/workspace/app/backend/logs/app_20260519_064008.log')}
2026-05-19 06:42:02,024 - watchfiles.main - DEBUG - 1 change detected: {(<Change.modified: 2>, '/workspace/app/backend/logs/app_20260519_064008.log')}
2026-05-19 06:42:02,375 - watchfiles.main - DEBUG - 1 change detected: {(<Change.modified: 2>, '/workspace/app/backend/logs/app_20260519_064008.log')}
2026-05-19 06:42:02,726 - watchfiles.main - DEBUG - 1 change detected: {(<Change.modified: 2>, '/workspace/app/backend/logs/app_20260519_064008.log')}
2026-05-19 06:42:03,077 - watchfiles.main - DEBUG - 1 change detected: {(<Change.modified: 2>, '/workspace/app/backend/logs/app_20260519_064008.log')}
2026-05-19 06:42:03,428 - watchfiles.main - DEBUG - 1 change detected: {(<Change.modified: 2>, '/workspace/app/backend/logs/app_20260519_064008.log')}
2026-05-19 06:42:03,779 - watchfiles.main - DEBUG - 1 change detected: {(<Change.modified: 2>, '/workspace/app/backend/logs/app_20260519_064008.log')}
2026-05-19 06:42:04,130 - watchfiles.main - DEBUG - 1 change detected: {(<Change.modified: 2>, '/workspace/app/backend/logs/app_20260519_064008.log')}
2026-05-19 06:42:04,481 - watchfiles.main - DEBUG - 2 changes detected: {(<Change.modified: 2>, '/workspace/app/backend/logs/app_20260519_064053.log'), (<Change.modified: 2>, '/workspace/app/backend/logs/app_20260519_064008.log')}
2026-05-19 06:42:04,832 - watchfiles.main - DEBUG - 2 changes detected: {(<Change.modified: 2>, '/workspace/app/backend/logs/app_20260519_064053.log'), (<Change.modified: 2>, '/workspace/app/backend/logs/app_20260519_064008.log')}
2026-05-19 06:42:05,183 - watchfiles.main - DEBUG - 1 change detected: {(<Change.modified: 2>, '/workspace/app/backend/logs/app_20260519_064008.log')}
2026-05-19 06:42:05,534 - watchfiles.main - DEBUG - 1 change detected: {(<Change.modified: 2>, '/workspace/app/backend/logs/app_20260519_064008.log')}
2026-05-19 06:42:05,885 - watchfiles.main - DEBUG - 1 change detected: {(<Change.modified: 2>, '/workspace/app/backend/logs/app_20260519_064008.log')}
2026-05-19 06:42:06,236 - watchfiles.main - DEBUG - 1 change detected: {(<Change.modified: 2>, '/workspace/app/backend/logs/app_20260519_064008.log')}
2026-05-19 06:42:06,587 - watchfiles.main - DEBUG - 1 change detected: {(<Change.modified: 2>, '/workspace/app/backend/logs/app_20260519_064008.log')}
2026-05-19 06:42:06,938 - watchfiles.main - DEBUG - 1 change detected: {(<Change.modified: 2>, '/workspace/app/backend/logs/app_20260519_064008.log')}
2026-05-19 06:42:07,289 - watchfiles.main - DEBUG - 1 change detected: {(<Change.modified: 2>, '/workspace/app/backend/logs/app_20260519_064008.log')}
2026-05-19 06:42:07,640 - watchfiles.main - DEBUG - 1 change detected: {(<Change.modified: 2>, '/workspace/app/backend/logs/app_20260519_064008.log')}
2026-05-19 06:42:07,991 - watchfiles.main - DEBUG - 1 change detected: {(<Change.modified: 2>, '/workspace/app/backend/logs/app_20260519_064008.log')}
2026-05-19 06:42:08,342 - watchfiles.main - DEBUG - 1 change detected: {(<Change.modified: 2>, '/workspace/app/backend/logs/app_20260519_064008.log')}
2026-05-19 06:42:08,693 - watchfiles.main - DEBUG - 1 change detected: {(<Change.modified: 2>, '/workspace/app/backend/logs/app_20260519_064008.log')}
2026-05-19 06:42:09,044 - watchfiles.main - DEBUG - 1 change detected: {(<Change.modified: 2>, '/workspace/app/backend/logs/app_20260519_064008.log')}
2026-05-19 06:42:09,395 - watchfiles.main - DEBUG - 1 change detected: {(<Change.modified: 2>, '/workspace/app/backend/logs/app_20260519_064008.log')}
2026-05-19 06:42:09,746 - watchfiles.main - DEBUG - 2 changes detected: {(<Change.modified: 2>, '/workspace/app/backend/logs/app_20260519_064053.log'), (<Change.modified: 2>, '/workspace/app/backend/logs/app_20260519_064008.log')}
2026-05-19 06:42:10,097 - watchfiles.main - DEBUG - 1 change detected: {(<Change.modified: 2>, '/workspace/app/backend/logs/app_20260519_064008.log')}
2026-05-19 06:42:10,447 - watchfiles.main - DEBUG - 2 changes detected: {(<Change.modified: 2>, '/workspace/app/backend/logs/app_20260519_064053.log'), (<Change.modified: 2>, '/workspace/app/backend/logs/app_20260519_064008.log')}
2026-05-19 06:42:10,798 - watchfiles.main - DEBUG - 2 changes detected: {(<Change.modified: 2>, '/workspace/app/backend/logs/app_20260519_064053.log'), (<Change.modified: 2>, '/workspace/app/backend/logs/app_20260519_064008.log')}
2026-05-19 06:42:11,150 - watchfiles.main - DEBUG - 2 changes detected: {(<Change.modified: 2>, '/workspace/app/backend/logs/app_20260519_064053.log'), (<Change.modified: 2>, '/workspace/app/backend/logs/app_20260519_064008.log')}
2026-05-19 06:42:11,501 - watchfiles.main - DEBUG - 1 change detected: {(<Change.modified: 2>, '/workspace/app/backend/logs/app_20260519_064008.log')}
2026-05-19 06:42:11,852 - watchfiles.main - DEBUG - 1 change detected: {(<Change.modified: 2>, '/workspace/app/backend/logs/app_20260519_064008.log')}
2026-05-19 06:42:12,203 - watchfiles.main - DEBUG - 1 change detected: {(<Change.modified: 2>, '/workspace/app/backend/logs/app_20260519_064008.log')}
2026-05-19 06:42:12,554 - watchfiles.main - DEBUG - 1 change detected: {(<Change.modified: 2>, '/workspace/app/backend/logs/app_20260519_064008.log')}
2026-05-19 06:42:12,905 - watchfiles.main - DEBUG - 1 change detected: {(<Change.modified: 2>, '/workspace/app/backend/logs/app_20260519_064008.log')}
2026-05-19 06:42:13,256 - watchfiles.main - DEBUG - 1 change detected: {(<Change.modified: 2>, '/workspace/app/backend/logs/app_20260519_064008.log')}
2026-05-19 06:42:13,607 - watchfiles.main - DEBUG - 1 change detected: {(<Change.modified: 2>, '/workspace/app/backend/logs/app_20260519_064008.log')}
2026-05-19 06:42:13,958 - watchfiles.main - DEBUG - 2 changes detected: {(<Change.modified: 2>, '/workspace/app/backend/logs/app_20260519_064053.log'), (<Change.modified: 2>, '/workspace/app/backend/logs/app_20260519_064008.log')}
2026-05-19 06:42:14,309 - watchfiles.main - DEBUG - 2 changes detected: {(<Change.modified: 2>, '/workspace/app/backend/logs/app_20260519_064053.log'), (<Change.modified: 2>, '/workspace/app/backend/logs/app_20260519_064008.log')}
2026-05-19 06:42:14,661 - watchfiles.main - DEBUG - 1 change detected: {(<Change.modified: 2>, '/workspace/app/backend/logs/app_20260519_064008.log')}
2026-05-19 06:42:15,012 - watchfiles.main - DEBUG - 1 change detected: {(<Change.modified: 2>, '/workspace/app/backend/logs/app_20260519_064008.log')}
2026-05-19 06:42:15,362 - watchfiles.main - DEBUG - 1 change detected: {(<Change.modified: 2>, '/workspace/app/backend/logs/app_20260519_064008.log')}
2026-05-19 06:42:15,713 - watchfiles.main - DEBUG - 1 change detected: {(<Change.modified: 2>, '/workspace/app/backend/logs/app_20260519_064008.log')}
2026-05-19 06:42:16,064 - watchfiles.main - DEBUG - 1 change detected: {(<Change.modified: 2>, '/workspace/app/backend/logs/app_20260519_064008.log')}
2026-05-19 06:42:16,415 - watchfiles.main - DEBUG - 1 change detected: {(<Change.modified: 2>, '/workspace/app/backend/logs/app_20260519_064008.log')}
2026-05-19 06:42:16,766 - watchfiles.main - DEBUG - 1 change detected: {(<Change.modified: 2>, '/workspace/app/backend/logs/app_20260519_064008.log')}
2026-05-19 06:42:17,117 - watchfiles.main - DEBUG - 1 change detected: {(<Change.modified: 2>, '/workspace/app/backend/logs/app_20260519_064008.log')}
2026-05-19 06:42:17,468 - watchfiles.main - DEBUG - 1 change detected: {(<Change.modified: 2>, '/workspace/app/backend/logs/app_20260519_064008.log')}
2026-05-19 06:42:17,819 - watchfiles.main - DEBUG - 1 change detected: {(<Change.modified: 2>, '/workspace/app/backend/logs/app_20260519_064008.log')}
2026-05-19 06:42:18,170 - watchfiles.main - DEBUG - 1 change detected: {(<Change.modified: 2>, '/workspace/app/backend/logs/app_20260519_064008.log')}
2026-05-19 06:42:18,521 - watchfiles.main - DEBUG - 1 change detected: {(<Change.modified: 2>, '/workspace/app/backend/logs/app_20260519_064008.log')}
2026-05-19 06:42:18,872 - watchfiles.main - DEBUG - 1 change detected: {(<Change.modified: 2>, '/workspace/app/backend/logs/app_20260519_064008.log')}
2026-05-19 06:42:19,223 - watchfiles.main - DEBUG - 1 change detected: {(<Change.modified: 2>, '/workspace/app/backend/logs/app_20260519_064008.log')}
2026-05-19 06:42:19,574 - watchfiles.main - DEBUG - 1 change detected: {(<Change.modified: 2>, '/workspace/app/backend/logs/app_20260519_064008.log')}
2026-05-19 06:42:19,925 - watchfiles.main - DEBUG - 1 change detected: {(<Change.modified: 2>, '/workspace/app/backend/logs/app_20260519_064008.log')}
2026-05-19 06:42:20,276 - watchfiles.main - DEBUG - 1 change detected: {(<Change.modified: 2>, '/workspace/app/backend/logs/app_20260519_064008.log')}
2026-05-19 06:42:20,627 - watchfiles.main - DEBUG - 1 change detected: {(<Change.modified: 2>, '/workspace/app/backend/logs/app_20260519_064008.log')}
2026-05-19 06:42:20,978 - watchfiles.main - DEBUG - 1 change detected: {(<Change.modified: 2>, '/workspace/app/backend/logs/app_20260519_064008.log')}
2026-05-19 06:42:21,329 - watchfiles.main - DEBUG - 1 change detected: {(<Change.modified: 2>, '/workspace/app/backend/logs/app_20260519_064008.log')}
2026-05-19 06:42:21,680 - watchfiles.main - DEBUG - 1 change detected: {(<Change.modified: 2>, '/workspace/app/backend/logs/app_20260519_064008.log')}
2026-05-19 06:42:22,031 - watchfiles.main - DEBUG - 1 change detected: {(<Change.modified: 2>, '/workspace/app/backend/logs/app_20260519_064008.log')}
2026-05-19 06:42:22,382 - watchfiles.main - DEBUG - 1 change detected: {(<Change.modified: 2>, '/workspace/app/backend/logs/app_20260519_064008.log')}
2026-05-19 06:42:22,733 - watchfiles.main - DEBUG - 1 change detected: {(<Change.modified: 2>, '/workspace/app/backend/logs/app_20260519_064008.log')}
2026-05-19 06:42:23,084 - watchfiles.main - DEBUG - 1 change detected: {(<Change.modified: 2>, '/workspace/app/backend/logs/app_20260519_064008.log')}
2026-05-19 06:42:23,434 - watchfiles.main - DEBUG - 1 change detected: {(<Change.modified: 2>, '/workspace/app/backend/logs/app_20260519_064008.log')}
2026-05-19 06:42:23,786 - watchfiles.main - DEBUG - 1 change detected: {(<Change.modified: 2>, '/workspace/app/backend/logs/app_20260519_064008.log')}
2026-05-19 06:42:24,137 - watchfiles.main - DEBUG - 1 change detected: {(<Change.modified: 2>, '/workspace/app/backend/logs/app_20260519_064008.log')}
2026-05-19 06:42:24,487 - watchfiles.main - DEBUG - 1 change detected: {(<Change.modified: 2>, '/workspace/app/backend/logs/app_20260519_064008.log')}
2026-05-19 06:42:24,838 - watchfiles.main - DEBUG - 1 change detected: {(<Change.modified: 2>, '/workspace/app/backend/logs/app_20260519_064008.log')}
2026-05-19 06:42:25,189 - watchfiles.main - DEBUG - 1 change detected: {(<Change.modified: 2>, '/workspace/app/backend/logs/app_20260519_064008.log')}
2026-05-19 06:42:25,540 - watchfiles.main - DEBUG - 1 change detected: {(<Change.modified: 2>, '/workspace/app/backend/logs/app_20260519_064008.log')}
2026-05-19 06:42:25,891 - watchfiles.main - DEBUG - 1 change detected: {(<Change.modified: 2>, '/workspace/app/backend/logs/app_20260519_064008.log')}
2026-05-19 06:42:26,242 - watchfiles.main - DEBUG - 1 change detected: {(<Change.modified: 2>, '/workspace/app/backend/logs/app_20260519_064008.log')}
2026-05-19 06:42:26,593 - watchfiles.main - DEBUG - 1 change detected: {(<Change.modified: 2>, '/workspace/app/backend/logs/app_20260519_064008.log')}
2026-05-19 06:42:26,944 - watchfiles.main - DEBUG - 1 change detected: {(<Change.modified: 2>, '/workspace/app/backend/logs/app_20260519_064008.log')}
2026-05-19 06:42:27,295 - watchfiles.main - DEBUG - 2 changes detected: {(<Change.modified: 2>, '/workspace/app/backend/logs/app_20260519_064053.log'), (<Change.modified: 2>, '/workspace/app/backend/logs/app_20260519_064008.log')}
2026-05-19 06:42:27,646 - watchfiles.main - DEBUG - 1 change detected: {(<Change.modified: 2>, '/workspace/app/backend/logs/app_20260519_064008.log')}
2026-05-19 06:42:27,997 - watchfiles.main - DEBUG - 1 change detected: {(<Change.modified: 2>, '/workspace/app/backend/logs/app_20260519_064008.log')}
2026-05-19 06:42:28,348 - watchfiles.main - DEBUG - 2 changes detected: {(<Change.modified: 2>, '/workspace/app/backend/logs/app_20260519_064053.log'), (<Change.modified: 2>, '/workspace/app/backend/logs/app_20260519_064008.log')}
2026-05-19 06:42:28,699 - watchfiles.main - DEBUG - 1 change detected: {(<Change.modified: 2>, '/workspace/app/backend/logs/app_20260519_064008.log')}
2026-05-19 06:42:29,050 - watchfiles.main - DEBUG - 2 changes detected: {(<Change.modified: 2>, '/workspace/app/backend/logs/app_20260519_064053.log'), (<Change.modified: 2>, '/workspace/app/backend/logs/app_20260519_064008.log')}
2026-05-19 06:42:29,401 - watchfiles.main - DEBUG - 1 change detected: {(<Change.modified: 2>, '/workspace/app/backend/logs/app_20260519_064008.log')}
2026-05-19 06:42:29,752 - watchfiles.main - DEBUG - 1 change detected: {(<Change.modified: 2>, '/workspace/app/backend/logs/app_20260519_064008.log')}
2026-05-19 06:42:30,104 - watchfiles.main - DEBUG - 1 change detected: {(<Change.modified: 2>, '/workspace/app/backend/logs/app_20260519_064008.log')}
2026-05-19 06:42:30,455 - watchfiles.main - DEBUG - 2 changes detected: {(<Change.modified: 2>, '/workspace/app/backend/logs/app_20260519_064053.log'), (<Change.modified: 2>, '/workspace/app/backend/logs/app_20260519_064008.log')}
2026-05-19 06:42:30,806 - watchfiles.main - DEBUG - 1 change detected: {(<Change.modified: 2>, '/workspace/app/backend/logs/app_20260519_064008.log')}
2026-05-19 06:42:31,156 - watchfiles.main - DEBUG - 2 changes detected: {(<Change.modified: 2>, '/workspace/app/backend/logs/app_20260519_064053.log'), (<Change.modified: 2>, '/workspace/app/backend/logs/app_20260519_064008.log')}
2026-05-19 06:42:31,507 - watchfiles.main - DEBUG - 1 change detected: {(<Change.modified: 2>, '/workspace/app/backend/logs/app_20260519_064008.log')}
2026-05-19 06:42:31,858 - watchfiles.main - DEBUG - 1 change detected: {(<Change.modified: 2>, '/workspace/app/backend/logs/app_20260519_064008.log')}
2026-05-19 06:42:32,210 - watchfiles.main - DEBUG - 1 change detected: {(<Change.modified: 2>, '/workspace/app/backend/logs/app_20260519_064008.log')}
2026-05-19 06:42:32,561 - watchfiles.main - DEBUG - 1 change detected: {(<Change.modified: 2>, '/workspace/app/backend/logs/app_20260519_064008.log')}
2026-05-19 06:42:32,912 - watchfiles.main - DEBUG - 1 change detected: {(<Change.modified: 2>, '/workspace/app/backend/logs/app_20260519_064008.log')}
2026-05-19 06:42:33,263 - watchfiles.main - DEBUG - 1 change detected: {(<Change.modified: 2>, '/workspace/app/backend/logs/app_20260519_064008.log')}
2026-05-19 06:42:33,614 - watchfiles.main - DEBUG - 1 change detected: {(<Change.modified: 2>, '/workspace/app/backend/logs/app_20260519_064008.log')}
2026-05-19 06:42:33,965 - watchfiles.main - DEBUG - 1 change detected: {(<Change.modified: 2>, '/workspace/app/backend/logs/app_20260519_064008.log')}
2026-05-19 06:42:34,316 - watchfiles.main - DEBUG - 1 change detected: {(<Change.modified: 2>, '/workspace/app/backend/logs/app_20260519_064008.log')}
2026-05-19 06:42:34,667 - watchfiles.main - DEBUG - 1 change detected: {(<Change.modified: 2>, '/workspace/app/backend/logs/app_20260519_064008.log')}
2026-05-19 06:42:35,018 - watchfiles.main - DEBUG - 1 change detected: {(<Change.modified: 2>, '/workspace/app/backend/logs/app_20260519_064008.log')}
2026-05-19 06:42:35,369 - watchfiles.main - DEBUG - 1 change detected: {(<Change.modified: 2>, '/workspace/app/backend/logs/app_20260519_064008.log')}
2026-05-19 06:42:35,720 - watchfiles.main - DEBUG - 1 change detected: {(<Change.modified: 2>, '/workspace/app/backend/logs/app_20260519_064008.log')}
2026-05-19 06:42:36,071 - watchfiles.main - DEBUG - 1 change detected: {(<Change.modified: 2>, '/workspace/app/backend/logs/app_20260519_064008.log')}
2026-05-19 06:42:36,422 - watchfiles.main - DEBUG - 1 change detected: {(<Change.modified: 2>, '/workspace/app/backend/logs/app_20260519_064008.log')}
2026-05-19 06:42:36,773 - watchfiles.main - DEBUG - 1 change detected: {(<Change.modified: 2>, '/workspace/app/backend/logs/app_20260519_064008.log')}
2026-05-19 06:42:37,124 - watchfiles.main - DEBUG - 1 change detected: {(<Change.modified: 2>, '/workspace/app/backend/logs/app_20260519_064008.log')}
2026-05-19 06:42:37,475 - watchfiles.main - DEBUG - 1 change detected: {(<Change.modified: 2>, '/workspace/app/backend/logs/app_20260519_064008.log')}
2026-05-19 06:42:37,826 - watchfiles.main - DEBUG - 1 change detected: {(<Change.modified: 2>, '/workspace/app/backend/logs/app_20260519_064008.log')}
2026-05-19 06:42:38,177 - watchfiles.main - DEBUG - 1 change detected: {(<Change.modified: 2>, '/workspace/app/backend/logs/app_20260519_064008.log')}
2026-05-19 06:42:38,528 - watchfiles.main - DEBUG - 1 change detected: {(<Change.modified: 2>, '/workspace/app/backend/logs/app_20260519_064008.log')}
2026-05-19 06:42:38,878 - watchfiles.main - DEBUG - 1 change detected: {(<Change.modified: 2>, '/workspace/app/backend/logs/app_20260519_064008.log')}
2026-05-19 06:42:39,229 - watchfiles.main - DEBUG - 1 change detected: {(<Change.modified: 2>, '/workspace/app/backend/logs/app_20260519_064008.log')}
2026-05-19 06:42:39,580 - watchfiles.main - DEBUG - 1 change detected: {(<Change.modified: 2>, '/workspace/app/backend/logs/app_20260519_064008.log')}
2026-05-19 06:42:39,932 - watchfiles.main - DEBUG - 1 change detected: {(<Change.modified: 2>, '/workspace/app/backend/logs/app_20260519_064008.log')}
2026-05-19 06:42:40,283 - watchfiles.main - DEBUG - 1 change detected: {(<Change.modified: 2>, '/workspace/app/backend/logs/app_20260519_064008.log')}
2026-05-19 06:42:40,635 - watchfiles.main - DEBUG - 1 change detected: {(<Change.modified: 2>, '/workspace/app/backend/logs/app_20260519_064008.log')}
2026-05-19 06:42:40,986 - watchfiles.main - DEBUG - 1 change detected: {(<Change.modified: 2>, '/workspace/app/backend/logs/app_20260519_064008.log')}
2026-05-19 06:42:41,337 - watchfiles.main - DEBUG - 1 change detected: {(<Change.modified: 2>, '/workspace/app/backend/logs/app_20260519_064008.log')}
2026-05-19 06:42:41,688 - watchfiles.main - DEBUG - 1 change detected: {(<Change.modified: 2>, '/workspace/app/backend/logs/app_20260519_064008.log')}
2026-05-19 06:42:42,039 - watchfiles.main - DEBUG - 1 change detected: {(<Change.modified: 2>, '/workspace/app/backend/logs/app_20260519_064008.log')}
2026-05-19 06:42:42,389 - watchfiles.main - DEBUG - 1 change detected: {(<Change.modified: 2>, '/workspace/app/backend/logs/app_20260519_064008.log')}
2026-05-19 06:42:42,741 - watchfiles.main - DEBUG - 1 change detected: {(<Change.modified: 2>, '/workspace/app/backend/logs/app_20260519_064008.log')}
2026-05-19 06:42:43,092 - watchfiles.main - DEBUG - 1 change detected: {(<Change.modified: 2>, '/workspace/app/backend/logs/app_20260519_064008.log')}
2026-05-19 06:42:43,443 - watchfiles.main - DEBUG - 1 change detected: {(<Change.modified: 2>, '/workspace/app/backend/logs/app_20260519_064008.log')}
2026-05-19 06:42:43,794 - watchfiles.main - DEBUG - 1 change detected: {(<Change.modified: 2>, '/workspace/app/backend/logs/app_20260519_064008.log')}
2026-05-19 06:42:44,146 - watchfiles.main - DEBUG - 1 change detected: {(<Change.modified: 2>, '/workspace/app/backend/logs/app_20260519_064008.log')}
2026-05-19 06:42:44,497 - watchfiles.main - DEBUG - 1 change detected: {(<Change.modified: 2>, '/workspace/app/backend/logs/app_20260519_064008.log')}
2026-05-19 06:42:44,848 - watchfiles.main - DEBUG - 1 change detected: {(<Change.modified: 2>, '/workspace/app/backend/logs/app_20260519_064008.log')}
2026-05-19 06:42:45,199 - watchfiles.main - DEBUG - 1 change detected: {(<Change.modified: 2>, '/workspace/app/backend/logs/app_20260519_064008.log')}
2026-05-19 06:42:45,550 - watchfiles.main - DEBUG - 1 change detected: {(<Change.modified: 2>, '/workspace/app/backend/logs/app_20260519_064008.log')}
2026-05-19 06:42:45,901 - watchfiles.main - DEBUG - 1 change detected: {(<Change.modified: 2>, '/workspace/app/backend/logs/app_20260519_064008.log')}
2026-05-19 06:42:46,252 - watchfiles.main - DEBUG - 1 change detected: {(<Change.modified: 2>, '/workspace/app/backend/logs/app_20260519_064008.log')}
2026-05-19 06:42:46,603 - watchfiles.main - DEBUG - 1 change detected: {(<Change.modified: 2>, '/workspace/app/backend/logs/app_20260519_064008.log')}
2026-05-19 06:42:46,954 - watchfiles.main - DEBUG - 1 change detected: {(<Change.modified: 2>, '/workspace/app/backend/logs/app_20260519_064008.log')}
2026-05-19 06:42:47,304 - watchfiles.main - DEBUG - 1 change detected: {(<Change.modified: 2>, '/workspace/app/backend/logs/app_20260519_064008.log')}
2026-05-19 06:42:47,655 - watchfiles.main - DEBUG - 1 change detected: {(<Change.modified: 2>, '/workspace/app/backend/logs/app_20260519_064008.log')}
2026-05-19 06:42:48,006 - watchfiles.main - DEBUG - 1 change detected: {(<Change.modified: 2>, '/workspace/app/backend/logs/app_20260519_064008.log')}
2026-05-19 06:42:48,357 - watchfiles.main - DEBUG - 1 change detected: {(<Change.modified: 2>, '/workspace/app/backend/logs/app_20260519_064008.log')}
2026-05-19 06:42:48,708 - watchfiles.main - DEBUG - 1 change detected: {(<Change.modified: 2>, '/workspace/app/backend/logs/app_20260519_064008.log')}
2026-05-19 06:42:49,059 - watchfiles.main - DEBUG - 1 change detected: {(<Change.modified: 2>, '/workspace/app/backend/logs/app_20260519_064008.log')}
2026-05-19 06:42:49,410 - watchfiles.main - DEBUG - 1 change detected: {(<Change.modified: 2>, '/workspace/app/backend/logs/app_20260519_064008.log')}
2026-05-19 06:42:49,761 - watchfiles.main - DEBUG - 1 change detected: {(<Change.modified: 2>, '/workspace/app/backend/logs/app_20260519_064008.log')}
2026-05-19 06:42:50,112 - watchfiles.main - DEBUG - 1 change detected: {(<Change.modified: 2>, '/workspace/app/backend/logs/app_20260519_064008.log')}
2026-05-19 06:42:50,463 - watchfiles.main - DEBUG - 1 change detected: {(<Change.modified: 2>, '/workspace/app/backend/logs/app_20260519_064008.log')}
2026-05-19 06:42:50,814 - watchfiles.main - DEBUG - 1 change detected: {(<Change.modified: 2>, '/workspace/app/backend/logs/app_20260519_064008.log')}
2026-05-19 06:42:51,165 - watchfiles.main - DEBUG - 1 change detected: {(<Change.modified: 2>, '/workspace/app/backend/logs/app_20260519_064008.log')}
2026-05-19 06:42:51,516 - watchfiles.main - DEBUG - 1 change detected: {(<Change.modified: 2>, '/workspace/app/backend/logs/app_20260519_064008.log')}
2026-05-19 06:42:51,867 - watchfiles.main - DEBUG - 1 change detected: {(<Change.modified: 2>, '/workspace/app/backend/logs/app_20260519_064008.log')}
2026-05-19 06:42:52,218 - watchfiles.main - DEBUG - 2 changes detected: {(<Change.modified: 2>, '/workspace/app/backend/logs/app_20260519_064053.log'), (<Change.modified: 2>, '/workspace/app/backend/logs/app_20260519_064008.log')}
2026-05-19 06:42:52,569 - watchfiles.main - DEBUG - 2 changes detected: {(<Change.modified: 2>, '/workspace/app/backend/logs/app_20260519_064053.log'), (<Change.modified: 2>, '/workspace/app/backend/logs/app_20260519_064008.log')}
2026-05-19 06:42:52,920 - watchfiles.main - DEBUG - 1 change detected: {(<Change.modified: 2>, '/workspace/app/backend/logs/app_20260519_064008.log')}
2026-05-19 06:42:53,271 - watchfiles.main - DEBUG - 1 change detected: {(<Change.modified: 2>, '/workspace/app/backend/logs/app_20260519_064008.log')}
2026-05-19 06:42:53,622 - watchfiles.main - DEBUG - 1 change detected: {(<Change.modified: 2>, '/workspace/app/backend/logs/app_20260519_064008.log')}
2026-05-19 06:42:53,974 - watchfiles.main - DEBUG - 2 changes detected: {(<Change.modified: 2>, '/workspace/app/backend/logs/app_20260519_064053.log'), (<Change.modified: 2>, '/workspace/app/backend/logs/app_20260519_064008.log')}
