2026-05-19 08:23:26,389 - main - INFO - === Logging system initialized ===
2026-05-19 08:23:26,389 - main - INFO - Log file: logs/app_20260519_082326.log
2026-05-19 08:23:26,389 - main - INFO - Log level: INFO
2026-05-19 08:23:26,390 - main - INFO - Timestamp: 20260519_082326
2026-05-19 08:23:27,290 - main - INFO - Included router: routers.aihub.router
2026-05-19 08:23:27,317 - main - INFO - Included router: routers.auth.router
2026-05-19 08:23:27,319 - main - INFO - Included router: routers.health.router
2026-05-19 08:23:27,370 - main - INFO - Included router: routers.reservations.router
2026-05-19 08:23:27,415 - main - INFO - Included router: routers.salons.router
2026-05-19 08:23:27,439 - main - INFO - Included router: routers.settings.router
2026-05-19 08:23:27,481 - main - INFO - Included router: routers.storage.router
2026-05-19 08:23:27,490 - main - INFO - Included router: routers.user.router
2026-05-19 08:23:27,491 - main - INFO - === Application startup initiated ===
2026-05-19 08:23:27,491 - services.database - INFO - Ignore creating tables
2026-05-19 08:23:27,491 - services.mock_data - INFO - Ignore initialize data
2026-05-19 08:23:27,491 - services.auth - INFO - Ignore initialize admin
2026-05-19 08:23:27,491 - main - INFO - === Application startup completed successfully ===
2026-05-19 08:23:34,477 - core.config - DEBUG - Read dynamic attribute jwt_secret_key from environment variable JWT_SECRET_KEY
2026-05-19 08:23:34,477 - core.config - DEBUG - Read dynamic attribute jwt_algorithm from environment variable JWT_ALGORITHM
2026-05-19 08:23:34,636 - core.auth - DEBUG - Authentication token validated for user hash: 3d1d0765
2026-05-19 08:23:34,930 - core.database - DEBUG - [DB_OP] Starting get_db session creation
2026-05-19 08:23:34,930 - core.database - WARNING - Database session maker not available, attempting lazy initialization...
2026-05-19 08:23:34,931 - core.database - WARNING - Database not initialized, attempting lazy initialization...
2026-05-19 08:23:34,931 - core.database - INFO - Starting database initialization...
2026-05-19 08:23:34,931 - core.config - DEBUG - Read dynamic attribute database_url from environment variable DATABASE_URL
2026-05-19 08:23:34,931 - core.database - INFO - Normalizing database URL for async compatibility...
2026-05-19 08:23:34,932 - core.database - INFO - Creating async database engine...
2026-05-19 08:23:34,932 - core.database - INFO - Using QueuePool with connection pooling for non-Lambda environment
2026-05-19 08:23:34,985 - core.database - INFO - Database engine created successfully
2026-05-19 08:23:34,985 - core.database - INFO - Creating async session maker...
2026-05-19 08:23:34,985 - core.database - INFO - Async session maker created successfully
2026-05-19 08:23:34,985 - core.database - INFO - Database connection initialized successfully
2026-05-19 08:23:34,985 - core.database - DEBUG - [DB_OP] Starting create_tables
2026-05-19 08:23:34,986 - core.database - INFO - 🔧 Starting table creation...
2026-05-19 08:23:36,482 - core.database - INFO - Tables initialized successfully
2026-05-19 08:23:36,483 - core.database - DEBUG - [DB_OP] Create tables completed in 1.4971s
2026-05-19 08:23:36,546 - core.database - INFO - Lazy database initialization completed successfully
2026-05-19 08:23:36,546 - core.database - DEBUG - [DB_OP] Database session created successfully in 1.6162s
2026-05-19 08:23:36,547 - routers.reservations - DEBUG - Querying reservationss: query={"reservation_date__gte":"2026-05-01","reservation_date__lte":"2026-05-31"}, sort=reservation_date, skip=0, limit=200, fields=None
2026-05-19 08:23:37,121 - routers.reservations - DEBUG - Found 1 reservationss
2026-05-19 08:23:37,123 - core.database - DEBUG - [DB_OP] Database session cleanup after 2.1932s
2026-05-19 08:24:26,512 - dependencies.auth - DEBUG - Authentication required for request GET /api/v1/auth/me
2026-05-19 08:24:52,811 - dependencies.auth - DEBUG - Authentication required for request GET /api/v1/auth/me
2026-05-19 08:25:04,228 - services.database - DEBUG - [DB_OP] Starting database close
2026-05-19 08:25:04,295 - core.database - INFO - Database connection closed and engine disposed
2026-05-19 08:25:04,296 - services.database - INFO - Database connections closed
2026-05-19 08:25:04,296 - services.database - DEBUG - [DB_OP] Database close completed in 0.0678s
