2026-05-24 14:40:25,273 - main - INFO - === Logging system initialized ===
2026-05-24 14:40:25,273 - main - INFO - Log file: logs/app_20260524_144025.log
2026-05-24 14:40:25,273 - main - INFO - Log level: INFO
2026-05-24 14:40:25,273 - main - INFO - Timestamp: 20260524_144025
2026-05-24 14:40:26,070 - main - INFO - Included router: routers.aihub.router
2026-05-24 14:40:26,088 - main - INFO - Included router: routers.auth.router
2026-05-24 14:40:26,089 - main - INFO - Included router: routers.health.router
2026-05-24 14:40:26,146 - main - INFO - Included router: routers.printer_settings.router
2026-05-24 14:40:26,215 - main - INFO - Included router: routers.reservations.router
2026-05-24 14:40:26,263 - main - INFO - Included router: routers.salons.router
2026-05-24 14:40:26,285 - main - INFO - Included router: routers.settings.router
2026-05-24 14:40:26,322 - main - INFO - Included router: routers.storage.router
2026-05-24 14:40:26,329 - main - INFO - Included router: routers.user.router
2026-05-24 14:40:26,330 - main - INFO - === Application startup initiated ===
2026-05-24 14:40:26,330 - services.database - INFO - Ignore creating tables
2026-05-24 14:40:26,331 - services.mock_data - INFO - Ignore initialize data
2026-05-24 14:40:26,331 - services.auth - INFO - Ignore initialize admin
2026-05-24 14:40:26,331 - main - INFO - === Application startup completed successfully ===
2026-05-24 14:40:31,950 - core.config - DEBUG - Read dynamic attribute jwt_secret_key from environment variable JWT_SECRET_KEY
2026-05-24 14:40:31,950 - core.config - DEBUG - Read dynamic attribute jwt_algorithm from environment variable JWT_ALGORITHM
2026-05-24 14:40:32,161 - core.auth - DEBUG - Authentication token validated for user hash: 3d1d0765
2026-05-24 14:40:32,454 - core.auth - DEBUG - Authentication token validated for user hash: 3d1d0765
2026-05-24 14:40:32,455 - core.database - DEBUG - [DB_OP] Starting get_db session creation
2026-05-24 14:40:32,455 - core.database - WARNING - Database session maker not available, attempting lazy initialization...
2026-05-24 14:40:32,455 - core.database - WARNING - Database not initialized, attempting lazy initialization...
2026-05-24 14:40:32,455 - core.database - INFO - Starting database initialization...
2026-05-24 14:40:32,456 - core.config - DEBUG - Read dynamic attribute database_url from environment variable DATABASE_URL
2026-05-24 14:40:32,456 - core.database - INFO - Normalizing database URL for async compatibility...
2026-05-24 14:40:32,457 - core.database - INFO - Creating async database engine...
2026-05-24 14:40:32,457 - core.database - INFO - Using QueuePool with connection pooling for non-Lambda environment
2026-05-24 14:40:32,509 - core.database - INFO - Database engine created successfully
2026-05-24 14:40:32,509 - core.database - INFO - Creating async session maker...
2026-05-24 14:40:32,509 - core.database - INFO - Async session maker created successfully
2026-05-24 14:40:32,509 - core.database - INFO - Database connection initialized successfully
2026-05-24 14:40:32,509 - core.database - DEBUG - [DB_OP] Starting create_tables
2026-05-24 14:40:32,510 - core.database - INFO - 🔧 Starting table creation...
2026-05-24 14:40:32,570 - core.database - DEBUG - [DB_OP] Starting get_db session creation
2026-05-24 14:40:32,570 - core.database - DEBUG - [DB_OP] Database session created successfully in 0.0004s
2026-05-24 14:40:32,571 - routers.reservations - DEBUG - Querying reservationss: query={"reservation_date__gte":"2026-05-01","reservation_date__lte":"2026-05-31"}, sort=reservation_date, skip=0, limit=200, fields=None
2026-05-24 14:40:33,958 - routers.reservations - DEBUG - Found 2 reservationss
2026-05-24 14:40:33,959 - core.database - DEBUG - [DB_OP] Database session cleanup after 1.3890s
2026-05-24 14:40:34,084 - core.database - INFO - Tables initialized successfully
2026-05-24 14:40:34,084 - core.database - DEBUG - [DB_OP] Create tables completed in 1.5744s
2026-05-24 14:40:34,148 - core.database - INFO - Lazy database initialization completed successfully
2026-05-24 14:40:34,149 - core.database - DEBUG - [DB_OP] Database session created successfully in 1.6939s
2026-05-24 14:40:34,149 - routers.printer_settings - DEBUG - Querying printer_settingss: query=None, sort=None, skip=0, limit=20, fields=None
2026-05-24 14:40:34,719 - routers.printer_settings - DEBUG - Found 1 printer_settingss
2026-05-24 14:40:34,720 - core.database - DEBUG - [DB_OP] Database session cleanup after 2.2654s
2026-05-24 14:41:02,687 - core.database - DEBUG - [DB_OP] Starting get_db session creation
2026-05-24 14:41:02,687 - core.database - DEBUG - [DB_OP] Database session created successfully in 0.0003s
2026-05-24 14:41:02,687 - routers.reservations - DEBUG - Querying reservationss: query={"reservation_date__gte":"2026-05-01","reservation_date__lte":"2026-05-31"}, sort=reservation_date, skip=0, limit=200, fields=None
2026-05-24 14:41:03,263 - routers.reservations - DEBUG - Found 2 reservationss
2026-05-24 14:41:03,264 - core.database - DEBUG - [DB_OP] Database session cleanup after 0.5772s
2026-05-24 14:41:32,682 - core.database - DEBUG - [DB_OP] Starting get_db session creation
2026-05-24 14:41:32,682 - core.database - DEBUG - [DB_OP] Database session created successfully in 0.0004s
2026-05-24 14:41:32,682 - routers.reservations - DEBUG - Querying reservationss: query={"reservation_date__gte":"2026-05-01","reservation_date__lte":"2026-05-31"}, sort=reservation_date, skip=0, limit=200, fields=None
2026-05-24 14:41:33,063 - routers.reservations - DEBUG - Found 2 reservationss
2026-05-24 14:41:33,064 - core.database - DEBUG - [DB_OP] Database session cleanup after 0.3825s
2026-05-24 14:42:02,665 - core.database - DEBUG - [DB_OP] Starting get_db session creation
2026-05-24 14:42:02,665 - core.database - DEBUG - [DB_OP] Database session created successfully in 0.0003s
2026-05-24 14:42:02,666 - routers.reservations - DEBUG - Querying reservationss: query={"reservation_date__gte":"2026-05-01","reservation_date__lte":"2026-05-31"}, sort=reservation_date, skip=0, limit=200, fields=None
2026-05-24 14:42:03,050 - routers.reservations - DEBUG - Found 2 reservationss
2026-05-24 14:42:03,051 - core.database - DEBUG - [DB_OP] Database session cleanup after 0.3858s
2026-05-24 14:42:32,664 - core.database - DEBUG - [DB_OP] Starting get_db session creation
2026-05-24 14:42:32,664 - core.database - DEBUG - [DB_OP] Database session created successfully in 0.0003s
2026-05-24 14:42:32,665 - routers.reservations - DEBUG - Querying reservationss: query={"reservation_date__gte":"2026-05-01","reservation_date__lte":"2026-05-31"}, sort=reservation_date, skip=0, limit=200, fields=None
2026-05-24 14:42:33,046 - routers.reservations - DEBUG - Found 2 reservationss
2026-05-24 14:42:33,047 - core.database - DEBUG - [DB_OP] Database session cleanup after 0.3829s
2026-05-24 14:43:02,661 - core.database - DEBUG - [DB_OP] Starting get_db session creation
2026-05-24 14:43:02,662 - core.database - DEBUG - [DB_OP] Database session created successfully in 0.0004s
2026-05-24 14:43:02,662 - routers.reservations - DEBUG - Querying reservationss: query={"reservation_date__gte":"2026-05-01","reservation_date__lte":"2026-05-31"}, sort=reservation_date, skip=0, limit=200, fields=None
2026-05-24 14:43:03,045 - routers.reservations - DEBUG - Found 2 reservationss
2026-05-24 14:43:03,046 - core.database - DEBUG - [DB_OP] Database session cleanup after 0.3847s
2026-05-24 14:43:32,663 - core.database - DEBUG - [DB_OP] Starting get_db session creation
2026-05-24 14:43:32,663 - core.database - DEBUG - [DB_OP] Database session created successfully in 0.0004s
2026-05-24 14:43:32,663 - routers.reservations - DEBUG - Querying reservationss: query={"reservation_date__gte":"2026-05-01","reservation_date__lte":"2026-05-31"}, sort=reservation_date, skip=0, limit=200, fields=None
2026-05-24 14:43:33,044 - routers.reservations - DEBUG - Found 2 reservationss
2026-05-24 14:43:33,044 - core.database - DEBUG - [DB_OP] Database session cleanup after 0.3815s
2026-05-24 14:44:44,675 - core.database - DEBUG - [DB_OP] Starting get_db session creation
2026-05-24 14:44:44,675 - core.database - DEBUG - [DB_OP] Database session created successfully in 0.0004s
2026-05-24 14:44:44,675 - routers.reservations - DEBUG - Querying reservationss: query={"reservation_date__gte":"2026-05-01","reservation_date__lte":"2026-05-31"}, sort=reservation_date, skip=0, limit=200, fields=None
2026-05-24 14:44:45,058 - routers.reservations - DEBUG - Found 2 reservationss
2026-05-24 14:44:45,058 - core.database - DEBUG - [DB_OP] Database session cleanup after 0.3839s
2026-05-24 14:45:32,483 - core.database - DEBUG - [DB_OP] Starting get_db session creation
2026-05-24 14:45:32,484 - core.database - DEBUG - [DB_OP] Database session created successfully in 0.0004s
2026-05-24 14:45:32,484 - routers.reservations - DEBUG - Querying reservationss: query={"reservation_date__gte":"2026-05-01","reservation_date__lte":"2026-05-31"}, sort=reservation_date, skip=0, limit=200, fields=None
2026-05-24 14:45:32,864 - routers.reservations - DEBUG - Found 2 reservationss
2026-05-24 14:45:32,865 - core.database - DEBUG - [DB_OP] Database session cleanup after 0.3820s
2026-05-24 14:46:02,402 - core.database - DEBUG - [DB_OP] Starting get_db session creation
2026-05-24 14:46:02,403 - core.database - DEBUG - [DB_OP] Database session created successfully in 0.0008s
2026-05-24 14:46:02,404 - routers.reservations - DEBUG - Querying reservationss: query={"reservation_date__gte":"2026-05-01","reservation_date__lte":"2026-05-31"}, sort=reservation_date, skip=0, limit=200, fields=None
2026-05-24 14:46:02,789 - routers.reservations - DEBUG - Found 2 reservationss
2026-05-24 14:46:02,790 - core.database - DEBUG - [DB_OP] Database session cleanup after 0.3873s
2026-05-24 14:46:32,653 - core.database - DEBUG - [DB_OP] Starting get_db session creation
2026-05-24 14:46:32,653 - core.database - DEBUG - [DB_OP] Database session created successfully in 0.0004s
2026-05-24 14:46:32,654 - routers.reservations - DEBUG - Querying reservationss: query={"reservation_date__gte":"2026-05-01","reservation_date__lte":"2026-05-31"}, sort=reservation_date, skip=0, limit=200, fields=None
2026-05-24 14:46:33,160 - routers.reservations - DEBUG - Found 2 reservationss
2026-05-24 14:46:33,160 - core.database - DEBUG - [DB_OP] Database session cleanup after 0.5072s
2026-05-24 14:47:02,641 - core.database - DEBUG - [DB_OP] Starting get_db session creation
2026-05-24 14:47:02,641 - core.database - DEBUG - [DB_OP] Database session created successfully in 0.0005s
2026-05-24 14:47:02,642 - routers.reservations - DEBUG - Querying reservationss: query={"reservation_date__gte":"2026-05-01","reservation_date__lte":"2026-05-31"}, sort=reservation_date, skip=0, limit=200, fields=None
2026-05-24 14:47:03,153 - routers.reservations - DEBUG - Found 2 reservationss
2026-05-24 14:47:03,154 - core.database - DEBUG - [DB_OP] Database session cleanup after 0.5128s
2026-05-24 14:47:44,709 - core.database - DEBUG - [DB_OP] Starting get_db session creation
2026-05-24 14:47:44,710 - core.database - DEBUG - [DB_OP] Database session created successfully in 0.0004s
2026-05-24 14:47:44,710 - routers.reservations - DEBUG - Querying reservationss: query={"reservation_date__gte":"2026-05-01","reservation_date__lte":"2026-05-31"}, sort=reservation_date, skip=0, limit=200, fields=None
2026-05-24 14:47:45,089 - routers.reservations - DEBUG - Found 2 reservationss
2026-05-24 14:47:45,089 - core.database - DEBUG - [DB_OP] Database session cleanup after 0.3802s
2026-05-24 14:48:21,796 - core.database - DEBUG - [DB_OP] Starting get_db session creation
2026-05-24 14:48:21,796 - core.database - DEBUG - [DB_OP] Database session created successfully in 0.0004s
2026-05-24 14:48:21,796 - routers.reservations - DEBUG - Querying reservationss: query={"reservation_date__gte":"2026-05-01","reservation_date__lte":"2026-05-31"}, sort=reservation_date, skip=0, limit=200, fields=None
2026-05-24 14:48:22,459 - routers.reservations - DEBUG - Found 2 reservationss
2026-05-24 14:48:22,459 - core.database - DEBUG - [DB_OP] Database session cleanup after 0.6637s
2026-05-24 14:48:32,640 - core.database - DEBUG - [DB_OP] Starting get_db session creation
2026-05-24 14:48:32,640 - core.database - DEBUG - [DB_OP] Database session created successfully in 0.0003s
2026-05-24 14:48:32,640 - routers.reservations - DEBUG - Querying reservationss: query={"reservation_date__gte":"2026-05-01","reservation_date__lte":"2026-05-31"}, sort=reservation_date, skip=0, limit=200, fields=None
2026-05-24 14:48:33,022 - routers.reservations - DEBUG - Found 2 reservationss
2026-05-24 14:48:33,022 - core.database - DEBUG - [DB_OP] Database session cleanup after 0.3830s
2026-05-24 14:49:02,632 - core.database - DEBUG - [DB_OP] Starting get_db session creation
2026-05-24 14:49:02,633 - core.database - DEBUG - [DB_OP] Database session created successfully in 0.0003s
2026-05-24 14:49:02,633 - routers.reservations - DEBUG - Querying reservationss: query={"reservation_date__gte":"2026-05-01","reservation_date__lte":"2026-05-31"}, sort=reservation_date, skip=0, limit=200, fields=None
2026-05-24 14:49:03,017 - routers.reservations - DEBUG - Found 2 reservationss
2026-05-24 14:49:03,017 - core.database - DEBUG - [DB_OP] Database session cleanup after 0.3849s
2026-05-24 14:49:44,679 - core.database - DEBUG - [DB_OP] Starting get_db session creation
2026-05-24 14:49:44,679 - core.database - DEBUG - [DB_OP] Database session created successfully in 0.0004s
2026-05-24 14:49:44,679 - routers.reservations - DEBUG - Querying reservationss: query={"reservation_date__gte":"2026-05-01","reservation_date__lte":"2026-05-31"}, sort=reservation_date, skip=0, limit=200, fields=None
2026-05-24 14:49:45,060 - routers.reservations - DEBUG - Found 2 reservationss
2026-05-24 14:49:45,060 - core.database - DEBUG - [DB_OP] Database session cleanup after 0.3818s
2026-05-24 14:50:44,847 - core.database - DEBUG - [DB_OP] Starting get_db session creation
2026-05-24 14:50:44,848 - core.database - DEBUG - [DB_OP] Database session created successfully in 0.0004s
2026-05-24 14:50:44,848 - routers.reservations - DEBUG - Querying reservationss: query={"reservation_date__gte":"2026-05-01","reservation_date__lte":"2026-05-31"}, sort=reservation_date, skip=0, limit=200, fields=None
2026-05-24 14:50:45,232 - routers.reservations - DEBUG - Found 2 reservationss
2026-05-24 14:50:45,233 - core.database - DEBUG - [DB_OP] Database session cleanup after 0.3856s
2026-05-24 14:51:44,619 - core.database - DEBUG - [DB_OP] Starting get_db session creation
2026-05-24 14:51:44,620 - core.database - DEBUG - [DB_OP] Database session created successfully in 0.0005s
2026-05-24 14:51:44,620 - routers.reservations - DEBUG - Querying reservationss: query={"reservation_date__gte":"2026-05-01","reservation_date__lte":"2026-05-31"}, sort=reservation_date, skip=0, limit=200, fields=None
2026-05-24 14:51:45,127 - routers.reservations - DEBUG - Found 2 reservationss
2026-05-24 14:51:45,128 - core.database - DEBUG - [DB_OP] Database session cleanup after 0.5087s
2026-05-24 14:52:44,617 - core.database - DEBUG - [DB_OP] Starting get_db session creation
2026-05-24 14:52:44,618 - core.database - DEBUG - [DB_OP] Database session created successfully in 0.0004s
2026-05-24 14:52:44,618 - routers.reservations - DEBUG - Querying reservationss: query={"reservation_date__gte":"2026-05-01","reservation_date__lte":"2026-05-31"}, sort=reservation_date, skip=0, limit=200, fields=None
2026-05-24 14:52:45,131 - routers.reservations - DEBUG - Found 2 reservationss
2026-05-24 14:52:45,132 - core.database - DEBUG - [DB_OP] Database session cleanup after 0.5142s
2026-05-24 14:53:44,608 - core.database - DEBUG - [DB_OP] Starting get_db session creation
2026-05-24 14:53:44,609 - core.database - DEBUG - [DB_OP] Database session created successfully in 0.0005s
2026-05-24 14:53:44,609 - routers.reservations - DEBUG - Querying reservationss: query={"reservation_date__gte":"2026-05-01","reservation_date__lte":"2026-05-31"}, sort=reservation_date, skip=0, limit=200, fields=None
2026-05-24 14:53:44,990 - routers.reservations - DEBUG - Found 2 reservationss
2026-05-24 14:53:44,990 - core.database - DEBUG - [DB_OP] Database session cleanup after 0.3820s
2026-05-24 14:54:44,618 - core.database - DEBUG - [DB_OP] Starting get_db session creation
2026-05-24 14:54:44,618 - core.database - DEBUG - [DB_OP] Database session created successfully in 0.0004s
2026-05-24 14:54:44,619 - routers.reservations - DEBUG - Querying reservationss: query={"reservation_date__gte":"2026-05-01","reservation_date__lte":"2026-05-31"}, sort=reservation_date, skip=0, limit=200, fields=None
2026-05-24 14:54:45,002 - routers.reservations - DEBUG - Found 2 reservationss
2026-05-24 14:54:45,003 - core.database - DEBUG - [DB_OP] Database session cleanup after 0.3853s
2026-05-24 14:55:44,596 - core.database - DEBUG - [DB_OP] Starting get_db session creation
2026-05-24 14:55:44,596 - core.database - DEBUG - [DB_OP] Database session created successfully in 0.0004s
2026-05-24 14:55:44,597 - routers.reservations - DEBUG - Querying reservationss: query={"reservation_date__gte":"2026-05-01","reservation_date__lte":"2026-05-31"}, sort=reservation_date, skip=0, limit=200, fields=None
2026-05-24 14:55:44,978 - routers.reservations - DEBUG - Found 2 reservationss
2026-05-24 14:55:44,979 - core.database - DEBUG - [DB_OP] Database session cleanup after 0.3829s
2026-05-24 14:56:44,594 - core.database - DEBUG - [DB_OP] Starting get_db session creation
2026-05-24 14:56:44,595 - core.database - DEBUG - [DB_OP] Database session created successfully in 0.0007s
2026-05-24 14:56:44,595 - routers.reservations - DEBUG - Querying reservationss: query={"reservation_date__gte":"2026-05-01","reservation_date__lte":"2026-05-31"}, sort=reservation_date, skip=0, limit=200, fields=None
2026-05-24 14:56:44,978 - routers.reservations - DEBUG - Found 2 reservationss
2026-05-24 14:56:44,979 - core.database - DEBUG - [DB_OP] Database session cleanup after 0.3845s
2026-05-24 14:57:44,590 - core.database - DEBUG - [DB_OP] Starting get_db session creation
2026-05-24 14:57:44,590 - core.database - DEBUG - [DB_OP] Database session created successfully in 0.0005s
2026-05-24 14:57:44,591 - routers.reservations - DEBUG - Querying reservationss: query={"reservation_date__gte":"2026-05-01","reservation_date__lte":"2026-05-31"}, sort=reservation_date, skip=0, limit=200, fields=None
2026-05-24 14:57:45,096 - routers.reservations - DEBUG - Found 2 reservationss
2026-05-24 14:57:45,097 - core.database - DEBUG - [DB_OP] Database session cleanup after 0.5069s
2026-05-24 14:58:44,593 - core.database - DEBUG - [DB_OP] Starting get_db session creation
2026-05-24 14:58:44,593 - core.database - DEBUG - [DB_OP] Database session created successfully in 0.0003s
2026-05-24 14:58:44,594 - routers.reservations - DEBUG - Querying reservationss: query={"reservation_date__gte":"2026-05-01","reservation_date__lte":"2026-05-31"}, sort=reservation_date, skip=0, limit=200, fields=None
2026-05-24 14:58:45,102 - routers.reservations - DEBUG - Found 2 reservationss
2026-05-24 14:58:45,103 - core.database - DEBUG - [DB_OP] Database session cleanup after 0.5097s
2026-05-24 14:59:44,581 - core.database - DEBUG - [DB_OP] Starting get_db session creation
2026-05-24 14:59:44,582 - core.database - DEBUG - [DB_OP] Database session created successfully in 0.0005s
2026-05-24 14:59:44,582 - routers.reservations - DEBUG - Querying reservationss: query={"reservation_date__gte":"2026-05-01","reservation_date__lte":"2026-05-31"}, sort=reservation_date, skip=0, limit=200, fields=None
2026-05-24 14:59:44,961 - routers.reservations - DEBUG - Found 2 reservationss
2026-05-24 14:59:44,962 - core.database - DEBUG - [DB_OP] Database session cleanup after 0.3812s
2026-05-24 15:00:44,593 - core.database - DEBUG - [DB_OP] Starting get_db session creation
2026-05-24 15:00:44,594 - core.database - DEBUG - [DB_OP] Database session created successfully in 0.0005s
2026-05-24 15:00:44,594 - routers.reservations - DEBUG - Querying reservationss: query={"reservation_date__gte":"2026-05-01","reservation_date__lte":"2026-05-31"}, sort=reservation_date, skip=0, limit=200, fields=None
2026-05-24 15:00:44,979 - routers.reservations - DEBUG - Found 2 reservationss
2026-05-24 15:00:44,980 - core.database - DEBUG - [DB_OP] Database session cleanup after 0.3869s
2026-05-24 15:00:45,217 - services.database - DEBUG - [DB_OP] Starting database close
2026-05-24 15:00:45,350 - core.database - INFO - Database connection closed and engine disposed
2026-05-24 15:00:45,350 - services.database - INFO - Database connections closed
2026-05-24 15:00:45,350 - services.database - DEBUG - [DB_OP] Database close completed in 0.1331s
