2026-05-27 14:51:43,963 - main - INFO - === Logging system initialized ===
2026-05-27 14:51:43,963 - main - INFO - Log file: logs/app_20260527_145143.log
2026-05-27 14:51:43,963 - main - INFO - Log level: INFO
2026-05-27 14:51:43,963 - main - INFO - Timestamp: 20260527_145143
2026-05-27 14:51:44,900 - main - INFO - Included router: routers.aihub.router
2026-05-27 14:51:44,927 - main - INFO - Included router: routers.auth.router
2026-05-27 14:51:44,979 - main - INFO - Included router: routers.clients.router
2026-05-27 14:51:44,995 - main - INFO - Included router: routers.google_calendar.router
2026-05-27 14:51:44,997 - main - INFO - Included router: routers.health.router
2026-05-27 14:51:45,050 - main - INFO - Included router: routers.printer_settings.router
2026-05-27 14:51:45,117 - main - INFO - Included router: routers.reservations.router
2026-05-27 14:51:45,170 - main - INFO - Included router: routers.salons.router
2026-05-27 14:51:45,193 - main - INFO - Included router: routers.settings.router
2026-05-27 14:51:45,237 - main - INFO - Included router: routers.storage.router
2026-05-27 14:51:45,251 - main - INFO - Included router: routers.user.router
2026-05-27 14:51:45,253 - main - INFO - === Application startup initiated ===
2026-05-27 14:51:45,253 - services.database - INFO - Ignore creating tables
2026-05-27 14:51:45,253 - services.mock_data - INFO - Ignore initialize data
2026-05-27 14:51:45,253 - services.auth - INFO - Ignore initialize admin
2026-05-27 14:51:45,253 - main - INFO - === Application startup completed successfully ===
2026-05-27 14:55:15,566 - core.config - DEBUG - Read dynamic attribute jwt_secret_key from environment variable JWT_SECRET_KEY
2026-05-27 14:55:15,566 - core.config - DEBUG - Read dynamic attribute jwt_algorithm from environment variable JWT_ALGORITHM
2026-05-27 14:55:15,584 - core.auth - DEBUG - Authentication token validated for user hash: 3d1d0765
2026-05-27 14:55:16,042 - core.auth - DEBUG - Authentication token validated for user hash: 3d1d0765
2026-05-27 14:55:16,042 - core.database - DEBUG - [DB_OP] Starting get_db session creation
2026-05-27 14:55:16,042 - core.database - WARNING - Database session maker not available, attempting lazy initialization...
2026-05-27 14:55:16,042 - core.database - WARNING - Database not initialized, attempting lazy initialization...
2026-05-27 14:55:16,042 - core.database - INFO - Starting database initialization...
2026-05-27 14:55:16,042 - core.config - DEBUG - Read dynamic attribute database_url from environment variable DATABASE_URL
2026-05-27 14:55:16,043 - core.database - INFO - Normalizing database URL for async compatibility...
2026-05-27 14:55:16,043 - core.database - INFO - Creating async database engine...
2026-05-27 14:55:16,044 - core.database - INFO - Using QueuePool with connection pooling for non-Lambda environment
2026-05-27 14:55:16,199 - core.database - INFO - Database engine created successfully
2026-05-27 14:55:16,199 - core.database - INFO - Creating async session maker...
2026-05-27 14:55:16,199 - core.database - INFO - Async session maker created successfully
2026-05-27 14:55:16,199 - core.database - INFO - Database connection initialized successfully
2026-05-27 14:55:16,199 - core.database - DEBUG - [DB_OP] Starting create_tables
2026-05-27 14:55:16,199 - core.database - INFO - 🔧 Starting table creation...
2026-05-27 14:55:16,207 - core.database - DEBUG - [DB_OP] Starting get_db session creation
2026-05-27 14:55:16,208 - core.database - DEBUG - [DB_OP] Database session created successfully in 0.0003s
2026-05-27 14:55:16,208 - routers.reservations - DEBUG - Querying reservationss: query={"reservation_date__gte":"2026-05-01","reservation_date__lte":"2026-05-31"}, sort=reservation_date, skip=0, limit=200, fields=None
2026-05-27 14:55:17,587 - routers.reservations - DEBUG - Found 9 reservationss
2026-05-27 14:55:17,588 - core.database - DEBUG - [DB_OP] Database session cleanup after 1.3805s
2026-05-27 14:55:17,780 - core.database - INFO - Tables initialized successfully
2026-05-27 14:55:17,781 - core.database - DEBUG - [DB_OP] Create tables completed in 1.5813s
2026-05-27 14:55:17,844 - core.database - INFO - Lazy database initialization completed successfully
2026-05-27 14:55:17,845 - core.database - DEBUG - [DB_OP] Database session created successfully in 1.8027s
2026-05-27 14:55:17,845 - routers.printer_settings - DEBUG - Querying printer_settingss: query=None, sort=None, skip=0, limit=20, fields=None
2026-05-27 14:55:18,419 - routers.printer_settings - DEBUG - Found 1 printer_settingss
2026-05-27 14:55:18,419 - core.database - DEBUG - [DB_OP] Database session cleanup after 2.3774s
2026-05-27 14:55:38,348 - core.auth - DEBUG - Authentication token validated for user hash: 3d1d0765
2026-05-27 14:55:39,132 - core.database - DEBUG - [DB_OP] Starting get_db session creation
2026-05-27 14:55:39,133 - core.database - DEBUG - [DB_OP] Database session created successfully in 0.0004s
2026-05-27 14:55:39,133 - routers.reservations - DEBUG - Querying reservationss: query={"reservation_date__gte":"2026-05-01","reservation_date__lte":"2026-05-31"}, sort=reservation_date, skip=0, limit=200, fields=None
2026-05-27 14:55:39,135 - core.auth - DEBUG - Authentication token validated for user hash: 3d1d0765
2026-05-27 14:55:39,135 - core.database - DEBUG - [DB_OP] Starting get_db session creation
2026-05-27 14:55:39,135 - core.database - DEBUG - [DB_OP] Database session created successfully in 0.0002s
2026-05-27 14:55:39,136 - routers.printer_settings - DEBUG - Querying printer_settingss: query=None, sort=None, skip=0, limit=20, fields=None
2026-05-27 14:55:39,515 - routers.printer_settings - DEBUG - Found 1 printer_settingss
2026-05-27 14:55:39,516 - core.database - DEBUG - [DB_OP] Database session cleanup after 0.3808s
2026-05-27 14:55:39,709 - routers.reservations - DEBUG - Found 9 reservationss
2026-05-27 14:55:39,710 - core.database - DEBUG - [DB_OP] Database session cleanup after 0.5775s
2026-05-27 14:56:09,268 - core.database - DEBUG - [DB_OP] Starting get_db session creation
2026-05-27 14:56:09,268 - core.database - DEBUG - [DB_OP] Database session created successfully in 0.0005s
2026-05-27 14:56:09,269 - routers.reservations - DEBUG - Querying reservationss: query={"reservation_date__gte":"2026-05-01","reservation_date__lte":"2026-05-31"}, sort=reservation_date, skip=0, limit=200, fields=None
2026-05-27 14:56:09,651 - routers.reservations - DEBUG - Found 9 reservationss
2026-05-27 14:56:09,652 - core.database - DEBUG - [DB_OP] Database session cleanup after 0.3842s
2026-05-27 14:56:39,138 - core.database - DEBUG - [DB_OP] Starting get_db session creation
2026-05-27 14:56:39,139 - core.database - DEBUG - [DB_OP] Database session created successfully in 0.0005s
2026-05-27 14:56:39,139 - routers.reservations - DEBUG - Querying reservationss: query={"reservation_date__gte":"2026-05-01","reservation_date__lte":"2026-05-31"}, sort=reservation_date, skip=0, limit=200, fields=None
2026-05-27 14:56:39,524 - routers.reservations - DEBUG - Found 9 reservationss
2026-05-27 14:56:39,525 - core.database - DEBUG - [DB_OP] Database session cleanup after 0.3867s
2026-05-27 14:57:09,127 - core.database - DEBUG - [DB_OP] Starting get_db session creation
2026-05-27 14:57:09,128 - core.database - DEBUG - [DB_OP] Database session created successfully in 0.0005s
2026-05-27 14:57:09,128 - routers.reservations - DEBUG - Querying reservationss: query={"reservation_date__gte":"2026-05-01","reservation_date__lte":"2026-05-31"}, sort=reservation_date, skip=0, limit=200, fields=None
2026-05-27 14:57:09,509 - routers.reservations - DEBUG - Found 9 reservationss
2026-05-27 14:57:09,510 - core.database - DEBUG - [DB_OP] Database session cleanup after 0.3833s
2026-05-27 14:57:39,259 - core.database - DEBUG - [DB_OP] Starting get_db session creation
2026-05-27 14:57:39,260 - core.database - DEBUG - [DB_OP] Database session created successfully in 0.0004s
2026-05-27 14:57:39,260 - routers.reservations - DEBUG - Querying reservationss: query={"reservation_date__gte":"2026-05-01","reservation_date__lte":"2026-05-31"}, sort=reservation_date, skip=0, limit=200, fields=None
2026-05-27 14:57:39,645 - routers.reservations - DEBUG - Found 9 reservationss
2026-05-27 14:57:39,646 - core.database - DEBUG - [DB_OP] Database session cleanup after 0.3866s
2026-05-27 14:58:09,211 - core.database - DEBUG - [DB_OP] Starting get_db session creation
2026-05-27 14:58:09,212 - core.database - DEBUG - [DB_OP] Database session created successfully in 0.0004s
2026-05-27 14:58:09,212 - routers.reservations - DEBUG - Querying reservationss: query={"reservation_date__gte":"2026-05-01","reservation_date__lte":"2026-05-31"}, sort=reservation_date, skip=0, limit=200, fields=None
2026-05-27 14:58:09,594 - routers.reservations - DEBUG - Found 9 reservationss
2026-05-27 14:58:09,595 - core.database - DEBUG - [DB_OP] Database session cleanup after 0.3838s
2026-05-27 14:58:39,251 - core.database - DEBUG - [DB_OP] Starting get_db session creation
2026-05-27 14:58:39,251 - core.database - DEBUG - [DB_OP] Database session created successfully in 0.0005s
2026-05-27 14:58:39,251 - routers.reservations - DEBUG - Querying reservationss: query={"reservation_date__gte":"2026-05-01","reservation_date__lte":"2026-05-31"}, sort=reservation_date, skip=0, limit=200, fields=None
2026-05-27 14:58:39,636 - routers.reservations - DEBUG - Found 9 reservationss
2026-05-27 14:58:39,638 - core.database - DEBUG - [DB_OP] Database session cleanup after 0.3873s
2026-05-27 14:59:09,251 - core.database - DEBUG - [DB_OP] Starting get_db session creation
2026-05-27 14:59:09,251 - core.database - DEBUG - [DB_OP] Database session created successfully in 0.0004s
2026-05-27 14:59:09,252 - routers.reservations - DEBUG - Querying reservationss: query={"reservation_date__gte":"2026-05-01","reservation_date__lte":"2026-05-31"}, sort=reservation_date, skip=0, limit=200, fields=None
2026-05-27 14:59:09,634 - routers.reservations - DEBUG - Found 9 reservationss
2026-05-27 14:59:09,635 - core.database - DEBUG - [DB_OP] Database session cleanup after 0.3839s
2026-05-27 14:59:39,120 - core.database - DEBUG - [DB_OP] Starting get_db session creation
2026-05-27 14:59:39,121 - core.database - DEBUG - [DB_OP] Database session created successfully in 0.0016s
2026-05-27 14:59:39,122 - routers.reservations - DEBUG - Querying reservationss: query={"reservation_date__gte":"2026-05-01","reservation_date__lte":"2026-05-31"}, sort=reservation_date, skip=0, limit=200, fields=None
2026-05-27 14:59:39,508 - routers.reservations - DEBUG - Found 9 reservationss
2026-05-27 14:59:39,509 - core.database - DEBUG - [DB_OP] Database session cleanup after 0.3893s
2026-05-27 15:00:09,105 - core.database - DEBUG - [DB_OP] Starting get_db session creation
2026-05-27 15:00:09,106 - core.database - DEBUG - [DB_OP] Database session created successfully in 0.0005s
2026-05-27 15:00:09,106 - routers.reservations - DEBUG - Querying reservationss: query={"reservation_date__gte":"2026-05-01","reservation_date__lte":"2026-05-31"}, sort=reservation_date, skip=0, limit=200, fields=None
2026-05-27 15:00:09,551 - routers.reservations - DEBUG - Found 9 reservationss
2026-05-27 15:00:09,552 - core.database - DEBUG - [DB_OP] Database session cleanup after 0.4465s
2026-05-27 15:00:14,366 - core.database - DEBUG - [DB_OP] Starting get_db session creation
2026-05-27 15:00:14,366 - core.database - DEBUG - [DB_OP] Database session created successfully in 0.0003s
2026-05-27 15:00:14,367 - routers.salons - DEBUG - Querying salonss: query={}, sort=None, skip=0, limit=50, fields=None
2026-05-27 15:00:14,879 - routers.salons - DEBUG - Found 1 salonss
2026-05-27 15:00:14,880 - core.database - DEBUG - [DB_OP] Database session cleanup after 0.5140s
2026-05-27 15:00:17,454 - core.database - DEBUG - [DB_OP] Starting get_db session creation
2026-05-27 15:00:17,454 - core.database - DEBUG - [DB_OP] Database session created successfully in 0.0004s
2026-05-27 15:00:17,455 - routers.clients - DEBUG - Querying clientss: query={"phone__contains":"22998006174"}, sort=name, skip=0, limit=10, fields=None
2026-05-27 15:00:17,965 - routers.clients - DEBUG - Found 1 clientss
2026-05-27 15:00:17,966 - core.database - DEBUG - [DB_OP] Database session cleanup after 0.5116s
2026-05-27 15:00:23,378 - core.auth - DEBUG - Authentication token validated for user hash: 3d1d0765
2026-05-27 15:00:23,380 - core.database - DEBUG - [DB_OP] Starting get_db session creation
2026-05-27 15:00:23,380 - core.database - DEBUG - [DB_OP] Database session created successfully in 0.0006s
2026-05-27 15:00:23,381 - routers.reservations - DEBUG - Creating new reservations with data: client_name='Jorge Eduardo Barcelos Ottoni Guedes' client_phone='22998006174' client_email='JORGE@FORNERIAGIORGIO.COM' reservation_date=datetime.date(2026, 5, 28) reservation_time='19:00' party_size=5 salon='ANEXO' notes='' status='a confirmar' preference='Rodízio' calendar_event_id=None
2026-05-27 15:00:24,340 - services.reservations - INFO - Created reservations with id: 11
2026-05-27 15:00:24,340 - routers.reservations - INFO - Reservations created successfully with id: 11
2026-05-27 15:00:24,341 - core.database - DEBUG - [DB_OP] Database session cleanup after 0.9611s
2026-05-27 15:00:24,549 - routers.google_calendar - INFO - Creating calendar event: Reserva - Jorge Eduardo Barcelos Ottoni Guedes
2026-05-27 15:00:24,636 - httpcore.connection - DEBUG - connect_tcp.started host='oauth2.googleapis.com' port=443 local_address=None timeout=10.0 socket_options=None
2026-05-27 15:00:24,654 - httpcore.connection - DEBUG - connect_tcp.complete return_value=<httpcore._backends.anyio.AnyIOStream object at 0x7f5e8dd7b010>
2026-05-27 15:00:24,654 - httpcore.connection - DEBUG - start_tls.started ssl_context=<ssl.SSLContext object at 0x7f5e8debb140> server_hostname='oauth2.googleapis.com' timeout=10.0
2026-05-27 15:00:24,664 - httpcore.connection - DEBUG - start_tls.complete return_value=<httpcore._backends.anyio.AnyIOStream object at 0x7f5e8ffb1360>
2026-05-27 15:00:24,665 - httpcore.http11 - DEBUG - send_request_headers.started request=<Request [b'POST']>
2026-05-27 15:00:24,666 - httpcore.http11 - DEBUG - send_request_headers.complete
2026-05-27 15:00:24,666 - httpcore.http11 - DEBUG - send_request_body.started request=<Request [b'POST']>
2026-05-27 15:00:24,666 - httpcore.http11 - DEBUG - send_request_body.complete
2026-05-27 15:00:24,666 - httpcore.http11 - DEBUG - receive_response_headers.started request=<Request [b'POST']>
2026-05-27 15:00:24,714 - httpcore.http11 - DEBUG - receive_response_headers.complete return_value=(b'HTTP/1.1', 401, b'Unauthorized', [(b'Cache-Control', b'no-cache, no-store, max-age=0, must-revalidate'), (b'Expires', b'Mon, 01 Jan 1990 00:00:00 GMT'), (b'Date', b'Wed, 27 May 2026 22:00:24 GMT'), (b'Pragma', b'no-cache'), (b'Content-Type', b'application/json; charset=utf-8'), (b'Vary', b'Origin'), (b'Vary', b'X-Origin'), (b'Vary', b'Referer'), (b'Content-Encoding', b'gzip'), (b'Server', b'scaffolding on HTTPServer2'), (b'X-XSS-Protection', b'0'), (b'X-Frame-Options', b'SAMEORIGIN'), (b'X-Content-Type-Options', b'nosniff'), (b'Alt-Svc', b'h3=":443"; ma=2592000,h3-29=":443"; ma=2592000'), (b'Transfer-Encoding', b'chunked')])
2026-05-27 15:00:24,715 - httpx - INFO - HTTP Request: POST https://oauth2.googleapis.com/token "HTTP/1.1 401 Unauthorized"
2026-05-27 15:00:24,715 - httpcore.http11 - DEBUG - receive_response_body.started request=<Request [b'POST']>
2026-05-27 15:00:24,716 - httpcore.http11 - DEBUG - receive_response_body.complete
2026-05-27 15:00:24,716 - httpcore.http11 - DEBUG - response_closed.started
2026-05-27 15:00:24,716 - httpcore.http11 - DEBUG - response_closed.complete
2026-05-27 15:00:24,716 - httpcore.connection - DEBUG - close.started
2026-05-27 15:00:24,717 - httpcore.connection - DEBUG - close.complete
2026-05-27 15:00:24,717 - routers.google_calendar - ERROR - Failed to get access token: 401 {
  "error": "deleted_client",
  "error_description": "The OAuth client was deleted."
}
2026-05-27 15:00:24,935 - core.database - DEBUG - [DB_OP] Starting get_db session creation
2026-05-27 15:00:24,935 - core.database - DEBUG - [DB_OP] Database session created successfully in 0.0004s
2026-05-27 15:00:24,936 - routers.clients - DEBUG - Querying clientss: query={"phone":"22998006174"}, sort=None, skip=0, limit=1, fields=None
2026-05-27 15:00:25,447 - routers.clients - DEBUG - Found 1 clientss
2026-05-27 15:00:25,448 - core.database - DEBUG - [DB_OP] Database session cleanup after 0.5133s
2026-05-27 15:00:25,679 - core.database - DEBUG - [DB_OP] Starting get_db session creation
2026-05-27 15:00:25,680 - core.database - DEBUG - [DB_OP] Database session created successfully in 0.0007s
2026-05-27 15:00:25,680 - routers.reservations - DEBUG - Querying reservationss: query={}, sort=-reservation_date, skip=0, limit=100, fields=None
2026-05-27 15:00:26,189 - routers.reservations - DEBUG - Found 10 reservationss
2026-05-27 15:00:26,190 - core.database - DEBUG - [DB_OP] Database session cleanup after 0.5115s
2026-05-27 15:02:52,579 - core.auth - DEBUG - Authentication token validated for user hash: 3d1d0765
2026-05-27 15:02:53,191 - core.database - DEBUG - [DB_OP] Starting get_db session creation
2026-05-27 15:02:53,192 - core.database - DEBUG - [DB_OP] Database session created successfully in 0.0004s
2026-05-27 15:02:53,192 - routers.reservations - DEBUG - Querying reservationss: query={"reservation_date__gte":"2026-05-01","reservation_date__lte":"2026-05-31"}, sort=reservation_date, skip=0, limit=200, fields=None
2026-05-27 15:02:53,194 - core.auth - DEBUG - Authentication token validated for user hash: 3d1d0765
2026-05-27 15:02:53,194 - core.database - DEBUG - [DB_OP] Starting get_db session creation
2026-05-27 15:02:53,194 - core.database - DEBUG - [DB_OP] Database session created successfully in 0.0007s
2026-05-27 15:02:53,195 - routers.printer_settings - DEBUG - Querying printer_settingss: query=None, sort=None, skip=0, limit=20, fields=None
2026-05-27 15:02:53,577 - routers.printer_settings - DEBUG - Found 1 printer_settingss
2026-05-27 15:02:53,578 - core.database - DEBUG - [DB_OP] Database session cleanup after 0.3839s
2026-05-27 15:02:53,766 - routers.reservations - DEBUG - Found 10 reservationss
2026-05-27 15:02:53,768 - core.database - DEBUG - [DB_OP] Database session cleanup after 0.5766s
2026-05-27 15:03:23,197 - core.database - DEBUG - [DB_OP] Starting get_db session creation
2026-05-27 15:03:23,197 - core.database - DEBUG - [DB_OP] Database session created successfully in 0.0005s
2026-05-27 15:03:23,197 - routers.reservations - DEBUG - Querying reservationss: query={"reservation_date__gte":"2026-05-01","reservation_date__lte":"2026-05-31"}, sort=reservation_date, skip=0, limit=200, fields=None
2026-05-27 15:03:23,580 - routers.reservations - DEBUG - Found 10 reservationss
2026-05-27 15:03:23,581 - core.database - DEBUG - [DB_OP] Database session cleanup after 0.3842s
2026-05-27 15:03:53,228 - core.database - DEBUG - [DB_OP] Starting get_db session creation
2026-05-27 15:03:53,228 - core.database - DEBUG - [DB_OP] Database session created successfully in 0.0005s
2026-05-27 15:03:53,229 - routers.reservations - DEBUG - Querying reservationss: query={"reservation_date__gte":"2026-05-01","reservation_date__lte":"2026-05-31"}, sort=reservation_date, skip=0, limit=200, fields=None
2026-05-27 15:03:53,612 - routers.reservations - DEBUG - Found 10 reservationss
2026-05-27 15:03:53,613 - core.database - DEBUG - [DB_OP] Database session cleanup after 0.3850s
2026-05-27 15:04:24,542 - core.database - DEBUG - [DB_OP] Starting get_db session creation
2026-05-27 15:04:24,543 - core.database - DEBUG - [DB_OP] Database session created successfully in 0.0006s
2026-05-27 15:04:24,544 - routers.reservations - DEBUG - Querying reservationss: query={"reservation_date__gte":"2026-05-01","reservation_date__lte":"2026-05-31"}, sort=reservation_date, skip=0, limit=200, fields=None
2026-05-27 15:04:24,925 - routers.reservations - DEBUG - Found 10 reservationss
2026-05-27 15:04:24,925 - core.database - DEBUG - [DB_OP] Database session cleanup after 0.3829s
2026-05-27 15:05:09,731 - core.auth - DEBUG - Authentication token validated for user hash: 3d1d0765
2026-05-27 15:05:10,501 - core.database - DEBUG - [DB_OP] Starting get_db session creation
2026-05-27 15:05:10,502 - core.database - DEBUG - [DB_OP] Database session created successfully in 0.0004s
2026-05-27 15:05:10,502 - routers.reservations - DEBUG - Querying reservationss: query={"reservation_date__gte":"2026-05-01","reservation_date__lte":"2026-05-31"}, sort=reservation_date, skip=0, limit=200, fields=None
2026-05-27 15:05:10,531 - core.auth - DEBUG - Authentication token validated for user hash: 3d1d0765
2026-05-27 15:05:10,532 - core.database - DEBUG - [DB_OP] Starting get_db session creation
2026-05-27 15:05:10,532 - core.database - DEBUG - [DB_OP] Database session created successfully in 0.0002s
2026-05-27 15:05:10,532 - routers.printer_settings - DEBUG - Querying printer_settingss: query=None, sort=None, skip=0, limit=20, fields=None
2026-05-27 15:05:10,884 - routers.reservations - DEBUG - Found 10 reservationss
2026-05-27 15:05:10,884 - core.database - DEBUG - [DB_OP] Database session cleanup after 0.3833s
2026-05-27 15:05:10,914 - routers.printer_settings - DEBUG - Found 1 printer_settingss
2026-05-27 15:05:10,914 - core.database - DEBUG - [DB_OP] Database session cleanup after 0.3827s
2026-05-27 15:05:40,708 - core.database - DEBUG - [DB_OP] Starting get_db session creation
2026-05-27 15:05:40,709 - core.database - DEBUG - [DB_OP] Database session created successfully in 0.0004s
2026-05-27 15:05:40,709 - routers.reservations - DEBUG - Querying reservationss: query={"reservation_date__gte":"2026-05-01","reservation_date__lte":"2026-05-31"}, sort=reservation_date, skip=0, limit=200, fields=None
2026-05-27 15:05:41,093 - routers.reservations - DEBUG - Found 10 reservationss
2026-05-27 15:05:41,094 - core.database - DEBUG - [DB_OP] Database session cleanup after 0.3862s
2026-05-27 15:05:41,901 - core.database - DEBUG - [DB_OP] Starting get_db session creation
2026-05-27 15:05:41,901 - core.database - DEBUG - [DB_OP] Database session created successfully in 0.0005s
2026-05-27 15:05:41,901 - routers.salons - DEBUG - Querying salonss: query={}, sort=None, skip=0, limit=50, fields=None
2026-05-27 15:05:42,536 - routers.salons - DEBUG - Found 1 salonss
2026-05-27 15:05:42,537 - core.database - DEBUG - [DB_OP] Database session cleanup after 0.6365s
2026-05-27 15:05:52,014 - core.database - DEBUG - [DB_OP] Starting get_db session creation
2026-05-27 15:05:52,014 - core.database - DEBUG - [DB_OP] Database session created successfully in 0.0005s
2026-05-27 15:05:52,015 - routers.clients - DEBUG - Querying clientss: query={"phone__contains":"22998006174"}, sort=name, skip=0, limit=10, fields=None
2026-05-27 15:05:52,525 - routers.clients - DEBUG - Found 1 clientss
2026-05-27 15:05:52,526 - core.database - DEBUG - [DB_OP] Database session cleanup after 0.5126s
2026-05-27 15:05:59,742 - core.auth - DEBUG - Authentication token validated for user hash: 3d1d0765
2026-05-27 15:05:59,742 - core.database - DEBUG - [DB_OP] Starting get_db session creation
2026-05-27 15:05:59,743 - core.database - DEBUG - [DB_OP] Database session created successfully in 0.0007s
2026-05-27 15:05:59,743 - routers.reservations - DEBUG - Creating new reservations with data: client_name='Jorge Eduardo Barcelos Ottoni Guedes' client_phone='22998006174' client_email='JORGE@FORNERIAGIORGIO.COM' reservation_date=datetime.date(2026, 5, 28) reservation_time='19:00' party_size=5 salon='ANEXO' notes='' status='a confirmar' preference='Rodízio' calendar_event_id=None
2026-05-27 15:06:00,573 - services.reservations - INFO - Created reservations with id: 12
2026-05-27 15:06:00,573 - routers.reservations - INFO - Reservations created successfully with id: 12
2026-05-27 15:06:00,574 - core.database - DEBUG - [DB_OP] Database session cleanup after 0.8316s
2026-05-27 15:06:00,772 - routers.google_calendar - INFO - Creating calendar event: Reserva - Jorge Eduardo Barcelos Ottoni Guedes
2026-05-27 15:06:00,800 - httpcore.connection - DEBUG - connect_tcp.started host='oauth2.googleapis.com' port=443 local_address=None timeout=10.0 socket_options=None
2026-05-27 15:06:00,978 - httpcore.connection - DEBUG - connect_tcp.complete return_value=<httpcore._backends.anyio.AnyIOStream object at 0x7f5e8ddcc880>
2026-05-27 15:06:00,979 - httpcore.connection - DEBUG - start_tls.started ssl_context=<ssl.SSLContext object at 0x7f5e8dd52540> server_hostname='oauth2.googleapis.com' timeout=10.0
2026-05-27 15:06:01,143 - httpcore.connection - DEBUG - start_tls.complete return_value=<httpcore._backends.anyio.AnyIOStream object at 0x7f5e94855cf0>
2026-05-27 15:06:01,144 - httpcore.http11 - DEBUG - send_request_headers.started request=<Request [b'POST']>
2026-05-27 15:06:01,144 - httpcore.http11 - DEBUG - send_request_headers.complete
2026-05-27 15:06:01,145 - httpcore.http11 - DEBUG - send_request_body.started request=<Request [b'POST']>
2026-05-27 15:06:01,145 - httpcore.http11 - DEBUG - send_request_body.complete
2026-05-27 15:06:01,146 - httpcore.http11 - DEBUG - receive_response_headers.started request=<Request [b'POST']>
2026-05-27 15:06:01,321 - httpcore.http11 - DEBUG - receive_response_headers.complete return_value=(b'HTTP/1.1', 401, b'Unauthorized', [(b'Date', b'Wed, 27 May 2026 22:06:01 GMT'), (b'Expires', b'Mon, 01 Jan 1990 00:00:00 GMT'), (b'Pragma', b'no-cache'), (b'Cache-Control', b'no-cache, no-store, max-age=0, must-revalidate'), (b'Content-Type', b'application/json; charset=utf-8'), (b'Vary', b'Origin'), (b'Vary', b'X-Origin'), (b'Vary', b'Referer'), (b'Content-Encoding', b'gzip'), (b'Server', b'scaffolding on HTTPServer2'), (b'X-XSS-Protection', b'0'), (b'X-Frame-Options', b'SAMEORIGIN'), (b'X-Content-Type-Options', b'nosniff'), (b'Alt-Svc', b'h3=":443"; ma=2592000,h3-29=":443"; ma=2592000'), (b'Transfer-Encoding', b'chunked')])
2026-05-27 15:06:01,322 - httpx - INFO - HTTP Request: POST https://oauth2.googleapis.com/token "HTTP/1.1 401 Unauthorized"
2026-05-27 15:06:01,322 - httpcore.http11 - DEBUG - receive_response_body.started request=<Request [b'POST']>
2026-05-27 15:06:01,324 - httpcore.http11 - DEBUG - receive_response_body.complete
2026-05-27 15:06:01,324 - httpcore.http11 - DEBUG - response_closed.started
2026-05-27 15:06:01,324 - httpcore.http11 - DEBUG - response_closed.complete
2026-05-27 15:06:01,325 - httpcore.connection - DEBUG - close.started
2026-05-27 15:06:01,325 - httpcore.connection - DEBUG - close.complete
2026-05-27 15:06:01,325 - routers.google_calendar - ERROR - Failed to get access token: 401 {
  "error": "deleted_client",
  "error_description": "The OAuth client was deleted."
}
2026-05-27 15:06:01,545 - core.database - DEBUG - [DB_OP] Starting get_db session creation
2026-05-27 15:06:01,545 - core.database - DEBUG - [DB_OP] Database session created successfully in 0.0004s
2026-05-27 15:06:01,545 - routers.clients - DEBUG - Querying clientss: query={"phone":"22998006174"}, sort=None, skip=0, limit=1, fields=None
2026-05-27 15:06:02,053 - routers.clients - DEBUG - Found 1 clientss
2026-05-27 15:06:02,053 - core.database - DEBUG - [DB_OP] Database session cleanup after 0.5090s
2026-05-27 15:06:02,273 - core.database - DEBUG - [DB_OP] Starting get_db session creation
2026-05-27 15:06:02,274 - core.database - DEBUG - [DB_OP] Database session created successfully in 0.0008s
2026-05-27 15:06:02,274 - routers.reservations - DEBUG - Querying reservationss: query={}, sort=-reservation_date, skip=0, limit=100, fields=None
2026-05-27 15:06:02,785 - routers.reservations - DEBUG - Found 11 reservationss
2026-05-27 15:06:02,786 - core.database - DEBUG - [DB_OP] Database session cleanup after 0.5133s
2026-05-27 15:07:40,116 - core.auth - DEBUG - Authentication token validated for user hash: 3d1d0765
2026-05-27 15:07:40,406 - core.auth - DEBUG - Authentication token validated for user hash: 3d1d0765
2026-05-27 15:07:40,406 - core.database - DEBUG - [DB_OP] Starting get_db session creation
2026-05-27 15:07:40,407 - core.database - DEBUG - [DB_OP] Database session created successfully in 0.0002s
2026-05-27 15:07:40,407 - routers.printer_settings - DEBUG - Querying printer_settingss: query=None, sort=None, skip=0, limit=20, fields=None
2026-05-27 15:07:40,408 - core.database - DEBUG - [DB_OP] Starting get_db session creation
2026-05-27 15:07:40,409 - core.database - DEBUG - [DB_OP] Database session created successfully in 0.0002s
2026-05-27 15:07:40,409 - routers.reservations - DEBUG - Querying reservationss: query={"reservation_date__gte":"2026-05-01","reservation_date__lte":"2026-05-31"}, sort=reservation_date, skip=0, limit=200, fields=None
2026-05-27 15:07:40,789 - routers.printer_settings - DEBUG - Found 1 printer_settingss
2026-05-27 15:07:40,789 - core.database - DEBUG - [DB_OP] Database session cleanup after 0.3829s
2026-05-27 15:07:40,853 - routers.reservations - DEBUG - Found 11 reservationss
2026-05-27 15:07:40,854 - core.database - DEBUG - [DB_OP] Database session cleanup after 0.4455s
2026-05-27 15:09:45,443 - core.database - DEBUG - [DB_OP] Starting get_db session creation
2026-05-27 15:09:45,444 - core.database - DEBUG - [DB_OP] Database session created successfully in 0.0008s
2026-05-27 15:09:45,445 - routers.reservations - DEBUG - Querying reservationss: query={"reservation_date__gte":"2026-05-01","reservation_date__lte":"2026-05-31"}, sort=reservation_date, skip=0, limit=200, fields=None
2026-05-27 15:09:45,886 - routers.reservations - DEBUG - Found 11 reservationss
2026-05-27 15:09:45,887 - core.database - DEBUG - [DB_OP] Database session cleanup after 0.4436s
2026-05-27 15:10:06,163 - core.auth - DEBUG - Authentication token validated for user hash: 3d1d0765
2026-05-27 15:10:06,609 - core.database - DEBUG - [DB_OP] Starting get_db session creation
2026-05-27 15:10:06,610 - core.database - DEBUG - [DB_OP] Database session created successfully in 0.0005s
2026-05-27 15:10:06,610 - routers.reservations - DEBUG - Querying reservationss: query={"reservation_date__gte":"2026-05-01","reservation_date__lte":"2026-05-31"}, sort=reservation_date, skip=0, limit=200, fields=None
2026-05-27 15:10:06,630 - core.auth - DEBUG - Authentication token validated for user hash: 3d1d0765
2026-05-27 15:10:06,631 - core.database - DEBUG - [DB_OP] Starting get_db session creation
2026-05-27 15:10:06,632 - core.database - DEBUG - [DB_OP] Database session created successfully in 0.0007s
2026-05-27 15:10:06,633 - routers.printer_settings - DEBUG - Querying printer_settingss: query=None, sort=None, skip=0, limit=20, fields=None
2026-05-27 15:10:07,012 - routers.printer_settings - DEBUG - Found 1 printer_settingss
2026-05-27 15:10:07,013 - core.database - DEBUG - [DB_OP] Database session cleanup after 0.3819s
2026-05-27 15:10:07,120 - routers.reservations - DEBUG - Found 11 reservationss
2026-05-27 15:10:07,121 - core.database - DEBUG - [DB_OP] Database session cleanup after 0.5120s
2026-05-27 15:10:37,195 - core.database - DEBUG - [DB_OP] Starting get_db session creation
2026-05-27 15:10:37,195 - core.database - DEBUG - [DB_OP] Database session created successfully in 0.0005s
2026-05-27 15:10:37,196 - routers.reservations - DEBUG - Querying reservationss: query={"reservation_date__gte":"2026-05-01","reservation_date__lte":"2026-05-31"}, sort=reservation_date, skip=0, limit=200, fields=None
2026-05-27 15:10:37,576 - routers.reservations - DEBUG - Found 11 reservationss
2026-05-27 15:10:37,577 - core.database - DEBUG - [DB_OP] Database session cleanup after 0.3825s
2026-05-27 15:11:09,396 - core.auth - DEBUG - Authentication token validated for user hash: 3d1d0765
2026-05-27 15:11:09,900 - core.database - DEBUG - [DB_OP] Starting get_db session creation
2026-05-27 15:11:09,900 - core.database - DEBUG - [DB_OP] Database session created successfully in 0.0004s
2026-05-27 15:11:09,900 - routers.reservations - DEBUG - Querying reservationss: query={"reservation_date__gte":"2026-05-01","reservation_date__lte":"2026-05-31"}, sort=reservation_date, skip=0, limit=200, fields=None
2026-05-27 15:11:09,902 - core.auth - DEBUG - Authentication token validated for user hash: 3d1d0765
2026-05-27 15:11:09,902 - core.database - DEBUG - [DB_OP] Starting get_db session creation
2026-05-27 15:11:09,902 - core.database - DEBUG - [DB_OP] Database session created successfully in 0.0001s
2026-05-27 15:11:09,902 - routers.printer_settings - DEBUG - Querying printer_settingss: query=None, sort=None, skip=0, limit=20, fields=None
2026-05-27 15:11:10,282 - routers.reservations - DEBUG - Found 11 reservationss
2026-05-27 15:11:10,283 - core.database - DEBUG - [DB_OP] Database session cleanup after 0.3835s
2026-05-27 15:11:10,414 - routers.printer_settings - DEBUG - Found 1 printer_settingss
2026-05-27 15:11:10,420 - core.database - DEBUG - [DB_OP] Database session cleanup after 0.5183s
2026-05-27 15:11:40,198 - core.database - DEBUG - [DB_OP] Starting get_db session creation
2026-05-27 15:11:40,199 - core.database - DEBUG - [DB_OP] Database session created successfully in 0.0006s
2026-05-27 15:11:40,199 - routers.reservations - DEBUG - Querying reservationss: query={"reservation_date__gte":"2026-05-01","reservation_date__lte":"2026-05-31"}, sort=reservation_date, skip=0, limit=200, fields=None
2026-05-27 15:11:40,584 - routers.reservations - DEBUG - Found 11 reservationss
2026-05-27 15:11:40,585 - core.database - DEBUG - [DB_OP] Database session cleanup after 0.3868s
2026-05-27 15:12:10,295 - core.database - DEBUG - [DB_OP] Starting get_db session creation
2026-05-27 15:12:10,296 - core.database - DEBUG - [DB_OP] Database session created successfully in 0.0005s
2026-05-27 15:12:10,296 - routers.reservations - DEBUG - Querying reservationss: query={"reservation_date__gte":"2026-05-01","reservation_date__lte":"2026-05-31"}, sort=reservation_date, skip=0, limit=200, fields=None
2026-05-27 15:12:10,678 - routers.reservations - DEBUG - Found 11 reservationss
2026-05-27 15:12:10,679 - core.database - DEBUG - [DB_OP] Database session cleanup after 0.3836s
2026-05-27 15:12:40,057 - core.database - DEBUG - [DB_OP] Starting get_db session creation
2026-05-27 15:12:40,057 - core.database - DEBUG - [DB_OP] Database session created successfully in 0.0005s
2026-05-27 15:12:40,058 - routers.reservations - DEBUG - Querying reservationss: query={"reservation_date__gte":"2026-05-01","reservation_date__lte":"2026-05-31"}, sort=reservation_date, skip=0, limit=200, fields=None
2026-05-27 15:12:40,442 - routers.reservations - DEBUG - Found 11 reservationss
2026-05-27 15:12:40,443 - core.database - DEBUG - [DB_OP] Database session cleanup after 0.3863s
2026-05-27 15:13:10,170 - core.database - DEBUG - [DB_OP] Starting get_db session creation
2026-05-27 15:13:10,170 - core.database - DEBUG - [DB_OP] Database session created successfully in 0.0005s
2026-05-27 15:13:10,171 - routers.reservations - DEBUG - Querying reservationss: query={"reservation_date__gte":"2026-05-01","reservation_date__lte":"2026-05-31"}, sort=reservation_date, skip=0, limit=200, fields=None
2026-05-27 15:13:10,553 - routers.reservations - DEBUG - Found 11 reservationss
2026-05-27 15:13:10,554 - core.database - DEBUG - [DB_OP] Database session cleanup after 0.3843s
2026-05-27 15:13:40,174 - core.database - DEBUG - [DB_OP] Starting get_db session creation
2026-05-27 15:13:40,174 - core.database - DEBUG - [DB_OP] Database session created successfully in 0.0004s
2026-05-27 15:13:40,175 - routers.reservations - DEBUG - Querying reservationss: query={"reservation_date__gte":"2026-05-01","reservation_date__lte":"2026-05-31"}, sort=reservation_date, skip=0, limit=200, fields=None
2026-05-27 15:13:40,561 - routers.reservations - DEBUG - Found 11 reservationss
2026-05-27 15:13:40,566 - core.database - DEBUG - [DB_OP] Database session cleanup after 0.3919s
2026-05-27 15:14:10,179 - core.database - DEBUG - [DB_OP] Starting get_db session creation
2026-05-27 15:14:10,180 - core.database - DEBUG - [DB_OP] Database session created successfully in 0.0007s
2026-05-27 15:14:10,180 - routers.reservations - DEBUG - Querying reservationss: query={"reservation_date__gte":"2026-05-01","reservation_date__lte":"2026-05-31"}, sort=reservation_date, skip=0, limit=200, fields=None
2026-05-27 15:14:10,563 - routers.reservations - DEBUG - Found 11 reservationss
2026-05-27 15:14:10,564 - core.database - DEBUG - [DB_OP] Database session cleanup after 0.3850s
2026-05-27 15:14:39,917 - core.database - DEBUG - [DB_OP] Starting get_db session creation
2026-05-27 15:14:39,918 - core.database - DEBUG - [DB_OP] Database session created successfully in 0.0005s
2026-05-27 15:14:39,918 - routers.reservations - DEBUG - Querying reservationss: query={"reservation_date__gte":"2026-05-01","reservation_date__lte":"2026-05-31"}, sort=reservation_date, skip=0, limit=200, fields=None
2026-05-27 15:14:40,366 - routers.reservations - DEBUG - Found 11 reservationss
2026-05-27 15:14:40,367 - core.database - DEBUG - [DB_OP] Database session cleanup after 0.4495s
2026-05-27 15:15:42,678 - core.auth - DEBUG - Authentication token validated for user hash: 3d1d0765
2026-05-27 15:15:42,947 - core.auth - DEBUG - Authentication token validated for user hash: 3d1d0765
2026-05-27 15:15:42,947 - core.database - DEBUG - [DB_OP] Starting get_db session creation
2026-05-27 15:15:42,948 - core.database - DEBUG - [DB_OP] Database session created successfully in 0.0009s
2026-05-27 15:15:42,948 - routers.printer_settings - DEBUG - Querying printer_settingss: query=None, sort=None, skip=0, limit=20, fields=None
2026-05-27 15:15:42,950 - core.database - DEBUG - [DB_OP] Starting get_db session creation
2026-05-27 15:15:42,950 - core.database - DEBUG - [DB_OP] Database session created successfully in 0.0002s
2026-05-27 15:15:42,951 - routers.reservations - DEBUG - Querying reservationss: query={"reservation_date__gte":"2026-05-01","reservation_date__lte":"2026-05-31"}, sort=reservation_date, skip=0, limit=200, fields=None
2026-05-27 15:15:43,330 - routers.printer_settings - DEBUG - Found 1 printer_settingss
2026-05-27 15:15:43,330 - core.database - DEBUG - [DB_OP] Database session cleanup after 0.3835s
2026-05-27 15:15:43,459 - routers.reservations - DEBUG - Found 11 reservationss
2026-05-27 15:15:43,460 - core.database - DEBUG - [DB_OP] Database session cleanup after 0.5101s
2026-05-27 15:16:13,174 - core.database - DEBUG - [DB_OP] Starting get_db session creation
2026-05-27 15:16:13,175 - core.database - DEBUG - [DB_OP] Database session created successfully in 0.0005s
2026-05-27 15:16:13,175 - routers.reservations - DEBUG - Querying reservationss: query={"reservation_date__gte":"2026-05-01","reservation_date__lte":"2026-05-31"}, sort=reservation_date, skip=0, limit=200, fields=None
2026-05-27 15:16:13,680 - routers.reservations - DEBUG - Found 11 reservationss
2026-05-27 15:16:13,681 - core.database - DEBUG - [DB_OP] Database session cleanup after 0.5073s
2026-05-27 15:16:43,159 - core.database - DEBUG - [DB_OP] Starting get_db session creation
2026-05-27 15:16:43,159 - core.database - DEBUG - [DB_OP] Database session created successfully in 0.0005s
2026-05-27 15:16:43,159 - routers.reservations - DEBUG - Querying reservationss: query={"reservation_date__gte":"2026-05-01","reservation_date__lte":"2026-05-31"}, sort=reservation_date, skip=0, limit=200, fields=None
2026-05-27 15:16:43,544 - routers.reservations - DEBUG - Found 11 reservationss
2026-05-27 15:16:43,545 - core.database - DEBUG - [DB_OP] Database session cleanup after 0.3863s
2026-05-27 15:17:13,165 - core.database - DEBUG - [DB_OP] Starting get_db session creation
2026-05-27 15:17:13,165 - core.database - DEBUG - [DB_OP] Database session created successfully in 0.0007s
2026-05-27 15:17:13,166 - routers.reservations - DEBUG - Querying reservationss: query={"reservation_date__gte":"2026-05-01","reservation_date__lte":"2026-05-31"}, sort=reservation_date, skip=0, limit=200, fields=None
2026-05-27 15:17:13,609 - routers.reservations - DEBUG - Found 11 reservationss
2026-05-27 15:17:13,610 - core.database - DEBUG - [DB_OP] Database session cleanup after 0.4452s
2026-05-27 15:17:42,949 - core.database - DEBUG - [DB_OP] Starting get_db session creation
2026-05-27 15:17:42,949 - core.database - DEBUG - [DB_OP] Database session created successfully in 0.0004s
2026-05-27 15:17:42,949 - routers.reservations - DEBUG - Querying reservationss: query={"reservation_date__gte":"2026-05-01","reservation_date__lte":"2026-05-31"}, sort=reservation_date, skip=0, limit=200, fields=None
2026-05-27 15:17:43,333 - routers.reservations - DEBUG - Found 11 reservationss
2026-05-27 15:17:43,334 - core.database - DEBUG - [DB_OP] Database session cleanup after 0.3849s
2026-05-27 15:18:12,942 - core.database - DEBUG - [DB_OP] Starting get_db session creation
2026-05-27 15:18:12,943 - core.database - DEBUG - [DB_OP] Database session created successfully in 0.0005s
2026-05-27 15:18:12,943 - routers.reservations - DEBUG - Querying reservationss: query={"reservation_date__gte":"2026-05-01","reservation_date__lte":"2026-05-31"}, sort=reservation_date, skip=0, limit=200, fields=None
2026-05-27 15:18:13,324 - routers.reservations - DEBUG - Found 11 reservationss
2026-05-27 15:18:13,325 - core.database - DEBUG - [DB_OP] Database session cleanup after 0.3830s
2026-05-27 15:18:42,932 - core.database - DEBUG - [DB_OP] Starting get_db session creation
2026-05-27 15:18:42,932 - core.database - DEBUG - [DB_OP] Database session created successfully in 0.0006s
2026-05-27 15:18:42,933 - routers.reservations - DEBUG - Querying reservationss: query={"reservation_date__gte":"2026-05-01","reservation_date__lte":"2026-05-31"}, sort=reservation_date, skip=0, limit=200, fields=None
2026-05-27 15:18:43,318 - routers.reservations - DEBUG - Found 11 reservationss
2026-05-27 15:18:43,319 - core.database - DEBUG - [DB_OP] Database session cleanup after 0.3874s
2026-05-27 15:19:13,164 - core.database - DEBUG - [DB_OP] Starting get_db session creation
2026-05-27 15:19:13,164 - core.database - DEBUG - [DB_OP] Database session created successfully in 0.0005s
2026-05-27 15:19:13,164 - routers.reservations - DEBUG - Querying reservationss: query={"reservation_date__gte":"2026-05-01","reservation_date__lte":"2026-05-31"}, sort=reservation_date, skip=0, limit=200, fields=None
2026-05-27 15:19:13,546 - routers.reservations - DEBUG - Found 11 reservationss
2026-05-27 15:19:13,548 - core.database - DEBUG - [DB_OP] Database session cleanup after 0.3839s
2026-05-27 15:19:43,657 - core.database - DEBUG - [DB_OP] Starting get_db session creation
2026-05-27 15:19:43,658 - core.database - DEBUG - [DB_OP] Database session created successfully in 0.0004s
2026-05-27 15:19:43,658 - routers.reservations - DEBUG - Querying reservationss: query={"reservation_date__gte":"2026-05-01","reservation_date__lte":"2026-05-31"}, sort=reservation_date, skip=0, limit=200, fields=None
2026-05-27 15:19:44,041 - routers.reservations - DEBUG - Found 11 reservationss
2026-05-27 15:19:44,042 - core.database - DEBUG - [DB_OP] Database session cleanup after 0.3849s
2026-05-27 15:20:42,160 - core.database - DEBUG - [DB_OP] Starting get_db session creation
2026-05-27 15:20:42,161 - core.database - DEBUG - [DB_OP] Database session created successfully in 0.0007s
2026-05-27 15:20:42,161 - routers.reservations - DEBUG - Querying reservationss: query={"reservation_date__gte":"2026-05-01","reservation_date__lte":"2026-05-31"}, sort=reservation_date, skip=0, limit=200, fields=None
2026-05-27 15:20:42,542 - routers.reservations - DEBUG - Found 11 reservationss
2026-05-27 15:20:42,543 - core.database - DEBUG - [DB_OP] Database session cleanup after 0.3829s
2026-05-27 15:21:12,926 - core.database - DEBUG - [DB_OP] Starting get_db session creation
2026-05-27 15:21:12,926 - core.database - DEBUG - [DB_OP] Database session created successfully in 0.0005s
2026-05-27 15:21:12,927 - routers.reservations - DEBUG - Querying reservationss: query={"reservation_date__gte":"2026-05-01","reservation_date__lte":"2026-05-31"}, sort=reservation_date, skip=0, limit=200, fields=None
2026-05-27 15:21:13,498 - routers.reservations - DEBUG - Found 11 reservationss
2026-05-27 15:21:13,498 - core.database - DEBUG - [DB_OP] Database session cleanup after 0.5724s
2026-05-27 15:21:43,294 - core.database - DEBUG - [DB_OP] Starting get_db session creation
2026-05-27 15:21:43,294 - core.database - DEBUG - [DB_OP] Database session created successfully in 0.0005s
2026-05-27 15:21:43,295 - routers.reservations - DEBUG - Querying reservationss: query={"reservation_date__gte":"2026-05-01","reservation_date__lte":"2026-05-31"}, sort=reservation_date, skip=0, limit=200, fields=None
2026-05-27 15:21:43,800 - routers.reservations - DEBUG - Found 11 reservationss
2026-05-27 15:21:43,801 - core.database - DEBUG - [DB_OP] Database session cleanup after 0.5075s
2026-05-27 15:22:13,142 - core.database - DEBUG - [DB_OP] Starting get_db session creation
2026-05-27 15:22:13,143 - core.database - DEBUG - [DB_OP] Database session created successfully in 0.0007s
2026-05-27 15:22:13,143 - routers.reservations - DEBUG - Querying reservationss: query={"reservation_date__gte":"2026-05-01","reservation_date__lte":"2026-05-31"}, sort=reservation_date, skip=0, limit=200, fields=None
2026-05-27 15:22:13,527 - routers.reservations - DEBUG - Found 11 reservationss
2026-05-27 15:22:13,528 - core.database - DEBUG - [DB_OP] Database session cleanup after 0.3862s
2026-05-27 15:23:39,197 - core.database - DEBUG - [DB_OP] Starting get_db session creation
2026-05-27 15:23:39,197 - core.database - DEBUG - [DB_OP] Database session created successfully in 0.0004s
2026-05-27 15:23:39,198 - routers.reservations - DEBUG - Querying reservationss: query={"reservation_date__gte":"2026-05-01","reservation_date__lte":"2026-05-31"}, sort=reservation_date, skip=0, limit=200, fields=None
2026-05-27 15:23:39,580 - routers.reservations - DEBUG - Found 11 reservationss
2026-05-27 15:23:39,581 - core.database - DEBUG - [DB_OP] Database session cleanup after 0.3842s
2026-05-27 15:23:42,920 - core.database - DEBUG - [DB_OP] Starting get_db session creation
2026-05-27 15:23:42,920 - core.database - DEBUG - [DB_OP] Database session created successfully in 0.0004s
2026-05-27 15:23:42,920 - routers.reservations - DEBUG - Querying reservationss: query={"reservation_date__gte":"2026-05-01","reservation_date__lte":"2026-05-31"}, sort=reservation_date, skip=0, limit=200, fields=None
2026-05-27 15:23:43,303 - routers.reservations - DEBUG - Found 11 reservationss
2026-05-27 15:23:43,303 - core.database - DEBUG - [DB_OP] Database session cleanup after 0.3838s
2026-05-27 15:24:12,907 - core.database - DEBUG - [DB_OP] Starting get_db session creation
2026-05-27 15:24:12,907 - core.database - DEBUG - [DB_OP] Database session created successfully in 0.0004s
2026-05-27 15:24:12,908 - routers.reservations - DEBUG - Querying reservationss: query={"reservation_date__gte":"2026-05-01","reservation_date__lte":"2026-05-31"}, sort=reservation_date, skip=0, limit=200, fields=None
2026-05-27 15:24:13,350 - routers.reservations - DEBUG - Found 11 reservationss
2026-05-27 15:24:13,352 - core.database - DEBUG - [DB_OP] Database session cleanup after 0.4446s
2026-05-27 15:24:50,837 - core.database - DEBUG - [DB_OP] Starting get_db session creation
2026-05-27 15:24:50,837 - core.database - DEBUG - [DB_OP] Database session created successfully in 0.0005s
2026-05-27 15:24:50,838 - routers.reservations - DEBUG - Querying reservationss: query={"reservation_date__gte":"2026-05-01","reservation_date__lte":"2026-05-31"}, sort=reservation_date, skip=0, limit=200, fields=None
2026-05-27 15:24:51,222 - routers.reservations - DEBUG - Found 11 reservationss
2026-05-27 15:24:51,223 - core.database - DEBUG - [DB_OP] Database session cleanup after 0.3857s
2026-05-27 15:24:55,454 - core.auth - DEBUG - Authentication token validated for user hash: 3d1d0765
2026-05-27 15:24:55,727 - core.database - DEBUG - [DB_OP] Starting get_db session creation
2026-05-27 15:24:55,728 - core.database - DEBUG - [DB_OP] Database session created successfully in 0.0005s
2026-05-27 15:24:55,729 - routers.reservations - DEBUG - Querying reservationss: query={"reservation_date__gte":"2026-05-01","reservation_date__lte":"2026-05-31"}, sort=reservation_date, skip=0, limit=200, fields=None
2026-05-27 15:24:55,732 - core.auth - DEBUG - Authentication token validated for user hash: 3d1d0765
2026-05-27 15:24:55,732 - core.database - DEBUG - [DB_OP] Starting get_db session creation
2026-05-27 15:24:55,732 - core.database - DEBUG - [DB_OP] Database session created successfully in 0.0002s
2026-05-27 15:24:55,732 - routers.printer_settings - DEBUG - Querying printer_settingss: query=None, sort=None, skip=0, limit=20, fields=None
2026-05-27 15:24:56,111 - routers.reservations - DEBUG - Found 11 reservationss
2026-05-27 15:24:56,112 - core.database - DEBUG - [DB_OP] Database session cleanup after 0.3851s
2026-05-27 15:24:56,242 - routers.printer_settings - DEBUG - Found 1 printer_settingss
2026-05-27 15:24:56,243 - core.database - DEBUG - [DB_OP] Database session cleanup after 0.5108s
2026-05-27 15:25:03,056 - core.database - DEBUG - [DB_OP] Starting get_db session creation
2026-05-27 15:25:03,056 - core.database - DEBUG - [DB_OP] Database session created successfully in 0.0007s
2026-05-27 15:25:03,057 - routers.salons - DEBUG - Querying salonss: query={}, sort=None, skip=0, limit=50, fields=None
2026-05-27 15:25:03,436 - routers.salons - DEBUG - Found 1 salonss
2026-05-27 15:25:03,436 - core.database - DEBUG - [DB_OP] Database session cleanup after 0.3808s
2026-05-27 15:25:05,432 - core.database - DEBUG - [DB_OP] Starting get_db session creation
2026-05-27 15:25:05,433 - core.database - DEBUG - [DB_OP] Database session created successfully in 0.0005s
2026-05-27 15:25:05,433 - routers.clients - DEBUG - Querying clientss: query={"phone__contains":"22998006174"}, sort=name, skip=0, limit=10, fields=None
2026-05-27 15:25:05,816 - routers.clients - DEBUG - Found 1 clientss
2026-05-27 15:25:05,817 - core.database - DEBUG - [DB_OP] Database session cleanup after 0.3848s
2026-05-27 15:25:18,190 - core.auth - DEBUG - Authentication token validated for user hash: 3d1d0765
2026-05-27 15:25:18,190 - core.database - DEBUG - [DB_OP] Starting get_db session creation
2026-05-27 15:25:18,190 - core.database - DEBUG - [DB_OP] Database session created successfully in 0.0002s
2026-05-27 15:25:18,191 - routers.reservations - DEBUG - Creating new reservations with data: client_name='Jorge Eduardo Barcelos Ottoni Guedes' client_phone='22998006174' client_email='JORGE@FORNERIAGIORGIO.COM' reservation_date=datetime.date(2026, 5, 28) reservation_time='18:00' party_size=5 salon='ANEXO' notes='' status='a confirmar' preference='Rodízio' calendar_event_id=None
2026-05-27 15:25:18,890 - services.reservations - INFO - Created reservations with id: 13
2026-05-27 15:25:18,890 - routers.reservations - INFO - Reservations created successfully with id: 13
2026-05-27 15:25:18,891 - core.database - DEBUG - [DB_OP] Database session cleanup after 0.7008s
2026-05-27 15:25:19,089 - routers.google_calendar - INFO - Creating calendar event: Reserva - Jorge Eduardo Barcelos Ottoni Guedes
2026-05-27 15:25:19,119 - httpcore.connection - DEBUG - connect_tcp.started host='oauth2.googleapis.com' port=443 local_address=None timeout=10.0 socket_options=None
2026-05-27 15:25:19,157 - httpcore.connection - DEBUG - connect_tcp.complete return_value=<httpcore._backends.anyio.AnyIOStream object at 0x7f5e8ddcd3c0>
2026-05-27 15:25:19,158 - httpcore.connection - DEBUG - start_tls.started ssl_context=<ssl.SSLContext object at 0x7f5e8dd536c0> server_hostname='oauth2.googleapis.com' timeout=10.0
2026-05-27 15:25:19,166 - httpcore.connection - DEBUG - start_tls.complete return_value=<httpcore._backends.anyio.AnyIOStream object at 0x7f5e94855ed0>
2026-05-27 15:25:19,166 - httpcore.http11 - DEBUG - send_request_headers.started request=<Request [b'POST']>
2026-05-27 15:25:19,167 - httpcore.http11 - DEBUG - send_request_headers.complete
2026-05-27 15:25:19,167 - httpcore.http11 - DEBUG - send_request_body.started request=<Request [b'POST']>
2026-05-27 15:25:19,167 - httpcore.http11 - DEBUG - send_request_body.complete
2026-05-27 15:25:19,168 - httpcore.http11 - DEBUG - receive_response_headers.started request=<Request [b'POST']>
2026-05-27 15:25:19,222 - httpcore.http11 - DEBUG - receive_response_headers.complete return_value=(b'HTTP/1.1', 401, b'Unauthorized', [(b'Pragma', b'no-cache'), (b'Date', b'Wed, 27 May 2026 22:25:19 GMT'), (b'Cache-Control', b'no-cache, no-store, max-age=0, must-revalidate'), (b'Expires', b'Mon, 01 Jan 1990 00:00:00 GMT'), (b'Content-Type', b'application/json; charset=utf-8'), (b'Vary', b'Origin'), (b'Vary', b'X-Origin'), (b'Vary', b'Referer'), (b'Content-Encoding', b'gzip'), (b'Server', b'scaffolding on HTTPServer2'), (b'X-XSS-Protection', b'0'), (b'X-Frame-Options', b'SAMEORIGIN'), (b'X-Content-Type-Options', b'nosniff'), (b'Alt-Svc', b'h3=":443"; ma=2592000,h3-29=":443"; ma=2592000'), (b'Transfer-Encoding', b'chunked')])
2026-05-27 15:25:19,225 - httpx - INFO - HTTP Request: POST https://oauth2.googleapis.com/token "HTTP/1.1 401 Unauthorized"
2026-05-27 15:25:19,225 - httpcore.http11 - DEBUG - receive_response_body.started request=<Request [b'POST']>
2026-05-27 15:25:19,226 - httpcore.http11 - DEBUG - receive_response_body.complete
2026-05-27 15:25:19,228 - httpcore.http11 - DEBUG - response_closed.started
2026-05-27 15:25:19,228 - httpcore.http11 - DEBUG - response_closed.complete
2026-05-27 15:25:19,229 - httpcore.connection - DEBUG - close.started
2026-05-27 15:25:19,230 - httpcore.connection - DEBUG - close.complete
2026-05-27 15:25:19,230 - routers.google_calendar - ERROR - Failed to get access token: 401 {
  "error": "deleted_client",
  "error_description": "The OAuth client was deleted."
}
2026-05-27 15:25:19,443 - core.database - DEBUG - [DB_OP] Starting get_db session creation
2026-05-27 15:25:19,444 - core.database - DEBUG - [DB_OP] Database session created successfully in 0.0010s
2026-05-27 15:25:19,444 - routers.clients - DEBUG - Querying clientss: query={"phone":"22998006174"}, sort=None, skip=0, limit=1, fields=None
2026-05-27 15:25:19,830 - routers.clients - DEBUG - Found 1 clientss
2026-05-27 15:25:19,831 - core.database - DEBUG - [DB_OP] Database session cleanup after 0.3886s
2026-05-27 15:25:20,046 - core.database - DEBUG - [DB_OP] Starting get_db session creation
2026-05-27 15:25:20,047 - core.database - DEBUG - [DB_OP] Database session created successfully in 0.0005s
2026-05-27 15:25:20,047 - routers.reservations - DEBUG - Querying reservationss: query={}, sort=-reservation_date, skip=0, limit=100, fields=None
2026-05-27 15:25:20,429 - routers.reservations - DEBUG - Found 12 reservationss
2026-05-27 15:25:20,430 - core.database - DEBUG - [DB_OP] Database session cleanup after 0.3837s
2026-05-27 15:25:53,074 - services.database - DEBUG - [DB_OP] Starting database close
2026-05-27 15:25:53,207 - core.database - INFO - Database connection closed and engine disposed
2026-05-27 15:25:53,208 - services.database - INFO - Database connections closed
2026-05-27 15:25:53,208 - services.database - DEBUG - [DB_OP] Database close completed in 0.1342s
