2026-05-23 16:25:17,996 - main - INFO - === Logging system initialized ===
2026-05-23 16:25:17,997 - main - INFO - Log file: logs/app_20260523_162517.log
2026-05-23 16:25:17,997 - main - INFO - Log level: INFO
2026-05-23 16:25:17,997 - main - INFO - Timestamp: 20260523_162517
2026-05-23 16:25:18,950 - main - INFO - Included router: routers.aihub.router
2026-05-23 16:25:18,975 - main - INFO - Included router: routers.auth.router
2026-05-23 16:25:18,977 - main - INFO - Included router: routers.health.router
2026-05-23 16:25:19,029 - main - INFO - Included router: routers.printer_settings.router
2026-05-23 16:25:19,103 - main - INFO - Included router: routers.reservations.router
2026-05-23 16:25:19,149 - main - INFO - Included router: routers.salons.router
2026-05-23 16:25:19,171 - main - INFO - Included router: routers.settings.router
2026-05-23 16:25:19,215 - main - INFO - Included router: routers.storage.router
2026-05-23 16:25:19,223 - main - INFO - Included router: routers.user.router
2026-05-23 16:25:19,224 - main - INFO - === Application startup initiated ===
2026-05-23 16:25:19,224 - services.database - INFO - Ignore creating tables
2026-05-23 16:25:19,225 - services.mock_data - INFO - Ignore initialize data
2026-05-23 16:25:19,225 - services.auth - INFO - Ignore initialize admin
2026-05-23 16:25:19,225 - main - INFO - === Application startup completed successfully ===
2026-05-23 16:25:25,356 - core.config - DEBUG - Read dynamic attribute jwt_secret_key from environment variable JWT_SECRET_KEY
2026-05-23 16:25:25,407 - core.config - DEBUG - Read dynamic attribute jwt_algorithm from environment variable JWT_ALGORITHM
2026-05-23 16:25:25,421 - core.auth - DEBUG - Authentication token validated for user hash: 3d1d0765
2026-05-23 16:25:25,844 - core.database - DEBUG - [DB_OP] Starting get_db session creation
2026-05-23 16:25:25,844 - core.database - WARNING - Database session maker not available, attempting lazy initialization...
2026-05-23 16:25:25,845 - core.database - WARNING - Database not initialized, attempting lazy initialization...
2026-05-23 16:25:25,845 - core.database - INFO - Starting database initialization...
2026-05-23 16:25:25,845 - core.config - DEBUG - Read dynamic attribute database_url from environment variable DATABASE_URL
2026-05-23 16:25:25,845 - core.database - INFO - Normalizing database URL for async compatibility...
2026-05-23 16:25:25,847 - core.database - INFO - Creating async database engine...
2026-05-23 16:25:25,847 - core.database - INFO - Using QueuePool with connection pooling for non-Lambda environment
2026-05-23 16:25:25,897 - core.database - INFO - Database engine created successfully
2026-05-23 16:25:25,898 - core.database - INFO - Creating async session maker...
2026-05-23 16:25:25,899 - core.database - INFO - Async session maker created successfully
2026-05-23 16:25:25,899 - core.database - INFO - Database connection initialized successfully
2026-05-23 16:25:25,900 - core.database - DEBUG - [DB_OP] Starting create_tables
2026-05-23 16:25:25,900 - core.database - INFO - 🔧 Starting table creation...
2026-05-23 16:25:25,908 - core.auth - DEBUG - Authentication token validated for user hash: 3d1d0765
2026-05-23 16:25:25,909 - core.database - DEBUG - [DB_OP] Starting get_db session creation
2026-05-23 16:25:25,909 - core.database - DEBUG - [DB_OP] Database session created successfully in 0.0005s
2026-05-23 16:25:25,910 - routers.printer_settings - DEBUG - Querying printer_settingss: query=None, sort=None, skip=0, limit=20, fields=None
2026-05-23 16:25:27,293 - routers.printer_settings - DEBUG - Found 1 printer_settingss
2026-05-23 16:25:27,294 - core.database - DEBUG - [DB_OP] Database session cleanup after 1.3851s
2026-05-23 16:25:27,423 - core.database - INFO - Tables initialized successfully
2026-05-23 16:25:27,424 - core.database - DEBUG - [DB_OP] Create tables completed in 1.5239s
2026-05-23 16:25:27,488 - core.database - INFO - Lazy database initialization completed successfully
2026-05-23 16:25:27,488 - core.database - DEBUG - [DB_OP] Database session created successfully in 1.6444s
2026-05-23 16:25:27,489 - routers.reservations - DEBUG - Querying reservationss: query={"reservation_date__gte":"2026-05-01","reservation_date__lte":"2026-05-31"}, sort=reservation_date, skip=0, limit=200, fields=None
2026-05-23 16:25:28,072 - routers.reservations - DEBUG - Found 2 reservationss
2026-05-23 16:25:28,074 - core.database - DEBUG - [DB_OP] Database session cleanup after 2.2298s
2026-05-23 16:25:42,660 - dependencies.auth - DEBUG - Authentication required for request GET /api/v1/auth/me
2026-05-23 16:25:44,787 - core.auth - DEBUG - Authentication token validated for user hash: 3d1d0765
2026-05-23 16:25:45,022 - core.database - DEBUG - [DB_OP] Starting get_db session creation
2026-05-23 16:25:45,022 - core.database - DEBUG - [DB_OP] Database session created successfully in 0.0005s
2026-05-23 16:25:45,023 - routers.reservations - DEBUG - Querying reservationss: query={"reservation_date__gte":"2026-05-01","reservation_date__lte":"2026-05-31"}, sort=reservation_date, skip=0, limit=200, fields=None
2026-05-23 16:25:45,026 - core.auth - DEBUG - Authentication token validated for user hash: 3d1d0765
2026-05-23 16:25:45,027 - core.database - DEBUG - [DB_OP] Starting get_db session creation
2026-05-23 16:25:45,027 - core.database - DEBUG - [DB_OP] Database session created successfully in 0.0001s
2026-05-23 16:25:45,027 - routers.printer_settings - DEBUG - Querying printer_settingss: query=None, sort=None, skip=0, limit=20, fields=None
2026-05-23 16:25:45,406 - routers.printer_settings - DEBUG - Found 1 printer_settingss
2026-05-23 16:25:45,406 - core.database - DEBUG - [DB_OP] Database session cleanup after 0.3799s
2026-05-23 16:25:45,600 - routers.reservations - DEBUG - Found 2 reservationss
2026-05-23 16:25:45,601 - core.database - DEBUG - [DB_OP] Database session cleanup after 0.5789s
2026-05-23 16:26:15,029 - core.database - DEBUG - [DB_OP] Starting get_db session creation
2026-05-23 16:26:15,030 - core.database - DEBUG - [DB_OP] Database session created successfully in 0.0008s
2026-05-23 16:26:15,031 - routers.reservations - DEBUG - Querying reservationss: query={"reservation_date__gte":"2026-05-01","reservation_date__lte":"2026-05-31"}, sort=reservation_date, skip=0, limit=200, fields=None
2026-05-23 16:26:15,416 - routers.reservations - DEBUG - Found 2 reservationss
2026-05-23 16:26:15,417 - core.database - DEBUG - [DB_OP] Database session cleanup after 0.3884s
2026-05-23 16:26:45,022 - core.database - DEBUG - [DB_OP] Starting get_db session creation
2026-05-23 16:26:45,023 - core.database - DEBUG - [DB_OP] Database session created successfully in 0.0005s
2026-05-23 16:26:45,023 - routers.reservations - DEBUG - Querying reservationss: query={"reservation_date__gte":"2026-05-01","reservation_date__lte":"2026-05-31"}, sort=reservation_date, skip=0, limit=200, fields=None
2026-05-23 16:26:45,407 - routers.reservations - DEBUG - Found 2 reservationss
2026-05-23 16:26:45,408 - core.database - DEBUG - [DB_OP] Database session cleanup after 0.3859s
2026-05-23 16:27:14,943 - services.database - DEBUG - [DB_OP] Starting database close
2026-05-23 16:27:15,075 - core.database - INFO - Database connection closed and engine disposed
2026-05-23 16:27:15,076 - services.database - INFO - Database connections closed
2026-05-23 16:27:15,076 - services.database - DEBUG - [DB_OP] Database close completed in 0.1332s
