2026-05-23 16:53:30,458 - main - INFO - === Logging system initialized ===
2026-05-23 16:53:30,459 - main - INFO - Log file: logs/app_20260523_165330.log
2026-05-23 16:53:30,459 - main - INFO - Log level: INFO
2026-05-23 16:53:30,459 - main - INFO - Timestamp: 20260523_165330
2026-05-23 16:53:31,241 - main - INFO - Included router: routers.aihub.router
2026-05-23 16:53:31,259 - main - INFO - Included router: routers.auth.router
2026-05-23 16:53:31,261 - main - INFO - Included router: routers.health.router
2026-05-23 16:53:31,308 - main - INFO - Included router: routers.printer_settings.router
2026-05-23 16:53:31,362 - main - INFO - Included router: routers.reservations.router
2026-05-23 16:53:31,405 - main - INFO - Included router: routers.salons.router
2026-05-23 16:53:31,425 - main - INFO - Included router: routers.settings.router
2026-05-23 16:53:31,461 - main - INFO - Included router: routers.storage.router
2026-05-23 16:53:31,469 - main - INFO - Included router: routers.user.router
2026-05-23 16:53:31,470 - main - INFO - === Application startup initiated ===
2026-05-23 16:53:31,470 - services.database - INFO - Ignore creating tables
2026-05-23 16:53:31,471 - services.mock_data - INFO - Ignore initialize data
2026-05-23 16:53:31,471 - services.auth - INFO - Ignore initialize admin
2026-05-23 16:53:31,471 - main - INFO - === Application startup completed successfully ===
2026-05-23 16:53:37,355 - core.config - DEBUG - Read dynamic attribute jwt_secret_key from environment variable JWT_SECRET_KEY
2026-05-23 16:53:37,355 - core.config - DEBUG - Read dynamic attribute jwt_algorithm from environment variable JWT_ALGORITHM
2026-05-23 16:53:37,367 - core.auth - DEBUG - Authentication token validated for user hash: 3d1d0765
2026-05-23 16:53:37,609 - core.database - DEBUG - [DB_OP] Starting get_db session creation
2026-05-23 16:53:37,609 - core.database - WARNING - Database session maker not available, attempting lazy initialization...
2026-05-23 16:53:37,609 - core.database - WARNING - Database not initialized, attempting lazy initialization...
2026-05-23 16:53:37,609 - core.database - INFO - Starting database initialization...
2026-05-23 16:53:37,609 - core.config - DEBUG - Read dynamic attribute database_url from environment variable DATABASE_URL
2026-05-23 16:53:37,609 - core.database - INFO - Normalizing database URL for async compatibility...
2026-05-23 16:53:37,611 - core.database - INFO - Creating async database engine...
2026-05-23 16:53:37,611 - core.database - INFO - Using QueuePool with connection pooling for non-Lambda environment
2026-05-23 16:53:37,668 - core.database - INFO - Database engine created successfully
2026-05-23 16:53:37,668 - core.database - INFO - Creating async session maker...
2026-05-23 16:53:37,668 - core.database - INFO - Async session maker created successfully
2026-05-23 16:53:37,668 - core.database - INFO - Database connection initialized successfully
2026-05-23 16:53:37,668 - core.database - DEBUG - [DB_OP] Starting create_tables
2026-05-23 16:53:37,668 - core.database - INFO - 🔧 Starting table creation...
2026-05-23 16:53:37,676 - core.auth - DEBUG - Authentication token validated for user hash: 3d1d0765
2026-05-23 16:53:37,676 - core.database - DEBUG - [DB_OP] Starting get_db session creation
2026-05-23 16:53:37,677 - core.database - DEBUG - [DB_OP] Database session created successfully in 0.0010s
2026-05-23 16:53:37,678 - routers.printer_settings - DEBUG - Querying printer_settingss: query=None, sort=None, skip=0, limit=20, fields=None
2026-05-23 16:53:39,058 - routers.printer_settings - DEBUG - Found 1 printer_settingss
2026-05-23 16:53:39,059 - core.database - DEBUG - [DB_OP] Database session cleanup after 1.3828s
2026-05-23 16:53:39,184 - core.database - INFO - Tables initialized successfully
2026-05-23 16:53:39,185 - core.database - DEBUG - [DB_OP] Create tables completed in 1.5163s
2026-05-23 16:53:39,247 - core.database - INFO - Lazy database initialization completed successfully
2026-05-23 16:53:39,248 - core.database - DEBUG - [DB_OP] Database session created successfully in 1.6390s
2026-05-23 16:53:39,248 - routers.reservations - DEBUG - Querying reservationss: query={"reservation_date__gte":"2026-05-01","reservation_date__lte":"2026-05-31"}, sort=reservation_date, skip=0, limit=200, fields=None
2026-05-23 16:53:39,824 - routers.reservations - DEBUG - Found 2 reservationss
2026-05-23 16:53:39,825 - core.database - DEBUG - [DB_OP] Database session cleanup after 2.2160s
2026-05-23 16:53:59,552 - services.database - DEBUG - [DB_OP] Starting database close
2026-05-23 16:53:59,685 - core.database - INFO - Database connection closed and engine disposed
2026-05-23 16:53:59,685 - services.database - INFO - Database connections closed
2026-05-23 16:53:59,685 - services.database - DEBUG - [DB_OP] Database close completed in 0.1334s
