2026-05-19 06:27:52,580 - main - INFO - === Logging system initialized ===
2026-05-19 06:27:52,580 - main - INFO - Log file: logs/app_20260519_062752.log
2026-05-19 06:27:52,580 - main - INFO - Log level: INFO
2026-05-19 06:27:52,580 - main - INFO - Timestamp: 20260519_062752
2026-05-19 06:27:53,713 - main - INFO - Included router: routers.aihub.router
2026-05-19 06:27:53,741 - main - INFO - Included router: routers.auth.router
2026-05-19 06:27:53,743 - main - INFO - Included router: routers.health.router
2026-05-19 06:27:53,804 - main - INFO - Included router: routers.reservations.router
2026-05-19 06:27:53,858 - main - INFO - Included router: routers.salons.router
2026-05-19 06:27:53,878 - main - INFO - Included router: routers.settings.router
2026-05-19 06:27:53,915 - main - INFO - Included router: routers.storage.router
2026-05-19 06:27:53,924 - main - INFO - Included router: routers.user.router
2026-05-19 06:27:53,925 - main - INFO - === Application startup initiated ===
2026-05-19 06:27:53,925 - services.database - INFO - Ignore creating tables
2026-05-19 06:27:53,925 - services.mock_data - INFO - Ignore initialize data
2026-05-19 06:27:53,925 - services.auth - INFO - Ignore initialize admin
2026-05-19 06:27:53,925 - main - INFO - === Application startup completed successfully ===
2026-05-19 06:27:57,986 - core.config - DEBUG - Read dynamic attribute jwt_secret_key from environment variable JWT_SECRET_KEY
2026-05-19 06:27:57,987 - core.config - DEBUG - Read dynamic attribute jwt_algorithm from environment variable JWT_ALGORITHM
2026-05-19 06:27:57,997 - core.auth - DEBUG - Authentication token validated for user hash: 3d1d0765
2026-05-19 06:27:58,217 - core.database - DEBUG - [DB_OP] Starting get_db session creation
2026-05-19 06:27:58,217 - core.database - WARNING - Database session maker not available, attempting lazy initialization...
2026-05-19 06:27:58,217 - core.database - WARNING - Database not initialized, attempting lazy initialization...
2026-05-19 06:27:58,217 - core.database - INFO - Starting database initialization...
2026-05-19 06:27:58,217 - core.config - DEBUG - Read dynamic attribute database_url from environment variable DATABASE_URL
2026-05-19 06:27:58,217 - core.database - INFO - Normalizing database URL for async compatibility...
2026-05-19 06:27:58,218 - core.database - INFO - Creating async database engine...
2026-05-19 06:27:58,219 - core.database - INFO - Using QueuePool with connection pooling for non-Lambda environment
2026-05-19 06:27:58,265 - core.database - INFO - Database engine created successfully
2026-05-19 06:27:58,266 - core.database - INFO - Creating async session maker...
2026-05-19 06:27:58,266 - core.database - INFO - Async session maker created successfully
2026-05-19 06:27:58,266 - core.database - INFO - Database connection initialized successfully
2026-05-19 06:27:58,266 - core.database - DEBUG - [DB_OP] Starting create_tables
2026-05-19 06:27:58,266 - core.database - INFO - 🔧 Starting table creation...
2026-05-19 06:27:59,910 - core.database - INFO - Tables initialized successfully
2026-05-19 06:27:59,911 - core.database - DEBUG - [DB_OP] Create tables completed in 1.6446s
2026-05-19 06:27:59,984 - core.database - INFO - Lazy database initialization completed successfully
2026-05-19 06:27:59,984 - core.database - DEBUG - [DB_OP] Database session created successfully in 1.7673s
2026-05-19 06:27:59,985 - routers.reservations - DEBUG - Querying reservationss: query={"reservation_date__gte":"2026-05-01","reservation_date__lte":"2026-05-31"}, sort=reservation_date, skip=0, limit=200, fields=None
2026-05-19 06:28:00,643 - routers.reservations - DEBUG - Found 0 reservationss
2026-05-19 06:28:00,644 - core.database - DEBUG - [DB_OP] Database session cleanup after 2.4268s
2026-05-19 06:32:22,073 - dependencies.auth - DEBUG - Authentication required for request GET /api/v1/auth/me
2026-05-19 06:32:25,316 - core.auth - DEBUG - Authentication token validated for user hash: 3d1d0765
2026-05-19 06:32:25,572 - core.database - DEBUG - [DB_OP] Starting get_db session creation
2026-05-19 06:32:25,573 - core.database - DEBUG - [DB_OP] Database session created successfully in 0.0004s
2026-05-19 06:32:25,573 - routers.reservations - DEBUG - Querying reservationss: query={"reservation_date__gte":"2026-05-01","reservation_date__lte":"2026-05-31"}, sort=reservation_date, skip=0, limit=200, fields=None
2026-05-19 06:32:26,011 - routers.reservations - DEBUG - Found 0 reservationss
2026-05-19 06:32:26,012 - core.database - DEBUG - [DB_OP] Database session cleanup after 0.4394s
2026-05-19 06:32:28,372 - core.database - DEBUG - [DB_OP] Starting get_db session creation
2026-05-19 06:32:28,372 - core.database - DEBUG - [DB_OP] Database session created successfully in 0.0003s
2026-05-19 06:32:28,373 - routers.salons - DEBUG - Querying salonss: query={}, sort=None, skip=0, limit=50, fields=None
2026-05-19 06:32:28,958 - routers.salons - DEBUG - Found 0 salonss
2026-05-19 06:32:28,959 - core.database - DEBUG - [DB_OP] Database session cleanup after 0.5872s
2026-05-19 06:32:33,058 - core.database - DEBUG - [DB_OP] Starting get_db session creation
2026-05-19 06:32:33,058 - core.database - DEBUG - [DB_OP] Database session created successfully in 0.0005s
2026-05-19 06:32:33,059 - routers.salons - DEBUG - Querying salonss: query={}, sort=None, skip=0, limit=50, fields=None
2026-05-19 06:32:33,494 - routers.salons - DEBUG - Found 0 salonss
2026-05-19 06:32:33,495 - core.database - DEBUG - [DB_OP] Database session cleanup after 0.4375s
2026-05-19 06:32:37,569 - core.database - DEBUG - [DB_OP] Starting get_db session creation
2026-05-19 06:32:37,570 - core.database - DEBUG - [DB_OP] Database session created successfully in 0.0005s
2026-05-19 06:32:37,570 - core.database - ERROR - Database session error: 1 validation error:
  {'type': 'missing', 'loc': ('body', 'user_id'), 'msg': 'Field required', 'input': {'name': 'ANEXO', 'capacity': 30, 'description': '', 'active': True}}

  File "/workspace/app/backend/routers/salons.py", line 182, in create_salons
    POST /api/v1/entities/salons
Traceback (most recent call last):
  File "/workspace/app/backend/core/database.py", line 553, in get_db
    yield session
  File "/data/chats/ebbf05d7d0d94d1299f7d038f8deb27b/.cache/python/lib/python3.10/site-packages/fastapi/routing.py", line 120, in app
    response = await f(request)
  File "/data/chats/ebbf05d7d0d94d1299f7d038f8deb27b/.cache/python/lib/python3.10/site-packages/fastapi/routing.py", line 723, in app
    raise validation_error
fastapi.exceptions.RequestValidationError: 1 validation error:
  {'type': 'missing', 'loc': ('body', 'user_id'), 'msg': 'Field required', 'input': {'name': 'ANEXO', 'capacity': 30, 'description': '', 'active': True}}

  File "/workspace/app/backend/routers/salons.py", line 182, in create_salons
    POST /api/v1/entities/salons
2026-05-19 06:32:37,575 - core.database - DEBUG - [DB_OP] Database session cleanup after 0.0055s
2026-05-19 06:32:37,576 - core.database - ERROR - Failed to create database session: 1 validation error:
  {'type': 'missing', 'loc': ('body', 'user_id'), 'msg': 'Field required', 'input': {'name': 'ANEXO', 'capacity': 30, 'description': '', 'active': True}}

  File "/workspace/app/backend/routers/salons.py", line 182, in create_salons
    POST /api/v1/entities/salons
Traceback (most recent call last):
  File "/workspace/app/backend/core/database.py", line 553, in get_db
    yield session
  File "/data/chats/ebbf05d7d0d94d1299f7d038f8deb27b/.cache/python/lib/python3.10/site-packages/fastapi/routing.py", line 120, in app
    response = await f(request)
  File "/data/chats/ebbf05d7d0d94d1299f7d038f8deb27b/.cache/python/lib/python3.10/site-packages/fastapi/routing.py", line 723, in app
    raise validation_error
fastapi.exceptions.RequestValidationError: 1 validation error:
  {'type': 'missing', 'loc': ('body', 'user_id'), 'msg': 'Field required', 'input': {'name': 'ANEXO', 'capacity': 30, 'description': '', 'active': True}}

  File "/workspace/app/backend/routers/salons.py", line 182, in create_salons
    POST /api/v1/entities/salons
2026-05-19 06:32:38,743 - core.database - DEBUG - [DB_OP] Starting get_db session creation
2026-05-19 06:32:38,744 - core.database - DEBUG - [DB_OP] Database session created successfully in 0.0005s
2026-05-19 06:32:38,744 - core.database - ERROR - Database session error: 1 validation error:
  {'type': 'missing', 'loc': ('body', 'user_id'), 'msg': 'Field required', 'input': {'name': 'ANEXO', 'capacity': 30, 'description': '', 'active': True}}

  File "/workspace/app/backend/routers/salons.py", line 182, in create_salons
    POST /api/v1/entities/salons
Traceback (most recent call last):
  File "/workspace/app/backend/core/database.py", line 553, in get_db
    yield session
  File "/data/chats/ebbf05d7d0d94d1299f7d038f8deb27b/.cache/python/lib/python3.10/site-packages/fastapi/routing.py", line 120, in app
    response = await f(request)
  File "/data/chats/ebbf05d7d0d94d1299f7d038f8deb27b/.cache/python/lib/python3.10/site-packages/fastapi/routing.py", line 723, in app
    raise validation_error
fastapi.exceptions.RequestValidationError: 1 validation error:
  {'type': 'missing', 'loc': ('body', 'user_id'), 'msg': 'Field required', 'input': {'name': 'ANEXO', 'capacity': 30, 'description': '', 'active': True}}

  File "/workspace/app/backend/routers/salons.py", line 182, in create_salons
    POST /api/v1/entities/salons
2026-05-19 06:32:38,747 - core.database - DEBUG - [DB_OP] Database session cleanup after 0.0041s
2026-05-19 06:32:38,747 - core.database - ERROR - Failed to create database session: 1 validation error:
  {'type': 'missing', 'loc': ('body', 'user_id'), 'msg': 'Field required', 'input': {'name': 'ANEXO', 'capacity': 30, 'description': '', 'active': True}}

  File "/workspace/app/backend/routers/salons.py", line 182, in create_salons
    POST /api/v1/entities/salons
Traceback (most recent call last):
  File "/workspace/app/backend/core/database.py", line 553, in get_db
    yield session
  File "/data/chats/ebbf05d7d0d94d1299f7d038f8deb27b/.cache/python/lib/python3.10/site-packages/fastapi/routing.py", line 120, in app
    response = await f(request)
  File "/data/chats/ebbf05d7d0d94d1299f7d038f8deb27b/.cache/python/lib/python3.10/site-packages/fastapi/routing.py", line 723, in app
    raise validation_error
fastapi.exceptions.RequestValidationError: 1 validation error:
  {'type': 'missing', 'loc': ('body', 'user_id'), 'msg': 'Field required', 'input': {'name': 'ANEXO', 'capacity': 30, 'description': '', 'active': True}}

  File "/workspace/app/backend/routers/salons.py", line 182, in create_salons
    POST /api/v1/entities/salons
2026-05-19 06:32:39,678 - core.database - DEBUG - [DB_OP] Starting get_db session creation
2026-05-19 06:32:39,678 - core.database - DEBUG - [DB_OP] Database session created successfully in 0.0004s
2026-05-19 06:32:39,679 - core.database - ERROR - Database session error: 1 validation error:
  {'type': 'missing', 'loc': ('body', 'user_id'), 'msg': 'Field required', 'input': {'name': 'ANEXO', 'capacity': 30, 'description': '', 'active': True}}

  File "/workspace/app/backend/routers/salons.py", line 182, in create_salons
    POST /api/v1/entities/salons
Traceback (most recent call last):
  File "/workspace/app/backend/core/database.py", line 553, in get_db
    yield session
  File "/data/chats/ebbf05d7d0d94d1299f7d038f8deb27b/.cache/python/lib/python3.10/site-packages/fastapi/routing.py", line 120, in app
    response = await f(request)
  File "/data/chats/ebbf05d7d0d94d1299f7d038f8deb27b/.cache/python/lib/python3.10/site-packages/fastapi/routing.py", line 723, in app
    raise validation_error
fastapi.exceptions.RequestValidationError: 1 validation error:
  {'type': 'missing', 'loc': ('body', 'user_id'), 'msg': 'Field required', 'input': {'name': 'ANEXO', 'capacity': 30, 'description': '', 'active': True}}

  File "/workspace/app/backend/routers/salons.py", line 182, in create_salons
    POST /api/v1/entities/salons
2026-05-19 06:32:39,679 - core.database - DEBUG - [DB_OP] Database session cleanup after 0.0011s
2026-05-19 06:32:39,679 - core.database - ERROR - Failed to create database session: 1 validation error:
  {'type': 'missing', 'loc': ('body', 'user_id'), 'msg': 'Field required', 'input': {'name': 'ANEXO', 'capacity': 30, 'description': '', 'active': True}}

  File "/workspace/app/backend/routers/salons.py", line 182, in create_salons
    POST /api/v1/entities/salons
Traceback (most recent call last):
  File "/workspace/app/backend/core/database.py", line 553, in get_db
    yield session
  File "/data/chats/ebbf05d7d0d94d1299f7d038f8deb27b/.cache/python/lib/python3.10/site-packages/fastapi/routing.py", line 120, in app
    response = await f(request)
  File "/data/chats/ebbf05d7d0d94d1299f7d038f8deb27b/.cache/python/lib/python3.10/site-packages/fastapi/routing.py", line 723, in app
    raise validation_error
fastapi.exceptions.RequestValidationError: 1 validation error:
  {'type': 'missing', 'loc': ('body', 'user_id'), 'msg': 'Field required', 'input': {'name': 'ANEXO', 'capacity': 30, 'description': '', 'active': True}}

  File "/workspace/app/backend/routers/salons.py", line 182, in create_salons
    POST /api/v1/entities/salons
2026-05-19 06:32:45,459 - core.database - DEBUG - [DB_OP] Starting get_db session creation
2026-05-19 06:32:45,460 - core.database - DEBUG - [DB_OP] Database session created successfully in 0.0004s
2026-05-19 06:32:45,460 - core.database - ERROR - Database session error: 1 validation error:
  {'type': 'missing', 'loc': ('body', 'user_id'), 'msg': 'Field required', 'input': {'name': 'ANEXO', 'capacity': 30, 'description': '', 'active': True}}

  File "/workspace/app/backend/routers/salons.py", line 182, in create_salons
    POST /api/v1/entities/salons
Traceback (most recent call last):
  File "/workspace/app/backend/core/database.py", line 553, in get_db
    yield session
  File "/data/chats/ebbf05d7d0d94d1299f7d038f8deb27b/.cache/python/lib/python3.10/site-packages/fastapi/routing.py", line 120, in app
    response = await f(request)
  File "/data/chats/ebbf05d7d0d94d1299f7d038f8deb27b/.cache/python/lib/python3.10/site-packages/fastapi/routing.py", line 723, in app
    raise validation_error
fastapi.exceptions.RequestValidationError: 1 validation error:
  {'type': 'missing', 'loc': ('body', 'user_id'), 'msg': 'Field required', 'input': {'name': 'ANEXO', 'capacity': 30, 'description': '', 'active': True}}

  File "/workspace/app/backend/routers/salons.py", line 182, in create_salons
    POST /api/v1/entities/salons
2026-05-19 06:32:45,480 - core.database - DEBUG - [DB_OP] Database session cleanup after 0.0204s
2026-05-19 06:32:45,480 - core.database - ERROR - Failed to create database session: 1 validation error:
  {'type': 'missing', 'loc': ('body', 'user_id'), 'msg': 'Field required', 'input': {'name': 'ANEXO', 'capacity': 30, 'description': '', 'active': True}}

  File "/workspace/app/backend/routers/salons.py", line 182, in create_salons
    POST /api/v1/entities/salons
Traceback (most recent call last):
  File "/workspace/app/backend/core/database.py", line 553, in get_db
    yield session
  File "/data/chats/ebbf05d7d0d94d1299f7d038f8deb27b/.cache/python/lib/python3.10/site-packages/fastapi/routing.py", line 120, in app
    response = await f(request)
  File "/data/chats/ebbf05d7d0d94d1299f7d038f8deb27b/.cache/python/lib/python3.10/site-packages/fastapi/routing.py", line 723, in app
    raise validation_error
fastapi.exceptions.RequestValidationError: 1 validation error:
  {'type': 'missing', 'loc': ('body', 'user_id'), 'msg': 'Field required', 'input': {'name': 'ANEXO', 'capacity': 30, 'description': '', 'active': True}}

  File "/workspace/app/backend/routers/salons.py", line 182, in create_salons
    POST /api/v1/entities/salons
2026-05-19 06:32:50,195 - core.database - DEBUG - [DB_OP] Starting get_db session creation
2026-05-19 06:32:50,195 - core.database - DEBUG - [DB_OP] Database session created successfully in 0.0005s
2026-05-19 06:32:50,196 - core.database - ERROR - Database session error: 1 validation error:
  {'type': 'missing', 'loc': ('body', 'user_id'), 'msg': 'Field required', 'input': {'name': 'ANEXO', 'capacity': 30, 'description': 'CV', 'active': True}}

  File "/workspace/app/backend/routers/salons.py", line 182, in create_salons
    POST /api/v1/entities/salons
Traceback (most recent call last):
  File "/workspace/app/backend/core/database.py", line 553, in get_db
    yield session
  File "/data/chats/ebbf05d7d0d94d1299f7d038f8deb27b/.cache/python/lib/python3.10/site-packages/fastapi/routing.py", line 120, in app
    response = await f(request)
  File "/data/chats/ebbf05d7d0d94d1299f7d038f8deb27b/.cache/python/lib/python3.10/site-packages/fastapi/routing.py", line 723, in app
    raise validation_error
fastapi.exceptions.RequestValidationError: 1 validation error:
  {'type': 'missing', 'loc': ('body', 'user_id'), 'msg': 'Field required', 'input': {'name': 'ANEXO', 'capacity': 30, 'description': 'CV', 'active': True}}

  File "/workspace/app/backend/routers/salons.py", line 182, in create_salons
    POST /api/v1/entities/salons
2026-05-19 06:32:50,200 - core.database - DEBUG - [DB_OP] Database session cleanup after 0.0047s
2026-05-19 06:32:50,200 - core.database - ERROR - Failed to create database session: 1 validation error:
  {'type': 'missing', 'loc': ('body', 'user_id'), 'msg': 'Field required', 'input': {'name': 'ANEXO', 'capacity': 30, 'description': 'CV', 'active': True}}

  File "/workspace/app/backend/routers/salons.py", line 182, in create_salons
    POST /api/v1/entities/salons
Traceback (most recent call last):
  File "/workspace/app/backend/core/database.py", line 553, in get_db
    yield session
  File "/data/chats/ebbf05d7d0d94d1299f7d038f8deb27b/.cache/python/lib/python3.10/site-packages/fastapi/routing.py", line 120, in app
    response = await f(request)
  File "/data/chats/ebbf05d7d0d94d1299f7d038f8deb27b/.cache/python/lib/python3.10/site-packages/fastapi/routing.py", line 723, in app
    raise validation_error
fastapi.exceptions.RequestValidationError: 1 validation error:
  {'type': 'missing', 'loc': ('body', 'user_id'), 'msg': 'Field required', 'input': {'name': 'ANEXO', 'capacity': 30, 'description': 'CV', 'active': True}}

  File "/workspace/app/backend/routers/salons.py", line 182, in create_salons
    POST /api/v1/entities/salons
2026-05-19 06:33:26,045 - services.database - DEBUG - [DB_OP] Starting database close
2026-05-19 06:33:26,123 - core.database - INFO - Database connection closed and engine disposed
2026-05-19 06:33:26,123 - services.database - INFO - Database connections closed
2026-05-19 06:33:26,123 - services.database - DEBUG - [DB_OP] Database close completed in 0.0781s
