2026-05-23 16:20:17,593 - main - INFO - === Logging system initialized ===
2026-05-23 16:20:17,593 - main - INFO - Log file: logs/app_20260523_162017.log
2026-05-23 16:20:17,593 - main - INFO - Log level: INFO
2026-05-23 16:20:17,593 - main - INFO - Timestamp: 20260523_162017
2026-05-23 16:20:18,592 - main - INFO - Included router: routers.aihub.router
2026-05-23 16:20:18,608 - main - INFO - Included router: routers.auth.router
2026-05-23 16:20:18,610 - main - INFO - Included router: routers.health.router
2026-05-23 16:20:18,669 - main - INFO - Included router: routers.printer_settings.router
2026-05-23 16:20:18,735 - main - INFO - Included router: routers.reservations.router
2026-05-23 16:20:18,775 - main - INFO - Included router: routers.salons.router
2026-05-23 16:20:18,795 - main - INFO - Included router: routers.settings.router
2026-05-23 16:20:18,829 - main - INFO - Included router: routers.storage.router
2026-05-23 16:20:18,839 - main - INFO - Included router: routers.user.router
2026-05-23 16:20:18,840 - main - INFO - === Application startup initiated ===
2026-05-23 16:20:18,840 - services.database - INFO - Ignore creating tables
2026-05-23 16:20:18,840 - services.mock_data - INFO - Ignore initialize data
2026-05-23 16:20:18,840 - services.auth - INFO - Ignore initialize admin
2026-05-23 16:20:18,840 - main - INFO - === Application startup completed successfully ===
2026-05-23 16:20:26,335 - core.config - DEBUG - Read dynamic attribute jwt_secret_key from environment variable JWT_SECRET_KEY
2026-05-23 16:20:26,335 - core.config - DEBUG - Read dynamic attribute jwt_algorithm from environment variable JWT_ALGORITHM
2026-05-23 16:20:26,345 - core.auth - DEBUG - Authentication token validated for user hash: 3d1d0765
2026-05-23 16:20:26,612 - core.database - DEBUG - [DB_OP] Starting get_db session creation
2026-05-23 16:20:26,612 - core.database - WARNING - Database session maker not available, attempting lazy initialization...
2026-05-23 16:20:26,612 - core.database - WARNING - Database not initialized, attempting lazy initialization...
2026-05-23 16:20:26,612 - core.database - INFO - Starting database initialization...
2026-05-23 16:20:26,613 - core.config - DEBUG - Read dynamic attribute database_url from environment variable DATABASE_URL
2026-05-23 16:20:26,613 - core.database - INFO - Normalizing database URL for async compatibility...
2026-05-23 16:20:26,613 - core.database - INFO - Creating async database engine...
2026-05-23 16:20:26,614 - core.database - INFO - Using QueuePool with connection pooling for non-Lambda environment
2026-05-23 16:20:26,657 - core.database - INFO - Database engine created successfully
2026-05-23 16:20:26,657 - core.database - INFO - Creating async session maker...
2026-05-23 16:20:26,657 - core.database - INFO - Async session maker created successfully
2026-05-23 16:20:26,657 - core.database - INFO - Database connection initialized successfully
2026-05-23 16:20:26,658 - core.database - DEBUG - [DB_OP] Starting create_tables
2026-05-23 16:20:26,658 - core.database - INFO - 🔧 Starting table creation...
2026-05-23 16:20:26,663 - core.auth - DEBUG - Authentication token validated for user hash: 3d1d0765
2026-05-23 16:20:26,663 - core.database - DEBUG - [DB_OP] Starting get_db session creation
2026-05-23 16:20:26,664 - core.database - DEBUG - [DB_OP] Database session created successfully in 0.0007s
2026-05-23 16:20:26,664 - routers.printer_settings - DEBUG - Querying printer_settingss: query=None, sort=None, skip=0, limit=20, fields=None
2026-05-23 16:20:28,027 - routers.printer_settings - DEBUG - Found 1 printer_settingss
2026-05-23 16:20:28,028 - core.database - DEBUG - [DB_OP] Database session cleanup after 1.3646s
2026-05-23 16:20:28,141 - core.database - INFO - Tables initialized successfully
2026-05-23 16:20:28,141 - core.database - DEBUG - [DB_OP] Create tables completed in 1.4836s
2026-05-23 16:20:28,204 - core.database - INFO - Lazy database initialization completed successfully
2026-05-23 16:20:28,205 - core.database - DEBUG - [DB_OP] Database session created successfully in 1.5929s
2026-05-23 16:20:28,205 - routers.reservations - DEBUG - Querying reservationss: query={"reservation_date__gte":"2026-05-01","reservation_date__lte":"2026-05-31"}, sort=reservation_date, skip=0, limit=200, fields=None
2026-05-23 16:20:28,784 - routers.reservations - DEBUG - Found 2 reservationss
2026-05-23 16:20:28,784 - core.database - DEBUG - [DB_OP] Database session cleanup after 2.1726s
2026-05-23 16:20:58,843 - dependencies.auth - DEBUG - Authentication required for request GET /api/v1/auth/me
2026-05-23 16:21:05,173 - core.auth - DEBUG - Authentication token validated for user hash: 3d1d0765
2026-05-23 16:21:05,415 - core.auth - DEBUG - Authentication token validated for user hash: 3d1d0765
2026-05-23 16:21:05,415 - core.database - DEBUG - [DB_OP] Starting get_db session creation
2026-05-23 16:21:05,416 - core.database - DEBUG - [DB_OP] Database session created successfully in 0.0003s
2026-05-23 16:21:05,416 - routers.printer_settings - DEBUG - Querying printer_settingss: query=None, sort=None, skip=0, limit=20, fields=None
2026-05-23 16:21:05,418 - core.database - DEBUG - [DB_OP] Starting get_db session creation
2026-05-23 16:21:05,418 - core.database - DEBUG - [DB_OP] Database session created successfully in 0.0002s
2026-05-23 16:21:05,419 - routers.reservations - DEBUG - Querying reservationss: query={"reservation_date__gte":"2026-05-01","reservation_date__lte":"2026-05-31"}, sort=reservation_date, skip=0, limit=200, fields=None
2026-05-23 16:21:05,807 - routers.reservations - DEBUG - Found 2 reservationss
2026-05-23 16:21:05,808 - core.database - DEBUG - [DB_OP] Database session cleanup after 0.3899s
2026-05-23 16:21:05,984 - routers.printer_settings - DEBUG - Found 1 printer_settingss
2026-05-23 16:21:05,986 - core.database - DEBUG - [DB_OP] Database session cleanup after 0.5702s
2026-05-23 16:21:35,590 - core.database - DEBUG - [DB_OP] Starting get_db session creation
2026-05-23 16:21:35,590 - core.database - DEBUG - [DB_OP] Database session created successfully in 0.0006s
2026-05-23 16:21:35,591 - routers.reservations - DEBUG - Querying reservationss: query={"reservation_date__gte":"2026-05-01","reservation_date__lte":"2026-05-31"}, sort=reservation_date, skip=0, limit=200, fields=None
2026-05-23 16:21:35,977 - routers.reservations - DEBUG - Found 2 reservationss
2026-05-23 16:21:35,978 - core.database - DEBUG - [DB_OP] Database session cleanup after 0.3878s
2026-05-23 16:21:58,655 - core.auth - DEBUG - Authentication token validated for user hash: 3d1d0765
2026-05-23 16:21:58,925 - core.database - DEBUG - [DB_OP] Starting get_db session creation
2026-05-23 16:21:58,925 - core.database - DEBUG - [DB_OP] Database session created successfully in 0.0005s
2026-05-23 16:21:58,926 - routers.reservations - DEBUG - Querying reservationss: query={"reservation_date__gte":"2026-05-01","reservation_date__lte":"2026-05-31"}, sort=reservation_date, skip=0, limit=200, fields=None
2026-05-23 16:21:58,927 - core.auth - DEBUG - Authentication token validated for user hash: 3d1d0765
2026-05-23 16:21:58,928 - core.database - DEBUG - [DB_OP] Starting get_db session creation
2026-05-23 16:21:58,928 - core.database - DEBUG - [DB_OP] Database session created successfully in 0.0002s
2026-05-23 16:21:58,928 - routers.printer_settings - DEBUG - Querying printer_settingss: query=None, sort=None, skip=0, limit=20, fields=None
2026-05-23 16:21:59,309 - routers.printer_settings - DEBUG - Found 1 printer_settingss
2026-05-23 16:21:59,310 - core.database - DEBUG - [DB_OP] Database session cleanup after 0.3827s
2026-05-23 16:21:59,428 - routers.reservations - DEBUG - Found 2 reservationss
2026-05-23 16:21:59,428 - core.database - DEBUG - [DB_OP] Database session cleanup after 0.5035s
2026-05-23 16:22:22,908 - services.database - DEBUG - [DB_OP] Starting database close
2026-05-23 16:22:23,040 - core.database - INFO - Database connection closed and engine disposed
2026-05-23 16:22:23,040 - services.database - INFO - Database connections closed
2026-05-23 16:22:23,040 - services.database - DEBUG - [DB_OP] Database close completed in 0.1322s
