2026-05-19 09:38:23,236 - main - INFO - === Logging system initialized ===
2026-05-19 09:38:23,236 - main - INFO - Log file: logs/app_20260519_093823.log
2026-05-19 09:38:23,237 - main - INFO - Log level: INFO
2026-05-19 09:38:23,237 - main - INFO - Timestamp: 20260519_093823
2026-05-19 09:38:24,696 - main - INFO - Included router: routers.aihub.router
2026-05-19 09:38:24,746 - main - INFO - Included router: routers.auth.router
2026-05-19 09:38:24,750 - main - INFO - Included router: routers.health.router
2026-05-19 09:38:24,821 - main - INFO - Included router: routers.reservations.router
2026-05-19 09:38:24,873 - main - INFO - Included router: routers.salons.router
2026-05-19 09:38:24,896 - main - INFO - Included router: routers.settings.router
2026-05-19 09:38:24,942 - main - INFO - Included router: routers.storage.router
2026-05-19 09:38:24,957 - main - INFO - Included router: routers.user.router
2026-05-19 09:38:24,958 - main - INFO - === Application startup initiated ===
2026-05-19 09:38:24,959 - services.database - INFO - Ignore creating tables
2026-05-19 09:38:24,959 - services.mock_data - INFO - Ignore initialize data
2026-05-19 09:38:24,959 - services.auth - INFO - Ignore initialize admin
2026-05-19 09:38:24,959 - main - INFO - === Application startup completed successfully ===
2026-05-19 09:38:31,478 - core.config - DEBUG - Read dynamic attribute jwt_secret_key from environment variable JWT_SECRET_KEY
2026-05-19 09:38:31,479 - core.config - DEBUG - Read dynamic attribute jwt_algorithm from environment variable JWT_ALGORITHM
2026-05-19 09:38:31,493 - core.auth - DEBUG - Authentication token validated for user hash: 3d1d0765
2026-05-19 09:38:31,755 - core.database - DEBUG - [DB_OP] Starting get_db session creation
2026-05-19 09:38:31,755 - core.database - WARNING - Database session maker not available, attempting lazy initialization...
2026-05-19 09:38:31,756 - core.database - WARNING - Database not initialized, attempting lazy initialization...
2026-05-19 09:38:31,756 - core.database - INFO - Starting database initialization...
2026-05-19 09:38:31,756 - core.config - DEBUG - Read dynamic attribute database_url from environment variable DATABASE_URL
2026-05-19 09:38:31,756 - core.database - INFO - Normalizing database URL for async compatibility...
2026-05-19 09:38:31,757 - core.database - INFO - Creating async database engine...
2026-05-19 09:38:31,757 - core.database - INFO - Using QueuePool with connection pooling for non-Lambda environment
2026-05-19 09:38:31,811 - core.database - INFO - Database engine created successfully
2026-05-19 09:38:31,811 - core.database - INFO - Creating async session maker...
2026-05-19 09:38:31,811 - core.database - INFO - Async session maker created successfully
2026-05-19 09:38:31,811 - core.database - INFO - Database connection initialized successfully
2026-05-19 09:38:31,811 - core.database - DEBUG - [DB_OP] Starting create_tables
2026-05-19 09:38:31,811 - core.database - INFO - 🔧 Starting table creation...
2026-05-19 09:38:33,259 - core.database - INFO - Tables initialized successfully
2026-05-19 09:38:33,259 - core.database - DEBUG - [DB_OP] Create tables completed in 1.4479s
2026-05-19 09:38:33,323 - core.database - INFO - Lazy database initialization completed successfully
2026-05-19 09:38:33,323 - core.database - DEBUG - [DB_OP] Database session created successfully in 1.5682s
2026-05-19 09:38:33,324 - routers.reservations - DEBUG - Querying reservationss: query={"reservation_date__gte":"2026-05-01","reservation_date__lte":"2026-05-31"}, sort=reservation_date, skip=0, limit=200, fields=None
2026-05-19 09:38:33,905 - routers.reservations - DEBUG - Found 1 reservationss
2026-05-19 09:38:33,906 - core.database - DEBUG - [DB_OP] Database session cleanup after 2.1513s
2026-05-19 09:39:03,923 - services.database - DEBUG - [DB_OP] Starting database close
2026-05-19 09:39:03,990 - core.database - INFO - Database connection closed and engine disposed
2026-05-19 09:39:03,990 - services.database - INFO - Database connections closed
2026-05-19 09:39:03,991 - services.database - DEBUG - [DB_OP] Database close completed in 0.0680s
