2026-05-27 17:38:38,744 - main - INFO - === Logging system initialized ===
2026-05-27 17:38:38,744 - main - INFO - Log file: logs/app_20260527_173838.log
2026-05-27 17:38:38,745 - main - INFO - Log level: INFO
2026-05-27 17:38:38,745 - main - INFO - Timestamp: 20260527_173838
2026-05-27 17:38:39,715 - main - INFO - Included router: routers.aihub.router
2026-05-27 17:38:39,740 - main - INFO - Included router: routers.auth.router
2026-05-27 17:38:39,804 - main - INFO - Included router: routers.clients.router
2026-05-27 17:38:39,822 - main - INFO - Included router: routers.google_calendar.router
2026-05-27 17:38:39,824 - main - INFO - Included router: routers.health.router
2026-05-27 17:38:39,876 - main - INFO - Included router: routers.printer_settings.router
2026-05-27 17:38:39,942 - main - INFO - Included router: routers.reservations.router
2026-05-27 17:38:39,993 - main - INFO - Included router: routers.salons.router
2026-05-27 17:38:40,015 - main - INFO - Included router: routers.settings.router
2026-05-27 17:38:40,082 - main - INFO - Included router: routers.storage.router
2026-05-27 17:38:40,096 - main - INFO - Included router: routers.user.router
2026-05-27 17:38:40,098 - main - INFO - === Application startup initiated ===
2026-05-27 17:38:40,098 - services.database - INFO - Ignore creating tables
2026-05-27 17:38:40,098 - services.mock_data - INFO - Ignore initialize data
2026-05-27 17:38:40,099 - services.auth - INFO - Ignore initialize admin
2026-05-27 17:38:40,099 - main - INFO - === Application startup completed successfully ===
2026-05-27 17:38:50,775 - core.config - DEBUG - Read dynamic attribute jwt_secret_key from environment variable JWT_SECRET_KEY
2026-05-27 17:38:50,775 - core.config - DEBUG - Read dynamic attribute jwt_algorithm from environment variable JWT_ALGORITHM
2026-05-27 17:38:50,794 - core.auth - DEBUG - Authentication token validated for user hash: 3d1d0765
2026-05-27 17:38:51,222 - core.auth - DEBUG - Authentication token validated for user hash: 3d1d0765
2026-05-27 17:38:51,222 - core.database - DEBUG - [DB_OP] Starting get_db session creation
2026-05-27 17:38:51,222 - core.database - WARNING - Database session maker not available, attempting lazy initialization...
2026-05-27 17:38:51,222 - core.database - WARNING - Database not initialized, attempting lazy initialization...
2026-05-27 17:38:51,222 - core.database - INFO - Starting database initialization...
2026-05-27 17:38:51,223 - core.config - DEBUG - Read dynamic attribute database_url from environment variable DATABASE_URL
2026-05-27 17:38:51,223 - core.database - INFO - Normalizing database URL for async compatibility...
2026-05-27 17:38:51,224 - core.database - INFO - Creating async database engine...
2026-05-27 17:38:51,224 - core.database - INFO - Using QueuePool with connection pooling for non-Lambda environment
2026-05-27 17:38:51,371 - core.database - INFO - Database engine created successfully
2026-05-27 17:38:51,372 - core.database - INFO - Creating async session maker...
2026-05-27 17:38:51,372 - core.database - INFO - Async session maker created successfully
2026-05-27 17:38:51,372 - core.database - INFO - Database connection initialized successfully
2026-05-27 17:38:51,372 - core.database - DEBUG - [DB_OP] Starting create_tables
2026-05-27 17:38:51,373 - core.database - INFO - 🔧 Starting table creation...
2026-05-27 17:38:51,380 - core.database - DEBUG - [DB_OP] Starting get_db session creation
2026-05-27 17:38:51,380 - core.database - DEBUG - [DB_OP] Database session created successfully in 0.0004s
2026-05-27 17:38:51,381 - routers.reservations - DEBUG - Querying reservationss: query={"reservation_date__gte":"2026-05-01","reservation_date__lte":"2026-05-31"}, sort=reservation_date, skip=0, limit=200, fields=None
2026-05-27 17:38:52,751 - routers.reservations - DEBUG - Found 20 reservationss
2026-05-27 17:38:52,753 - core.database - DEBUG - [DB_OP] Database session cleanup after 1.3733s
2026-05-27 17:38:52,945 - core.database - INFO - Tables initialized successfully
2026-05-27 17:38:52,946 - core.database - DEBUG - [DB_OP] Create tables completed in 1.5736s
2026-05-27 17:38:53,010 - core.database - INFO - Lazy database initialization completed successfully
2026-05-27 17:38:53,011 - core.database - DEBUG - [DB_OP] Database session created successfully in 1.7884s
2026-05-27 17:38:53,011 - routers.printer_settings - DEBUG - Querying printer_settingss: query=None, sort=None, skip=0, limit=20, fields=None
2026-05-27 17:38:53,582 - routers.printer_settings - DEBUG - Found 1 printer_settingss
2026-05-27 17:38:53,583 - core.database - DEBUG - [DB_OP] Database session cleanup after 2.3610s
2026-05-27 17:39:21,566 - core.database - DEBUG - [DB_OP] Starting get_db session creation
2026-05-27 17:39:21,566 - core.database - DEBUG - [DB_OP] Database session created successfully in 0.0004s
2026-05-27 17:39:21,567 - routers.reservations - DEBUG - Querying reservationss: query={"reservation_date__gte":"2026-05-01","reservation_date__lte":"2026-05-31"}, sort=reservation_date, skip=0, limit=200, fields=None
2026-05-27 17:39:22,141 - routers.reservations - DEBUG - Found 20 reservationss
2026-05-27 17:39:22,143 - core.database - DEBUG - [DB_OP] Database session cleanup after 0.5771s
2026-05-27 17:39:30,612 - services.database - DEBUG - [DB_OP] Starting database close
2026-05-27 17:39:30,744 - core.database - INFO - Database connection closed and engine disposed
2026-05-27 17:39:30,745 - services.database - INFO - Database connections closed
2026-05-27 17:39:30,745 - services.database - DEBUG - [DB_OP] Database close completed in 0.1331s
