2026-05-23 16:54:10,846 - main - INFO - === Logging system initialized ===
2026-05-23 16:54:10,846 - main - INFO - Log file: logs/app_20260523_165410.log
2026-05-23 16:54:10,846 - main - INFO - Log level: INFO
2026-05-23 16:54:10,846 - main - INFO - Timestamp: 20260523_165410
2026-05-23 16:54:11,691 - main - INFO - Included router: routers.aihub.router
2026-05-23 16:54:11,712 - main - INFO - Included router: routers.auth.router
2026-05-23 16:54:11,715 - main - INFO - Included router: routers.health.router
2026-05-23 16:54:11,763 - main - INFO - Included router: routers.printer_settings.router
2026-05-23 16:54:11,816 - main - INFO - Included router: routers.reservations.router
2026-05-23 16:54:11,861 - main - INFO - Included router: routers.salons.router
2026-05-23 16:54:11,882 - main - INFO - Included router: routers.settings.router
2026-05-23 16:54:11,927 - main - INFO - Included router: routers.storage.router
2026-05-23 16:54:11,936 - main - INFO - Included router: routers.user.router
2026-05-23 16:54:11,938 - main - INFO - === Application startup initiated ===
2026-05-23 16:54:11,938 - services.database - INFO - Ignore creating tables
2026-05-23 16:54:11,938 - services.mock_data - INFO - Ignore initialize data
2026-05-23 16:54:11,939 - services.auth - INFO - Ignore initialize admin
2026-05-23 16:54:11,939 - main - INFO - === Application startup completed successfully ===
2026-05-23 16:54:40,451 - core.config - DEBUG - Read dynamic attribute jwt_secret_key from environment variable JWT_SECRET_KEY
2026-05-23 16:54:40,451 - core.config - DEBUG - Read dynamic attribute jwt_algorithm from environment variable JWT_ALGORITHM
2026-05-23 16:54:40,458 - core.auth - DEBUG - Authentication token validated for user hash: 3d1d0765
2026-05-23 16:54:40,729 - core.database - DEBUG - [DB_OP] Starting get_db session creation
2026-05-23 16:54:40,730 - core.database - WARNING - Database session maker not available, attempting lazy initialization...
2026-05-23 16:54:40,730 - core.database - WARNING - Database not initialized, attempting lazy initialization...
2026-05-23 16:54:40,730 - core.database - INFO - Starting database initialization...
2026-05-23 16:54:40,730 - core.config - DEBUG - Read dynamic attribute database_url from environment variable DATABASE_URL
2026-05-23 16:54:40,730 - core.database - INFO - Normalizing database URL for async compatibility...
2026-05-23 16:54:40,731 - core.database - INFO - Creating async database engine...
2026-05-23 16:54:40,731 - core.database - INFO - Using QueuePool with connection pooling for non-Lambda environment
2026-05-23 16:54:40,787 - core.database - INFO - Database engine created successfully
2026-05-23 16:54:40,788 - core.database - INFO - Creating async session maker...
2026-05-23 16:54:40,788 - core.database - INFO - Async session maker created successfully
2026-05-23 16:54:40,788 - core.database - INFO - Database connection initialized successfully
2026-05-23 16:54:40,788 - core.database - DEBUG - [DB_OP] Starting create_tables
2026-05-23 16:54:40,788 - core.database - INFO - 🔧 Starting table creation...
2026-05-23 16:54:40,796 - core.auth - DEBUG - Authentication token validated for user hash: 3d1d0765
2026-05-23 16:54:40,796 - core.database - DEBUG - [DB_OP] Starting get_db session creation
2026-05-23 16:54:40,798 - core.database - DEBUG - [DB_OP] Database session created successfully in 0.0021s
2026-05-23 16:54:40,799 - routers.printer_settings - DEBUG - Querying printer_settingss: query=None, sort=None, skip=0, limit=20, fields=None
2026-05-23 16:54:42,194 - routers.printer_settings - DEBUG - Found 1 printer_settingss
2026-05-23 16:54:42,195 - core.database - DEBUG - [DB_OP] Database session cleanup after 1.3986s
2026-05-23 16:54:42,311 - core.database - INFO - Tables initialized successfully
2026-05-23 16:54:42,312 - core.database - DEBUG - [DB_OP] Create tables completed in 1.5235s
2026-05-23 16:54:42,375 - core.database - INFO - Lazy database initialization completed successfully
2026-05-23 16:54:42,376 - core.database - DEBUG - [DB_OP] Database session created successfully in 1.6462s
2026-05-23 16:54:42,376 - routers.reservations - DEBUG - Querying reservationss: query={"reservation_date__gte":"2026-05-01","reservation_date__lte":"2026-05-31"}, sort=reservation_date, skip=0, limit=200, fields=None
2026-05-23 16:54:42,963 - routers.reservations - DEBUG - Found 2 reservationss
2026-05-23 16:54:42,964 - core.database - DEBUG - [DB_OP] Database session cleanup after 2.2345s
2026-05-23 16:55:10,927 - core.database - DEBUG - [DB_OP] Starting get_db session creation
2026-05-23 16:55:10,929 - core.database - DEBUG - [DB_OP] Database session created successfully in 0.0012s
2026-05-23 16:55:10,930 - routers.reservations - DEBUG - Querying reservationss: query={"reservation_date__gte":"2026-05-01","reservation_date__lte":"2026-05-31"}, sort=reservation_date, skip=0, limit=200, fields=None
2026-05-23 16:55:11,504 - routers.reservations - DEBUG - Found 2 reservationss
2026-05-23 16:55:11,505 - core.database - DEBUG - [DB_OP] Database session cleanup after 0.5773s
2026-05-23 16:55:40,936 - core.database - DEBUG - [DB_OP] Starting get_db session creation
2026-05-23 16:55:40,936 - core.database - DEBUG - [DB_OP] Database session created successfully in 0.0004s
2026-05-23 16:55:40,937 - routers.reservations - DEBUG - Querying reservationss: query={"reservation_date__gte":"2026-05-01","reservation_date__lte":"2026-05-31"}, sort=reservation_date, skip=0, limit=200, fields=None
2026-05-23 16:55:41,320 - routers.reservations - DEBUG - Found 2 reservationss
2026-05-23 16:55:41,321 - core.database - DEBUG - [DB_OP] Database session cleanup after 0.3851s
2026-05-23 16:56:10,921 - core.database - DEBUG - [DB_OP] Starting get_db session creation
2026-05-23 16:56:10,921 - core.database - DEBUG - [DB_OP] Database session created successfully in 0.0007s
2026-05-23 16:56:10,922 - routers.reservations - DEBUG - Querying reservationss: query={"reservation_date__gte":"2026-05-01","reservation_date__lte":"2026-05-31"}, sort=reservation_date, skip=0, limit=200, fields=None
2026-05-23 16:56:11,306 - routers.reservations - DEBUG - Found 2 reservationss
2026-05-23 16:56:11,307 - core.database - DEBUG - [DB_OP] Database session cleanup after 0.3864s
2026-05-23 16:56:40,936 - core.database - DEBUG - [DB_OP] Starting get_db session creation
2026-05-23 16:56:40,936 - core.database - DEBUG - [DB_OP] Database session created successfully in 0.0005s
2026-05-23 16:56:40,937 - routers.reservations - DEBUG - Querying reservationss: query={"reservation_date__gte":"2026-05-01","reservation_date__lte":"2026-05-31"}, sort=reservation_date, skip=0, limit=200, fields=None
2026-05-23 16:56:41,320 - routers.reservations - DEBUG - Found 2 reservationss
2026-05-23 16:56:41,321 - core.database - DEBUG - [DB_OP] Database session cleanup after 0.3853s
2026-05-23 16:57:10,921 - core.database - DEBUG - [DB_OP] Starting get_db session creation
2026-05-23 16:57:10,922 - core.database - DEBUG - [DB_OP] Database session created successfully in 0.0006s
2026-05-23 16:57:10,922 - routers.reservations - DEBUG - Querying reservationss: query={"reservation_date__gte":"2026-05-01","reservation_date__lte":"2026-05-31"}, sort=reservation_date, skip=0, limit=200, fields=None
2026-05-23 16:57:11,308 - routers.reservations - DEBUG - Found 2 reservationss
2026-05-23 16:57:11,309 - core.database - DEBUG - [DB_OP] Database session cleanup after 0.3874s
2026-05-23 16:57:40,918 - core.database - DEBUG - [DB_OP] Starting get_db session creation
2026-05-23 16:57:40,918 - core.database - DEBUG - [DB_OP] Database session created successfully in 0.0005s
2026-05-23 16:57:40,919 - routers.reservations - DEBUG - Querying reservationss: query={"reservation_date__gte":"2026-05-01","reservation_date__lte":"2026-05-31"}, sort=reservation_date, skip=0, limit=200, fields=None
2026-05-23 16:57:41,302 - routers.reservations - DEBUG - Found 2 reservationss
2026-05-23 16:57:41,303 - core.database - DEBUG - [DB_OP] Database session cleanup after 0.3852s
2026-05-23 16:58:51,524 - core.database - DEBUG - [DB_OP] Starting get_db session creation
2026-05-23 16:58:51,524 - core.database - DEBUG - [DB_OP] Database session created successfully in 0.0006s
2026-05-23 16:58:51,525 - routers.reservations - DEBUG - Querying reservationss: query={"reservation_date__gte":"2026-05-01","reservation_date__lte":"2026-05-31"}, sort=reservation_date, skip=0, limit=200, fields=None
2026-05-23 16:58:51,907 - routers.reservations - DEBUG - Found 2 reservationss
2026-05-23 16:58:51,908 - core.database - DEBUG - [DB_OP] Database session cleanup after 0.3841s
2026-05-23 16:59:50,929 - core.database - DEBUG - [DB_OP] Starting get_db session creation
2026-05-23 16:59:50,930 - core.database - DEBUG - [DB_OP] Database session created successfully in 0.0003s
2026-05-23 16:59:50,930 - routers.reservations - DEBUG - Querying reservationss: query={"reservation_date__gte":"2026-05-01","reservation_date__lte":"2026-05-31"}, sort=reservation_date, skip=0, limit=200, fields=None
2026-05-23 16:59:51,441 - routers.reservations - DEBUG - Found 2 reservationss
2026-05-23 16:59:51,441 - core.database - DEBUG - [DB_OP] Database session cleanup after 0.5121s
2026-05-23 17:00:50,924 - core.database - DEBUG - [DB_OP] Starting get_db session creation
2026-05-23 17:00:50,924 - core.database - DEBUG - [DB_OP] Database session created successfully in 0.0004s
2026-05-23 17:00:50,925 - routers.reservations - DEBUG - Querying reservationss: query={"reservation_date__gte":"2026-05-01","reservation_date__lte":"2026-05-31"}, sort=reservation_date, skip=0, limit=200, fields=None
2026-05-23 17:00:51,436 - routers.reservations - DEBUG - Found 2 reservationss
2026-05-23 17:00:51,438 - core.database - DEBUG - [DB_OP] Database session cleanup after 0.5141s
2026-05-23 17:01:50,934 - core.database - DEBUG - [DB_OP] Starting get_db session creation
2026-05-23 17:01:50,934 - core.database - DEBUG - [DB_OP] Database session created successfully in 0.0005s
2026-05-23 17:01:50,935 - routers.reservations - DEBUG - Querying reservationss: query={"reservation_date__gte":"2026-05-01","reservation_date__lte":"2026-05-31"}, sort=reservation_date, skip=0, limit=200, fields=None
2026-05-23 17:01:51,322 - routers.reservations - DEBUG - Found 2 reservationss
2026-05-23 17:01:51,323 - core.database - DEBUG - [DB_OP] Database session cleanup after 0.3889s
2026-05-23 17:02:51,052 - core.database - DEBUG - [DB_OP] Starting get_db session creation
2026-05-23 17:02:51,053 - core.database - DEBUG - [DB_OP] Database session created successfully in 0.0003s
2026-05-23 17:02:51,053 - routers.reservations - DEBUG - Querying reservationss: query={"reservation_date__gte":"2026-05-01","reservation_date__lte":"2026-05-31"}, sort=reservation_date, skip=0, limit=200, fields=None
2026-05-23 17:02:51,435 - routers.reservations - DEBUG - Found 2 reservationss
2026-05-23 17:02:51,435 - core.database - DEBUG - [DB_OP] Database session cleanup after 0.3831s
2026-05-23 17:03:50,905 - core.database - DEBUG - [DB_OP] Starting get_db session creation
2026-05-23 17:03:50,906 - core.database - DEBUG - [DB_OP] Database session created successfully in 0.0008s
2026-05-23 17:03:50,906 - routers.reservations - DEBUG - Querying reservationss: query={"reservation_date__gte":"2026-05-01","reservation_date__lte":"2026-05-31"}, sort=reservation_date, skip=0, limit=200, fields=None
2026-05-23 17:03:51,291 - routers.reservations - DEBUG - Found 2 reservationss
2026-05-23 17:03:51,293 - core.database - DEBUG - [DB_OP] Database session cleanup after 0.3879s
2026-05-23 17:04:50,893 - core.database - DEBUG - [DB_OP] Starting get_db session creation
2026-05-23 17:04:50,894 - core.database - DEBUG - [DB_OP] Database session created successfully in 0.0005s
2026-05-23 17:04:50,895 - routers.reservations - DEBUG - Querying reservationss: query={"reservation_date__gte":"2026-05-01","reservation_date__lte":"2026-05-31"}, sort=reservation_date, skip=0, limit=200, fields=None
2026-05-23 17:04:51,278 - routers.reservations - DEBUG - Found 2 reservationss
2026-05-23 17:04:51,279 - core.database - DEBUG - [DB_OP] Database session cleanup after 0.3856s
2026-05-23 17:05:50,885 - core.database - DEBUG - [DB_OP] Starting get_db session creation
2026-05-23 17:05:50,886 - core.database - DEBUG - [DB_OP] Database session created successfully in 0.0008s
2026-05-23 17:05:50,887 - routers.reservations - DEBUG - Querying reservationss: query={"reservation_date__gte":"2026-05-01","reservation_date__lte":"2026-05-31"}, sort=reservation_date, skip=0, limit=200, fields=None
2026-05-23 17:05:51,399 - routers.reservations - DEBUG - Found 2 reservationss
2026-05-23 17:05:51,400 - core.database - DEBUG - [DB_OP] Database session cleanup after 0.5151s
2026-05-23 17:06:50,887 - core.database - DEBUG - [DB_OP] Starting get_db session creation
2026-05-23 17:06:50,887 - core.database - DEBUG - [DB_OP] Database session created successfully in 0.0003s
2026-05-23 17:06:50,888 - routers.reservations - DEBUG - Querying reservationss: query={"reservation_date__gte":"2026-05-01","reservation_date__lte":"2026-05-31"}, sort=reservation_date, skip=0, limit=200, fields=None
2026-05-23 17:06:51,397 - routers.reservations - DEBUG - Found 2 reservationss
2026-05-23 17:06:51,397 - core.database - DEBUG - [DB_OP] Database session cleanup after 0.5106s
2026-05-23 17:07:50,880 - core.database - DEBUG - [DB_OP] Starting get_db session creation
2026-05-23 17:07:50,880 - core.database - DEBUG - [DB_OP] Database session created successfully in 0.0008s
2026-05-23 17:07:50,881 - routers.reservations - DEBUG - Querying reservationss: query={"reservation_date__gte":"2026-05-01","reservation_date__lte":"2026-05-31"}, sort=reservation_date, skip=0, limit=200, fields=None
2026-05-23 17:07:51,267 - routers.reservations - DEBUG - Found 2 reservationss
2026-05-23 17:07:51,268 - core.database - DEBUG - [DB_OP] Database session cleanup after 0.3884s
2026-05-23 17:08:50,894 - core.database - DEBUG - [DB_OP] Starting get_db session creation
2026-05-23 17:08:50,895 - core.database - DEBUG - [DB_OP] Database session created successfully in 0.0005s
2026-05-23 17:08:50,895 - routers.reservations - DEBUG - Querying reservationss: query={"reservation_date__gte":"2026-05-01","reservation_date__lte":"2026-05-31"}, sort=reservation_date, skip=0, limit=200, fields=None
2026-05-23 17:08:51,281 - routers.reservations - DEBUG - Found 2 reservationss
2026-05-23 17:08:51,282 - core.database - DEBUG - [DB_OP] Database session cleanup after 0.3879s
2026-05-23 17:09:50,911 - core.database - DEBUG - [DB_OP] Starting get_db session creation
2026-05-23 17:09:50,911 - core.database - DEBUG - [DB_OP] Database session created successfully in 0.0003s
2026-05-23 17:09:50,911 - routers.reservations - DEBUG - Querying reservationss: query={"reservation_date__gte":"2026-05-01","reservation_date__lte":"2026-05-31"}, sort=reservation_date, skip=0, limit=200, fields=None
2026-05-23 17:09:51,295 - routers.reservations - DEBUG - Found 2 reservationss
2026-05-23 17:09:51,296 - core.database - DEBUG - [DB_OP] Database session cleanup after 0.3858s
2026-05-23 17:10:50,882 - core.database - DEBUG - [DB_OP] Starting get_db session creation
2026-05-23 17:10:50,883 - core.database - DEBUG - [DB_OP] Database session created successfully in 0.0004s
2026-05-23 17:10:50,883 - routers.reservations - DEBUG - Querying reservationss: query={"reservation_date__gte":"2026-05-01","reservation_date__lte":"2026-05-31"}, sort=reservation_date, skip=0, limit=200, fields=None
2026-05-23 17:10:51,270 - routers.reservations - DEBUG - Found 2 reservationss
2026-05-23 17:10:51,271 - core.database - DEBUG - [DB_OP] Database session cleanup after 0.3885s
2026-05-23 17:10:51,399 - services.database - DEBUG - [DB_OP] Starting database close
2026-05-23 17:10:51,533 - core.database - INFO - Database connection closed and engine disposed
2026-05-23 17:10:51,533 - services.database - INFO - Database connections closed
2026-05-23 17:10:51,534 - services.database - DEBUG - [DB_OP] Database close completed in 0.1346s
