2026-05-19 09:31:46,766 - main - INFO - === Logging system initialized ===
2026-05-19 09:31:46,766 - main - INFO - Log file: logs/app_20260519_093146.log
2026-05-19 09:31:46,767 - main - INFO - Log level: INFO
2026-05-19 09:31:46,767 - main - INFO - Timestamp: 20260519_093146
2026-05-19 09:31:47,703 - main - INFO - Included router: routers.aihub.router
2026-05-19 09:31:47,725 - main - INFO - Included router: routers.auth.router
2026-05-19 09:31:47,727 - main - INFO - Included router: routers.health.router
2026-05-19 09:31:47,781 - main - INFO - Included router: routers.reservations.router
2026-05-19 09:31:47,826 - main - INFO - Included router: routers.salons.router
2026-05-19 09:31:47,847 - main - INFO - Included router: routers.settings.router
2026-05-19 09:31:47,890 - main - INFO - Included router: routers.storage.router
2026-05-19 09:31:47,900 - main - INFO - Included router: routers.user.router
2026-05-19 09:31:47,902 - main - INFO - === Application startup initiated ===
2026-05-19 09:31:47,903 - services.database - INFO - Ignore creating tables
2026-05-19 09:31:47,903 - services.mock_data - INFO - Ignore initialize data
2026-05-19 09:31:47,903 - services.auth - INFO - Ignore initialize admin
2026-05-19 09:31:47,903 - main - INFO - === Application startup completed successfully ===
2026-05-19 09:31:53,224 - core.config - DEBUG - Read dynamic attribute jwt_secret_key from environment variable JWT_SECRET_KEY
2026-05-19 09:31:53,225 - core.config - DEBUG - Read dynamic attribute jwt_algorithm from environment variable JWT_ALGORITHM
2026-05-19 09:31:53,393 - core.auth - DEBUG - Authentication token validated for user hash: 3d1d0765
2026-05-19 09:31:53,815 - core.database - DEBUG - [DB_OP] Starting get_db session creation
2026-05-19 09:31:53,815 - core.database - WARNING - Database session maker not available, attempting lazy initialization...
2026-05-19 09:31:53,815 - core.database - WARNING - Database not initialized, attempting lazy initialization...
2026-05-19 09:31:53,816 - core.database - INFO - Starting database initialization...
2026-05-19 09:31:53,816 - core.config - DEBUG - Read dynamic attribute database_url from environment variable DATABASE_URL
2026-05-19 09:31:53,816 - core.database - INFO - Normalizing database URL for async compatibility...
2026-05-19 09:31:53,817 - core.database - INFO - Creating async database engine...
2026-05-19 09:31:53,817 - core.database - INFO - Using QueuePool with connection pooling for non-Lambda environment
2026-05-19 09:31:53,883 - core.database - INFO - Database engine created successfully
2026-05-19 09:31:53,884 - core.database - INFO - Creating async session maker...
2026-05-19 09:31:53,884 - core.database - INFO - Async session maker created successfully
2026-05-19 09:31:53,884 - core.database - INFO - Database connection initialized successfully
2026-05-19 09:31:53,884 - core.database - DEBUG - [DB_OP] Starting create_tables
2026-05-19 09:31:53,885 - core.database - INFO - 🔧 Starting table creation...
2026-05-19 09:31:55,337 - core.database - INFO - Tables initialized successfully
2026-05-19 09:31:55,337 - core.database - DEBUG - [DB_OP] Create tables completed in 1.4528s
2026-05-19 09:31:55,401 - core.database - INFO - Lazy database initialization completed successfully
2026-05-19 09:31:55,401 - core.database - DEBUG - [DB_OP] Database session created successfully in 1.5865s
2026-05-19 09:31:55,402 - routers.reservations - DEBUG - Querying reservationss: query={"reservation_date__gte":"2026-05-01","reservation_date__lte":"2026-05-31"}, sort=reservation_date, skip=0, limit=200, fields=None
2026-05-19 09:31:55,985 - routers.reservations - DEBUG - Found 1 reservationss
2026-05-19 09:31:55,986 - core.database - DEBUG - [DB_OP] Database session cleanup after 2.1711s
2026-05-19 09:32:51,224 - core.database - DEBUG - [DB_OP] Starting get_db session creation
2026-05-19 09:32:51,225 - core.database - DEBUG - [DB_OP] Database session created successfully in 0.0004s
2026-05-19 09:32:51,225 - routers.salons - DEBUG - Querying salonss: query={}, sort=None, skip=0, limit=50, fields=None
2026-05-19 09:32:51,749 - routers.salons - DEBUG - Found 1 salonss
2026-05-19 09:32:51,750 - core.database - DEBUG - [DB_OP] Database session cleanup after 0.5256s
2026-05-19 09:35:47,601 - services.database - DEBUG - [DB_OP] Starting database close
2026-05-19 09:35:47,668 - core.database - INFO - Database connection closed and engine disposed
2026-05-19 09:35:47,669 - services.database - INFO - Database connections closed
2026-05-19 09:35:47,669 - services.database - DEBUG - [DB_OP] Database close completed in 0.0681s
