2026-05-19 06:19:25,798 - main - INFO - === Logging system initialized ===
2026-05-19 06:19:25,799 - main - INFO - Log file: logs/app_20260519_061925.log
2026-05-19 06:19:25,799 - main - INFO - Log level: INFO
2026-05-19 06:19:25,799 - main - INFO - Timestamp: 20260519_061925
2026-05-19 06:19:26,816 - main - INFO - Included router: routers.aihub.router
2026-05-19 06:19:26,838 - main - INFO - Included router: routers.auth.router
2026-05-19 06:19:26,840 - main - INFO - Included router: routers.health.router
2026-05-19 06:19:26,907 - main - INFO - Included router: routers.reservations.router
2026-05-19 06:19:26,926 - main - INFO - Included router: routers.settings.router
2026-05-19 06:19:26,964 - main - INFO - Included router: routers.storage.router
2026-05-19 06:19:26,974 - main - INFO - Included router: routers.user.router
2026-05-19 06:19:26,975 - main - INFO - === Application startup initiated ===
2026-05-19 06:19:26,976 - services.database - INFO - Ignore creating tables
2026-05-19 06:19:26,976 - services.mock_data - INFO - Ignore initialize data
2026-05-19 06:19:26,976 - services.auth - INFO - Ignore initialize admin
2026-05-19 06:19:26,976 - main - INFO - === Application startup completed successfully ===
2026-05-19 06:19:30,268 - core.config - DEBUG - Read dynamic attribute jwt_secret_key from environment variable JWT_SECRET_KEY
2026-05-19 06:19:30,268 - core.config - DEBUG - Read dynamic attribute jwt_algorithm from environment variable JWT_ALGORITHM
2026-05-19 06:19:30,277 - core.auth - DEBUG - Authentication token validated for user hash: 3d1d0765
2026-05-19 06:19:30,525 - core.database - DEBUG - [DB_OP] Starting get_db session creation
2026-05-19 06:19:30,525 - core.database - WARNING - Database session maker not available, attempting lazy initialization...
2026-05-19 06:19:30,525 - core.database - WARNING - Database not initialized, attempting lazy initialization...
2026-05-19 06:19:30,526 - core.database - INFO - Starting database initialization...
2026-05-19 06:19:30,526 - core.config - DEBUG - Read dynamic attribute database_url from environment variable DATABASE_URL
2026-05-19 06:19:30,526 - core.database - INFO - Normalizing database URL for async compatibility...
2026-05-19 06:19:30,527 - core.database - INFO - Creating async database engine...
2026-05-19 06:19:30,527 - core.database - INFO - Using QueuePool with connection pooling for non-Lambda environment
2026-05-19 06:19:30,574 - core.database - INFO - Database engine created successfully
2026-05-19 06:19:30,574 - core.database - INFO - Creating async session maker...
2026-05-19 06:19:30,574 - core.database - INFO - Async session maker created successfully
2026-05-19 06:19:30,574 - core.database - INFO - Database connection initialized successfully
2026-05-19 06:19:30,574 - core.database - DEBUG - [DB_OP] Starting create_tables
2026-05-19 06:19:30,574 - core.database - INFO - 🔧 Starting table creation...
2026-05-19 06:19:31,955 - core.database - INFO - Tables initialized successfully
2026-05-19 06:19:31,956 - core.database - DEBUG - [DB_OP] Create tables completed in 1.3811s
2026-05-19 06:19:32,016 - core.database - INFO - Lazy database initialization completed successfully
2026-05-19 06:19:32,017 - core.database - DEBUG - [DB_OP] Database session created successfully in 1.4926s
2026-05-19 06:19:32,018 - routers.reservations - DEBUG - Querying reservationss: query={"reservation_date__gte":"2026-05-01","reservation_date__lte":"2026-05-31"}, sort=reservation_date, skip=0, limit=200, fields=None
2026-05-19 06:19:32,571 - routers.reservations - DEBUG - Found 0 reservationss
2026-05-19 06:19:32,572 - core.database - DEBUG - [DB_OP] Database session cleanup after 2.0471s
2026-05-19 06:20:24,359 - core.auth - DEBUG - Authentication token validated for user hash: 3d1d0765
2026-05-19 06:20:43,779 - core.database - DEBUG - [DB_OP] Starting get_db session creation
2026-05-19 06:20:43,779 - core.database - DEBUG - [DB_OP] Database session created successfully in 0.0005s
2026-05-19 06:20:43,780 - routers.reservations - DEBUG - Querying reservationss: query={"reservation_date__gte":"2026-05-01","reservation_date__lte":"2026-05-31"}, sort=reservation_date, skip=0, limit=200, fields=None
2026-05-19 06:20:44,143 - routers.reservations - DEBUG - Found 0 reservationss
2026-05-19 06:20:44,143 - core.database - DEBUG - [DB_OP] Database session cleanup after 0.3644s
2026-05-19 06:21:49,171 - core.database - DEBUG - [DB_OP] Starting get_db session creation
2026-05-19 06:21:49,172 - core.database - DEBUG - [DB_OP] Database session created successfully in 0.0005s
2026-05-19 06:21:49,172 - routers.reservations - DEBUG - Querying reservationss: query={}, sort=-reservation_date, skip=0, limit=100, fields=None
2026-05-19 06:21:49,597 - routers.reservations - DEBUG - Found 0 reservationss
2026-05-19 06:21:49,599 - core.database - DEBUG - [DB_OP] Database session cleanup after 0.4282s
2026-05-19 06:21:55,144 - core.database - DEBUG - [DB_OP] Starting get_db session creation
2026-05-19 06:21:55,145 - core.database - DEBUG - [DB_OP] Database session created successfully in 0.0005s
2026-05-19 06:21:55,145 - routers.reservations - DEBUG - Querying reservationss: query={"reservation_date__gte":"2026-05-01","reservation_date__lte":"2026-05-31"}, sort=reservation_date, skip=0, limit=200, fields=None
2026-05-19 06:21:55,507 - routers.reservations - DEBUG - Found 0 reservationss
2026-05-19 06:21:55,507 - core.database - DEBUG - [DB_OP] Database session cleanup after 0.3630s
2026-05-19 06:23:51,673 - dependencies.auth - DEBUG - Authentication required for request GET /api/v1/auth/me
2026-05-19 06:24:13,865 - core.auth - DEBUG - Authentication token validated for user hash: 3d1d0765
2026-05-19 06:24:14,245 - core.database - DEBUG - [DB_OP] Starting get_db session creation
2026-05-19 06:24:14,246 - core.database - DEBUG - [DB_OP] Database session created successfully in 0.0006s
2026-05-19 06:24:14,246 - routers.reservations - DEBUG - Querying reservationss: query={"reservation_date__gte":"2026-05-01","reservation_date__lte":"2026-05-31"}, sort=reservation_date, skip=0, limit=200, fields=None
2026-05-19 06:24:14,609 - routers.reservations - DEBUG - Found 0 reservationss
2026-05-19 06:24:14,610 - core.database - DEBUG - [DB_OP] Database session cleanup after 0.3647s
2026-05-19 06:24:48,474 - services.database - DEBUG - [DB_OP] Starting database close
2026-05-19 06:24:48,539 - core.database - INFO - Database connection closed and engine disposed
2026-05-19 06:24:48,539 - services.database - INFO - Database connections closed
2026-05-19 06:24:48,539 - services.database - DEBUG - [DB_OP] Database close completed in 0.0652s
