2026-05-24 17:43:16,619 - main - INFO - === Logging system initialized ===
2026-05-24 17:43:16,620 - main - INFO - Log file: logs/app_20260524_174316.log
2026-05-24 17:43:16,620 - main - INFO - Log level: INFO
2026-05-24 17:43:16,620 - main - INFO - Timestamp: 20260524_174316
2026-05-24 17:43:17,728 - main - INFO - Included router: routers.aihub.router
2026-05-24 17:43:17,750 - main - INFO - Included router: routers.auth.router
2026-05-24 17:43:17,753 - main - INFO - Included router: routers.health.router
2026-05-24 17:43:17,811 - main - INFO - Included router: routers.printer_settings.router
2026-05-24 17:43:17,878 - main - INFO - Included router: routers.reservations.router
2026-05-24 17:43:17,921 - main - INFO - Included router: routers.salons.router
2026-05-24 17:43:17,941 - main - INFO - Included router: routers.settings.router
2026-05-24 17:43:17,976 - main - INFO - Included router: routers.storage.router
2026-05-24 17:43:17,985 - main - INFO - Included router: routers.user.router
2026-05-24 17:43:17,987 - main - INFO - === Application startup initiated ===
2026-05-24 17:43:17,987 - services.database - INFO - Ignore creating tables
2026-05-24 17:43:17,987 - services.mock_data - INFO - Ignore initialize data
2026-05-24 17:43:17,987 - services.auth - INFO - Ignore initialize admin
2026-05-24 17:43:17,987 - main - INFO - === Application startup completed successfully ===
2026-05-24 17:43:26,096 - core.config - DEBUG - Read dynamic attribute jwt_secret_key from environment variable JWT_SECRET_KEY
2026-05-24 17:43:26,096 - core.config - DEBUG - Read dynamic attribute jwt_algorithm from environment variable JWT_ALGORITHM
2026-05-24 17:43:26,278 - core.auth - DEBUG - Authentication token validated for user hash: 3d1d0765
2026-05-24 17:43:26,863 - core.auth - DEBUG - Authentication token validated for user hash: 3d1d0765
2026-05-24 17:43:26,863 - core.database - DEBUG - [DB_OP] Starting get_db session creation
2026-05-24 17:43:26,864 - core.database - WARNING - Database session maker not available, attempting lazy initialization...
2026-05-24 17:43:26,864 - core.database - WARNING - Database not initialized, attempting lazy initialization...
2026-05-24 17:43:26,864 - core.database - INFO - Starting database initialization...
2026-05-24 17:43:26,864 - core.config - DEBUG - Read dynamic attribute database_url from environment variable DATABASE_URL
2026-05-24 17:43:26,864 - core.database - INFO - Normalizing database URL for async compatibility...
2026-05-24 17:43:26,866 - core.database - INFO - Creating async database engine...
2026-05-24 17:43:26,866 - core.database - INFO - Using QueuePool with connection pooling for non-Lambda environment
2026-05-24 17:43:26,911 - core.database - INFO - Database engine created successfully
2026-05-24 17:43:26,911 - core.database - INFO - Creating async session maker...
2026-05-24 17:43:26,912 - core.database - INFO - Async session maker created successfully
2026-05-24 17:43:26,912 - core.database - INFO - Database connection initialized successfully
2026-05-24 17:43:26,912 - core.database - DEBUG - [DB_OP] Starting create_tables
2026-05-24 17:43:26,912 - core.database - INFO - 🔧 Starting table creation...
2026-05-24 17:43:26,962 - core.database - DEBUG - [DB_OP] Starting get_db session creation
2026-05-24 17:43:26,962 - core.database - DEBUG - [DB_OP] Database session created successfully in 0.0007s
2026-05-24 17:43:26,963 - routers.reservations - DEBUG - Querying reservationss: query={"reservation_date__gte":"2026-05-01","reservation_date__lte":"2026-05-31"}, sort=reservation_date, skip=0, limit=200, fields=None
2026-05-24 17:43:28,337 - routers.reservations - DEBUG - Found 2 reservationss
2026-05-24 17:43:28,338 - core.database - DEBUG - [DB_OP] Database session cleanup after 1.3762s
2026-05-24 17:43:28,462 - core.database - INFO - Tables initialized successfully
2026-05-24 17:43:28,462 - core.database - DEBUG - [DB_OP] Create tables completed in 1.5508s
2026-05-24 17:43:28,526 - core.database - INFO - Lazy database initialization completed successfully
2026-05-24 17:43:28,527 - core.database - DEBUG - [DB_OP] Database session created successfully in 1.6639s
2026-05-24 17:43:28,528 - routers.printer_settings - DEBUG - Querying printer_settingss: query=None, sort=None, skip=0, limit=20, fields=None
2026-05-24 17:43:29,096 - routers.printer_settings - DEBUG - Found 1 printer_settingss
2026-05-24 17:43:29,097 - core.database - DEBUG - [DB_OP] Database session cleanup after 2.2338s
2026-05-24 17:44:36,936 - core.auth - DEBUG - Authentication token validated for user hash: 3d1d0765
2026-05-24 17:44:36,937 - core.database - DEBUG - [DB_OP] Starting get_db session creation
2026-05-24 17:44:36,937 - core.database - DEBUG - [DB_OP] Database session created successfully in 0.0004s
2026-05-24 17:44:36,938 - routers.printer_settings - DEBUG - Querying printer_settingss: query=None, sort=None, skip=0, limit=20, fields=None
2026-05-24 17:44:36,939 - core.database - DEBUG - [DB_OP] Starting get_db session creation
2026-05-24 17:44:36,939 - core.database - DEBUG - [DB_OP] Database session created successfully in 0.0002s
2026-05-24 17:44:36,939 - routers.reservations - DEBUG - Querying reservationss: query={"reservation_date__gte":"2026-05-01","reservation_date__lte":"2026-05-31"}, sort=reservation_date, skip=0, limit=200, fields=None
2026-05-24 17:44:37,317 - routers.reservations - DEBUG - Found 2 reservationss
2026-05-24 17:44:37,318 - core.database - DEBUG - [DB_OP] Database session cleanup after 0.3787s
2026-05-24 17:44:37,509 - routers.printer_settings - DEBUG - Found 1 printer_settingss
2026-05-24 17:44:37,510 - core.database - DEBUG - [DB_OP] Database session cleanup after 0.5729s
2026-05-24 17:46:17,428 - core.database - DEBUG - [DB_OP] Starting get_db session creation
2026-05-24 17:46:17,429 - core.database - DEBUG - [DB_OP] Database session created successfully in 0.0004s
2026-05-24 17:46:17,429 - routers.reservations - DEBUG - Querying reservationss: query={"reservation_date__gte":"2026-05-01","reservation_date__lte":"2026-05-31"}, sort=reservation_date, skip=0, limit=200, fields=None
2026-05-24 17:46:17,807 - routers.reservations - DEBUG - Found 2 reservationss
2026-05-24 17:46:17,809 - core.database - DEBUG - [DB_OP] Database session cleanup after 0.3805s
2026-05-24 17:56:24,470 - services.database - DEBUG - [DB_OP] Starting database close
2026-05-24 17:56:24,472 - core.database - INFO - Database connection closed and engine disposed
2026-05-24 17:56:24,472 - services.database - INFO - Database connections closed
2026-05-24 17:56:24,472 - services.database - DEBUG - [DB_OP] Database close completed in 0.0014s
