2026-05-26 12:01:04,144 - main - INFO - === Logging system initialized ===
2026-05-26 12:01:04,144 - main - INFO - Log file: logs/app_20260526_120104.log
2026-05-26 12:01:04,144 - main - INFO - Log level: INFO
2026-05-26 12:01:04,144 - main - INFO - Timestamp: 20260526_120104
2026-05-26 12:01:05,148 - main - INFO - Included router: routers.aihub.router
2026-05-26 12:01:05,181 - main - INFO - Included router: routers.auth.router
2026-05-26 12:01:05,235 - main - INFO - Included router: routers.clients.router
2026-05-26 12:01:05,238 - main - INFO - Included router: routers.health.router
2026-05-26 12:01:05,305 - main - INFO - Included router: routers.printer_settings.router
2026-05-26 12:01:05,377 - main - INFO - Included router: routers.reservations.router
2026-05-26 12:01:05,448 - main - INFO - Included router: routers.salons.router
2026-05-26 12:01:05,488 - main - INFO - Included router: routers.settings.router
2026-05-26 12:01:05,535 - main - INFO - Included router: routers.storage.router
2026-05-26 12:01:05,545 - main - INFO - Included router: routers.user.router
2026-05-26 12:01:05,547 - main - INFO - === Application startup initiated ===
2026-05-26 12:01:05,548 - services.database - INFO - Ignore creating tables
2026-05-26 12:01:05,548 - services.mock_data - INFO - Ignore initialize data
2026-05-26 12:01:05,548 - services.auth - INFO - Ignore initialize admin
2026-05-26 12:01:05,548 - main - INFO - === Application startup completed successfully ===
2026-05-26 12:01:16,579 - services.database - DEBUG - [DB_OP] Starting database close
2026-05-26 12:01:16,579 - services.database - INFO - Database connections closed
2026-05-26 12:01:16,580 - services.database - DEBUG - [DB_OP] Database close completed in 0.0005s
