2026-05-27 11:18:52,914 - main - INFO - === Logging system initialized ===
2026-05-27 11:18:52,914 - main - INFO - Log file: logs/app_20260527_111852.log
2026-05-27 11:18:52,915 - main - INFO - Log level: INFO
2026-05-27 11:18:52,915 - main - INFO - Timestamp: 20260527_111852
2026-05-27 11:18:53,873 - main - INFO - Included router: routers.aihub.router
2026-05-27 11:18:53,894 - main - INFO - Included router: routers.auth.router
2026-05-27 11:18:53,956 - main - INFO - Included router: routers.clients.router
2026-05-27 11:18:53,971 - main - INFO - Included router: routers.google_calendar.router
2026-05-27 11:18:53,974 - main - INFO - Included router: routers.health.router
2026-05-27 11:18:54,026 - main - INFO - Included router: routers.printer_settings.router
2026-05-27 11:18:54,158 - main - INFO - Included router: routers.reservations.router
2026-05-27 11:18:54,228 - main - INFO - Included router: routers.salons.router
2026-05-27 11:18:54,258 - main - INFO - Included router: routers.settings.router
2026-05-27 11:18:54,300 - main - INFO - Included router: routers.storage.router
2026-05-27 11:18:54,313 - main - INFO - Included router: routers.user.router
2026-05-27 11:18:54,314 - main - INFO - === Application startup initiated ===
2026-05-27 11:18:54,315 - services.database - INFO - Ignore creating tables
2026-05-27 11:18:54,315 - services.mock_data - INFO - Ignore initialize data
2026-05-27 11:18:54,315 - services.auth - INFO - Ignore initialize admin
2026-05-27 11:18:54,315 - main - INFO - === Application startup completed successfully ===
2026-05-27 11:19:02,639 - services.database - DEBUG - [DB_OP] Starting database close
2026-05-27 11:19:02,639 - services.database - INFO - Database connections closed
2026-05-27 11:19:02,639 - services.database - DEBUG - [DB_OP] Database close completed in 0.0004s
