2026-05-19 06:40:48,584 - main - INFO - === Logging system initialized ===
2026-05-19 06:40:48,584 - main - INFO - Log file: logs/app_20260519_064048.log
2026-05-19 06:40:48,585 - main - INFO - Log level: INFO
2026-05-19 06:40:48,585 - main - INFO - Timestamp: 20260519_064048
2026-05-19 06:40:49,412 - main - INFO - Included router: routers.aihub.router
2026-05-19 06:40:49,436 - main - INFO - Included router: routers.auth.router
2026-05-19 06:40:49,439 - main - INFO - Included router: routers.health.router
2026-05-19 06:40:49,491 - main - INFO - Included router: routers.reservations.router
2026-05-19 06:40:49,553 - main - INFO - Included router: routers.salons.router
2026-05-19 06:40:49,577 - main - INFO - Included router: routers.settings.router
2026-05-19 06:40:49,625 - main - INFO - Included router: routers.storage.router
2026-05-19 06:40:49,634 - main - INFO - Included router: routers.user.router
2026-05-19 06:40:49,635 - main - INFO - === Application startup initiated ===
2026-05-19 06:40:49,636 - services.database - INFO - Ignore creating tables
2026-05-19 06:40:49,636 - services.mock_data - INFO - Ignore initialize data
2026-05-19 06:40:49,636 - services.auth - INFO - Ignore initialize admin
2026-05-19 06:40:49,636 - main - INFO - === Application startup completed successfully ===
2026-05-19 06:40:49,737 - services.database - DEBUG - [DB_OP] Starting database close
2026-05-19 06:40:49,737 - services.database - INFO - Database connections closed
2026-05-19 06:40:49,737 - services.database - DEBUG - [DB_OP] Database close completed in 0.0004s
