2026-05-27 08:52:12,948 - main - INFO - === Logging system initialized ===
2026-05-27 08:52:12,948 - main - INFO - Log file: logs/app_20260527_085212.log
2026-05-27 08:52:12,948 - main - INFO - Log level: INFO
2026-05-27 08:52:12,949 - main - INFO - Timestamp: 20260527_085212
2026-05-27 08:52:13,902 - main - INFO - Included router: routers.aihub.router
2026-05-27 08:52:13,927 - main - INFO - Included router: routers.auth.router
2026-05-27 08:52:13,967 - main - INFO - Included router: routers.clients.router
2026-05-27 08:52:13,979 - main - INFO - Included router: routers.google_calendar.router
2026-05-27 08:52:13,980 - main - INFO - Included router: routers.health.router
2026-05-27 08:52:14,028 - main - INFO - Included router: routers.printer_settings.router
2026-05-27 08:52:14,088 - main - INFO - Included router: routers.reservations.router
2026-05-27 08:52:14,132 - main - INFO - Included router: routers.salons.router
2026-05-27 08:52:14,152 - main - INFO - Included router: routers.settings.router
2026-05-27 08:52:14,185 - main - INFO - Included router: routers.storage.router
2026-05-27 08:52:14,193 - main - INFO - Included router: routers.user.router
2026-05-27 08:52:14,194 - main - INFO - === Application startup initiated ===
2026-05-27 08:52:14,194 - services.database - INFO - Ignore creating tables
2026-05-27 08:52:14,195 - services.mock_data - INFO - Ignore initialize data
2026-05-27 08:52:14,195 - services.auth - INFO - Ignore initialize admin
2026-05-27 08:52:14,195 - main - INFO - === Application startup completed successfully ===
2026-05-27 08:53:42,324 - services.database - DEBUG - [DB_OP] Starting database close
2026-05-27 08:53:42,324 - services.database - INFO - Database connections closed
2026-05-27 08:53:42,325 - services.database - DEBUG - [DB_OP] Database close completed in 0.0006s
