2026-05-19 06:37:13,126 - main - INFO - === Logging system initialized ===
2026-05-19 06:37:13,126 - main - INFO - Log file: logs/app_20260519_063713.log
2026-05-19 06:37:13,126 - main - INFO - Log level: INFO
2026-05-19 06:37:13,126 - main - INFO - Timestamp: 20260519_063713
2026-05-19 06:37:13,925 - main - INFO - Included router: routers.aihub.router
2026-05-19 06:37:13,946 - main - INFO - Included router: routers.auth.router
2026-05-19 06:37:13,949 - main - INFO - Included router: routers.health.router
2026-05-19 06:37:14,006 - main - INFO - Included router: routers.reservations.router
2026-05-19 06:37:14,076 - main - INFO - Included router: routers.salons.router
2026-05-19 06:37:14,097 - main - INFO - Included router: routers.settings.router
2026-05-19 06:37:14,149 - main - INFO - Included router: routers.storage.router
2026-05-19 06:37:14,160 - main - INFO - Included router: routers.user.router
2026-05-19 06:37:14,162 - main - INFO - === Application startup initiated ===
2026-05-19 06:37:14,162 - services.database - INFO - Ignore creating tables
2026-05-19 06:37:14,162 - services.mock_data - INFO - Ignore initialize data
2026-05-19 06:37:14,162 - services.auth - INFO - Ignore initialize admin
2026-05-19 06:37:14,162 - main - INFO - === Application startup completed successfully ===
2026-05-19 06:37:20,487 - core.config - DEBUG - Read dynamic attribute jwt_secret_key from environment variable JWT_SECRET_KEY
2026-05-19 06:37:20,487 - core.config - DEBUG - Read dynamic attribute jwt_algorithm from environment variable JWT_ALGORITHM
2026-05-19 06:37:20,498 - core.auth - DEBUG - Authentication token validated for user hash: 3d1d0765
2026-05-19 06:37:20,754 - core.database - DEBUG - [DB_OP] Starting get_db session creation
2026-05-19 06:37:20,755 - core.database - WARNING - Database session maker not available, attempting lazy initialization...
2026-05-19 06:37:20,755 - core.database - WARNING - Database not initialized, attempting lazy initialization...
2026-05-19 06:37:20,755 - core.database - INFO - Starting database initialization...
2026-05-19 06:37:20,755 - core.config - DEBUG - Read dynamic attribute database_url from environment variable DATABASE_URL
2026-05-19 06:37:20,755 - core.database - INFO - Normalizing database URL for async compatibility...
2026-05-19 06:37:20,757 - core.database - INFO - Creating async database engine...
2026-05-19 06:37:20,757 - core.database - INFO - Using QueuePool with connection pooling for non-Lambda environment
2026-05-19 06:37:20,799 - core.database - INFO - Database engine created successfully
2026-05-19 06:37:20,799 - core.database - INFO - Creating async session maker...
2026-05-19 06:37:20,799 - core.database - INFO - Async session maker created successfully
2026-05-19 06:37:20,799 - core.database - INFO - Database connection initialized successfully
2026-05-19 06:37:20,800 - core.database - DEBUG - [DB_OP] Starting create_tables
2026-05-19 06:37:20,800 - core.database - INFO - 🔧 Starting table creation...
2026-05-19 06:37:22,459 - core.database - INFO - Tables initialized successfully
2026-05-19 06:37:22,459 - core.database - DEBUG - [DB_OP] Create tables completed in 1.6599s
2026-05-19 06:37:22,533 - core.database - INFO - Lazy database initialization completed successfully
2026-05-19 06:37:22,533 - core.database - DEBUG - [DB_OP] Database session created successfully in 1.7792s
2026-05-19 06:37:22,534 - routers.reservations - DEBUG - Querying reservationss: query={"reservation_date__gte":"2026-05-01","reservation_date__lte":"2026-05-31"}, sort=reservation_date, skip=0, limit=200, fields=None
2026-05-19 06:37:23,200 - routers.reservations - DEBUG - Found 0 reservationss
2026-05-19 06:37:23,201 - core.database - DEBUG - [DB_OP] Database session cleanup after 2.4472s
2026-05-19 06:37:26,535 - core.database - DEBUG - [DB_OP] Starting get_db session creation
2026-05-19 06:37:26,536 - core.database - DEBUG - [DB_OP] Database session created successfully in 0.0006s
2026-05-19 06:37:26,536 - routers.salons - DEBUG - Querying salonss: query={}, sort=None, skip=0, limit=50, fields=None
2026-05-19 06:37:27,129 - routers.salons - DEBUG - Found 0 salonss
2026-05-19 06:37:27,130 - core.database - DEBUG - [DB_OP] Database session cleanup after 0.5944s
2026-05-19 06:37:30,749 - core.database - DEBUG - [DB_OP] Starting get_db session creation
2026-05-19 06:37:30,749 - core.database - DEBUG - [DB_OP] Database session created successfully in 0.0005s
2026-05-19 06:37:30,750 - core.database - ERROR - Database session error: 1 validation error:
  {'type': 'missing', 'loc': ('body', 'user_id'), 'msg': 'Field required', 'input': {'name': 'ANEXO', 'capacity': 30, 'description': '', 'active': True}}

  File "/workspace/app/backend/routers/salons.py", line 182, in create_salons
    POST /api/v1/entities/salons
Traceback (most recent call last):
  File "/workspace/app/backend/core/database.py", line 553, in get_db
    yield session
  File "/data/chats/ebbf05d7d0d94d1299f7d038f8deb27b/.cache/python/lib/python3.10/site-packages/fastapi/routing.py", line 120, in app
    response = await f(request)
  File "/data/chats/ebbf05d7d0d94d1299f7d038f8deb27b/.cache/python/lib/python3.10/site-packages/fastapi/routing.py", line 723, in app
    raise validation_error
fastapi.exceptions.RequestValidationError: 1 validation error:
  {'type': 'missing', 'loc': ('body', 'user_id'), 'msg': 'Field required', 'input': {'name': 'ANEXO', 'capacity': 30, 'description': '', 'active': True}}

  File "/workspace/app/backend/routers/salons.py", line 182, in create_salons
    POST /api/v1/entities/salons
2026-05-19 06:37:30,754 - core.database - DEBUG - [DB_OP] Database session cleanup after 0.0046s
2026-05-19 06:37:30,754 - core.database - ERROR - Failed to create database session: 1 validation error:
  {'type': 'missing', 'loc': ('body', 'user_id'), 'msg': 'Field required', 'input': {'name': 'ANEXO', 'capacity': 30, 'description': '', 'active': True}}

  File "/workspace/app/backend/routers/salons.py", line 182, in create_salons
    POST /api/v1/entities/salons
Traceback (most recent call last):
  File "/workspace/app/backend/core/database.py", line 553, in get_db
    yield session
  File "/data/chats/ebbf05d7d0d94d1299f7d038f8deb27b/.cache/python/lib/python3.10/site-packages/fastapi/routing.py", line 120, in app
    response = await f(request)
  File "/data/chats/ebbf05d7d0d94d1299f7d038f8deb27b/.cache/python/lib/python3.10/site-packages/fastapi/routing.py", line 723, in app
    raise validation_error
fastapi.exceptions.RequestValidationError: 1 validation error:
  {'type': 'missing', 'loc': ('body', 'user_id'), 'msg': 'Field required', 'input': {'name': 'ANEXO', 'capacity': 30, 'description': '', 'active': True}}

  File "/workspace/app/backend/routers/salons.py", line 182, in create_salons
    POST /api/v1/entities/salons
2026-05-19 06:37:43,797 - core.database - DEBUG - [DB_OP] Starting get_db session creation
2026-05-19 06:37:43,797 - core.database - DEBUG - [DB_OP] Database session created successfully in 0.0007s
2026-05-19 06:37:43,798 - core.database - ERROR - Database session error: 1 validation error:
  {'type': 'missing', 'loc': ('body', 'user_id'), 'msg': 'Field required', 'input': {'name': 'ANEXO', 'capacity': 30, 'description': '', 'active': True}}

  File "/workspace/app/backend/routers/salons.py", line 182, in create_salons
    POST /api/v1/entities/salons
Traceback (most recent call last):
  File "/workspace/app/backend/core/database.py", line 553, in get_db
    yield session
  File "/data/chats/ebbf05d7d0d94d1299f7d038f8deb27b/.cache/python/lib/python3.10/site-packages/fastapi/routing.py", line 120, in app
    response = await f(request)
  File "/data/chats/ebbf05d7d0d94d1299f7d038f8deb27b/.cache/python/lib/python3.10/site-packages/fastapi/routing.py", line 723, in app
    raise validation_error
fastapi.exceptions.RequestValidationError: 1 validation error:
  {'type': 'missing', 'loc': ('body', 'user_id'), 'msg': 'Field required', 'input': {'name': 'ANEXO', 'capacity': 30, 'description': '', 'active': True}}

  File "/workspace/app/backend/routers/salons.py", line 182, in create_salons
    POST /api/v1/entities/salons
2026-05-19 06:37:43,811 - core.database - DEBUG - [DB_OP] Database session cleanup after 0.0145s
2026-05-19 06:37:43,812 - core.database - ERROR - Failed to create database session: 1 validation error:
  {'type': 'missing', 'loc': ('body', 'user_id'), 'msg': 'Field required', 'input': {'name': 'ANEXO', 'capacity': 30, 'description': '', 'active': True}}

  File "/workspace/app/backend/routers/salons.py", line 182, in create_salons
    POST /api/v1/entities/salons
Traceback (most recent call last):
  File "/workspace/app/backend/core/database.py", line 553, in get_db
    yield session
  File "/data/chats/ebbf05d7d0d94d1299f7d038f8deb27b/.cache/python/lib/python3.10/site-packages/fastapi/routing.py", line 120, in app
    response = await f(request)
  File "/data/chats/ebbf05d7d0d94d1299f7d038f8deb27b/.cache/python/lib/python3.10/site-packages/fastapi/routing.py", line 723, in app
    raise validation_error
fastapi.exceptions.RequestValidationError: 1 validation error:
  {'type': 'missing', 'loc': ('body', 'user_id'), 'msg': 'Field required', 'input': {'name': 'ANEXO', 'capacity': 30, 'description': '', 'active': True}}

  File "/workspace/app/backend/routers/salons.py", line 182, in create_salons
    POST /api/v1/entities/salons
2026-05-19 06:37:49,603 - services.database - DEBUG - [DB_OP] Starting database close
2026-05-19 06:37:49,680 - core.database - INFO - Database connection closed and engine disposed
2026-05-19 06:37:49,680 - services.database - INFO - Database connections closed
2026-05-19 06:37:49,680 - services.database - DEBUG - [DB_OP] Database close completed in 0.0770s
