2026-05-19 08:37:01,681 - main - INFO - === Logging system initialized ===
2026-05-19 08:37:01,681 - main - INFO - Log file: logs/app_20260519_083701.log
2026-05-19 08:37:01,681 - main - INFO - Log level: INFO
2026-05-19 08:37:01,681 - main - INFO - Timestamp: 20260519_083701
2026-05-19 08:37:02,579 - main - INFO - Included router: routers.aihub.router
2026-05-19 08:37:02,605 - main - INFO - Included router: routers.auth.router
2026-05-19 08:37:02,608 - main - INFO - Included router: routers.health.router
2026-05-19 08:37:02,656 - main - INFO - Included router: routers.reservations.router
2026-05-19 08:37:02,698 - main - INFO - Included router: routers.salons.router
2026-05-19 08:37:02,718 - main - INFO - Included router: routers.settings.router
2026-05-19 08:37:02,753 - main - INFO - Included router: routers.storage.router
2026-05-19 08:37:02,760 - main - INFO - Included router: routers.user.router
2026-05-19 08:37:02,761 - main - INFO - === Application startup initiated ===
2026-05-19 08:37:02,762 - services.database - INFO - Ignore creating tables
2026-05-19 08:37:02,762 - services.mock_data - INFO - Ignore initialize data
2026-05-19 08:37:02,762 - services.auth - INFO - Ignore initialize admin
2026-05-19 08:37:02,762 - main - INFO - === Application startup completed successfully ===
2026-05-19 08:37:22,550 - core.config - DEBUG - Read dynamic attribute jwt_secret_key from environment variable JWT_SECRET_KEY
2026-05-19 08:37:22,550 - core.config - DEBUG - Read dynamic attribute jwt_algorithm from environment variable JWT_ALGORITHM
2026-05-19 08:37:22,566 - core.auth - DEBUG - Authentication token validated for user hash: 3d1d0765
2026-05-19 08:37:22,843 - core.database - DEBUG - [DB_OP] Starting get_db session creation
2026-05-19 08:37:22,843 - core.database - WARNING - Database session maker not available, attempting lazy initialization...
2026-05-19 08:37:22,843 - core.database - WARNING - Database not initialized, attempting lazy initialization...
2026-05-19 08:37:22,843 - core.database - INFO - Starting database initialization...
2026-05-19 08:37:22,843 - core.config - DEBUG - Read dynamic attribute database_url from environment variable DATABASE_URL
2026-05-19 08:37:22,843 - core.database - INFO - Normalizing database URL for async compatibility...
2026-05-19 08:37:22,844 - core.database - INFO - Creating async database engine...
2026-05-19 08:37:22,845 - core.database - INFO - Using QueuePool with connection pooling for non-Lambda environment
2026-05-19 08:37:22,884 - core.database - INFO - Database engine created successfully
2026-05-19 08:37:22,884 - core.database - INFO - Creating async session maker...
2026-05-19 08:37:22,884 - core.database - INFO - Async session maker created successfully
2026-05-19 08:37:22,884 - core.database - INFO - Database connection initialized successfully
2026-05-19 08:37:22,884 - core.database - DEBUG - [DB_OP] Starting create_tables
2026-05-19 08:37:22,884 - core.database - INFO - 🔧 Starting table creation...
2026-05-19 08:37:24,322 - core.database - INFO - Tables initialized successfully
2026-05-19 08:37:24,323 - core.database - DEBUG - [DB_OP] Create tables completed in 1.4387s
2026-05-19 08:37:24,387 - core.database - INFO - Lazy database initialization completed successfully
2026-05-19 08:37:24,387 - core.database - DEBUG - [DB_OP] Database session created successfully in 1.5447s
2026-05-19 08:37:24,388 - routers.reservations - DEBUG - Querying reservationss: query={"reservation_date__gte":"2026-05-01","reservation_date__lte":"2026-05-31"}, sort=reservation_date, skip=0, limit=200, fields=None
2026-05-19 08:37:24,985 - routers.reservations - DEBUG - Found 1 reservationss
2026-05-19 08:37:24,986 - core.database - DEBUG - [DB_OP] Database session cleanup after 2.1430s
2026-05-19 08:37:35,368 - core.auth - DEBUG - Authentication token validated for user hash: 3d1d0765
2026-05-19 08:37:35,636 - core.database - DEBUG - [DB_OP] Starting get_db session creation
2026-05-19 08:37:35,636 - core.database - DEBUG - [DB_OP] Database session created successfully in 0.0005s
2026-05-19 08:37:35,637 - routers.reservations - DEBUG - Querying reservationss: query={"reservation_date__gte":"2026-05-01","reservation_date__lte":"2026-05-31"}, sort=reservation_date, skip=0, limit=200, fields=None
2026-05-19 08:37:36,017 - routers.reservations - DEBUG - Found 1 reservationss
2026-05-19 08:37:36,017 - core.database - DEBUG - [DB_OP] Database session cleanup after 0.3817s
2026-05-19 08:47:42,761 - services.database - DEBUG - [DB_OP] Starting database close
2026-05-19 08:47:42,761 - core.database - INFO - Database connection closed and engine disposed
2026-05-19 08:47:42,762 - services.database - INFO - Database connections closed
2026-05-19 08:47:42,762 - services.database - DEBUG - [DB_OP] Database close completed in 0.0012s
