2026-05-19 06:40:51,129 - main - INFO - === Logging system initialized ===
2026-05-19 06:40:51,129 - main - INFO - Log file: logs/app_20260519_064051.log
2026-05-19 06:40:51,129 - main - INFO - Log level: INFO
2026-05-19 06:40:51,130 - main - INFO - Timestamp: 20260519_064051
2026-05-19 06:40:52,111 - main - INFO - Included router: routers.aihub.router
2026-05-19 06:40:52,140 - main - INFO - Included router: routers.auth.router
2026-05-19 06:40:52,143 - main - INFO - Included router: routers.health.router
2026-05-19 06:40:52,194 - main - INFO - Included router: routers.reservations.router
2026-05-19 06:40:52,261 - main - INFO - Included router: routers.salons.router
2026-05-19 06:40:52,284 - main - INFO - Included router: routers.settings.router
2026-05-19 06:40:52,332 - main - INFO - Included router: routers.storage.router
2026-05-19 06:40:52,346 - main - INFO - Included router: routers.user.router
2026-05-19 06:40:52,348 - main - INFO - === Application startup initiated ===
2026-05-19 06:40:52,348 - services.database - INFO - Ignore creating tables
2026-05-19 06:40:52,348 - services.mock_data - INFO - Ignore initialize data
2026-05-19 06:40:52,348 - services.auth - INFO - Ignore initialize admin
2026-05-19 06:40:52,349 - main - INFO - === Application startup completed successfully ===
2026-05-19 06:40:52,450 - services.database - DEBUG - [DB_OP] Starting database close
2026-05-19 06:40:52,450 - services.database - INFO - Database connections closed
2026-05-19 06:40:52,450 - services.database - DEBUG - [DB_OP] Database close completed in 0.0003s
