2026-05-19 08:26:25,940 - main - INFO - === Logging system initialized ===
2026-05-19 08:26:25,940 - main - INFO - Log file: logs/app_20260519_082625.log
2026-05-19 08:26:25,940 - main - INFO - Log level: INFO
2026-05-19 08:26:25,941 - main - INFO - Timestamp: 20260519_082625
2026-05-19 08:26:26,803 - main - INFO - Included router: routers.aihub.router
2026-05-19 08:26:26,824 - main - INFO - Included router: routers.auth.router
2026-05-19 08:26:26,826 - main - INFO - Included router: routers.health.router
2026-05-19 08:26:26,886 - main - INFO - Included router: routers.reservations.router
2026-05-19 08:26:26,947 - main - INFO - Included router: routers.salons.router
2026-05-19 08:26:26,978 - main - INFO - Included router: routers.settings.router
2026-05-19 08:26:27,017 - main - INFO - Included router: routers.storage.router
2026-05-19 08:26:27,041 - main - INFO - Included router: routers.user.router
2026-05-19 08:26:27,042 - main - INFO - === Application startup initiated ===
2026-05-19 08:26:27,042 - services.database - INFO - Ignore creating tables
2026-05-19 08:26:27,043 - services.mock_data - INFO - Ignore initialize data
2026-05-19 08:26:27,043 - services.auth - INFO - Ignore initialize admin
2026-05-19 08:26:27,043 - main - INFO - === Application startup completed successfully ===
2026-05-19 08:36:15,346 - services.database - DEBUG - [DB_OP] Starting database close
2026-05-19 08:36:15,346 - services.database - INFO - Database connections closed
2026-05-19 08:36:15,346 - services.database - DEBUG - [DB_OP] Database close completed in 0.0006s
