2026-05-19 06:43:05,291 - main - INFO - === Logging system initialized ===
2026-05-19 06:43:05,291 - main - INFO - Log file: logs/app_20260519_064305.log
2026-05-19 06:43:05,291 - main - INFO - Log level: INFO
2026-05-19 06:43:05,292 - main - INFO - Timestamp: 20260519_064305
2026-05-19 06:43:06,212 - main - INFO - Included router: routers.aihub.router
2026-05-19 06:43:06,230 - main - INFO - Included router: routers.auth.router
2026-05-19 06:43:06,232 - main - INFO - Included router: routers.health.router
2026-05-19 06:43:06,284 - main - INFO - Included router: routers.reservations.router
2026-05-19 06:43:06,329 - main - INFO - Included router: routers.salons.router
2026-05-19 06:43:06,352 - main - INFO - Included router: routers.settings.router
2026-05-19 06:43:06,389 - main - INFO - Included router: routers.storage.router
2026-05-19 06:43:06,397 - main - INFO - Included router: routers.user.router
2026-05-19 06:43:06,398 - main - INFO - === Application startup initiated ===
2026-05-19 06:43:06,398 - services.database - INFO - Ignore creating tables
2026-05-19 06:43:06,398 - services.mock_data - INFO - Ignore initialize data
2026-05-19 06:43:06,399 - services.auth - INFO - Ignore initialize admin
2026-05-19 06:43:06,399 - main - INFO - === Application startup completed successfully ===
2026-05-19 06:43:13,113 - core.config - DEBUG - Read dynamic attribute jwt_secret_key from environment variable JWT_SECRET_KEY
2026-05-19 06:43:13,113 - core.config - DEBUG - Read dynamic attribute jwt_algorithm from environment variable JWT_ALGORITHM
2026-05-19 06:43:13,123 - core.auth - DEBUG - Authentication token validated for user hash: 3d1d0765
2026-05-19 06:43:13,362 - core.database - DEBUG - [DB_OP] Starting get_db session creation
2026-05-19 06:43:13,362 - core.database - WARNING - Database session maker not available, attempting lazy initialization...
2026-05-19 06:43:13,363 - core.database - WARNING - Database not initialized, attempting lazy initialization...
2026-05-19 06:43:13,363 - core.database - INFO - Starting database initialization...
2026-05-19 06:43:13,363 - core.config - DEBUG - Read dynamic attribute database_url from environment variable DATABASE_URL
2026-05-19 06:43:13,363 - core.database - INFO - Normalizing database URL for async compatibility...
2026-05-19 06:43:13,364 - core.database - INFO - Creating async database engine...
2026-05-19 06:43:13,364 - core.database - INFO - Using QueuePool with connection pooling for non-Lambda environment
2026-05-19 06:43:13,409 - core.database - INFO - Database engine created successfully
2026-05-19 06:43:13,409 - core.database - INFO - Creating async session maker...
2026-05-19 06:43:13,409 - core.database - INFO - Async session maker created successfully
2026-05-19 06:43:13,410 - core.database - INFO - Database connection initialized successfully
2026-05-19 06:43:13,410 - core.database - DEBUG - [DB_OP] Starting create_tables
2026-05-19 06:43:13,410 - core.database - INFO - 🔧 Starting table creation...
2026-05-19 06:43:14,876 - core.database - INFO - Tables initialized successfully
2026-05-19 06:43:14,876 - core.database - DEBUG - [DB_OP] Create tables completed in 1.4665s
2026-05-19 06:43:14,940 - core.database - INFO - Lazy database initialization completed successfully
2026-05-19 06:43:14,941 - core.database - DEBUG - [DB_OP] Database session created successfully in 1.5789s
2026-05-19 06:43:14,942 - routers.reservations - DEBUG - Querying reservationss: query={"reservation_date__gte":"2026-05-01","reservation_date__lte":"2026-05-31"}, sort=reservation_date, skip=0, limit=200, fields=None
2026-05-19 06:43:15,515 - routers.reservations - DEBUG - Found 1 reservationss
2026-05-19 06:43:15,516 - core.database - DEBUG - [DB_OP] Database session cleanup after 2.1538s
2026-05-19 06:43:15,741 - core.database - DEBUG - [DB_OP] Starting get_db session creation
2026-05-19 06:43:15,741 - core.database - DEBUG - [DB_OP] Database session created successfully in 0.0005s
2026-05-19 06:43:15,742 - routers.reservations - DEBUG - Querying reservationss: query={}, sort=-reservation_date, skip=0, limit=100, fields=None
2026-05-19 06:43:16,183 - routers.reservations - DEBUG - Found 1 reservationss
2026-05-19 06:43:16,184 - core.database - DEBUG - [DB_OP] Database session cleanup after 0.4436s
2026-05-19 06:43:17,601 - core.database - DEBUG - [DB_OP] Starting get_db session creation
2026-05-19 06:43:17,602 - core.database - DEBUG - [DB_OP] Database session created successfully in 0.0004s
2026-05-19 06:43:17,602 - routers.salons - DEBUG - Querying salonss: query={}, sort=None, skip=0, limit=50, fields=None
2026-05-19 06:43:17,605 - core.auth - DEBUG - Authentication token validated for user hash: 3d1d0765
2026-05-19 06:43:17,605 - core.database - DEBUG - [DB_OP] Starting get_db session creation
2026-05-19 06:43:17,606 - core.database - DEBUG - [DB_OP] Database session created successfully in 0.0002s
2026-05-19 06:43:17,606 - routers.reservations - DEBUG - Fetching reservations with id: 1, fields=None
2026-05-19 06:43:18,137 - routers.salons - DEBUG - Found 1 salonss
2026-05-19 06:43:18,138 - core.database - DEBUG - [DB_OP] Database session cleanup after 0.5368s
2026-05-19 06:43:18,307 - core.database - DEBUG - [DB_OP] Database session cleanup after 0.7021s
2026-05-19 06:43:26,837 - core.auth - DEBUG - Authentication token validated for user hash: 3d1d0765
2026-05-19 06:43:26,838 - core.database - DEBUG - [DB_OP] Starting get_db session creation
2026-05-19 06:43:26,838 - core.database - DEBUG - [DB_OP] Database session created successfully in 0.0002s
2026-05-19 06:43:26,838 - routers.reservations - DEBUG - Updating reservations 1 with data: client_name='JORGE' client_phone='22998006174' reservation_date=datetime.date(2026, 5, 19) reservation_time='19:00' party_size=25 salon='ANEXO' notes='' status='confirmada'
2026-05-19 06:43:27,916 - services.reservations - INFO - Updated reservations 1
2026-05-19 06:43:27,917 - routers.reservations - INFO - Reservations 1 updated successfully
2026-05-19 06:43:27,917 - core.database - DEBUG - [DB_OP] Database session cleanup after 1.0797s
2026-05-19 06:43:28,128 - core.database - DEBUG - [DB_OP] Starting get_db session creation
2026-05-19 06:43:28,128 - core.database - DEBUG - [DB_OP] Database session created successfully in 0.0004s
2026-05-19 06:43:28,128 - routers.reservations - DEBUG - Querying reservationss: query={}, sort=-reservation_date, skip=0, limit=100, fields=None
2026-05-19 06:43:28,506 - routers.reservations - DEBUG - Found 1 reservationss
2026-05-19 06:43:28,507 - core.database - DEBUG - [DB_OP] Database session cleanup after 0.3796s
2026-05-19 06:43:29,782 - core.database - DEBUG - [DB_OP] Starting get_db session creation
2026-05-19 06:43:29,782 - core.database - DEBUG - [DB_OP] Database session created successfully in 0.0005s
2026-05-19 06:43:29,782 - routers.reservations - DEBUG - Querying reservationss: query={"reservation_date__gte":"2026-05-01","reservation_date__lte":"2026-05-31"}, sort=reservation_date, skip=0, limit=200, fields=None
2026-05-19 06:43:30,360 - routers.reservations - DEBUG - Found 1 reservationss
2026-05-19 06:43:30,360 - core.database - DEBUG - [DB_OP] Database session cleanup after 0.5790s
2026-05-19 06:58:03,121 - core.database - DEBUG - [DB_OP] Starting get_db session creation
2026-05-19 06:58:03,122 - core.database - DEBUG - [DB_OP] Database session created successfully in 0.0008s
2026-05-19 06:58:03,123 - routers.auth - INFO - [token/exchange] Received platform token exchange request
2026-05-19 06:58:03,123 - core.config - DEBUG - Read dynamic attribute oidc_issuer_url from environment variable OIDC_ISSUER_URL
2026-05-19 06:58:03,123 - routers.auth - DEBUG - [token/exchange] Verifying token with issuer: https://auth.atoms.dev/api/v1/oidc/platform/tokens/verify
2026-05-19 06:58:03,229 - httpcore.connection - DEBUG - connect_tcp.started host='auth.atoms.dev' port=443 local_address=None timeout=5.0 socket_options=None
2026-05-19 06:58:03,278 - httpcore.connection - DEBUG - connect_tcp.complete return_value=<httpcore._backends.anyio.AnyIOStream object at 0x7f9eac4b6c50>
2026-05-19 06:58:03,278 - httpcore.connection - DEBUG - start_tls.started ssl_context=<ssl.SSLContext object at 0x7f9eac4233c0> server_hostname='auth.atoms.dev' timeout=5.0
2026-05-19 06:58:03,287 - httpcore.connection - DEBUG - start_tls.complete return_value=<httpcore._backends.anyio.AnyIOStream object at 0x7f9ead73bee0>
2026-05-19 06:58:03,288 - httpcore.http11 - DEBUG - send_request_headers.started request=<Request [b'POST']>
2026-05-19 06:58:03,289 - httpcore.http11 - DEBUG - send_request_headers.complete
2026-05-19 06:58:03,289 - httpcore.http11 - DEBUG - send_request_body.started request=<Request [b'POST']>
2026-05-19 06:58:03,290 - httpcore.http11 - DEBUG - send_request_body.complete
2026-05-19 06:58:03,290 - httpcore.http11 - DEBUG - receive_response_headers.started request=<Request [b'POST']>
2026-05-19 06:58:03,320 - httpcore.http11 - DEBUG - receive_response_headers.complete return_value=(b'HTTP/1.1', 200, b'OK', [(b'Date', b'Tue, 19 May 2026 13:58:03 GMT'), (b'Content-Type', b'application/json'), (b'Transfer-Encoding', b'chunked'), (b'Connection', b'keep-alive'), (b'x-response-time', b'0.001s'), (b'x-request-id', b'436038bbc73a74063925c241cdff882b'), (b'cf-cache-status', b'DYNAMIC'), (b'Content-Encoding', b'gzip'), (b'Server', b'cloudflare'), (b'CF-RAY', b'9fe39d3e9c52cb94-LAX')])
2026-05-19 06:58:03,322 - httpx - INFO - HTTP Request: POST https://auth.atoms.dev/api/v1/oidc/platform/tokens/verify "HTTP/1.1 200 OK"
2026-05-19 06:58:03,322 - httpcore.http11 - DEBUG - receive_response_body.started request=<Request [b'POST']>
2026-05-19 06:58:03,322 - httpcore.http11 - DEBUG - receive_response_body.complete
2026-05-19 06:58:03,323 - httpcore.http11 - DEBUG - response_closed.started
2026-05-19 06:58:03,323 - httpcore.http11 - DEBUG - response_closed.complete
2026-05-19 06:58:03,323 - httpcore.connection - DEBUG - close.started
2026-05-19 06:58:03,324 - httpcore.connection - DEBUG - close.complete
2026-05-19 06:58:03,324 - routers.auth - DEBUG - [token/exchange] Issuer response status: 200
2026-05-19 06:58:03,324 - routers.auth - DEBUG - [token/exchange] Issuer response body: {'success': True, 'data': {'email': 'jorge@forneriagiorgio.com', 'exp': 1781696820, 'iat': 1779104820, 'pv': 0, 'user_id': 1225829}, 'message': 'Platform token verified', 'code': 0, 'timestamp': '2026-05-19T13:58:03.315330'}
2026-05-19 06:58:03,325 - routers.auth - INFO - [token/exchange] Token verified, platform_user_id=1225829, email=jorge@forneriagiorgio.com
2026-05-19 06:58:03,325 - core.config - DEBUG - Read dynamic attribute admin_user_id from environment variable ADMIN_USER_ID
2026-05-19 06:58:03,325 - routers.auth - INFO - [token/exchange] User verified: platform_user_id=1225829, role=admin
2026-05-19 06:58:03,325 - routers.auth - DEBUG - [token/exchange] User object for token issuance: id=1225829, email=jorge@forneriagiorgio.com, role=admin
2026-05-19 06:58:03,326 - core.config - DEBUG - Read dynamic attribute jwt_expire_minutes from environment variable JWT_EXPIRE_MINUTES
2026-05-19 06:58:03,326 - core.auth - DEBUG - Authentication token created for user hash: 3d1d0765
2026-05-19 06:58:03,326 - routers.auth - INFO - [token/exchange] Token issued successfully for user_id=1225829, expires_at=2026-06-18 13:58:03.326287+00:00
2026-05-19 06:58:03,327 - core.database - DEBUG - [DB_OP] Database session cleanup after 0.2055s
2026-05-19 06:58:03,350 - dependencies.auth - DEBUG - Authentication required for request GET /api/v1/auth/me
2026-05-19 06:58:05,059 - core.auth - DEBUG - Authentication token validated for user hash: 3d1d0765
2026-05-19 06:58:05,353 - core.database - DEBUG - [DB_OP] Starting get_db session creation
2026-05-19 06:58:05,353 - core.database - DEBUG - [DB_OP] Database session created successfully in 0.0006s
2026-05-19 06:58:05,354 - routers.reservations - DEBUG - Querying reservationss: query={"reservation_date__gte":"2026-05-01","reservation_date__lte":"2026-05-31"}, sort=reservation_date, skip=0, limit=200, fields=None
2026-05-19 06:58:06,634 - routers.reservations - DEBUG - Found 1 reservationss
2026-05-19 06:58:06,636 - core.database - DEBUG - [DB_OP] Database session cleanup after 1.2832s
2026-05-19 07:00:27,481 - core.auth - DEBUG - Authentication token validated for user hash: 3d1d0765
2026-05-19 07:10:20,843 - services.database - DEBUG - [DB_OP] Starting database close
2026-05-19 07:10:20,844 - core.database - INFO - Database connection closed and engine disposed
2026-05-19 07:10:20,845 - services.database - INFO - Database connections closed
2026-05-19 07:10:20,845 - services.database - DEBUG - [DB_OP] Database close completed in 0.0022s
