2026-05-19 09:53:18,063 - main - INFO - === Logging system initialized ===
2026-05-19 09:53:18,063 - main - INFO - Log file: logs/app_20260519_095318.log
2026-05-19 09:53:18,064 - main - INFO - Log level: INFO
2026-05-19 09:53:18,064 - main - INFO - Timestamp: 20260519_095318
2026-05-19 09:53:19,076 - main - INFO - Included router: routers.aihub.router
2026-05-19 09:53:19,098 - main - INFO - Included router: routers.auth.router
2026-05-19 09:53:19,100 - main - INFO - Included router: routers.health.router
2026-05-19 09:53:19,169 - main - INFO - Included router: routers.reservations.router
2026-05-19 09:53:19,224 - main - INFO - Included router: routers.salons.router
2026-05-19 09:53:19,246 - main - INFO - Included router: routers.settings.router
2026-05-19 09:53:19,291 - main - INFO - Included router: routers.storage.router
2026-05-19 09:53:19,301 - main - INFO - Included router: routers.user.router
2026-05-19 09:53:19,303 - main - INFO - === Application startup initiated ===
2026-05-19 09:53:19,303 - services.database - INFO - Ignore creating tables
2026-05-19 09:53:19,303 - services.mock_data - INFO - Ignore initialize data
2026-05-19 09:53:19,303 - services.auth - INFO - Ignore initialize admin
2026-05-19 09:53:19,304 - main - INFO - === Application startup completed successfully ===
2026-05-19 09:56:31,843 - dependencies.auth - DEBUG - Authentication required for request GET /api/v1/auth/me
2026-05-19 09:56:35,189 - core.config - DEBUG - Read dynamic attribute jwt_secret_key from environment variable JWT_SECRET_KEY
2026-05-19 09:56:35,190 - core.config - DEBUG - Read dynamic attribute jwt_algorithm from environment variable JWT_ALGORITHM
2026-05-19 09:56:35,215 - core.auth - DEBUG - Authentication token validated for user hash: 3d1d0765
2026-05-19 09:56:35,480 - core.database - DEBUG - [DB_OP] Starting get_db session creation
2026-05-19 09:56:35,480 - core.database - WARNING - Database session maker not available, attempting lazy initialization...
2026-05-19 09:56:35,480 - core.database - WARNING - Database not initialized, attempting lazy initialization...
2026-05-19 09:56:35,480 - core.database - INFO - Starting database initialization...
2026-05-19 09:56:35,481 - core.config - DEBUG - Read dynamic attribute database_url from environment variable DATABASE_URL
2026-05-19 09:56:35,481 - core.database - INFO - Normalizing database URL for async compatibility...
2026-05-19 09:56:35,482 - core.database - INFO - Creating async database engine...
2026-05-19 09:56:35,482 - core.database - INFO - Using QueuePool with connection pooling for non-Lambda environment
2026-05-19 09:56:35,547 - core.database - INFO - Database engine created successfully
2026-05-19 09:56:35,548 - core.database - INFO - Creating async session maker...
2026-05-19 09:56:35,548 - core.database - INFO - Async session maker created successfully
2026-05-19 09:56:35,548 - core.database - INFO - Database connection initialized successfully
2026-05-19 09:56:35,548 - core.database - DEBUG - [DB_OP] Starting create_tables
2026-05-19 09:56:35,548 - core.database - INFO - 🔧 Starting table creation...
2026-05-19 09:56:37,012 - core.database - INFO - Tables initialized successfully
2026-05-19 09:56:37,013 - core.database - DEBUG - [DB_OP] Create tables completed in 1.4645s
2026-05-19 09:56:37,076 - core.database - INFO - Lazy database initialization completed successfully
2026-05-19 09:56:37,077 - core.database - DEBUG - [DB_OP] Database session created successfully in 1.5973s
2026-05-19 09:56:37,077 - routers.reservations - DEBUG - Querying reservationss: query={"reservation_date__gte":"2026-05-01","reservation_date__lte":"2026-05-31"}, sort=reservation_date, skip=0, limit=200, fields=None
2026-05-19 09:56:37,660 - routers.reservations - DEBUG - Found 1 reservationss
2026-05-19 09:56:37,661 - core.database - DEBUG - [DB_OP] Database session cleanup after 2.1815s
2026-05-19 09:57:05,534 - core.database - DEBUG - [DB_OP] Starting get_db session creation
2026-05-19 09:57:05,535 - core.database - DEBUG - [DB_OP] Database session created successfully in 0.0005s
2026-05-19 09:57:05,535 - routers.reservations - DEBUG - Querying reservationss: query={"reservation_date__gte":"2026-05-01","reservation_date__lte":"2026-05-31"}, sort=reservation_date, skip=0, limit=200, fields=None
2026-05-19 09:57:05,918 - routers.reservations - DEBUG - Found 1 reservationss
2026-05-19 09:57:05,919 - core.database - DEBUG - [DB_OP] Database session cleanup after 0.3844s
2026-05-19 09:57:32,039 - services.database - DEBUG - [DB_OP] Starting database close
2026-05-19 09:57:32,106 - core.database - INFO - Database connection closed and engine disposed
2026-05-19 09:57:32,106 - services.database - INFO - Database connections closed
2026-05-19 09:57:32,106 - services.database - DEBUG - [DB_OP] Database close completed in 0.0671s
