2026-05-19 10:03:11,407 - main - INFO - === Logging system initialized ===
2026-05-19 10:03:11,407 - main - INFO - Log file: logs/app_20260519_100311.log
2026-05-19 10:03:11,407 - main - INFO - Log level: INFO
2026-05-19 10:03:11,407 - main - INFO - Timestamp: 20260519_100311
2026-05-19 10:03:12,533 - main - INFO - Included router: routers.aihub.router
2026-05-19 10:03:12,558 - main - INFO - Included router: routers.auth.router
2026-05-19 10:03:12,561 - main - INFO - Included router: routers.health.router
2026-05-19 10:03:12,617 - main - INFO - Included router: routers.reservations.router
2026-05-19 10:03:12,674 - main - INFO - Included router: routers.salons.router
2026-05-19 10:03:12,701 - main - INFO - Included router: routers.settings.router
2026-05-19 10:03:12,757 - main - INFO - Included router: routers.storage.router
2026-05-19 10:03:12,769 - main - INFO - Included router: routers.user.router
2026-05-19 10:03:12,771 - main - INFO - === Application startup initiated ===
2026-05-19 10:03:12,772 - services.database - INFO - Ignore creating tables
2026-05-19 10:03:12,773 - services.mock_data - INFO - Ignore initialize data
2026-05-19 10:03:12,773 - services.auth - INFO - Ignore initialize admin
2026-05-19 10:03:12,773 - main - INFO - === Application startup completed successfully ===
2026-05-19 10:07:29,213 - dependencies.auth - DEBUG - Authentication required for request GET /api/v1/auth/me
2026-05-19 10:07:37,153 - core.config - DEBUG - Read dynamic attribute jwt_secret_key from environment variable JWT_SECRET_KEY
2026-05-19 10:07:37,153 - core.config - DEBUG - Read dynamic attribute jwt_algorithm from environment variable JWT_ALGORITHM
2026-05-19 10:07:37,170 - core.auth - DEBUG - Authentication token validated for user hash: 3d1d0765
2026-05-19 10:07:37,444 - core.database - DEBUG - [DB_OP] Starting get_db session creation
2026-05-19 10:07:37,445 - core.database - WARNING - Database session maker not available, attempting lazy initialization...
2026-05-19 10:07:37,445 - core.database - WARNING - Database not initialized, attempting lazy initialization...
2026-05-19 10:07:37,445 - core.database - INFO - Starting database initialization...
2026-05-19 10:07:37,445 - core.config - DEBUG - Read dynamic attribute database_url from environment variable DATABASE_URL
2026-05-19 10:07:37,445 - core.database - INFO - Normalizing database URL for async compatibility...
2026-05-19 10:07:37,446 - core.database - INFO - Creating async database engine...
2026-05-19 10:07:37,446 - core.database - INFO - Using QueuePool with connection pooling for non-Lambda environment
2026-05-19 10:07:37,498 - core.database - INFO - Database engine created successfully
2026-05-19 10:07:37,499 - core.database - INFO - Creating async session maker...
2026-05-19 10:07:37,499 - core.database - INFO - Async session maker created successfully
2026-05-19 10:07:37,499 - core.database - INFO - Database connection initialized successfully
2026-05-19 10:07:37,499 - core.database - DEBUG - [DB_OP] Starting create_tables
2026-05-19 10:07:37,499 - core.database - INFO - 🔧 Starting table creation...
2026-05-19 10:07:38,982 - core.database - INFO - Tables initialized successfully
2026-05-19 10:07:38,982 - core.database - DEBUG - [DB_OP] Create tables completed in 1.4831s
2026-05-19 10:07:39,047 - core.database - INFO - Lazy database initialization completed successfully
2026-05-19 10:07:39,047 - core.database - DEBUG - [DB_OP] Database session created successfully in 1.6031s
2026-05-19 10:07:39,048 - routers.reservations - DEBUG - Querying reservationss: query={"reservation_date__gte":"2026-05-01","reservation_date__lte":"2026-05-31"}, sort=reservation_date, skip=0, limit=200, fields=None
2026-05-19 10:07:39,627 - routers.reservations - DEBUG - Found 1 reservationss
2026-05-19 10:07:39,628 - core.database - DEBUG - [DB_OP] Database session cleanup after 2.1842s
2026-05-19 10:08:07,491 - core.database - DEBUG - [DB_OP] Starting get_db session creation
2026-05-19 10:08:07,491 - core.database - DEBUG - [DB_OP] Database session created successfully in 0.0005s
2026-05-19 10:08:07,492 - routers.reservations - DEBUG - Querying reservationss: query={"reservation_date__gte":"2026-05-01","reservation_date__lte":"2026-05-31"}, sort=reservation_date, skip=0, limit=200, fields=None
2026-05-19 10:08:07,876 - routers.reservations - DEBUG - Found 1 reservationss
2026-05-19 10:08:07,876 - core.database - DEBUG - [DB_OP] Database session cleanup after 0.3858s
2026-05-19 10:08:37,502 - core.database - DEBUG - [DB_OP] Starting get_db session creation
2026-05-19 10:08:37,502 - core.database - DEBUG - [DB_OP] Database session created successfully in 0.0005s
2026-05-19 10:08:37,503 - routers.reservations - DEBUG - Querying reservationss: query={"reservation_date__gte":"2026-05-01","reservation_date__lte":"2026-05-31"}, sort=reservation_date, skip=0, limit=200, fields=None
2026-05-19 10:08:37,884 - routers.reservations - DEBUG - Found 1 reservationss
2026-05-19 10:08:37,885 - core.database - DEBUG - [DB_OP] Database session cleanup after 0.3833s
2026-05-19 10:08:42,153 - services.database - DEBUG - [DB_OP] Starting database close
2026-05-19 10:08:42,219 - core.database - INFO - Database connection closed and engine disposed
2026-05-19 10:08:42,220 - services.database - INFO - Database connections closed
2026-05-19 10:08:42,220 - services.database - DEBUG - [DB_OP] Database close completed in 0.0670s
