2026-05-27 16:17:58,634 - main - INFO - === Logging system initialized ===
2026-05-27 16:17:58,634 - main - INFO - Log file: logs/app_20260527_161758.log
2026-05-27 16:17:58,634 - main - INFO - Log level: INFO
2026-05-27 16:17:58,634 - main - INFO - Timestamp: 20260527_161758
2026-05-27 16:17:59,450 - main - INFO - Included router: routers.aihub.router
2026-05-27 16:17:59,470 - main - INFO - Included router: routers.auth.router
2026-05-27 16:17:59,519 - main - INFO - Included router: routers.clients.router
2026-05-27 16:17:59,532 - main - INFO - Included router: routers.google_calendar.router
2026-05-27 16:17:59,534 - main - INFO - Included router: routers.health.router
2026-05-27 16:17:59,580 - main - INFO - Included router: routers.printer_settings.router
2026-05-27 16:17:59,641 - main - INFO - Included router: routers.reservations.router
2026-05-27 16:17:59,688 - main - INFO - Included router: routers.salons.router
2026-05-27 16:17:59,708 - main - INFO - Included router: routers.settings.router
2026-05-27 16:17:59,753 - main - INFO - Included router: routers.storage.router
2026-05-27 16:17:59,763 - main - INFO - Included router: routers.user.router
2026-05-27 16:17:59,764 - main - INFO - === Application startup initiated ===
2026-05-27 16:17:59,764 - services.database - INFO - Ignore creating tables
2026-05-27 16:17:59,765 - services.mock_data - INFO - Ignore initialize data
2026-05-27 16:17:59,765 - services.auth - INFO - Ignore initialize admin
2026-05-27 16:17:59,765 - main - INFO - === Application startup completed successfully ===
2026-05-27 16:17:59,866 - services.database - DEBUG - [DB_OP] Starting database close
2026-05-27 16:17:59,866 - services.database - INFO - Database connections closed
2026-05-27 16:17:59,866 - services.database - DEBUG - [DB_OP] Database close completed in 0.0005s
