2026-05-27 16:17:55,660 - main - INFO - === Logging system initialized ===
2026-05-27 16:17:55,660 - main - INFO - Log file: logs/app_20260527_161755.log
2026-05-27 16:17:55,660 - main - INFO - Log level: INFO
2026-05-27 16:17:55,660 - main - INFO - Timestamp: 20260527_161755
2026-05-27 16:17:56,658 - main - INFO - Included router: routers.aihub.router
2026-05-27 16:17:56,681 - main - INFO - Included router: routers.auth.router
2026-05-27 16:17:56,731 - main - INFO - Included router: routers.clients.router
2026-05-27 16:17:56,887 - main - INFO - Included router: routers.google_calendar.router
2026-05-27 16:17:56,890 - main - INFO - Included router: routers.health.router
2026-05-27 16:17:56,944 - main - INFO - Included router: routers.printer_settings.router
2026-05-27 16:17:57,006 - main - INFO - Included router: routers.reservations.router
2026-05-27 16:17:57,096 - main - INFO - Included router: routers.salons.router
2026-05-27 16:17:57,123 - main - INFO - Included router: routers.settings.router
2026-05-27 16:17:57,162 - main - INFO - Included router: routers.storage.router
2026-05-27 16:17:57,175 - main - INFO - Included router: routers.user.router
2026-05-27 16:17:57,176 - main - INFO - === Application startup initiated ===
2026-05-27 16:17:57,177 - services.database - INFO - Ignore creating tables
2026-05-27 16:17:57,177 - services.mock_data - INFO - Ignore initialize data
2026-05-27 16:17:57,177 - services.auth - INFO - Ignore initialize admin
2026-05-27 16:17:57,177 - main - INFO - === Application startup completed successfully ===
2026-05-27 16:17:57,278 - services.database - DEBUG - [DB_OP] Starting database close
2026-05-27 16:17:57,278 - services.database - INFO - Database connections closed
2026-05-27 16:17:57,278 - services.database - DEBUG - [DB_OP] Database close completed in 0.0004s
