2026-05-19 06:40:10,511 - main - INFO - === Logging system initialized ===
2026-05-19 06:40:10,511 - main - INFO - Log file: logs/app_20260519_064010.log
2026-05-19 06:40:10,512 - main - INFO - Log level: INFO
2026-05-19 06:40:10,512 - main - INFO - Timestamp: 20260519_064010
2026-05-19 06:40:11,351 - main - INFO - Included router: routers.aihub.router
2026-05-19 06:40:11,373 - main - INFO - Included router: routers.auth.router
2026-05-19 06:40:11,375 - main - INFO - Included router: routers.health.router
2026-05-19 06:40:11,427 - main - INFO - Included router: routers.reservations.router
2026-05-19 06:40:11,466 - main - INFO - Included router: routers.salons.router
2026-05-19 06:40:11,485 - main - INFO - Included router: routers.settings.router
2026-05-19 06:40:11,521 - main - INFO - Included router: routers.storage.router
2026-05-19 06:40:11,528 - main - INFO - Included router: routers.user.router
2026-05-19 06:40:11,529 - main - INFO - === Application startup initiated ===
2026-05-19 06:40:11,529 - services.database - INFO - Ignore creating tables
2026-05-19 06:40:11,529 - services.mock_data - INFO - Ignore initialize data
2026-05-19 06:40:11,529 - services.auth - INFO - Ignore initialize admin
2026-05-19 06:40:11,529 - main - INFO - === Application startup completed successfully ===
2026-05-19 06:40:23,001 - core.config - DEBUG - Read dynamic attribute jwt_secret_key from environment variable JWT_SECRET_KEY
2026-05-19 06:40:23,001 - core.config - DEBUG - Read dynamic attribute jwt_algorithm from environment variable JWT_ALGORITHM
2026-05-19 06:40:23,046 - core.auth - DEBUG - Authentication token validated for user hash: 3d1d0765
2026-05-19 06:40:23,280 - core.database - DEBUG - [DB_OP] Starting get_db session creation
2026-05-19 06:40:23,280 - core.database - WARNING - Database session maker not available, attempting lazy initialization...
2026-05-19 06:40:23,280 - core.database - WARNING - Database not initialized, attempting lazy initialization...
2026-05-19 06:40:23,280 - core.database - INFO - Starting database initialization...
2026-05-19 06:40:23,280 - core.config - DEBUG - Read dynamic attribute database_url from environment variable DATABASE_URL
2026-05-19 06:40:23,280 - core.database - INFO - Normalizing database URL for async compatibility...
2026-05-19 06:40:23,281 - core.database - INFO - Creating async database engine...
2026-05-19 06:40:23,281 - core.database - INFO - Using QueuePool with connection pooling for non-Lambda environment
2026-05-19 06:40:23,331 - core.database - INFO - Database engine created successfully
2026-05-19 06:40:23,331 - core.database - INFO - Creating async session maker...
2026-05-19 06:40:23,332 - core.database - INFO - Async session maker created successfully
2026-05-19 06:40:23,332 - core.database - INFO - Database connection initialized successfully
2026-05-19 06:40:23,332 - core.database - DEBUG - [DB_OP] Starting create_tables
2026-05-19 06:40:23,332 - core.database - INFO - 🔧 Starting table creation...
2026-05-19 06:40:24,998 - core.database - INFO - Tables initialized successfully
2026-05-19 06:40:24,998 - core.database - DEBUG - [DB_OP] Create tables completed in 1.6663s
2026-05-19 06:40:25,072 - core.database - INFO - Lazy database initialization completed successfully
2026-05-19 06:40:25,072 - core.database - DEBUG - [DB_OP] Database session created successfully in 1.7927s
2026-05-19 06:40:25,073 - routers.reservations - DEBUG - Querying reservationss: query={"reservation_date__gte":"2026-05-01","reservation_date__lte":"2026-05-31"}, sort=reservation_date, skip=0, limit=200, fields=None
2026-05-19 06:40:25,742 - routers.reservations - DEBUG - Found 0 reservationss
2026-05-19 06:40:25,743 - core.database - DEBUG - [DB_OP] Database session cleanup after 2.4631s
2026-05-19 06:40:41,238 - services.database - DEBUG - [DB_OP] Starting database close
2026-05-19 06:40:41,315 - core.database - INFO - Database connection closed and engine disposed
2026-05-19 06:40:41,315 - services.database - INFO - Database connections closed
2026-05-19 06:40:41,316 - services.database - DEBUG - [DB_OP] Database close completed in 0.0775s
