2026-05-24 19:59:43,522 - main - INFO - === Logging system initialized ===
2026-05-24 19:59:43,523 - main - INFO - Log file: logs/app_20260524_195943.log
2026-05-24 19:59:43,523 - main - INFO - Log level: INFO
2026-05-24 19:59:43,523 - main - INFO - Timestamp: 20260524_195943
2026-05-24 19:59:44,356 - main - INFO - Included router: routers.aihub.router
2026-05-24 19:59:44,378 - main - INFO - Included router: routers.auth.router
2026-05-24 19:59:44,419 - main - INFO - Included router: routers.clients.router
2026-05-24 19:59:44,421 - main - INFO - Included router: routers.health.router
2026-05-24 19:59:44,468 - main - INFO - Included router: routers.printer_settings.router
2026-05-24 19:59:44,537 - main - INFO - Included router: routers.reservations.router
2026-05-24 19:59:44,580 - main - INFO - Included router: routers.salons.router
2026-05-24 19:59:44,600 - main - INFO - Included router: routers.settings.router
2026-05-24 19:59:44,641 - main - INFO - Included router: routers.storage.router
2026-05-24 19:59:44,649 - main - INFO - Included router: routers.user.router
2026-05-24 19:59:44,651 - main - INFO - === Application startup initiated ===
2026-05-24 19:59:44,651 - services.database - INFO - Ignore creating tables
2026-05-24 19:59:44,651 - services.mock_data - INFO - Ignore initialize data
2026-05-24 19:59:44,651 - services.auth - INFO - Ignore initialize admin
2026-05-24 19:59:44,651 - main - INFO - === Application startup completed successfully ===
2026-05-24 20:09:56,282 - services.database - DEBUG - [DB_OP] Starting database close
2026-05-24 20:09:56,282 - services.database - INFO - Database connections closed
2026-05-24 20:09:56,282 - services.database - DEBUG - [DB_OP] Database close completed in 0.0007s
