2026-05-27 11:19:25,814 - main - INFO - === Logging system initialized ===
2026-05-27 11:19:25,814 - main - INFO - Log file: logs/app_20260527_111925.log
2026-05-27 11:19:25,814 - main - INFO - Log level: INFO
2026-05-27 11:19:25,814 - main - INFO - Timestamp: 20260527_111925
2026-05-27 11:19:26,771 - main - INFO - Included router: routers.aihub.router
2026-05-27 11:19:26,791 - main - INFO - Included router: routers.auth.router
2026-05-27 11:19:26,843 - main - INFO - Included router: routers.clients.router
2026-05-27 11:19:26,860 - main - INFO - Included router: routers.google_calendar.router
2026-05-27 11:19:26,862 - main - INFO - Included router: routers.health.router
2026-05-27 11:19:26,913 - main - INFO - Included router: routers.printer_settings.router
2026-05-27 11:19:26,963 - main - WARNING - Failed to import module 'routers.reservations': cannot import name 'InspectedType' from 'sqlalchemy.orm' (/data/chats/ebbf05d7d0d94d1299f7d038f8deb27b/.cache/python/lib/python3.10/site-packages/sqlalchemy/orm/__init__.py)
2026-05-27 11:19:27,014 - main - INFO - Included router: routers.salons.router
2026-05-27 11:19:27,059 - main - INFO - Included router: routers.settings.router
2026-05-27 11:19:27,102 - main - INFO - Included router: routers.storage.router
2026-05-27 11:19:27,111 - main - INFO - Included router: routers.user.router
2026-05-27 11:19:27,112 - main - INFO - === Application startup initiated ===
2026-05-27 11:19:27,113 - services.database - INFO - Ignore creating tables
2026-05-27 11:19:27,113 - services.mock_data - INFO - Ignore initialize data
2026-05-27 11:19:27,113 - services.auth - INFO - Ignore initialize admin
2026-05-27 11:19:27,113 - main - INFO - === Application startup completed successfully ===
2026-05-27 11:19:31,626 - services.database - DEBUG - [DB_OP] Starting database close
2026-05-27 11:19:31,627 - services.database - INFO - Database connections closed
2026-05-27 11:19:31,627 - services.database - DEBUG - [DB_OP] Database close completed in 0.0003s
