2026-05-24 19:13:33,716 - main - INFO - === Logging system initialized ===
2026-05-24 19:13:33,716 - main - INFO - Log file: logs/app_20260524_191333.log
2026-05-24 19:13:33,716 - main - INFO - Log level: INFO
2026-05-24 19:13:33,716 - main - INFO - Timestamp: 20260524_191333
2026-05-24 19:13:34,516 - main - INFO - Included router: routers.aihub.router
2026-05-24 19:13:34,537 - main - INFO - Included router: routers.auth.router
2026-05-24 19:13:34,539 - main - INFO - Included router: routers.health.router
2026-05-24 19:13:34,595 - main - INFO - Included router: routers.printer_settings.router
2026-05-24 19:13:34,656 - main - INFO - Included router: routers.reservations.router
2026-05-24 19:13:34,698 - main - INFO - Included router: routers.salons.router
2026-05-24 19:13:34,718 - main - INFO - Included router: routers.settings.router
2026-05-24 19:13:34,763 - main - INFO - Included router: routers.storage.router
2026-05-24 19:13:34,774 - main - INFO - Included router: routers.user.router
2026-05-24 19:13:34,775 - main - INFO - === Application startup initiated ===
2026-05-24 19:13:34,776 - services.database - INFO - Ignore creating tables
2026-05-24 19:13:34,776 - services.mock_data - INFO - Ignore initialize data
2026-05-24 19:13:34,776 - services.auth - INFO - Ignore initialize admin
2026-05-24 19:13:34,776 - main - INFO - === Application startup completed successfully ===
2026-05-24 19:13:39,568 - core.config - DEBUG - Read dynamic attribute jwt_secret_key from environment variable JWT_SECRET_KEY
2026-05-24 19:13:39,569 - core.config - DEBUG - Read dynamic attribute jwt_algorithm from environment variable JWT_ALGORITHM
2026-05-24 19:13:39,778 - core.auth - DEBUG - Authentication token validated for user hash: 3d1d0765
2026-05-24 19:13:40,108 - core.auth - DEBUG - Authentication token validated for user hash: 3d1d0765
2026-05-24 19:13:40,108 - core.database - DEBUG - [DB_OP] Starting get_db session creation
2026-05-24 19:13:40,108 - core.database - WARNING - Database session maker not available, attempting lazy initialization...
2026-05-24 19:13:40,108 - core.database - WARNING - Database not initialized, attempting lazy initialization...
2026-05-24 19:13:40,108 - core.database - INFO - Starting database initialization...
2026-05-24 19:13:40,108 - core.config - DEBUG - Read dynamic attribute database_url from environment variable DATABASE_URL
2026-05-24 19:13:40,108 - core.database - INFO - Normalizing database URL for async compatibility...
2026-05-24 19:13:40,110 - core.database - INFO - Creating async database engine...
2026-05-24 19:13:40,110 - core.database - INFO - Using QueuePool with connection pooling for non-Lambda environment
2026-05-24 19:13:40,156 - core.database - INFO - Database engine created successfully
2026-05-24 19:13:40,156 - core.database - INFO - Creating async session maker...
2026-05-24 19:13:40,156 - core.database - INFO - Async session maker created successfully
2026-05-24 19:13:40,156 - core.database - INFO - Database connection initialized successfully
2026-05-24 19:13:40,157 - core.database - DEBUG - [DB_OP] Starting create_tables
2026-05-24 19:13:40,157 - core.database - INFO - 🔧 Starting table creation...
2026-05-24 19:13:40,197 - core.database - DEBUG - [DB_OP] Starting get_db session creation
2026-05-24 19:13:40,198 - core.database - DEBUG - [DB_OP] Database session created successfully in 0.0004s
2026-05-24 19:13:40,198 - routers.reservations - DEBUG - Querying reservationss: query={"reservation_date__gte":"2026-05-01","reservation_date__lte":"2026-05-31"}, sort=reservation_date, skip=0, limit=200, fields=None
2026-05-24 19:13:41,582 - routers.reservations - DEBUG - Found 2 reservationss
2026-05-24 19:13:41,583 - core.database - DEBUG - [DB_OP] Database session cleanup after 1.3861s
2026-05-24 19:13:41,701 - core.database - INFO - Tables initialized successfully
2026-05-24 19:13:41,702 - core.database - DEBUG - [DB_OP] Create tables completed in 1.5450s
2026-05-24 19:13:41,766 - core.database - INFO - Lazy database initialization completed successfully
2026-05-24 19:13:41,766 - core.database - DEBUG - [DB_OP] Database session created successfully in 1.6586s
2026-05-24 19:13:41,767 - routers.printer_settings - DEBUG - Querying printer_settingss: query=None, sort=None, skip=0, limit=20, fields=None
2026-05-24 19:13:42,353 - routers.printer_settings - DEBUG - Found 1 printer_settingss
2026-05-24 19:13:42,354 - core.database - DEBUG - [DB_OP] Database session cleanup after 2.2466s
2026-05-24 19:23:14,185 - services.database - DEBUG - [DB_OP] Starting database close
2026-05-24 19:23:14,186 - core.database - INFO - Database connection closed and engine disposed
2026-05-24 19:23:14,186 - services.database - INFO - Database connections closed
2026-05-24 19:23:14,186 - services.database - DEBUG - [DB_OP] Database close completed in 0.0012s
