2026-05-27 11:19:32,978 - main - INFO - === Logging system initialized ===
2026-05-27 11:19:32,979 - main - INFO - Log file: logs/app_20260527_111932.log
2026-05-27 11:19:32,979 - main - INFO - Log level: INFO
2026-05-27 11:19:32,979 - main - INFO - Timestamp: 20260527_111932
2026-05-27 11:19:33,784 - main - INFO - Included router: routers.aihub.router
2026-05-27 11:19:33,808 - main - INFO - Included router: routers.auth.router
2026-05-27 11:19:33,878 - main - INFO - Included router: routers.clients.router
2026-05-27 11:19:33,891 - main - INFO - Included router: routers.google_calendar.router
2026-05-27 11:19:33,893 - main - INFO - Included router: routers.health.router
2026-05-27 11:19:33,938 - main - INFO - Included router: routers.printer_settings.router
2026-05-27 11:19:33,941 - main - WARNING - Failed to import module 'routers.reservations': cannot import name 'InspectedType' from 'sqlalchemy.orm' (/data/chats/ebbf05d7d0d94d1299f7d038f8deb27b/.cache/python/lib/python3.10/site-packages/sqlalchemy/orm/__init__.py)
2026-05-27 11:19:33,982 - main - INFO - Included router: routers.salons.router
2026-05-27 11:19:34,002 - main - INFO - Included router: routers.settings.router
2026-05-27 11:19:34,071 - main - INFO - Included router: routers.storage.router
2026-05-27 11:19:34,079 - main - INFO - Included router: routers.user.router
2026-05-27 11:19:34,081 - main - INFO - === Application startup initiated ===
2026-05-27 11:19:34,081 - services.database - INFO - Ignore creating tables
2026-05-27 11:19:34,081 - services.mock_data - INFO - Ignore initialize data
2026-05-27 11:19:34,082 - services.auth - INFO - Ignore initialize admin
2026-05-27 11:19:34,082 - main - INFO - === Application startup completed successfully ===
2026-05-27 11:20:26,905 - services.database - DEBUG - [DB_OP] Starting database close
2026-05-27 11:20:26,905 - services.database - INFO - Database connections closed
2026-05-27 11:20:26,906 - services.database - DEBUG - [DB_OP] Database close completed in 0.0003s
