2026-05-23 16:33:55,294 - main - INFO - === Logging system initialized ===
2026-05-23 16:33:55,295 - main - INFO - Log file: logs/app_20260523_163355.log
2026-05-23 16:33:55,295 - main - INFO - Log level: INFO
2026-05-23 16:33:55,295 - main - INFO - Timestamp: 20260523_163355
2026-05-23 16:33:56,122 - main - INFO - Included router: routers.aihub.router
2026-05-23 16:33:56,143 - main - INFO - Included router: routers.auth.router
2026-05-23 16:33:56,145 - main - INFO - Included router: routers.health.router
2026-05-23 16:33:56,221 - main - INFO - Included router: routers.printer_settings.router
2026-05-23 16:33:56,293 - main - INFO - Included router: routers.reservations.router
2026-05-23 16:33:56,336 - main - INFO - Included router: routers.salons.router
2026-05-23 16:33:56,360 - main - INFO - Included router: routers.settings.router
2026-05-23 16:33:56,398 - main - INFO - Included router: routers.storage.router
2026-05-23 16:33:56,411 - main - INFO - Included router: routers.user.router
2026-05-23 16:33:56,412 - main - INFO - === Application startup initiated ===
2026-05-23 16:33:56,412 - services.database - INFO - Ignore creating tables
2026-05-23 16:33:56,413 - services.mock_data - INFO - Ignore initialize data
2026-05-23 16:33:56,413 - services.auth - INFO - Ignore initialize admin
2026-05-23 16:33:56,413 - main - INFO - === Application startup completed successfully ===
2026-05-23 16:34:03,101 - core.config - DEBUG - Read dynamic attribute jwt_secret_key from environment variable JWT_SECRET_KEY
2026-05-23 16:34:03,102 - core.config - DEBUG - Read dynamic attribute jwt_algorithm from environment variable JWT_ALGORITHM
2026-05-23 16:34:03,113 - core.auth - DEBUG - Authentication token validated for user hash: 3d1d0765
2026-05-23 16:34:03,366 - core.database - DEBUG - [DB_OP] Starting get_db session creation
2026-05-23 16:34:03,366 - core.database - WARNING - Database session maker not available, attempting lazy initialization...
2026-05-23 16:34:03,367 - core.database - WARNING - Database not initialized, attempting lazy initialization...
2026-05-23 16:34:03,367 - core.database - INFO - Starting database initialization...
2026-05-23 16:34:03,367 - core.config - DEBUG - Read dynamic attribute database_url from environment variable DATABASE_URL
2026-05-23 16:34:03,367 - core.database - INFO - Normalizing database URL for async compatibility...
2026-05-23 16:34:03,368 - core.database - INFO - Creating async database engine...
2026-05-23 16:34:03,368 - core.database - INFO - Using QueuePool with connection pooling for non-Lambda environment
2026-05-23 16:34:03,419 - core.database - INFO - Database engine created successfully
2026-05-23 16:34:03,419 - core.database - INFO - Creating async session maker...
2026-05-23 16:34:03,419 - core.database - INFO - Async session maker created successfully
2026-05-23 16:34:03,420 - core.database - INFO - Database connection initialized successfully
2026-05-23 16:34:03,420 - core.database - DEBUG - [DB_OP] Starting create_tables
2026-05-23 16:34:03,420 - core.database - INFO - 🔧 Starting table creation...
2026-05-23 16:34:03,425 - core.auth - DEBUG - Authentication token validated for user hash: 3d1d0765
2026-05-23 16:34:03,425 - core.database - DEBUG - [DB_OP] Starting get_db session creation
2026-05-23 16:34:03,425 - core.database - DEBUG - [DB_OP] Database session created successfully in 0.0003s
2026-05-23 16:34:03,426 - routers.printer_settings - DEBUG - Querying printer_settingss: query=None, sort=None, skip=0, limit=20, fields=None
2026-05-23 16:34:04,810 - routers.printer_settings - DEBUG - Found 1 printer_settingss
2026-05-23 16:34:04,812 - core.database - DEBUG - [DB_OP] Database session cleanup after 1.3869s
2026-05-23 16:34:04,926 - core.database - INFO - Tables initialized successfully
2026-05-23 16:34:04,926 - core.database - DEBUG - [DB_OP] Create tables completed in 1.5067s
2026-05-23 16:34:04,990 - core.database - INFO - Lazy database initialization completed successfully
2026-05-23 16:34:04,991 - core.database - DEBUG - [DB_OP] Database session created successfully in 1.6248s
2026-05-23 16:34:04,993 - routers.reservations - DEBUG - Querying reservationss: query={"reservation_date__gte":"2026-05-01","reservation_date__lte":"2026-05-31"}, sort=reservation_date, skip=0, limit=200, fields=None
2026-05-23 16:34:05,573 - routers.reservations - DEBUG - Found 2 reservationss
2026-05-23 16:34:05,574 - core.database - DEBUG - [DB_OP] Database session cleanup after 2.2083s
2026-05-23 16:34:33,358 - core.database - DEBUG - [DB_OP] Starting get_db session creation
2026-05-23 16:34:33,358 - core.database - DEBUG - [DB_OP] Database session created successfully in 0.0005s
2026-05-23 16:34:33,359 - routers.reservations - DEBUG - Querying reservationss: query={"reservation_date__gte":"2026-05-01","reservation_date__lte":"2026-05-31"}, sort=reservation_date, skip=0, limit=200, fields=None
2026-05-23 16:34:33,927 - routers.reservations - DEBUG - Found 2 reservationss
2026-05-23 16:34:33,928 - core.database - DEBUG - [DB_OP] Database session cleanup after 0.5703s
2026-05-23 16:34:52,235 - core.auth - DEBUG - Authentication token validated for user hash: 3d1d0765
2026-05-23 16:34:52,490 - core.database - DEBUG - [DB_OP] Starting get_db session creation
2026-05-23 16:34:52,490 - core.database - DEBUG - [DB_OP] Database session created successfully in 0.0005s
2026-05-23 16:34:52,491 - routers.reservations - DEBUG - Querying reservationss: query={"reservation_date__gte":"2026-05-01","reservation_date__lte":"2026-05-31"}, sort=reservation_date, skip=0, limit=200, fields=None
2026-05-23 16:34:52,494 - core.auth - DEBUG - Authentication token validated for user hash: 3d1d0765
2026-05-23 16:34:52,495 - core.database - DEBUG - [DB_OP] Starting get_db session creation
2026-05-23 16:34:52,495 - core.database - DEBUG - [DB_OP] Database session created successfully in 0.0005s
2026-05-23 16:34:52,496 - routers.printer_settings - DEBUG - Querying printer_settingss: query=None, sort=None, skip=0, limit=20, fields=None
2026-05-23 16:34:52,876 - routers.reservations - DEBUG - Found 2 reservationss
2026-05-23 16:34:52,876 - core.database - DEBUG - [DB_OP] Database session cleanup after 0.3868s
2026-05-23 16:34:53,000 - routers.printer_settings - DEBUG - Found 1 printer_settingss
2026-05-23 16:34:53,001 - core.database - DEBUG - [DB_OP] Database session cleanup after 0.5062s
2026-05-23 16:35:23,452 - core.database - DEBUG - [DB_OP] Starting get_db session creation
2026-05-23 16:35:23,452 - core.database - DEBUG - [DB_OP] Database session created successfully in 0.0003s
2026-05-23 16:35:23,453 - routers.reservations - DEBUG - Querying reservationss: query={"reservation_date__gte":"2026-05-01","reservation_date__lte":"2026-05-31"}, sort=reservation_date, skip=0, limit=200, fields=None
2026-05-23 16:35:23,835 - routers.reservations - DEBUG - Found 2 reservationss
2026-05-23 16:35:23,836 - core.database - DEBUG - [DB_OP] Database session cleanup after 0.3835s
2026-05-23 16:35:43,480 - core.database - DEBUG - [DB_OP] Starting get_db session creation
2026-05-23 16:35:43,481 - core.database - DEBUG - [DB_OP] Database session created successfully in 0.0004s
2026-05-23 16:35:43,481 - routers.salons - DEBUG - Querying salonss: query={}, sort=None, skip=0, limit=50, fields=None
2026-05-23 16:35:44,004 - routers.salons - DEBUG - Found 1 salonss
2026-05-23 16:35:44,005 - core.database - DEBUG - [DB_OP] Database session cleanup after 0.5252s
2026-05-23 16:35:46,336 - core.database - DEBUG - [DB_OP] Starting get_db session creation
2026-05-23 16:35:46,336 - core.database - DEBUG - [DB_OP] Database session created successfully in 0.0005s
2026-05-23 16:35:46,337 - routers.reservations - DEBUG - Querying reservationss: query={"reservation_date__gte":"2026-05-01","reservation_date__lte":"2026-05-31"}, sort=reservation_date, skip=0, limit=200, fields=None
2026-05-23 16:35:46,339 - core.auth - DEBUG - Authentication token validated for user hash: 3d1d0765
2026-05-23 16:35:46,339 - core.database - DEBUG - [DB_OP] Starting get_db session creation
2026-05-23 16:35:46,339 - core.database - DEBUG - [DB_OP] Database session created successfully in 0.0001s
2026-05-23 16:35:46,340 - routers.printer_settings - DEBUG - Querying printer_settingss: query=None, sort=None, skip=0, limit=20, fields=None
2026-05-23 16:35:46,717 - routers.printer_settings - DEBUG - Found 1 printer_settingss
2026-05-23 16:35:46,718 - core.database - DEBUG - [DB_OP] Database session cleanup after 0.3786s
2026-05-23 16:35:46,719 - routers.reservations - DEBUG - Found 2 reservationss
2026-05-23 16:35:46,719 - core.database - DEBUG - [DB_OP] Database session cleanup after 0.3832s
2026-05-23 16:36:17,106 - core.database - DEBUG - [DB_OP] Starting get_db session creation
2026-05-23 16:36:17,107 - core.database - DEBUG - [DB_OP] Database session created successfully in 0.0007s
2026-05-23 16:36:17,108 - routers.reservations - DEBUG - Querying reservationss: query={"reservation_date__gte":"2026-05-01","reservation_date__lte":"2026-05-31"}, sort=reservation_date, skip=0, limit=200, fields=None
2026-05-23 16:36:17,486 - routers.reservations - DEBUG - Found 2 reservationss
2026-05-23 16:36:17,487 - core.database - DEBUG - [DB_OP] Database session cleanup after 0.3809s
2026-05-23 16:36:47,029 - core.database - DEBUG - [DB_OP] Starting get_db session creation
2026-05-23 16:36:47,030 - core.database - DEBUG - [DB_OP] Database session created successfully in 0.0004s
2026-05-23 16:36:47,030 - routers.reservations - DEBUG - Querying reservationss: query={"reservation_date__gte":"2026-05-01","reservation_date__lte":"2026-05-31"}, sort=reservation_date, skip=0, limit=200, fields=None
2026-05-23 16:36:47,414 - routers.reservations - DEBUG - Found 2 reservationss
2026-05-23 16:36:47,415 - core.database - DEBUG - [DB_OP] Database session cleanup after 0.3860s
2026-05-23 16:37:17,022 - core.database - DEBUG - [DB_OP] Starting get_db session creation
2026-05-23 16:37:17,022 - core.database - DEBUG - [DB_OP] Database session created successfully in 0.0005s
2026-05-23 16:37:17,023 - routers.reservations - DEBUG - Querying reservationss: query={"reservation_date__gte":"2026-05-01","reservation_date__lte":"2026-05-31"}, sort=reservation_date, skip=0, limit=200, fields=None
2026-05-23 16:37:17,402 - routers.reservations - DEBUG - Found 2 reservationss
2026-05-23 16:37:17,403 - core.database - DEBUG - [DB_OP] Database session cleanup after 0.3811s
2026-05-23 16:37:47,009 - core.database - DEBUG - [DB_OP] Starting get_db session creation
2026-05-23 16:37:47,010 - core.database - DEBUG - [DB_OP] Database session created successfully in 0.0004s
2026-05-23 16:37:47,010 - routers.reservations - DEBUG - Querying reservationss: query={"reservation_date__gte":"2026-05-01","reservation_date__lte":"2026-05-31"}, sort=reservation_date, skip=0, limit=200, fields=None
2026-05-23 16:37:47,393 - routers.reservations - DEBUG - Found 2 reservationss
2026-05-23 16:37:47,394 - core.database - DEBUG - [DB_OP] Database session cleanup after 0.3851s
2026-05-23 16:41:46,334 - core.database - DEBUG - [DB_OP] Starting get_db session creation
2026-05-23 16:41:46,334 - core.database - DEBUG - [DB_OP] Database session created successfully in 0.0004s
2026-05-23 16:41:46,335 - routers.reservations - DEBUG - Querying reservationss: query={"reservation_date__gte":"2026-05-01","reservation_date__lte":"2026-05-31"}, sort=reservation_date, skip=0, limit=200, fields=None
2026-05-23 16:41:46,841 - routers.reservations - DEBUG - Found 2 reservationss
2026-05-23 16:41:46,842 - core.database - DEBUG - [DB_OP] Database session cleanup after 0.5078s
2026-05-23 16:42:17,433 - core.database - DEBUG - [DB_OP] Starting get_db session creation
2026-05-23 16:42:17,433 - core.database - DEBUG - [DB_OP] Database session created successfully in 0.0005s
2026-05-23 16:42:17,434 - routers.reservations - DEBUG - Querying reservationss: query={"reservation_date__gte":"2026-05-01","reservation_date__lte":"2026-05-31"}, sort=reservation_date, skip=0, limit=200, fields=None
2026-05-23 16:42:17,944 - routers.reservations - DEBUG - Found 2 reservationss
2026-05-23 16:42:17,945 - core.database - DEBUG - [DB_OP] Database session cleanup after 0.5125s
2026-05-23 16:42:47,237 - core.database - DEBUG - [DB_OP] Starting get_db session creation
2026-05-23 16:42:47,237 - core.database - DEBUG - [DB_OP] Database session created successfully in 0.0006s
2026-05-23 16:42:47,238 - routers.reservations - DEBUG - Querying reservationss: query={"reservation_date__gte":"2026-05-01","reservation_date__lte":"2026-05-31"}, sort=reservation_date, skip=0, limit=200, fields=None
2026-05-23 16:42:47,620 - routers.reservations - DEBUG - Found 2 reservationss
2026-05-23 16:42:47,621 - core.database - DEBUG - [DB_OP] Database session cleanup after 0.3845s
2026-05-23 16:43:51,029 - core.database - DEBUG - [DB_OP] Starting get_db session creation
2026-05-23 16:43:51,030 - core.database - DEBUG - [DB_OP] Database session created successfully in 0.0007s
2026-05-23 16:43:51,030 - routers.reservations - DEBUG - Querying reservationss: query={"reservation_date__gte":"2026-05-01","reservation_date__lte":"2026-05-31"}, sort=reservation_date, skip=0, limit=200, fields=None
2026-05-23 16:43:51,415 - routers.reservations - DEBUG - Found 2 reservationss
2026-05-23 16:43:51,416 - core.database - DEBUG - [DB_OP] Database session cleanup after 0.3869s
2026-05-23 16:44:24,125 - core.database - DEBUG - [DB_OP] Starting get_db session creation
2026-05-23 16:44:24,125 - core.database - DEBUG - [DB_OP] Database session created successfully in 0.0006s
2026-05-23 16:44:24,126 - routers.reservations - DEBUG - Querying reservationss: query={"reservation_date__gte":"2026-05-01","reservation_date__lte":"2026-05-31"}, sort=reservation_date, skip=0, limit=200, fields=None
2026-05-23 16:44:24,506 - routers.reservations - DEBUG - Found 2 reservationss
2026-05-23 16:44:24,507 - core.database - DEBUG - [DB_OP] Database session cleanup after 0.3825s
2026-05-23 16:44:46,984 - core.database - DEBUG - [DB_OP] Starting get_db session creation
2026-05-23 16:44:46,985 - core.database - DEBUG - [DB_OP] Database session created successfully in 0.0006s
2026-05-23 16:44:46,985 - routers.reservations - DEBUG - Querying reservationss: query={"reservation_date__gte":"2026-05-01","reservation_date__lte":"2026-05-31"}, sort=reservation_date, skip=0, limit=200, fields=None
2026-05-23 16:44:47,370 - routers.reservations - DEBUG - Found 2 reservationss
2026-05-23 16:44:47,371 - core.database - DEBUG - [DB_OP] Database session cleanup after 0.3867s
2026-05-23 16:45:16,990 - core.database - DEBUG - [DB_OP] Starting get_db session creation
2026-05-23 16:45:16,991 - core.database - DEBUG - [DB_OP] Database session created successfully in 0.0005s
2026-05-23 16:45:16,991 - routers.reservations - DEBUG - Querying reservationss: query={"reservation_date__gte":"2026-05-01","reservation_date__lte":"2026-05-31"}, sort=reservation_date, skip=0, limit=200, fields=None
2026-05-23 16:45:17,371 - routers.reservations - DEBUG - Found 2 reservationss
2026-05-23 16:45:17,373 - core.database - DEBUG - [DB_OP] Database session cleanup after 0.3827s
2026-05-23 16:45:46,976 - core.database - DEBUG - [DB_OP] Starting get_db session creation
2026-05-23 16:45:46,976 - core.database - DEBUG - [DB_OP] Database session created successfully in 0.0003s
2026-05-23 16:45:46,977 - routers.reservations - DEBUG - Querying reservationss: query={"reservation_date__gte":"2026-05-01","reservation_date__lte":"2026-05-31"}, sort=reservation_date, skip=0, limit=200, fields=None
2026-05-23 16:45:47,359 - routers.reservations - DEBUG - Found 2 reservationss
2026-05-23 16:45:47,360 - core.database - DEBUG - [DB_OP] Database session cleanup after 0.3837s
2026-05-23 16:51:06,441 - core.auth - DEBUG - Authentication token validated for user hash: 3d1d0765
2026-05-23 16:51:06,697 - core.auth - DEBUG - Authentication token validated for user hash: 3d1d0765
2026-05-23 16:51:06,698 - core.database - DEBUG - [DB_OP] Starting get_db session creation
2026-05-23 16:51:06,699 - core.database - DEBUG - [DB_OP] Database session created successfully in 0.0007s
2026-05-23 16:51:06,700 - routers.printer_settings - DEBUG - Querying printer_settingss: query=None, sort=None, skip=0, limit=20, fields=None
2026-05-23 16:51:06,702 - core.database - DEBUG - [DB_OP] Starting get_db session creation
2026-05-23 16:51:06,702 - core.database - DEBUG - [DB_OP] Database session created successfully in 0.0003s
2026-05-23 16:51:06,703 - routers.reservations - DEBUG - Querying reservationss: query={"reservation_date__gte":"2026-05-01","reservation_date__lte":"2026-05-31"}, sort=reservation_date, skip=0, limit=200, fields=None
2026-05-23 16:51:08,051 - routers.reservations - DEBUG - Found 2 reservationss
2026-05-23 16:51:08,051 - core.database - DEBUG - [DB_OP] Database session cleanup after 1.3492s
2026-05-23 16:51:08,057 - routers.printer_settings - DEBUG - Found 1 printer_settingss
2026-05-23 16:51:08,058 - core.database - DEBUG - [DB_OP] Database session cleanup after 1.3597s
2026-05-23 16:51:36,695 - core.database - DEBUG - [DB_OP] Starting get_db session creation
2026-05-23 16:51:36,696 - core.database - DEBUG - [DB_OP] Database session created successfully in 0.0003s
2026-05-23 16:51:36,696 - routers.reservations - DEBUG - Querying reservationss: query={"reservation_date__gte":"2026-05-01","reservation_date__lte":"2026-05-31"}, sort=reservation_date, skip=0, limit=200, fields=None
2026-05-23 16:51:37,144 - routers.reservations - DEBUG - Found 2 reservationss
2026-05-23 16:51:37,145 - core.database - DEBUG - [DB_OP] Database session cleanup after 0.4491s
2026-05-23 16:52:07,121 - core.database - DEBUG - [DB_OP] Starting get_db session creation
2026-05-23 16:52:07,121 - core.database - DEBUG - [DB_OP] Database session created successfully in 0.0003s
2026-05-23 16:52:07,122 - routers.reservations - DEBUG - Querying reservationss: query={"reservation_date__gte":"2026-05-01","reservation_date__lte":"2026-05-31"}, sort=reservation_date, skip=0, limit=200, fields=None
2026-05-23 16:52:07,695 - routers.reservations - DEBUG - Found 2 reservationss
2026-05-23 16:52:07,696 - core.database - DEBUG - [DB_OP] Database session cleanup after 0.5757s
2026-05-23 16:52:36,692 - core.database - DEBUG - [DB_OP] Starting get_db session creation
2026-05-23 16:52:36,693 - core.database - DEBUG - [DB_OP] Database session created successfully in 0.0007s
2026-05-23 16:52:36,694 - routers.reservations - DEBUG - Querying reservationss: query={"reservation_date__gte":"2026-05-01","reservation_date__lte":"2026-05-31"}, sort=reservation_date, skip=0, limit=200, fields=None
2026-05-23 16:52:37,079 - routers.reservations - DEBUG - Found 2 reservationss
2026-05-23 16:52:37,080 - core.database - DEBUG - [DB_OP] Database session cleanup after 0.3882s
2026-05-23 16:52:56,188 - dependencies.auth - DEBUG - Authentication required for request GET /api/v1/auth/me
2026-05-23 16:52:59,118 - core.auth - DEBUG - Authentication token validated for user hash: 3d1d0765
2026-05-23 16:52:59,353 - core.database - DEBUG - [DB_OP] Starting get_db session creation
2026-05-23 16:52:59,354 - core.database - DEBUG - [DB_OP] Database session created successfully in 0.0004s
2026-05-23 16:52:59,354 - routers.reservations - DEBUG - Querying reservationss: query={"reservation_date__gte":"2026-05-01","reservation_date__lte":"2026-05-31"}, sort=reservation_date, skip=0, limit=200, fields=None
2026-05-23 16:52:59,356 - core.auth - DEBUG - Authentication token validated for user hash: 3d1d0765
2026-05-23 16:52:59,356 - core.database - DEBUG - [DB_OP] Starting get_db session creation
2026-05-23 16:52:59,356 - core.database - DEBUG - [DB_OP] Database session created successfully in 0.0001s
2026-05-23 16:52:59,357 - routers.printer_settings - DEBUG - Querying printer_settingss: query=None, sort=None, skip=0, limit=20, fields=None
2026-05-23 16:52:59,738 - routers.reservations - DEBUG - Found 2 reservationss
2026-05-23 16:52:59,739 - core.database - DEBUG - [DB_OP] Database session cleanup after 0.3857s
2026-05-23 16:52:59,865 - routers.printer_settings - DEBUG - Found 1 printer_settingss
2026-05-23 16:52:59,866 - core.database - DEBUG - [DB_OP] Database session cleanup after 0.5095s
2026-05-23 16:53:18,832 - services.database - DEBUG - [DB_OP] Starting database close
2026-05-23 16:53:18,969 - core.database - INFO - Database connection closed and engine disposed
2026-05-23 16:53:18,970 - services.database - INFO - Database connections closed
2026-05-23 16:53:18,970 - services.database - DEBUG - [DB_OP] Database close completed in 0.1373s
