2026-05-19 10:35:19,482 - main - INFO - === Logging system initialized ===
2026-05-19 10:35:19,483 - main - INFO - Log file: logs/app_20260519_103519.log
2026-05-19 10:35:19,483 - main - INFO - Log level: INFO
2026-05-19 10:35:19,483 - main - INFO - Timestamp: 20260519_103519
2026-05-19 10:35:20,698 - main - INFO - Included router: routers.aihub.router
2026-05-19 10:35:20,727 - main - INFO - Included router: routers.auth.router
2026-05-19 10:35:20,731 - main - INFO - Included router: routers.health.router
2026-05-19 10:35:20,785 - main - INFO - Included router: routers.printer_settings.router
2026-05-19 10:35:20,848 - main - INFO - Included router: routers.reservations.router
2026-05-19 10:35:20,902 - main - INFO - Included router: routers.salons.router
2026-05-19 10:35:20,930 - main - INFO - Included router: routers.settings.router
2026-05-19 10:35:20,983 - main - INFO - Included router: routers.storage.router
2026-05-19 10:35:20,996 - main - INFO - Included router: routers.user.router
2026-05-19 10:35:20,997 - main - INFO - === Application startup initiated ===
2026-05-19 10:35:20,998 - services.database - INFO - Ignore creating tables
2026-05-19 10:35:20,998 - services.mock_data - INFO - Ignore initialize data
2026-05-19 10:35:20,998 - services.auth - INFO - Ignore initialize admin
2026-05-19 10:35:20,998 - main - INFO - === Application startup completed successfully ===
2026-05-19 10:44:02,349 - dependencies.auth - DEBUG - Authentication required for request GET /api/v1/auth/me
2026-05-19 10:44:37,462 - core.config - DEBUG - Read dynamic attribute jwt_secret_key from environment variable JWT_SECRET_KEY
2026-05-19 10:44:37,463 - core.config - DEBUG - Read dynamic attribute jwt_algorithm from environment variable JWT_ALGORITHM
2026-05-19 10:44:37,478 - core.auth - DEBUG - Authentication token validated for user hash: 3d1d0765
2026-05-19 10:44:37,717 - core.database - DEBUG - [DB_OP] Starting get_db session creation
2026-05-19 10:44:37,717 - core.database - WARNING - Database session maker not available, attempting lazy initialization...
2026-05-19 10:44:37,718 - core.database - WARNING - Database not initialized, attempting lazy initialization...
2026-05-19 10:44:37,718 - core.database - INFO - Starting database initialization...
2026-05-19 10:44:37,718 - core.config - DEBUG - Read dynamic attribute database_url from environment variable DATABASE_URL
2026-05-19 10:44:37,718 - core.database - INFO - Normalizing database URL for async compatibility...
2026-05-19 10:44:37,719 - core.database - INFO - Creating async database engine...
2026-05-19 10:44:37,719 - core.database - INFO - Using QueuePool with connection pooling for non-Lambda environment
2026-05-19 10:44:37,776 - core.database - INFO - Database engine created successfully
2026-05-19 10:44:37,776 - core.database - INFO - Creating async session maker...
2026-05-19 10:44:37,777 - core.database - INFO - Async session maker created successfully
2026-05-19 10:44:37,777 - core.database - INFO - Database connection initialized successfully
2026-05-19 10:44:37,777 - core.database - DEBUG - [DB_OP] Starting create_tables
2026-05-19 10:44:37,777 - core.database - INFO - 🔧 Starting table creation...
2026-05-19 10:44:37,784 - core.auth - DEBUG - Authentication token validated for user hash: 3d1d0765
2026-05-19 10:44:37,784 - core.database - DEBUG - [DB_OP] Starting get_db session creation
2026-05-19 10:44:37,785 - core.database - DEBUG - [DB_OP] Database session created successfully in 0.0004s
2026-05-19 10:44:37,785 - routers.printer_settings - DEBUG - Querying printer_settingss: query=None, sort=None, skip=0, limit=20, fields=None
2026-05-19 10:44:39,769 - routers.printer_settings - DEBUG - Found 0 printer_settingss
2026-05-19 10:44:39,770 - core.database - DEBUG - [DB_OP] Database session cleanup after 1.9856s
2026-05-19 10:44:39,904 - core.database - INFO - Tables initialized successfully
2026-05-19 10:44:39,905 - core.database - DEBUG - [DB_OP] Create tables completed in 2.1275s
2026-05-19 10:44:39,968 - core.database - INFO - Lazy database initialization completed successfully
2026-05-19 10:44:39,969 - core.database - DEBUG - [DB_OP] Database session created successfully in 2.2520s
2026-05-19 10:44:39,970 - routers.reservations - DEBUG - Querying reservationss: query={"reservation_date__gte":"2026-05-01","reservation_date__lte":"2026-05-31"}, sort=reservation_date, skip=0, limit=200, fields=None
2026-05-19 10:44:40,552 - routers.reservations - DEBUG - Found 1 reservationss
2026-05-19 10:44:40,553 - core.database - DEBUG - [DB_OP] Database session cleanup after 2.8353s
2026-05-19 10:45:09,008 - core.database - DEBUG - [DB_OP] Starting get_db session creation
2026-05-19 10:45:09,008 - core.database - DEBUG - [DB_OP] Database session created successfully in 0.0005s
2026-05-19 10:45:09,008 - routers.reservations - DEBUG - Querying reservationss: query={"reservation_date__gte":"2026-05-01","reservation_date__lte":"2026-05-31"}, sort=reservation_date, skip=0, limit=200, fields=None
2026-05-19 10:45:09,582 - routers.reservations - DEBUG - Found 1 reservationss
2026-05-19 10:45:09,584 - core.database - DEBUG - [DB_OP] Database session cleanup after 0.5763s
2026-05-19 10:45:10,824 - services.database - DEBUG - [DB_OP] Starting database close
2026-05-19 10:45:10,956 - core.database - INFO - Database connection closed and engine disposed
2026-05-19 10:45:10,956 - services.database - INFO - Database connections closed
2026-05-19 10:45:10,956 - services.database - DEBUG - [DB_OP] Database close completed in 0.1327s
