2026-05-23 16:22:34,907 - main - INFO - === Logging system initialized ===
2026-05-23 16:22:34,908 - main - INFO - Log file: logs/app_20260523_162234.log
2026-05-23 16:22:34,908 - main - INFO - Log level: INFO
2026-05-23 16:22:34,909 - main - INFO - Timestamp: 20260523_162234
2026-05-23 16:22:35,852 - main - INFO - Included router: routers.aihub.router
2026-05-23 16:22:35,876 - main - INFO - Included router: routers.auth.router
2026-05-23 16:22:35,878 - main - INFO - Included router: routers.health.router
2026-05-23 16:22:35,924 - main - INFO - Included router: routers.printer_settings.router
2026-05-23 16:22:35,988 - main - INFO - Included router: routers.reservations.router
2026-05-23 16:22:36,028 - main - INFO - Included router: routers.salons.router
2026-05-23 16:22:36,052 - main - INFO - Included router: routers.settings.router
2026-05-23 16:22:36,090 - main - INFO - Included router: routers.storage.router
2026-05-23 16:22:36,098 - main - INFO - Included router: routers.user.router
2026-05-23 16:22:36,099 - main - INFO - === Application startup initiated ===
2026-05-23 16:22:36,099 - services.database - INFO - Ignore creating tables
2026-05-23 16:22:36,099 - services.mock_data - INFO - Ignore initialize data
2026-05-23 16:22:36,099 - services.auth - INFO - Ignore initialize admin
2026-05-23 16:22:36,099 - main - INFO - === Application startup completed successfully ===
2026-05-23 16:23:42,625 - dependencies.auth - DEBUG - Authentication required for request GET /api/v1/auth/me
2026-05-23 16:23:44,508 - core.config - DEBUG - Read dynamic attribute jwt_secret_key from environment variable JWT_SECRET_KEY
2026-05-23 16:23:44,508 - core.config - DEBUG - Read dynamic attribute jwt_algorithm from environment variable JWT_ALGORITHM
2026-05-23 16:23:44,527 - core.auth - DEBUG - Authentication token validated for user hash: 3d1d0765
2026-05-23 16:23:44,763 - core.database - DEBUG - [DB_OP] Starting get_db session creation
2026-05-23 16:23:44,764 - core.database - WARNING - Database session maker not available, attempting lazy initialization...
2026-05-23 16:23:44,764 - core.database - WARNING - Database not initialized, attempting lazy initialization...
2026-05-23 16:23:44,764 - core.database - INFO - Starting database initialization...
2026-05-23 16:23:44,764 - core.config - DEBUG - Read dynamic attribute database_url from environment variable DATABASE_URL
2026-05-23 16:23:44,764 - core.database - INFO - Normalizing database URL for async compatibility...
2026-05-23 16:23:44,766 - core.database - INFO - Creating async database engine...
2026-05-23 16:23:44,766 - core.database - INFO - Using QueuePool with connection pooling for non-Lambda environment
2026-05-23 16:23:44,825 - core.database - INFO - Database engine created successfully
2026-05-23 16:23:44,825 - core.database - INFO - Creating async session maker...
2026-05-23 16:23:44,825 - core.database - INFO - Async session maker created successfully
2026-05-23 16:23:44,825 - core.database - INFO - Database connection initialized successfully
2026-05-23 16:23:44,825 - core.database - DEBUG - [DB_OP] Starting create_tables
2026-05-23 16:23:44,826 - core.database - INFO - 🔧 Starting table creation...
2026-05-23 16:23:44,834 - core.auth - DEBUG - Authentication token validated for user hash: 3d1d0765
2026-05-23 16:23:44,834 - core.database - DEBUG - [DB_OP] Starting get_db session creation
2026-05-23 16:23:44,836 - core.database - DEBUG - [DB_OP] Database session created successfully in 0.0019s
2026-05-23 16:23:44,837 - routers.printer_settings - DEBUG - Querying printer_settingss: query=None, sort=None, skip=0, limit=20, fields=None
2026-05-23 16:23:46,232 - routers.printer_settings - DEBUG - Found 1 printer_settingss
2026-05-23 16:23:46,233 - core.database - DEBUG - [DB_OP] Database session cleanup after 1.3987s
2026-05-23 16:23:46,362 - core.database - INFO - Tables initialized successfully
2026-05-23 16:23:46,362 - core.database - DEBUG - [DB_OP] Create tables completed in 1.5366s
2026-05-23 16:23:46,426 - core.database - INFO - Lazy database initialization completed successfully
2026-05-23 16:23:46,426 - core.database - DEBUG - [DB_OP] Database session created successfully in 1.6634s
2026-05-23 16:23:46,427 - routers.reservations - DEBUG - Querying reservationss: query={"reservation_date__gte":"2026-05-01","reservation_date__lte":"2026-05-31"}, sort=reservation_date, skip=0, limit=200, fields=None
2026-05-23 16:23:47,006 - routers.reservations - DEBUG - Found 2 reservationss
2026-05-23 16:23:47,008 - core.database - DEBUG - [DB_OP] Database session cleanup after 2.2447s
2026-05-23 16:24:14,757 - core.database - DEBUG - [DB_OP] Starting get_db session creation
2026-05-23 16:24:14,758 - core.database - DEBUG - [DB_OP] Database session created successfully in 0.0005s
2026-05-23 16:24:14,758 - routers.reservations - DEBUG - Querying reservationss: query={"reservation_date__gte":"2026-05-01","reservation_date__lte":"2026-05-31"}, sort=reservation_date, skip=0, limit=200, fields=None
2026-05-23 16:24:15,340 - routers.reservations - DEBUG - Found 2 reservationss
2026-05-23 16:24:15,340 - core.database - DEBUG - [DB_OP] Database session cleanup after 0.5832s
2026-05-23 16:24:45,072 - core.database - DEBUG - [DB_OP] Starting get_db session creation
2026-05-23 16:24:45,073 - core.database - DEBUG - [DB_OP] Database session created successfully in 0.0006s
2026-05-23 16:24:45,073 - routers.reservations - DEBUG - Querying reservationss: query={"reservation_date__gte":"2026-05-01","reservation_date__lte":"2026-05-31"}, sort=reservation_date, skip=0, limit=200, fields=None
2026-05-23 16:24:45,459 - routers.reservations - DEBUG - Found 2 reservationss
2026-05-23 16:24:45,460 - core.database - DEBUG - [DB_OP] Database session cleanup after 0.3879s
2026-05-23 16:25:05,064 - services.database - DEBUG - [DB_OP] Starting database close
2026-05-23 16:25:05,201 - core.database - INFO - Database connection closed and engine disposed
2026-05-23 16:25:05,204 - services.database - INFO - Database connections closed
2026-05-23 16:25:05,204 - services.database - DEBUG - [DB_OP] Database close completed in 0.1400s
