2026-05-24 19:24:57,219 - main - INFO - === Logging system initialized ===
2026-05-24 19:24:57,220 - main - INFO - Log file: logs/app_20260524_192457.log
2026-05-24 19:24:57,220 - main - INFO - Log level: INFO
2026-05-24 19:24:57,220 - main - INFO - Timestamp: 20260524_192457
2026-05-24 19:24:57,987 - main - INFO - Included router: routers.aihub.router
2026-05-24 19:24:58,005 - main - INFO - Included router: routers.auth.router
2026-05-24 19:24:58,078 - main - INFO - Included router: routers.clients.router
2026-05-24 19:24:58,079 - main - INFO - Included router: routers.health.router
2026-05-24 19:24:58,125 - main - INFO - Included router: routers.printer_settings.router
2026-05-24 19:24:58,182 - main - INFO - Included router: routers.reservations.router
2026-05-24 19:24:58,225 - main - INFO - Included router: routers.salons.router
2026-05-24 19:24:58,246 - main - INFO - Included router: routers.settings.router
2026-05-24 19:24:58,283 - main - INFO - Included router: routers.storage.router
2026-05-24 19:24:58,294 - main - INFO - Included router: routers.user.router
2026-05-24 19:24:58,295 - main - INFO - === Application startup initiated ===
2026-05-24 19:24:58,295 - services.database - INFO - Ignore creating tables
2026-05-24 19:24:58,296 - services.mock_data - INFO - Ignore initialize data
2026-05-24 19:24:58,296 - services.auth - INFO - Ignore initialize admin
2026-05-24 19:24:58,296 - main - INFO - === Application startup completed successfully ===
2026-05-24 19:29:12,830 - dependencies.auth - DEBUG - Authentication required for request GET /api/v1/auth/me
2026-05-24 19:35:07,370 - core.config - DEBUG - Read dynamic attribute jwt_secret_key from environment variable JWT_SECRET_KEY
2026-05-24 19:35:07,370 - core.config - DEBUG - Read dynamic attribute jwt_algorithm from environment variable JWT_ALGORITHM
2026-05-24 19:35:07,410 - core.auth - DEBUG - Authentication token validated for user hash: 3d1d0765
2026-05-24 19:35:07,709 - core.database - DEBUG - [DB_OP] Starting get_db session creation
2026-05-24 19:35:07,709 - core.database - WARNING - Database session maker not available, attempting lazy initialization...
2026-05-24 19:35:07,709 - core.database - WARNING - Database not initialized, attempting lazy initialization...
2026-05-24 19:35:07,709 - core.database - INFO - Starting database initialization...
2026-05-24 19:35:07,709 - core.config - DEBUG - Read dynamic attribute database_url from environment variable DATABASE_URL
2026-05-24 19:35:07,709 - core.database - INFO - Normalizing database URL for async compatibility...
2026-05-24 19:35:07,710 - core.database - INFO - Creating async database engine...
2026-05-24 19:35:07,710 - core.database - INFO - Using QueuePool with connection pooling for non-Lambda environment
2026-05-24 19:35:07,754 - core.database - INFO - Database engine created successfully
2026-05-24 19:35:07,755 - core.database - INFO - Creating async session maker...
2026-05-24 19:35:07,755 - core.database - INFO - Async session maker created successfully
2026-05-24 19:35:07,755 - core.database - INFO - Database connection initialized successfully
2026-05-24 19:35:07,755 - core.database - DEBUG - [DB_OP] Starting create_tables
2026-05-24 19:35:07,755 - core.database - INFO - 🔧 Starting table creation...
2026-05-24 19:35:07,762 - core.auth - DEBUG - Authentication token validated for user hash: 3d1d0765
2026-05-24 19:35:07,762 - core.database - DEBUG - [DB_OP] Starting get_db session creation
2026-05-24 19:35:07,762 - core.database - DEBUG - [DB_OP] Database session created successfully in 0.0002s
2026-05-24 19:35:07,765 - routers.printer_settings - DEBUG - Querying printer_settingss: query=None, sort=None, skip=0, limit=20, fields=None
2026-05-24 19:35:09,830 - routers.printer_settings - DEBUG - Found 1 printer_settingss
2026-05-24 19:35:09,831 - core.database - DEBUG - [DB_OP] Database session cleanup after 2.0691s
2026-05-24 19:35:10,024 - core.database - INFO - Tables initialized successfully
2026-05-24 19:35:10,024 - core.database - DEBUG - [DB_OP] Create tables completed in 2.2688s
2026-05-24 19:35:10,088 - core.database - INFO - Lazy database initialization completed successfully
2026-05-24 19:35:10,089 - core.database - DEBUG - [DB_OP] Database session created successfully in 2.3800s
2026-05-24 19:35:10,089 - routers.reservations - DEBUG - Querying reservationss: query={"reservation_date__gte":"2026-05-01","reservation_date__lte":"2026-05-31"}, sort=reservation_date, skip=0, limit=200, fields=None
2026-05-24 19:35:10,681 - routers.reservations - DEBUG - Found 2 reservationss
2026-05-24 19:35:10,682 - core.database - DEBUG - [DB_OP] Database session cleanup after 2.9734s
2026-05-24 19:35:38,687 - core.database - DEBUG - [DB_OP] Starting get_db session creation
2026-05-24 19:35:38,688 - core.database - DEBUG - [DB_OP] Database session created successfully in 0.0005s
2026-05-24 19:35:38,689 - routers.reservations - DEBUG - Querying reservationss: query={"reservation_date__gte":"2026-05-01","reservation_date__lte":"2026-05-31"}, sort=reservation_date, skip=0, limit=200, fields=None
2026-05-24 19:35:39,260 - routers.reservations - DEBUG - Found 2 reservationss
2026-05-24 19:35:39,261 - core.database - DEBUG - [DB_OP] Database session cleanup after 0.5737s
2026-05-24 19:35:45,473 - core.database - DEBUG - [DB_OP] Starting get_db session creation
2026-05-24 19:35:45,474 - core.database - DEBUG - [DB_OP] Database session created successfully in 0.0004s
2026-05-24 19:35:45,474 - routers.clients - DEBUG - Querying clientss: query={}, sort=name, skip=0, limit=100, fields=None
2026-05-24 19:35:45,988 - routers.clients - DEBUG - Found 0 clientss
2026-05-24 19:35:45,989 - core.database - DEBUG - [DB_OP] Database session cleanup after 0.5153s
2026-05-24 19:39:21,933 - services.database - DEBUG - [DB_OP] Starting database close
2026-05-24 19:39:22,068 - core.database - INFO - Database connection closed and engine disposed
2026-05-24 19:39:22,069 - services.database - INFO - Database connections closed
2026-05-24 19:39:22,069 - services.database - DEBUG - [DB_OP] Database close completed in 0.1356s
