2026-05-27 11:20:46,772 - main - INFO - === Logging system initialized ===
2026-05-27 11:20:46,772 - main - INFO - Log file: logs/app_20260527_112046.log
2026-05-27 11:20:46,772 - main - INFO - Log level: INFO
2026-05-27 11:20:46,772 - main - INFO - Timestamp: 20260527_112046
2026-05-27 11:20:47,564 - main - INFO - Included router: routers.aihub.router
2026-05-27 11:20:47,584 - main - INFO - Included router: routers.auth.router
2026-05-27 11:20:47,634 - main - INFO - Included router: routers.clients.router
2026-05-27 11:20:47,647 - main - INFO - Included router: routers.google_calendar.router
2026-05-27 11:20:47,649 - main - INFO - Included router: routers.health.router
2026-05-27 11:20:47,702 - main - INFO - Included router: routers.printer_settings.router
2026-05-27 11:20:47,779 - main - INFO - Included router: routers.reservations.router
2026-05-27 11:20:47,830 - main - INFO - Included router: routers.salons.router
2026-05-27 11:20:47,851 - main - INFO - Included router: routers.settings.router
2026-05-27 11:20:47,886 - main - INFO - Included router: routers.storage.router
2026-05-27 11:20:47,894 - main - INFO - Included router: routers.user.router
2026-05-27 11:20:47,896 - main - INFO - === Application startup initiated ===
2026-05-27 11:20:47,896 - services.database - INFO - Ignore creating tables
2026-05-27 11:20:47,896 - services.mock_data - INFO - Ignore initialize data
2026-05-27 11:20:47,896 - services.auth - INFO - Ignore initialize admin
2026-05-27 11:20:47,896 - main - INFO - === Application startup completed successfully ===
2026-05-27 11:21:04,798 - core.database - DEBUG - [DB_OP] Starting get_db session creation
2026-05-27 11:21:04,798 - core.database - WARNING - Database session maker not available, attempting lazy initialization...
2026-05-27 11:21:04,798 - core.database - WARNING - Database not initialized, attempting lazy initialization...
2026-05-27 11:21:04,798 - core.database - INFO - Starting database initialization...
2026-05-27 11:21:04,799 - core.config - DEBUG - Read dynamic attribute database_url from environment variable DATABASE_URL
2026-05-27 11:21:04,799 - core.database - INFO - Normalizing database URL for async compatibility...
2026-05-27 11:21:04,800 - core.database - INFO - Creating async database engine...
2026-05-27 11:21:04,800 - core.database - INFO - Using QueuePool with connection pooling for non-Lambda environment
2026-05-27 11:21:04,939 - core.database - INFO - Database engine created successfully
2026-05-27 11:21:04,939 - core.database - INFO - Creating async session maker...
2026-05-27 11:21:04,939 - core.database - INFO - Async session maker created successfully
2026-05-27 11:21:04,939 - core.database - INFO - Database connection initialized successfully
2026-05-27 11:21:04,940 - core.database - DEBUG - [DB_OP] Starting create_tables
2026-05-27 11:21:04,940 - core.database - INFO - 🔧 Starting table creation...
2026-05-27 11:21:06,549 - core.database - INFO - Tables initialized successfully
2026-05-27 11:21:06,549 - core.database - DEBUG - [DB_OP] Create tables completed in 1.6094s
2026-05-27 11:21:06,612 - core.database - INFO - Lazy database initialization completed successfully
2026-05-27 11:21:06,613 - core.database - DEBUG - [DB_OP] Database session created successfully in 1.8152s
2026-05-27 11:21:06,614 - routers.reservations - DEBUG - Querying reservationss: query={"reservation_date__gte":"2026-05-01","reservation_date__lte":"2026-05-31"}, sort=reservation_date, skip=0, limit=200, fields=None
2026-05-27 11:21:07,189 - routers.reservations - DEBUG - Found 2 reservationss
2026-05-27 11:21:07,190 - core.database - DEBUG - [DB_OP] Database session cleanup after 2.3924s
2026-05-27 11:21:18,615 - core.database - DEBUG - [DB_OP] Starting get_db session creation
2026-05-27 11:21:18,616 - core.database - DEBUG - [DB_OP] Database session created successfully in 0.0005s
2026-05-27 11:21:18,616 - routers.reservations - DEBUG - Querying reservationss: query={"reservation_date__gte":"2026-05-01","reservation_date__lte":"2026-05-31"}, sort=reservation_date, skip=0, limit=200, fields=None
2026-05-27 11:21:18,995 - routers.reservations - DEBUG - Found 2 reservationss
2026-05-27 11:21:18,996 - core.database - DEBUG - [DB_OP] Database session cleanup after 0.3812s
2026-05-27 11:21:49,758 - core.database - DEBUG - [DB_OP] Starting get_db session creation
2026-05-27 11:21:49,759 - core.database - DEBUG - [DB_OP] Database session created successfully in 0.0005s
2026-05-27 11:21:49,759 - routers.reservations - DEBUG - Querying reservationss: query={"reservation_date__gte":"2026-05-01","reservation_date__lte":"2026-05-31"}, sort=reservation_date, skip=0, limit=200, fields=None
2026-05-27 11:21:50,139 - routers.reservations - DEBUG - Found 2 reservationss
2026-05-27 11:21:50,139 - core.database - DEBUG - [DB_OP] Database session cleanup after 0.3815s
2026-05-27 11:22:16,596 - dependencies.auth - DEBUG - Authentication required for request GET /api/v1/auth/me
2026-05-27 11:22:44,015 - core.config - DEBUG - Read dynamic attribute jwt_secret_key from environment variable JWT_SECRET_KEY
2026-05-27 11:22:44,016 - core.config - DEBUG - Read dynamic attribute jwt_algorithm from environment variable JWT_ALGORITHM
2026-05-27 11:22:44,044 - core.auth - DEBUG - Authentication token validated for user hash: 3d1d0765
2026-05-27 11:22:46,098 - core.database - DEBUG - [DB_OP] Starting get_db session creation
2026-05-27 11:22:46,098 - core.database - DEBUG - [DB_OP] Database session created successfully in 0.0009s
2026-05-27 11:22:46,099 - routers.reservations - DEBUG - Querying reservationss: query={"reservation_date__gte":"2026-05-01","reservation_date__lte":"2026-05-31"}, sort=reservation_date, skip=0, limit=200, fields=None
2026-05-27 11:22:46,179 - core.auth - DEBUG - Authentication token validated for user hash: 3d1d0765
2026-05-27 11:22:46,180 - core.database - DEBUG - [DB_OP] Starting get_db session creation
2026-05-27 11:22:46,180 - core.database - DEBUG - [DB_OP] Database session created successfully in 0.0002s
2026-05-27 11:22:46,181 - routers.printer_settings - DEBUG - Querying printer_settingss: query=None, sort=None, skip=0, limit=20, fields=None
2026-05-27 11:22:46,480 - routers.reservations - DEBUG - Found 2 reservationss
2026-05-27 11:22:46,481 - core.database - DEBUG - [DB_OP] Database session cleanup after 0.3836s
2026-05-27 11:22:46,949 - routers.printer_settings - DEBUG - Found 1 printer_settingss
2026-05-27 11:22:46,949 - core.database - DEBUG - [DB_OP] Database session cleanup after 0.7695s
2026-05-27 11:23:16,307 - core.database - DEBUG - [DB_OP] Starting get_db session creation
2026-05-27 11:23:16,307 - core.database - DEBUG - [DB_OP] Database session created successfully in 0.0005s
2026-05-27 11:23:16,308 - routers.reservations - DEBUG - Querying reservationss: query={"reservation_date__gte":"2026-05-01","reservation_date__lte":"2026-05-31"}, sort=reservation_date, skip=0, limit=200, fields=None
2026-05-27 11:23:16,694 - routers.reservations - DEBUG - Found 2 reservationss
2026-05-27 11:23:16,695 - core.database - DEBUG - [DB_OP] Database session cleanup after 0.3879s
2026-05-27 11:23:46,292 - core.database - DEBUG - [DB_OP] Starting get_db session creation
2026-05-27 11:23:46,293 - core.database - DEBUG - [DB_OP] Database session created successfully in 0.0006s
2026-05-27 11:23:46,293 - routers.reservations - DEBUG - Querying reservationss: query={"reservation_date__gte":"2026-05-01","reservation_date__lte":"2026-05-31"}, sort=reservation_date, skip=0, limit=200, fields=None
2026-05-27 11:23:46,859 - routers.reservations - DEBUG - Found 2 reservationss
2026-05-27 11:23:46,860 - core.database - DEBUG - [DB_OP] Database session cleanup after 0.5672s
2026-05-27 11:24:07,021 - services.database - DEBUG - [DB_OP] Starting database close
2026-05-27 11:24:07,153 - core.database - INFO - Database connection closed and engine disposed
2026-05-27 11:24:07,153 - services.database - INFO - Database connections closed
2026-05-27 11:24:07,153 - services.database - DEBUG - [DB_OP] Database close completed in 0.1323s
