2026-05-23 15:35:57,894 - main - INFO - === Logging system initialized ===
2026-05-23 15:35:57,894 - main - INFO - Log file: logs/app_20260523_153557.log
2026-05-23 15:35:57,894 - main - INFO - Log level: INFO
2026-05-23 15:35:57,894 - main - INFO - Timestamp: 20260523_153557
2026-05-23 15:35:58,821 - main - INFO - Included router: routers.aihub.router
2026-05-23 15:35:58,838 - main - INFO - Included router: routers.auth.router
2026-05-23 15:35:58,840 - main - INFO - Included router: routers.health.router
2026-05-23 15:35:58,894 - main - INFO - Included router: routers.printer_settings.router
2026-05-23 15:35:58,959 - main - INFO - Included router: routers.reservations.router
2026-05-23 15:35:59,015 - main - INFO - Included router: routers.salons.router
2026-05-23 15:35:59,053 - main - INFO - Included router: routers.settings.router
2026-05-23 15:35:59,090 - main - INFO - Included router: routers.storage.router
2026-05-23 15:35:59,099 - main - INFO - Included router: routers.user.router
2026-05-23 15:35:59,101 - main - INFO - === Application startup initiated ===
2026-05-23 15:35:59,101 - services.database - INFO - Ignore creating tables
2026-05-23 15:35:59,101 - services.mock_data - INFO - Ignore initialize data
2026-05-23 15:35:59,101 - services.auth - INFO - Ignore initialize admin
2026-05-23 15:35:59,101 - main - INFO - === Application startup completed successfully ===
2026-05-23 15:36:05,263 - core.config - DEBUG - Read dynamic attribute jwt_secret_key from environment variable JWT_SECRET_KEY
2026-05-23 15:36:05,265 - core.config - DEBUG - Read dynamic attribute jwt_algorithm from environment variable JWT_ALGORITHM
2026-05-23 15:36:05,294 - core.auth - DEBUG - Authentication token validated for user hash: 3d1d0765
2026-05-23 15:36:05,809 - core.auth - DEBUG - Authentication token validated for user hash: 3d1d0765
2026-05-23 15:36:05,810 - core.database - DEBUG - [DB_OP] Starting get_db session creation
2026-05-23 15:36:05,810 - core.database - WARNING - Database session maker not available, attempting lazy initialization...
2026-05-23 15:36:05,810 - core.database - WARNING - Database not initialized, attempting lazy initialization...
2026-05-23 15:36:05,810 - core.database - INFO - Starting database initialization...
2026-05-23 15:36:05,810 - core.config - DEBUG - Read dynamic attribute database_url from environment variable DATABASE_URL
2026-05-23 15:36:05,810 - core.database - INFO - Normalizing database URL for async compatibility...
2026-05-23 15:36:05,811 - core.database - INFO - Creating async database engine...
2026-05-23 15:36:05,812 - core.database - INFO - Using QueuePool with connection pooling for non-Lambda environment
2026-05-23 15:36:05,884 - core.database - INFO - Database engine created successfully
2026-05-23 15:36:05,884 - core.database - INFO - Creating async session maker...
2026-05-23 15:36:05,884 - core.database - INFO - Async session maker created successfully
2026-05-23 15:36:05,884 - core.database - INFO - Database connection initialized successfully
2026-05-23 15:36:05,884 - core.database - DEBUG - [DB_OP] Starting create_tables
2026-05-23 15:36:05,884 - core.database - INFO - 🔧 Starting table creation...
2026-05-23 15:36:05,891 - core.database - DEBUG - [DB_OP] Starting get_db session creation
2026-05-23 15:36:05,891 - core.database - DEBUG - [DB_OP] Database session created successfully in 0.0004s
2026-05-23 15:36:05,892 - routers.reservations - DEBUG - Querying reservationss: query={"reservation_date__gte":"2026-05-01","reservation_date__lte":"2026-05-31"}, sort=reservation_date, skip=0, limit=200, fields=None
2026-05-23 15:36:07,291 - routers.reservations - DEBUG - Found 2 reservationss
2026-05-23 15:36:07,293 - core.database - DEBUG - [DB_OP] Database session cleanup after 1.4021s
2026-05-23 15:36:07,422 - core.database - INFO - Tables initialized successfully
2026-05-23 15:36:07,423 - core.database - DEBUG - [DB_OP] Create tables completed in 1.5384s
2026-05-23 15:36:07,487 - core.database - INFO - Lazy database initialization completed successfully
2026-05-23 15:36:07,487 - core.database - DEBUG - [DB_OP] Database session created successfully in 1.6774s
2026-05-23 15:36:07,488 - routers.printer_settings - DEBUG - Querying printer_settingss: query=None, sort=None, skip=0, limit=20, fields=None
2026-05-23 15:36:08,051 - routers.printer_settings - DEBUG - Found 0 printer_settingss
2026-05-23 15:36:08,052 - core.database - DEBUG - [DB_OP] Database session cleanup after 2.2422s
2026-05-23 15:36:31,660 - core.auth - DEBUG - Authentication token validated for user hash: 3d1d0765
2026-05-23 15:36:31,661 - core.database - DEBUG - [DB_OP] Starting get_db session creation
2026-05-23 15:36:31,661 - core.database - DEBUG - [DB_OP] Database session created successfully in 0.0002s
2026-05-23 15:36:31,661 - routers.printer_settings - DEBUG - Querying printer_settingss: query=None, sort=None, skip=0, limit=20, fields=None
2026-05-23 15:36:32,236 - routers.printer_settings - DEBUG - Found 0 printer_settingss
2026-05-23 15:36:32,237 - core.database - DEBUG - [DB_OP] Database session cleanup after 0.5763s
2026-05-23 15:36:44,615 - services.database - DEBUG - [DB_OP] Starting database close
2026-05-23 15:36:44,748 - core.database - INFO - Database connection closed and engine disposed
2026-05-23 15:36:44,749 - services.database - INFO - Database connections closed
2026-05-23 15:36:44,749 - services.database - DEBUG - [DB_OP] Database close completed in 0.1338s
