2026-05-19 12:41:29,125 - main - INFO - === Logging system initialized ===
2026-05-19 12:41:29,126 - main - INFO - Log file: logs/app_20260519_124129.log
2026-05-19 12:41:29,127 - main - INFO - Log level: INFO
2026-05-19 12:41:29,127 - main - INFO - Timestamp: 20260519_124129
2026-05-19 12:41:30,272 - main - INFO - Included router: routers.aihub.router
2026-05-19 12:41:30,297 - main - INFO - Included router: routers.auth.router
2026-05-19 12:41:30,299 - main - INFO - Included router: routers.health.router
2026-05-19 12:41:30,363 - main - INFO - Included router: routers.printer_settings.router
2026-05-19 12:41:30,440 - main - INFO - Included router: routers.reservations.router
2026-05-19 12:41:30,486 - main - INFO - Included router: routers.salons.router
2026-05-19 12:41:30,507 - main - INFO - Included router: routers.settings.router
2026-05-19 12:41:30,560 - main - INFO - Included router: routers.storage.router
2026-05-19 12:41:30,572 - main - INFO - Included router: routers.user.router
2026-05-19 12:41:30,574 - main - INFO - === Application startup initiated ===
2026-05-19 12:41:30,574 - services.database - INFO - Ignore creating tables
2026-05-19 12:41:30,574 - services.mock_data - INFO - Ignore initialize data
2026-05-19 12:41:30,575 - services.auth - INFO - Ignore initialize admin
2026-05-19 12:41:30,575 - main - INFO - === Application startup completed successfully ===
2026-05-19 13:04:00,093 - services.database - DEBUG - [DB_OP] Starting database close
2026-05-19 13:04:00,093 - services.database - INFO - Database connections closed
2026-05-19 13:04:00,094 - services.database - DEBUG - [DB_OP] Database close completed in 0.0004s
