2026-05-19 10:52:29,327 - main - INFO - === Logging system initialized ===
2026-05-19 10:52:29,327 - main - INFO - Log file: logs/app_20260519_105229.log
2026-05-19 10:52:29,328 - main - INFO - Log level: INFO
2026-05-19 10:52:29,328 - main - INFO - Timestamp: 20260519_105229
2026-05-19 10:52:30,456 - main - INFO - Included router: routers.aihub.router
2026-05-19 10:52:30,484 - main - INFO - Included router: routers.auth.router
2026-05-19 10:52:30,487 - main - INFO - Included router: routers.health.router
2026-05-19 10:52:30,545 - main - INFO - Included router: routers.printer_settings.router
2026-05-19 10:52:30,610 - main - INFO - Included router: routers.reservations.router
2026-05-19 10:52:30,662 - main - INFO - Included router: routers.salons.router
2026-05-19 10:52:30,687 - main - INFO - Included router: routers.settings.router
2026-05-19 10:52:30,736 - main - INFO - Included router: routers.storage.router
2026-05-19 10:52:30,751 - main - INFO - Included router: routers.user.router
2026-05-19 10:52:30,753 - main - INFO - === Application startup initiated ===
2026-05-19 10:52:30,753 - services.database - INFO - Ignore creating tables
2026-05-19 10:52:30,753 - services.mock_data - INFO - Ignore initialize data
2026-05-19 10:52:30,753 - services.auth - INFO - Ignore initialize admin
2026-05-19 10:52:30,753 - main - INFO - === Application startup completed successfully ===
2026-05-19 11:07:22,856 - dependencies.auth - DEBUG - Authentication required for request GET /api/v1/auth/me
2026-05-19 11:07:29,291 - core.config - DEBUG - Read dynamic attribute jwt_secret_key from environment variable JWT_SECRET_KEY
2026-05-19 11:07:29,292 - core.config - DEBUG - Read dynamic attribute jwt_algorithm from environment variable JWT_ALGORITHM
2026-05-19 11:07:29,335 - core.auth - DEBUG - Authentication token validated for user hash: 3d1d0765
2026-05-19 11:07:29,621 - core.database - DEBUG - [DB_OP] Starting get_db session creation
2026-05-19 11:07:29,621 - core.database - WARNING - Database session maker not available, attempting lazy initialization...
2026-05-19 11:07:29,621 - core.database - WARNING - Database not initialized, attempting lazy initialization...
2026-05-19 11:07:29,621 - core.database - INFO - Starting database initialization...
2026-05-19 11:07:29,621 - core.config - DEBUG - Read dynamic attribute database_url from environment variable DATABASE_URL
2026-05-19 11:07:29,621 - core.database - INFO - Normalizing database URL for async compatibility...
2026-05-19 11:07:29,623 - core.database - INFO - Creating async database engine...
2026-05-19 11:07:29,623 - core.database - INFO - Using QueuePool with connection pooling for non-Lambda environment
2026-05-19 11:07:29,694 - core.database - INFO - Database engine created successfully
2026-05-19 11:07:29,694 - core.database - INFO - Creating async session maker...
2026-05-19 11:07:29,694 - core.database - INFO - Async session maker created successfully
2026-05-19 11:07:29,694 - core.database - INFO - Database connection initialized successfully
2026-05-19 11:07:29,696 - core.database - DEBUG - [DB_OP] Starting create_tables
2026-05-19 11:07:29,696 - core.database - INFO - 🔧 Starting table creation...
2026-05-19 11:07:29,705 - core.auth - DEBUG - Authentication token validated for user hash: 3d1d0765
2026-05-19 11:07:29,705 - core.database - DEBUG - [DB_OP] Starting get_db session creation
2026-05-19 11:07:29,707 - core.database - DEBUG - [DB_OP] Database session created successfully in 0.0010s
2026-05-19 11:07:29,707 - routers.printer_settings - DEBUG - Querying printer_settingss: query=None, sort=None, skip=0, limit=20, fields=None
2026-05-19 11:07:31,639 - routers.printer_settings - DEBUG - Found 0 printer_settingss
2026-05-19 11:07:31,641 - core.database - DEBUG - [DB_OP] Database session cleanup after 1.9350s
2026-05-19 11:07:31,770 - core.database - INFO - Tables initialized successfully
2026-05-19 11:07:31,771 - core.database - DEBUG - [DB_OP] Create tables completed in 2.0748s
2026-05-19 11:07:31,833 - core.database - INFO - Lazy database initialization completed successfully
2026-05-19 11:07:31,834 - core.database - DEBUG - [DB_OP] Database session created successfully in 2.2130s
2026-05-19 11:07:31,834 - routers.reservations - DEBUG - Querying reservationss: query={"reservation_date__gte":"2026-05-01","reservation_date__lte":"2026-05-31"}, sort=reservation_date, skip=0, limit=200, fields=None
2026-05-19 11:07:32,414 - routers.reservations - DEBUG - Found 1 reservationss
2026-05-19 11:07:32,415 - core.database - DEBUG - [DB_OP] Database session cleanup after 2.7941s
2026-05-19 11:07:36,630 - services.database - DEBUG - [DB_OP] Starting database close
2026-05-19 11:07:36,772 - core.database - INFO - Database connection closed and engine disposed
2026-05-19 11:07:36,772 - services.database - INFO - Database connections closed
2026-05-19 11:07:36,773 - services.database - DEBUG - [DB_OP] Database close completed in 0.1422s
