2026-05-19 08:25:14,326 - main - INFO - === Logging system initialized ===
2026-05-19 08:25:14,327 - main - INFO - Log file: logs/app_20260519_082514.log
2026-05-19 08:25:14,327 - main - INFO - Log level: INFO
2026-05-19 08:25:14,327 - main - INFO - Timestamp: 20260519_082514
2026-05-19 08:25:15,174 - main - INFO - Included router: routers.aihub.router
2026-05-19 08:25:15,197 - main - INFO - Included router: routers.auth.router
2026-05-19 08:25:15,200 - main - INFO - Included router: routers.health.router
2026-05-19 08:25:15,265 - main - INFO - Included router: routers.reservations.router
2026-05-19 08:25:15,316 - main - INFO - Included router: routers.salons.router
2026-05-19 08:25:15,341 - main - INFO - Included router: routers.settings.router
2026-05-19 08:25:15,383 - main - INFO - Included router: routers.storage.router
2026-05-19 08:25:15,394 - main - INFO - Included router: routers.user.router
2026-05-19 08:25:15,396 - main - INFO - === Application startup initiated ===
2026-05-19 08:25:15,397 - services.database - INFO - Ignore creating tables
2026-05-19 08:25:15,397 - services.mock_data - INFO - Ignore initialize data
2026-05-19 08:25:15,397 - services.auth - INFO - Ignore initialize admin
2026-05-19 08:25:15,397 - main - INFO - === Application startup completed successfully ===
2026-05-19 08:26:15,136 - services.database - DEBUG - [DB_OP] Starting database close
2026-05-19 08:26:15,136 - services.database - INFO - Database connections closed
2026-05-19 08:26:15,137 - services.database - DEBUG - [DB_OP] Database close completed in 0.0014s
