2026-05-19 06:16:13,631 - main - INFO - === Logging system initialized ===
2026-05-19 06:16:13,631 - main - INFO - Log file: logs/app_20260519_061613.log
2026-05-19 06:16:13,632 - main - INFO - Log level: INFO
2026-05-19 06:16:13,632 - main - INFO - Timestamp: 20260519_061613
2026-05-19 06:16:14,530 - main - INFO - Included router: routers.aihub.router
2026-05-19 06:16:14,555 - main - INFO - Included router: routers.auth.router
2026-05-19 06:16:14,557 - main - INFO - Included router: routers.health.router
2026-05-19 06:16:14,617 - main - INFO - Included router: routers.reservations.router
2026-05-19 06:16:14,640 - main - INFO - Included router: routers.settings.router
2026-05-19 06:16:14,682 - main - INFO - Included router: routers.storage.router
2026-05-19 06:16:14,695 - main - INFO - Included router: routers.user.router
2026-05-19 06:16:14,697 - main - INFO - === Application startup initiated ===
2026-05-19 06:16:14,697 - services.database - INFO - Ignore creating tables
2026-05-19 06:16:14,697 - services.mock_data - INFO - Ignore initialize data
2026-05-19 06:16:14,697 - services.auth - INFO - Ignore initialize admin
2026-05-19 06:16:14,697 - main - INFO - === Application startup completed successfully ===
2026-05-19 06:16:18,298 - core.config - DEBUG - Read dynamic attribute jwt_secret_key from environment variable JWT_SECRET_KEY
2026-05-19 06:16:18,299 - core.config - DEBUG - Read dynamic attribute jwt_algorithm from environment variable JWT_ALGORITHM
2026-05-19 06:16:18,313 - core.auth - DEBUG - Authentication token validated for user hash: 3d1d0765
2026-05-19 06:16:18,679 - core.database - DEBUG - [DB_OP] Starting get_db session creation
2026-05-19 06:16:18,679 - core.database - WARNING - Database session maker not available, attempting lazy initialization...
2026-05-19 06:16:18,680 - core.database - WARNING - Database not initialized, attempting lazy initialization...
2026-05-19 06:16:18,680 - core.database - INFO - Starting database initialization...
2026-05-19 06:16:18,680 - core.config - DEBUG - Read dynamic attribute database_url from environment variable DATABASE_URL
2026-05-19 06:16:18,680 - core.database - INFO - Normalizing database URL for async compatibility...
2026-05-19 06:16:18,682 - core.database - INFO - Creating async database engine...
2026-05-19 06:16:18,682 - core.database - INFO - Using QueuePool with connection pooling for non-Lambda environment
2026-05-19 06:16:18,729 - core.database - INFO - Database engine created successfully
2026-05-19 06:16:18,730 - core.database - INFO - Creating async session maker...
2026-05-19 06:16:18,730 - core.database - INFO - Async session maker created successfully
2026-05-19 06:16:18,730 - core.database - INFO - Database connection initialized successfully
2026-05-19 06:16:18,731 - core.database - DEBUG - [DB_OP] Starting create_tables
2026-05-19 06:16:18,731 - core.database - INFO - 🔧 Starting table creation...
2026-05-19 06:16:20,318 - core.database - INFO - Tables initialized successfully
2026-05-19 06:16:20,318 - core.database - DEBUG - [DB_OP] Create tables completed in 1.5875s
2026-05-19 06:16:20,391 - core.database - INFO - Lazy database initialization completed successfully
2026-05-19 06:16:20,392 - core.database - DEBUG - [DB_OP] Database session created successfully in 1.7130s
2026-05-19 06:16:20,392 - routers.reservations - DEBUG - Querying reservationss: query={"reservation_date__gte":"2026-05-01","reservation_date__lte":"2026-05-31"}, sort=reservation_date, skip=0, limit=200, fields=None
2026-05-19 06:16:21,057 - routers.reservations - DEBUG - Found 0 reservationss
2026-05-19 06:16:21,058 - core.database - DEBUG - [DB_OP] Database session cleanup after 2.3786s
2026-05-19 06:17:58,413 - dependencies.auth - DEBUG - Authentication required for request GET /api/v1/auth/me
2026-05-19 06:18:18,397 - core.auth - DEBUG - Authentication token validated for user hash: 3d1d0765
2026-05-19 06:18:18,619 - core.database - DEBUG - [DB_OP] Starting get_db session creation
2026-05-19 06:18:18,620 - core.database - DEBUG - [DB_OP] Database session created successfully in 0.0007s
2026-05-19 06:18:18,621 - routers.reservations - DEBUG - Querying reservationss: query={"reservation_date__gte":"2026-05-01","reservation_date__lte":"2026-05-31"}, sort=reservation_date, skip=0, limit=200, fields=None
2026-05-19 06:18:19,063 - routers.reservations - DEBUG - Found 0 reservationss
2026-05-19 06:18:19,064 - core.database - DEBUG - [DB_OP] Database session cleanup after 0.4441s
2026-05-19 06:19:13,397 - services.database - DEBUG - [DB_OP] Starting database close
2026-05-19 06:19:13,482 - core.database - INFO - Database connection closed and engine disposed
2026-05-19 06:19:13,483 - services.database - INFO - Database connections closed
2026-05-19 06:19:13,483 - services.database - DEBUG - [DB_OP] Database close completed in 0.0861s
