2026-05-27 11:15:19,078 - main - INFO - === Logging system initialized ===
2026-05-27 11:15:19,079 - main - INFO - Log file: logs/app_20260527_111519.log
2026-05-27 11:15:19,079 - main - INFO - Log level: INFO
2026-05-27 11:15:19,079 - main - INFO - Timestamp: 20260527_111519
2026-05-27 11:15:20,057 - main - INFO - Included router: routers.aihub.router
2026-05-27 11:15:20,084 - main - INFO - Included router: routers.auth.router
2026-05-27 11:15:20,251 - main - INFO - Included router: routers.clients.router
2026-05-27 11:15:20,266 - main - INFO - Included router: routers.google_calendar.router
2026-05-27 11:15:20,269 - main - INFO - Included router: routers.health.router
2026-05-27 11:15:20,321 - main - INFO - Included router: routers.printer_settings.router
2026-05-27 11:15:20,491 - main - INFO - Included router: routers.reservations.router
2026-05-27 11:15:20,542 - main - INFO - Included router: routers.salons.router
2026-05-27 11:15:20,569 - main - INFO - Included router: routers.settings.router
2026-05-27 11:15:20,613 - main - INFO - Included router: routers.storage.router
2026-05-27 11:15:20,625 - main - INFO - Included router: routers.user.router
2026-05-27 11:15:20,626 - main - INFO - === Application startup initiated ===
2026-05-27 11:15:20,627 - services.database - INFO - Ignore creating tables
2026-05-27 11:15:20,627 - services.mock_data - INFO - Ignore initialize data
2026-05-27 11:15:20,627 - services.auth - INFO - Ignore initialize admin
2026-05-27 11:15:20,628 - main - INFO - === Application startup completed successfully ===
2026-05-27 11:15:33,661 - services.database - DEBUG - [DB_OP] Starting database close
2026-05-27 11:15:33,661 - services.database - INFO - Database connections closed
2026-05-27 11:15:33,662 - services.database - DEBUG - [DB_OP] Database close completed in 0.0004s
