2026-05-27 11:15:35,075 - main - INFO - === Logging system initialized ===
2026-05-27 11:15:35,076 - main - INFO - Log file: logs/app_20260527_111535.log
2026-05-27 11:15:35,076 - main - INFO - Log level: INFO
2026-05-27 11:15:35,076 - main - INFO - Timestamp: 20260527_111535
2026-05-27 11:15:35,975 - main - INFO - Included router: routers.aihub.router
2026-05-27 11:15:35,995 - main - INFO - Included router: routers.auth.router
2026-05-27 11:15:36,169 - main - INFO - Included router: routers.clients.router
2026-05-27 11:15:36,187 - main - INFO - Included router: routers.google_calendar.router
2026-05-27 11:15:36,190 - main - INFO - Included router: routers.health.router
2026-05-27 11:15:36,245 - main - INFO - Included router: routers.printer_settings.router
2026-05-27 11:15:36,309 - main - INFO - Included router: routers.reservations.router
2026-05-27 11:15:36,361 - main - INFO - Included router: routers.salons.router
2026-05-27 11:15:36,384 - main - INFO - Included router: routers.settings.router
2026-05-27 11:15:36,423 - main - INFO - Included router: routers.storage.router
2026-05-27 11:15:36,432 - main - INFO - Included router: routers.user.router
2026-05-27 11:15:36,435 - main - INFO - === Application startup initiated ===
2026-05-27 11:15:36,435 - services.database - INFO - Ignore creating tables
2026-05-27 11:15:36,435 - services.mock_data - INFO - Ignore initialize data
2026-05-27 11:15:36,435 - services.auth - INFO - Ignore initialize admin
2026-05-27 11:15:36,436 - main - INFO - === Application startup completed successfully ===
2026-05-27 11:18:48,301 - core.config - DEBUG - Read dynamic attribute jwt_secret_key from environment variable JWT_SECRET_KEY
2026-05-27 11:18:48,301 - core.config - DEBUG - Read dynamic attribute jwt_algorithm from environment variable JWT_ALGORITHM
2026-05-27 11:18:48,320 - core.auth - DEBUG - Authentication token validated for user hash: 3d1d0765
2026-05-27 11:18:48,892 - core.auth - DEBUG - Authentication token validated for user hash: 3d1d0765
2026-05-27 11:18:48,892 - core.database - DEBUG - [DB_OP] Starting get_db session creation
2026-05-27 11:18:48,892 - core.database - WARNING - Database session maker not available, attempting lazy initialization...
2026-05-27 11:18:48,892 - core.database - WARNING - Database not initialized, attempting lazy initialization...
2026-05-27 11:18:48,892 - core.database - INFO - Starting database initialization...
2026-05-27 11:18:48,893 - core.config - DEBUG - Read dynamic attribute database_url from environment variable DATABASE_URL
2026-05-27 11:18:48,893 - core.database - INFO - Normalizing database URL for async compatibility...
2026-05-27 11:18:48,894 - core.database - INFO - Creating async database engine...
2026-05-27 11:18:48,895 - core.database - INFO - Using QueuePool with connection pooling for non-Lambda environment
2026-05-27 11:18:49,061 - core.database - INFO - Database engine created successfully
2026-05-27 11:18:49,062 - core.database - INFO - Creating async session maker...
2026-05-27 11:18:49,062 - core.database - INFO - Async session maker created successfully
2026-05-27 11:18:49,062 - core.database - INFO - Database connection initialized successfully
2026-05-27 11:18:49,062 - core.database - DEBUG - [DB_OP] Starting create_tables
2026-05-27 11:18:49,062 - core.database - INFO - 🔧 Starting table creation...
2026-05-27 11:18:49,070 - core.database - DEBUG - [DB_OP] Starting get_db session creation
2026-05-27 11:18:49,070 - core.database - DEBUG - [DB_OP] Database session created successfully in 0.0005s
2026-05-27 11:18:49,071 - routers.reservations - DEBUG - Querying reservationss: query={"reservation_date__gte":"2026-05-01","reservation_date__lte":"2026-05-31"}, sort=reservation_date, skip=0, limit=200, fields=None
2026-05-27 11:18:50,457 - routers.reservations - DEBUG - Found 2 reservationss
2026-05-27 11:18:50,459 - core.database - DEBUG - [DB_OP] Database session cleanup after 1.3890s
2026-05-27 11:18:50,655 - core.database - INFO - Tables initialized successfully
2026-05-27 11:18:50,656 - core.database - DEBUG - [DB_OP] Create tables completed in 1.5936s
2026-05-27 11:18:50,720 - core.database - INFO - Lazy database initialization completed successfully
2026-05-27 11:18:50,721 - core.database - DEBUG - [DB_OP] Database session created successfully in 1.8287s
2026-05-27 11:18:50,721 - routers.printer_settings - DEBUG - Querying printer_settingss: query=None, sort=None, skip=0, limit=20, fields=None
2026-05-27 11:18:51,293 - routers.printer_settings - DEBUG - Found 1 printer_settingss
2026-05-27 11:18:51,294 - core.database - DEBUG - [DB_OP] Database session cleanup after 2.4025s
2026-05-27 11:18:51,399 - services.database - DEBUG - [DB_OP] Starting database close
2026-05-27 11:18:51,532 - core.database - INFO - Database connection closed and engine disposed
2026-05-27 11:18:51,532 - services.database - INFO - Database connections closed
2026-05-27 11:18:51,532 - services.database - DEBUG - [DB_OP] Database close completed in 0.1328s
