2026-05-19 06:40:53,780 - main - INFO - === Logging system initialized ===
2026-05-19 06:40:53,780 - main - INFO - Log file: logs/app_20260519_064053.log
2026-05-19 06:40:53,780 - main - INFO - Log level: INFO
2026-05-19 06:40:53,780 - main - INFO - Timestamp: 20260519_064053
2026-05-19 06:40:54,764 - main - INFO - Included router: routers.aihub.router
2026-05-19 06:40:54,787 - main - INFO - Included router: routers.auth.router
2026-05-19 06:40:54,789 - main - INFO - Included router: routers.health.router
2026-05-19 06:40:54,844 - main - INFO - Included router: routers.reservations.router
2026-05-19 06:40:54,891 - main - INFO - Included router: routers.salons.router
2026-05-19 06:40:54,914 - main - INFO - Included router: routers.settings.router
2026-05-19 06:40:54,952 - main - INFO - Included router: routers.storage.router
2026-05-19 06:40:54,961 - main - INFO - Included router: routers.user.router
2026-05-19 06:40:54,962 - main - INFO - === Application startup initiated ===
2026-05-19 06:40:54,962 - services.database - INFO - Ignore creating tables
2026-05-19 06:40:54,962 - services.mock_data - INFO - Ignore initialize data
2026-05-19 06:40:54,963 - services.auth - INFO - Ignore initialize admin
2026-05-19 06:40:54,963 - main - INFO - === Application startup completed successfully ===
2026-05-19 06:41:42,832 - dependencies.auth - DEBUG - Authentication required for request GET /api/v1/auth/me
2026-05-19 06:41:49,957 - core.config - DEBUG - Read dynamic attribute jwt_secret_key from environment variable JWT_SECRET_KEY
2026-05-19 06:41:49,957 - core.config - DEBUG - Read dynamic attribute jwt_algorithm from environment variable JWT_ALGORITHM
2026-05-19 06:41:49,984 - core.auth - DEBUG - Authentication token validated for user hash: 3d1d0765
2026-05-19 06:41:50,233 - core.database - DEBUG - [DB_OP] Starting get_db session creation
2026-05-19 06:41:50,233 - core.database - WARNING - Database session maker not available, attempting lazy initialization...
2026-05-19 06:41:50,233 - core.database - WARNING - Database not initialized, attempting lazy initialization...
2026-05-19 06:41:50,233 - core.database - INFO - Starting database initialization...
2026-05-19 06:41:50,234 - core.config - DEBUG - Read dynamic attribute database_url from environment variable DATABASE_URL
2026-05-19 06:41:50,234 - core.database - INFO - Normalizing database URL for async compatibility...
2026-05-19 06:41:50,235 - core.database - INFO - Creating async database engine...
2026-05-19 06:41:50,236 - core.database - INFO - Using QueuePool with connection pooling for non-Lambda environment
2026-05-19 06:41:50,281 - core.database - INFO - Database engine created successfully
2026-05-19 06:41:50,281 - core.database - INFO - Creating async session maker...
2026-05-19 06:41:50,282 - core.database - INFO - Async session maker created successfully
2026-05-19 06:41:50,282 - core.database - INFO - Database connection initialized successfully
2026-05-19 06:41:50,282 - core.database - DEBUG - [DB_OP] Starting create_tables
2026-05-19 06:41:50,282 - core.database - INFO - 🔧 Starting table creation...
2026-05-19 06:41:51,932 - core.database - INFO - Tables initialized successfully
2026-05-19 06:41:51,933 - core.database - DEBUG - [DB_OP] Create tables completed in 1.6510s
2026-05-19 06:41:52,006 - core.database - INFO - Lazy database initialization completed successfully
2026-05-19 06:41:52,006 - core.database - DEBUG - [DB_OP] Database session created successfully in 1.7734s
2026-05-19 06:41:52,007 - routers.reservations - DEBUG - Querying reservationss: query={"reservation_date__gte":"2026-05-01","reservation_date__lte":"2026-05-31"}, sort=reservation_date, skip=0, limit=200, fields=None
2026-05-19 06:41:52,669 - routers.reservations - DEBUG - Found 0 reservationss
2026-05-19 06:41:52,670 - core.database - DEBUG - [DB_OP] Database session cleanup after 2.4368s
2026-05-19 06:42:04,150 - core.database - DEBUG - [DB_OP] Starting get_db session creation
2026-05-19 06:42:04,151 - core.database - DEBUG - [DB_OP] Database session created successfully in 0.0004s
2026-05-19 06:42:04,151 - routers.salons - DEBUG - Querying salonss: query={}, sort=None, skip=0, limit=50, fields=None
2026-05-19 06:42:04,734 - routers.salons - DEBUG - Found 0 salonss
2026-05-19 06:42:04,735 - core.database - DEBUG - [DB_OP] Database session cleanup after 0.5848s
2026-05-19 06:42:09,421 - core.auth - DEBUG - Authentication token validated for user hash: 3d1d0765
2026-05-19 06:42:09,422 - core.database - DEBUG - [DB_OP] Starting get_db session creation
2026-05-19 06:42:09,422 - core.database - DEBUG - [DB_OP] Database session created successfully in 0.0002s
2026-05-19 06:42:09,422 - routers.salons - DEBUG - Creating new salons with data: name='ANEXO' capacity=30 description='' active=True
2026-05-19 06:42:10,378 - services.salons - INFO - Created salons with id: 3
2026-05-19 06:42:10,378 - routers.salons - INFO - Salons created successfully with id: 3
2026-05-19 06:42:10,379 - core.database - DEBUG - [DB_OP] Database session cleanup after 0.9569s
2026-05-19 06:42:10,572 - core.database - DEBUG - [DB_OP] Starting get_db session creation
2026-05-19 06:42:10,573 - core.database - DEBUG - [DB_OP] Database session created successfully in 0.0007s
2026-05-19 06:42:10,574 - routers.salons - DEBUG - Querying salonss: query={}, sort=None, skip=0, limit=50, fields=None
2026-05-19 06:42:11,009 - routers.salons - DEBUG - Found 1 salonss
2026-05-19 06:42:11,009 - core.database - DEBUG - [DB_OP] Database session cleanup after 0.4370s
2026-05-19 06:42:13,728 - core.database - DEBUG - [DB_OP] Starting get_db session creation
2026-05-19 06:42:13,729 - core.database - DEBUG - [DB_OP] Database session created successfully in 0.0005s
2026-05-19 06:42:13,729 - routers.salons - DEBUG - Querying salonss: query={}, sort=None, skip=0, limit=50, fields=None
2026-05-19 06:42:14,165 - routers.salons - DEBUG - Found 1 salonss
2026-05-19 06:42:14,166 - core.database - DEBUG - [DB_OP] Database session cleanup after 0.4371s
2026-05-19 06:42:27,175 - core.auth - DEBUG - Authentication token validated for user hash: 3d1d0765
2026-05-19 06:42:27,176 - core.database - DEBUG - [DB_OP] Starting get_db session creation
2026-05-19 06:42:27,176 - core.database - DEBUG - [DB_OP] Database session created successfully in 0.0002s
2026-05-19 06:42:27,176 - routers.reservations - DEBUG - Creating new reservations with data: client_name='JORGE' client_phone='22998006174' reservation_date=datetime.date(2026, 5, 21) reservation_time='19:00' party_size=25 salon='ANEXO' notes='' status='confirmada'
2026-05-19 06:42:28,120 - services.reservations - INFO - Created reservations with id: 1
2026-05-19 06:42:28,121 - routers.reservations - INFO - Reservations created successfully with id: 1
2026-05-19 06:42:28,121 - core.database - DEBUG - [DB_OP] Database session cleanup after 0.9457s
2026-05-19 06:42:28,323 - core.database - DEBUG - [DB_OP] Starting get_db session creation
2026-05-19 06:42:28,323 - core.database - DEBUG - [DB_OP] Database session created successfully in 0.0004s
2026-05-19 06:42:28,324 - routers.reservations - DEBUG - Querying reservationss: query={}, sort=-reservation_date, skip=0, limit=100, fields=None
2026-05-19 06:42:28,831 - routers.reservations - DEBUG - Found 1 reservationss
2026-05-19 06:42:28,832 - core.database - DEBUG - [DB_OP] Database session cleanup after 0.5090s
2026-05-19 06:42:30,404 - core.database - DEBUG - [DB_OP] Starting get_db session creation
2026-05-19 06:42:30,404 - core.database - DEBUG - [DB_OP] Database session created successfully in 0.0006s
2026-05-19 06:42:30,405 - routers.reservations - DEBUG - Querying reservationss: query={"reservation_date__gte":"2026-05-01","reservation_date__lte":"2026-05-31"}, sort=reservation_date, skip=0, limit=200, fields=None
2026-05-19 06:42:30,839 - routers.reservations - DEBUG - Found 1 reservationss
2026-05-19 06:42:30,840 - core.database - DEBUG - [DB_OP] Database session cleanup after 0.4360s
2026-05-19 06:42:51,887 - core.database - DEBUG - [DB_OP] Starting get_db session creation
2026-05-19 06:42:51,888 - core.database - DEBUG - [DB_OP] Database session created successfully in 0.0011s
2026-05-19 06:42:51,889 - routers.reservations - DEBUG - Querying reservationss: query={}, sort=-reservation_date, skip=0, limit=100, fields=None
2026-05-19 06:42:52,324 - routers.reservations - DEBUG - Found 1 reservationss
2026-05-19 06:42:52,324 - core.database - DEBUG - [DB_OP] Database session cleanup after 0.4375s
2026-05-19 06:42:53,655 - core.auth - DEBUG - Authentication token validated for user hash: 3d1d0765
2026-05-19 06:42:53,656 - core.database - DEBUG - [DB_OP] Starting get_db session creation
2026-05-19 06:42:53,656 - core.database - DEBUG - [DB_OP] Database session created successfully in 0.0002s
2026-05-19 06:42:53,656 - routers.reservations - DEBUG - Fetching reservations with id: 1, fields=None
2026-05-19 06:42:53,657 - core.database - DEBUG - [DB_OP] Starting get_db session creation
2026-05-19 06:42:53,658 - core.database - DEBUG - [DB_OP] Database session created successfully in 0.0004s
2026-05-19 06:42:53,658 - routers.salons - DEBUG - Querying salonss: query={}, sort=None, skip=0, limit=50, fields=None
2026-05-19 06:42:54,093 - core.database - DEBUG - [DB_OP] Database session cleanup after 0.4370s
2026-05-19 06:42:54,511 - routers.salons - DEBUG - Found 1 salonss
2026-05-19 06:42:54,512 - core.database - DEBUG - [DB_OP] Database session cleanup after 0.8542s
2026-05-19 06:42:54,673 - services.database - DEBUG - [DB_OP] Starting database close
2026-05-19 06:42:54,824 - core.database - INFO - Database connection closed and engine disposed
2026-05-19 06:42:54,825 - services.database - INFO - Database connections closed
2026-05-19 06:42:54,825 - services.database - DEBUG - [DB_OP] Database close completed in 0.1525s
